******************************************************************************
             TMS320C2000 Linker PC v22.6.3                     
******************************************************************************
>> Linked Tue May 26 17:56:57 2026

OUTPUT FILE NAME:   <buck_converter_dma_original.out>
ENTRY POINT SYMBOL: "code_start"  address: 00080000


MEMORY CONFIGURATION

         name            origin    length      used     unused   attr    fill
----------------------  --------  ---------  --------  --------  ----  --------
PAGE 0:
  RAMM0                 000000f6   0000030a  00000000  0000030a  RWIX
  RAMLS0                00008000   00000800  000007d2  0000002e  RWIX
  RAMLS3                00009800   00000800  000002f8  00000508  RWIX
  RAMLS4                0000a000   00000800  00000128  000006d8  RWIX
  BEGIN                 00080000   00000002  00000002  00000000  RWIX
  FLASH_BANK0_SEC0      00080002   00000ffe  00000000  00000ffe  RWIX
  FLASH_BANK0_SEC1      00081000   00001000  00000194  00000e6c  RWIX
  FLASH_BANK0_SEC2      00082000   00001000  00001000  00000000  RWIX
  FLASH_BANK0_SEC3      00083000   00001000  0000086f  00000791  RWIX
  FLASH_BANK0_SEC4      00084000   00001000  00000bf8  00000408  RWIX
  FLASH_BANK0_SEC5      00085000   00001000  00000000  00001000  RWIX
  FLASH_BANK0_SEC6      00086000   00001000  00000000  00001000  RWIX
  FLASH_BANK0_SEC7      00087000   00001000  00000000  00001000  RWIX
  FLASH_BANK0_SEC8      00088000   00001000  00000000  00001000  RWIX
  FLASH_BANK0_SEC9      00089000   00001000  00000000  00001000  RWIX
  FLASH_BANK0_SEC10     0008a000   00001000  00000000  00001000  RWIX
  FLASH_BANK0_SEC11     0008b000   00001000  00000000  00001000  RWIX
  FLASH_BANK0_SEC12     0008c000   00001000  00000000  00001000  RWIX
  FLASH_BANK0_SEC13     0008d000   00001000  00000000  00001000  RWIX
  FLASH_BANK0_SEC14     0008e000   00001000  00000000  00001000  RWIX
  FLASH_BANK0_SEC15     0008f000   00001000  00000000  00001000  RWIX
  FLASH_BANK1_SEC0      00090000   00001000  00000000  00001000  RWIX
  FLASH_BANK1_SEC1      00091000   00001000  00000000  00001000  RWIX
  FLASH_BANK1_SEC2      00092000   00001000  00000000  00001000  RWIX
  FLASH_BANK1_SEC3      00093000   00001000  00000000  00001000  RWIX
  FLASH_BANK1_SEC4      00094000   00001000  00000000  00001000  RWIX
  FLASH_BANK1_SEC5      00095000   00001000  00000000  00001000  RWIX
  FLASH_BANK1_SEC6      00096000   00001000  00000000  00001000  RWIX
  FLASH_BANK1_SEC7      00097000   00001000  00000000  00001000  RWIX
  FLASH_BANK1_SEC8      00098000   00001000  00000000  00001000  RWIX
  FLASH_BANK1_SEC9      00099000   00001000  00000000  00001000  RWIX
  FLASH_BANK1_SEC10     0009a000   00001000  00000000  00001000  RWIX
  FLASH_BANK1_SEC11     0009b000   00001000  00000000  00001000  RWIX
  FLASH_BANK1_SEC12     0009c000   00001000  00000000  00001000  RWIX
  FLASH_BANK1_SEC13     0009d000   00001000  00000000  00001000  RWIX
  FLASH_BANK1_SEC14     0009e000   00001000  00000000  00001000  RWIX
  FLASH_BANK1_SEC15     0009f000   00000ff0  00000000  00000ff0  RWIX
  RESET                 003fffc0   00000002  00000000  00000002  RWIX

PAGE 1:
  BOOT_RSVD             00000002   000000f1  00000000  000000f1  RWIX
  RAMM1                 00000400   000003f8  000003f8  00000000  RWIX
  CLA1_MSGRAMLOW        00001480   00000080  00000004  0000007c  RWIX
  CLA1_MSGRAMHIGH       00001500   00000080  00000011  0000006f  RWIX
  RAMLS1                00008800   00000800  00000000  00000800  RWIX
  RAMLS2                00009000   00000800  00000000  00000800  RWIX
  RAMLS5                0000a800   00000800  0000007a  00000786  RWIX
  RAMLS6                0000b000   00000800  0000003c  000007c4  RWIX
  RAMLS7                0000b800   00000800  00000000  00000800  RWIX
  RAMGS0                0000c000   00002000  00000012  00001fee  RWIX
  RAMGS1                0000e000   00002000  00000000  00002000  RWIX
  RAMGS2                00010000   00002000  00000000  00002000  RWIX
  RAMGS3                00012000   00001ff8  00000000  00001ff8  RWIX


SECTION ALLOCATION MAP

 output                                  attributes/
section   page    origin      length       input sections
--------  ----  ----------  ----------   ----------------
codestart 
*          0    00080000    00000002     
                  00080000    00000002     f28004x_codestartbranch.obj (codestart)

.cinit     0    00081128    0000006c     
                  00081128    00000026     (.cinit..data.load) [load image, compression = lzss]
                  0008114e    00000006     (.cinit.ramgs0.load) [load image, compression = lzss]
                  00081154    00000006     (__TI_handler_table)
                  0008115a    00000005     (.cinit.Cla1ToCpuMsgRAM.load) [load image, compression = lzss]
                  0008115f    00000005     (.cinit.CpuToCla1MsgRAM.load) [load image, compression = lzss]
                  00081164    00000004     (.cinit..bss.load) [load image, compression = zero_init]
                  00081168    00000004     (.cinit..bss_cla.load) [load image, compression = zero_init]
                  0008116c    00000004     (.cinit..scratchpad.load) [load image, compression = zero_init]
                  00081170    00000004     (.cinit.Cla1DataRam.load) [load image, compression = zero_init]
                  00081174    00000020     (__TI_cinit_table)

.stack     1    00000400    000003f8     UNINITIALIZED
                  00000400    000003f8     --HOLE--

.init_array 
*          0    00081000    00000000     UNINITIALIZED

.bss       1    0000a800    0000007a     UNINITIALIZED
                  0000a800    00000020     transient_det.obj (.bss:io_buff)
                  0000a820    00000020     transient_det.obj (.bss:tr_buff)
                  0000a840    00000020     transient_det.obj (.bss:vo_buff)
                  0000a860    00000012     main.obj (.bss)
                  0000a872    00000008     transient_det.obj (.bss)

.data      1    0000b000    0000003c     UNINITIALIZED
                  0000b000    00000032     main.obj (.data)
                  0000b032    00000006     rts2800_fpu32_eabi.lib : exit.c.obj (.data)
                  0000b038    00000002                            : _lock.c.obj (.data:_lock)
                  0000b03a    00000002     control_functions.obj (.data)

Cla1DataRam 
*          0    00009800    000002f0     UNINITIALIZED
                  00009800    000002f0     cla_tasks.obj (Cla1DataRam)

.bss_cla   0    00009af0    00000006     UNINITIALIZED
                  00009af0    00000006     cla_tasks.obj (.bss_cla)

.scratchpad 
*          0    00009af6    00000002     UNINITIALIZED
                  00009af6    00000002     cla_tasks.obj (.scratchpad:Cla1Prog:partial_norms)
                  00009af6    00000002     cla_tasks.obj (.scratchpad:Cla1Prog:back_subs)

.TI.ramfunc 
*          0    00081000    00000128     RUN ADDR = 0000a000
                  00081000    00000044     driverlib_eabi.lib : flash.obj (.TI.ramfunc:Flash_initModule)
                  00081044    0000002c                        : flash.obj (.TI.ramfunc:Flash_setBankPowerMode)
                  00081070    00000023                        : flash.obj (.TI.ramfunc:Flash_setWaitstates)
                  00081093    0000001d                        : flash.obj (.TI.ramfunc:Flash_setPumpPowerMode)
                  000810b0    00000018                        : flash.obj (.TI.ramfunc:Flash_disableCache)
                  000810c8    00000018                        : flash.obj (.TI.ramfunc:Flash_disablePrefetch)
                  000810e0    00000017                        : flash.obj (.TI.ramfunc:Flash_enableCache)
                  000810f7    00000017                        : flash.obj (.TI.ramfunc:Flash_enablePrefetch)
                  0008110e    00000016                        : flash.obj (.TI.ramfunc:Flash_enableECC)
                  00081124    00000004                        : sysctl.obj (.TI.ramfunc)

.const     0    000847d4    00000426     
                  000847d4    0000009b     driverlib_eabi.lib : flash.obj (.const:.string)
                  0008486f    00000001     --HOLE-- [fill = 0]
                  00084870    0000009a                        : sysctl.obj (.const:.string)
                  0008490a    00000098                        : epwm.obj (.const:.string)
                  000849a2    00000098                        : gpio.obj (.const:.string)
                  00084a3a    00000097                        : dma.obj (.const:.string)
                  00084ad1    00000001     --HOLE-- [fill = 0]
                  00084ad2    00000089     board.obj (.const:.string)
                  00084b5b    00000001     --HOLE-- [fill = 0]
                  00084b5c    00000050     driverlib_eabi.lib : cputimer.obj (.const:.string)
                  00084bac    0000004e                        : memcfg.obj (.const:.string)

ramgs0     1    0000c000    00000012     UNINITIALIZED
                  0000c000    0000000e     main.obj (ramgs0:uninit)
                  0000c00e    00000004     main.obj (ramgs0:init)

.reset     0    003fffc0    00000000     DSECT

Cla1Prog   0    00084000    000007d2     RUN ADDR = 00008000
                  00084000    0000021e     cla_tasks.obj (Cla1Prog:hh1)
                  0008421e    000001d8     cla_tasks.obj (Cla1Prog:hh2)
                  000843f6    00000188     cla_tasks.obj (Cla1Prog:Cla1Task1)
                  0008457e    0000010c     cla_tasks.obj (Cla1Prog:derivatives)
                  0008468a    0000009c     cla_tasks.obj (Cla1Prog:partial_norms)
                  00084726    00000072     cla_tasks.obj (Cla1Prog:back_subs)
                  00084798    0000003a     cla_tasks.obj (Cla1Prog:pivot)

Cla1ToCpuMsgRAM 
*          1    00001480    00000004     UNINITIALIZED
                  00001480    00000004     main.obj (Cla1ToCpuMsgRAM)

CpuToCla1MsgRAM 
*          1    00001500    00000011     UNINITIALIZED
                  00001500    00000010     main.obj (CpuToCla1MsgRAM:uninit)
                  00001510    00000001     main.obj (CpuToCla1MsgRAM:init)

.const_cla 
*          0    00009800    00000000     UNINITIALIZED

.text.1    0    00082000    00001000     
                  00082000    000003ad     board.obj (.text:EPWM_init)
                  000823ad    000000d7     device.obj (.text:Device_enableAllPeripherals)
                  00082484    000000c5     driverlib_eabi.lib : sysctl.obj (.text:SysCtl_setClock)
                  00082549    000000bd                        : sysctl.obj (.text:SysCtl_isPLLValid)
                  00082606    000000ab     board.obj (.text:MEMCFG_init)
                  000826b1    0000009f     transient_det.obj (.text:init_detector)
                  00082750    0000009d     driverlib_eabi.lib : dma.obj (.text:DMA_configMode)
                  000827ed    00000095     main.obj (.text:average_samples)
                  00082882    00000079     main.obj (.text:samples_to_cla)
                  000828fb    00000077     transient_det.obj (.text:transient_detector)
                  00082972    00000073     driverlib_eabi.lib : sysctl.obj (.text:DCC_setCounterSeeds)
                  000829e5    00000073     device.obj (.text:Device_init)
                  00082a58    00000072     driverlib_eabi.lib : memcfg.obj (.text:MemCfg_setProtection)
                  00082aca    0000006b     board.obj (.text:myADC1_init)
                  00082b35    00000066     main.obj (.text:INT_ControlPWM_ISR)
                  00082b9b    00000064     board.obj (.text:PinMux_init)
                  00082bff    0000005e     driverlib_eabi.lib : sysctl.obj (.text:SysCtl_getClock)
                  00082c5d    00000058     board.obj (.text:EPWM_setActionQualifierAction)
                  00082cb5    00000054     board.obj (.text:myADC0_init)
                  00082d09    00000054     board.obj (.text:myADC2_init)
                  00082d5d    00000053     main.obj (.text:cla1Isr1)
                  00082db0    00000052     driverlib_eabi.lib : gpio.obj (.text:GPIO_setPadConfig)
                  00082e02    00000049                        : sysctl.obj (.text:SysCtl_selectOscSource)
                  00082e4b    00000048     board.obj (.text:myDMA1_init)
                  00082e93    00000047     board.obj (.text:myDMA0_init)
                  00082eda    00000047     board.obj (.text:myDMA2_init)
                  00082f21    00000045     main.obj (.text:err_calc)
                  00082f66    0000003d     main.obj (.text:INT_transient_det_pin_XINT_ISR)
                  00082fa3    0000003d     driverlib_eabi.lib : interrupt.obj (.text:Interrupt_initModule)
                  00082fe0    00000020                        : gpio.obj (.text:XBAR_setInputPin)

.text.2    0    00083000    0000086f     
                  00083000    0000003a     driverlib_eabi.lib : gpio.obj (.text:GPIO_setAnalogMode)
                  0008303a    0000003a     main.obj (.text:main)
                  00083074    00000039     board.obj (.text:Board_init)
                  000830ad    00000038     main.obj (.text:duty_cycle_calculation)
                  000830e5    00000037     driverlib_eabi.lib : gpio.obj (.text:GPIO_setControllerCore)
                  0008311c    00000037                        : gpio.obj (.text:GPIO_setPinConfig)
                  00083153    00000037                        : gpio.obj (.text:GPIO_setQualificationMode)
                  0008318a    00000037                        : interrupt.obj (.text:Interrupt_enable)
                  000831c1    00000037                        : memcfg.obj (.text:MemCfg_setLSRAMControllerSel)
                  000831f8    00000034                        : gpio.obj (.text:GPIO_setInterruptPin)
                  0008322c    00000033                        : dma.obj (.text:DMA_configWrap)
                  0008325f    00000031                        : gpio.obj (.text:GPIO_setDirectionMode)
                  00083290    00000031     board.obj (.text:SYNC_init)
                  000832c1    0000002e     rts2800_fpu32_eabi.lib : copy_decompress_lzss.c.obj (.text:decompress:lzss)
                  000832ef    0000002b     driverlib_eabi.lib : epwm.obj (.text:EPWM_isBaseValid)
                  0008331a    0000002b     rts2800_fpu32_eabi.lib : autoinit.c.obj (.text:__TI_auto_init_nobinit_nopinit)
                  00083345    00000029     driverlib_eabi.lib : dma.obj (.text:DMA_configTransfer)
                  0008336e    00000029     rts2800_fpu32_eabi.lib : exit.c.obj (.text)
                  00083397    00000028     driverlib_eabi.lib : adc.obj (.text:ADC_setOffsetTrimAll)
                  000833bf    00000026                        : cla.obj (.text:CLA_setTriggerSource)
                  000833e5    00000025                        : dma.obj (.text:DMA_configAddresses)
                  0008340a    00000025     board.obj (.text:myCPUTIMER0_init)
                  0008342f    00000024     driverlib_eabi.lib : sysctl.obj (.text:DCC_enableSingleShotMode)
                  00083453    00000024                        : dma.obj (.text:DMA_configBurst)
                  00083477    00000024                        : sysctl.obj (.text:SysCtl_selectXTAL)
                  0008349b    00000023                        : dma.obj (.text:DMA_isBaseValid)
                  000834be    00000023                        : sysctl.obj (.text:SysCtl_pollX1Counter)
                  000834e1    00000022     board.obj (.text:INTERRUPT_init)
                  00083503    0000001e     driverlib_eabi.lib : sysctl.obj (.text:DCC_setCounter1ClkSource)
                  00083521    0000001e                        : interrupt.obj (.text:Interrupt_initVectorTable)
                  0008353f    0000001d     rts2800_fpu32_eabi.lib : memcpy.c.obj (.text)
                  0008355c    0000001c     driverlib_eabi.lib : sysctl.obj (.text:DCC_setCounter0ClkSource)
                  00083578    0000001a                        : sysctl.obj (.text:SysCtl_getLowSpeedClock)
                  00083592    0000001a                        : sysctl.obj (.text:SysCtl_selectXTALSingleEnded)
                  000835ac    00000019     control_functions.obj (.text:update_PI)
                  000835c5    00000018     board.obj (.text:GPIO_init)
                  000835dd    00000018     board.obj (.text:myCLA0_init)
                  000835f5    00000018     board.obj (.text:transient_det_pin_init)
                  0008360d    00000017     driverlib_eabi.lib : cputimer.obj (.text:CPUTimer_isBaseValid)
                  00083624    00000017                        : sysctl.obj (.text:SysCtl_enablePeripheral)
                  0008363b    00000017     board.obj (.text:debug_pin_init)
                  00083652    00000017     rts2800_fpu32_eabi.lib : boot28.asm.obj (.text)
                  00083669    00000016     driverlib_eabi.lib : sysctl.obj (.text:DCC_disableDoneSignal)
                  0008367f    00000016                        : sysctl.obj (.text:DCC_enableDoneSignal)
                  00083695    00000016                        : epwm.obj (.text:EPWM_setEmulationMode)
                  000836ab    00000016     control_functions.obj (.text:duty_cycle_saturation)
                  000836c1    00000015     driverlib_eabi.lib : sysctl.obj (.text:DCC_clearDoneFlag)
                  000836d6    00000015                        : sysctl.obj (.text:DCC_clearErrorFlag)
                  000836eb    00000015                        : sysctl.obj (.text:DCC_disableErrorSignal)
                  00083700    00000015                        : sysctl.obj (.text:DCC_enableErrorSignal)
                  00083715    00000014                        : sysctl.obj (.text:DCC_disableModule)
                  00083729    00000014                        : sysctl.obj (.text:DCC_enableModule)
                  0008373d    00000014                        : gpio.obj (.text:GPIO_isPinValid)
                  00083751    00000013                        : cputimer.obj (.text:CPUTimer_setEmulationMode)
                  00083764    00000011     board.obj (.text:transient_det_pin_XINT_init)
                  00083775    00000010     driverlib_eabi.lib : sysctl.obj (.text:DCC_isBaseValid)
                  00083785    00000010     board.obj (.text:DMA_init)
                  00083795    00000010     device.obj (.text:Device_initGPIO)
                  000837a5    00000010     driverlib_eabi.lib : flash.obj (.text:Flash_isCtrlBaseValid)
                  000837b5    00000010                        : flash.obj (.text:Flash_isECCBaseValid)
                  000837c5    0000000e                        : interrupt.obj (.text:Interrupt_defaultHandler)
                  000837d3    0000000d     board.obj (.text:ASYSCTL_init)
                  000837e0    0000000d     driverlib_eabi.lib : interrupt.obj (.text:Interrupt_disableGlobal)
                  000837ed    0000000d                        : interrupt.obj (.text:Interrupt_enableGlobal)
                  000837fa    0000000d     rts2800_fpu32_eabi.lib : copy_zero_init.c.obj (.text:decompress:ZI:__TI_zero_init_nomemset)
                  00083807    0000000c                            : args_main.c.obj (.text)
                  00083813    0000000c     control_functions.obj (.text:set_duty_cycle)
                  0008381f    0000000b     driverlib_eabi.lib : sysctl.obj (.text:SysCtl_isMCDClockFailureDetected)
                  0008382a    0000000b     control_functions.obj (.text:init_PI)
                  00083835    00000009     board.obj (.text:myINPUTXBARINPUT1_init)
                  0008383e    00000009     board.obj (.text:myINPUTXBARINPUT4_init)
                  00083847    00000008     rts2800_fpu32_eabi.lib : copy_decompress_none.c.obj (.text:decompress:none)
                  0008384f    00000007     driverlib_eabi.lib : sysctl.obj (.text:SysCtl_resetMCD)
                  00083856    00000007     control_functions.obj (.text:reset_PI)
                  0008385d    00000006     board.obj (.text:myINPUTXBARINPUT0_init)
                  00083863    00000003     device.obj (.text:__error__)
                  00083866    00000002     driverlib_eabi.lib : interrupt.obj (.text:Interrupt_illegalOperationHandler)
                  00083868    00000002                        : interrupt.obj (.text:Interrupt_nmiHandler)
                  0008386a    00000002     rts2800_fpu32_eabi.lib : pre_init.c.obj (.text)
                  0008386c    00000001     c2000ware_libraries.obj (.text:FFR_init)
                  0008386d    00000001     rts2800_fpu32_eabi.lib : _lock.c.obj (.text)
                  0008386e    00000001                            : startup.c.obj (.text)

MODULE SUMMARY

       Module                        code    ro data   rw data
       ------                        ----    -------   -------
    .\
       cla_tasks.obj                 4004    0         762    
       main.obj                      699     0         107    
       transient_det.obj             278     0         104    
       control_functions.obj         77      0         2      
    +--+-----------------------------+-------+---------+---------+
       Total:                        5058    0         975    
                                                              
    .\device\
       device.obj                    349     0         0      
       f28004x_codestartbranch.obj   2       0         0      
    +--+-----------------------------+-------+---------+---------+
       Total:                        351     0         0      
                                                              
    .\syscfg\
       board.obj                     2131    137       0      
       c2000ware_libraries.obj       1       0         0      
    +--+-----------------------------+-------+---------+---------+
       Total:                        2132    137       0      
                                                              
    C:/ti/ccs2040/ccs/tools/compiler/ti-cgt-c2000_22.6.3.LTS/lib/rts2800_fpu32_eabi.lib
       exit.c.obj                    41      0         6      
       copy_decompress_lzss.c.obj    46      0         0      
       autoinit.c.obj                43      0         0      
       memcpy.c.obj                  29      0         0      
       boot28.asm.obj                23      0         0      
       copy_zero_init.c.obj          13      0         0      
       args_main.c.obj               12      0         0      
       copy_decompress_none.c.obj    8       0         0      
       _lock.c.obj                   1       0         2      
       pre_init.c.obj                2       0         0      
       startup.c.obj                 1       0         0      
    +--+-----------------------------+-------+---------+---------+
       Total:                        219     0         8      
                                                              
    C:\ti\c2000\C2000Ware_4_03_00_00\driverlib\f28004x\driverlib\ccs\Debug\driverlib_eabi.lib
       sysctl.obj                    1118    154       0      
       flash.obj                     616     155       0      
       gpio.obj                      458     152       0      
       dma.obj                       357     151       0      
       memcfg.obj                    169     78        0      
       epwm.obj                      65      152       0      
       interrupt.obj                 190     0         0      
       cputimer.obj                  42      80        0      
       adc.obj                       40      0         0      
       cla.obj                       38      0         0      
    +--+-----------------------------+-------+---------+---------+
       Total:                        3093    922       0      
                                                              
       Stack:                        0       0         1016   
       Linker Generated:             0       108       0      
    +--+-----------------------------+-------+---------+---------+
       Grand Total:                  10853   1167      1999   


LINKER GENERATED COPY TABLES

__TI_cinit_table @ 00081174 records: 8, size/record: 4, table size: 32
	.data: load addr=00081128, load size=00000026 bytes, run addr=0000b000, run size=0000003c bytes, compression=lzss
	ramgs0: load addr=0008114e, load size=00000006 bytes, run addr=0000c000, run size=00000012 bytes, compression=lzss
	Cla1ToCpuMsgRAM: load addr=0008115a, load size=00000005 bytes, run addr=00001480, run size=00000004 bytes, compression=lzss
	CpuToCla1MsgRAM: load addr=0008115f, load size=00000005 bytes, run addr=00001500, run size=00000011 bytes, compression=lzss
	.bss: load addr=00081164, load size=00000004 bytes, run addr=0000a800, run size=0000007a bytes, compression=zero_init
	.bss_cla: load addr=00081168, load size=00000004 bytes, run addr=00009af0, run size=00000006 bytes, compression=zero_init
	.scratchpad: load addr=0008116c, load size=00000004 bytes, run addr=00009af6, run size=00000002 bytes, compression=zero_init
	Cla1DataRam: load addr=00081170, load size=00000004 bytes, run addr=00009800, run size=000002f0 bytes, compression=zero_init


LINKER GENERATED HANDLER TABLE

__TI_handler_table @ 00081154 records: 3, size/record: 2, table size: 6
	index: 0, handler: __TI_zero_init
	index: 1, handler: __TI_decompress_lzss
	index: 2, handler: __TI_decompress_none


GLOBAL DATA SYMBOLS: SORTED BY DATA PAGE

address     data page           name
--------    ----------------    ----
00000400      10 (00000400)     __stack

00001480      52 (00001480)     R_out
00001482      52 (00001480)     L_out

00001500      54 (00001500)     vo_sample_test
00001508      54 (00001500)     io_sample_test
00001510      54 (00001500)     s_count

00009800     260 (00009800)     i
00009802     260 (00009800)     vo_smpl_cla

00009892     262 (00009880)     io_smpl_cla

00009922     264 (00009900)     dio_smpl_cla

000099b2     266 (00009980)     v_h

00009a42     269 (00009a40)     v2

00009ad2     26b (00009ac0)     n1_partial
00009ad4     26b (00009ac0)     n2_partial
00009ad6     26b (00009ac0)     piv0
00009ad7     26b (00009ac0)     piv1
00009ad8     26b (00009ac0)     col0
00009ad9     26b (00009ac0)     col1
00009ada     26b (00009ac0)     alpha
00009adc     26b (00009ac0)     beta
00009ade     26b (00009ac0)     vv
00009ae0     26b (00009ac0)     dot
00009ae2     26b (00009ac0)     dot1
00009ae4     26b (00009ac0)     alpha2
00009ae6     26b (00009ac0)     beta2
00009ae8     26b (00009ac0)     v2v2
00009aea     26b (00009ac0)     dot2
00009aec     26b (00009ac0)     sol
00009af0     26b (00009ac0)     nsat_smpl
00009af2     26b (00009ac0)     nsat_smpl_prev
00009af4     26b (00009ac0)     ef_index

0000a800     2a0 (0000a800)     io_buff
0000a820     2a0 (0000a800)     tr_buff

0000a840     2a1 (0000a840)     vo_buff
0000a860     2a1 (0000a840)     transient_det_res
0000a861     2a1 (0000a840)     k
0000a862     2a1 (0000a840)     Vo_controller
0000a86a     2a1 (0000a840)     Il_controller
0000a872     2a1 (0000a840)     head
0000a874     2a1 (0000a840)     vo_sum
0000a876     2a1 (0000a840)     io_sum
0000a878     2a1 (0000a840)     tr_sum

0000b000     2c0 (0000b000)     fixed_duty_cycle
0000b002     2c0 (0000b000)     ADCA0_results_add
0000b004     2c0 (0000b000)     ADCA0_Result_base
0000b006     2c0 (0000b000)     ADCB0_results_add
0000b008     2c0 (0000b000)     ADCB0_Result_base
0000b00a     2c0 (0000b000)     ADCC0_results_add
0000b00c     2c0 (0000b000)     ADCC0_Result_base
0000b00e     2c0 (0000b000)     d
0000b010     2c0 (0000b000)     fixed_d
0000b012     2c0 (0000b000)     Iin_avg
0000b014     2c0 (0000b000)     Io_avg
0000b016     2c0 (0000b000)     Il_avg
0000b018     2c0 (0000b000)     Vo_avg
0000b01a     2c0 (0000b000)     Vin_avg
0000b01c     2c0 (0000b000)     Vo_error
0000b01e     2c0 (0000b000)     Il_error
0000b020     2c0 (0000b000)     Vo_ref
0000b022     2c0 (0000b000)     kpv
0000b024     2c0 (0000b000)     kiv
0000b026     2c0 (0000b000)     kpi
0000b028     2c0 (0000b000)     kii
0000b02a     2c0 (0000b000)     get_clk
0000b02c     2c0 (0000b000)     get_ls_clk
0000b02e     2c0 (0000b000)     timer_count
0000b030     2c0 (0000b000)     alg_time
0000b032     2c0 (0000b000)     __TI_enable_exit_profile_output
0000b034     2c0 (0000b000)     __TI_cleanup_ptr
0000b036     2c0 (0000b000)     __TI_dtors_ptr
0000b038     2c0 (0000b000)     _lock

0000c000     300 (0000c000)     ADCA_results
0000c002     300 (0000c000)     ADCB_results
0000c006     300 (0000c000)     ADCC_results
0000c00e     300 (0000c000)     R_err
0000c010     300 (0000c000)     L_err


GLOBAL SYMBOLS: SORTED ALPHABETICALLY BY Name 

page  address   name                           
----  -------   ----                           
1     0000b004  ADCA0_Result_base              
1     0000b002  ADCA0_results_add              
1     0000c000  ADCA_results                   
1     0000b008  ADCB0_Result_base              
1     0000b006  ADCB0_results_add              
1     0000c002  ADCB_results                   
1     0000b00c  ADCC0_Result_base              
1     0000b00a  ADCC0_results_add              
1     0000c006  ADCC_results                   
0     00083397  ADC_setOffsetTrimAll           
0     000837d3  ASYSCTL_init                   
0     00083074  Board_init                     
0     0008336e  C$$EXIT                        
0     0008386c  C2000Ware_libraries_init       
0     000833bf  CLA_setTriggerSource           
0     0008340a  CPUTIMER_init                  
0     00083751  CPUTimer_setEmulationMode      
abs   00000000  Cla1ConstLoadSize              
0     00009800  Cla1ConstLoadStart             
0     00009800  Cla1ConstRunStart              
abs   000007d2  Cla1ProgLoadSize               
0     00084000  Cla1ProgLoadStart              
0     00008000  Cla1ProgRunStart               
0     000083f6  Cla1Task1                      
0     000833e5  DMA_configAddresses            
0     00083453  DMA_configBurst                
0     00082750  DMA_configMode                 
0     00083345  DMA_configTransfer             
0     0008322c  DMA_configWrap                 
0     00083785  DMA_init                       
0     000823ad  Device_enableAllPeripherals    
0     000829e5  Device_init                    
0     00083795  Device_initGPIO                
0     00082000  EPWM_init                      
0     00083695  EPWM_setEmulationMode          
0     0008386c  FFR_init                       
0     0000a000  Flash_initModule               
0     000835c5  GPIO_init                      
0     00083000  GPIO_setAnalogMode             
0     000830e5  GPIO_setControllerCore         
0     0008325f  GPIO_setDirectionMode          
0     000831f8  GPIO_setInterruptPin           
0     00082db0  GPIO_setPadConfig              
0     0008311c  GPIO_setPinConfig              
0     00083153  GPIO_setQualificationMode      
0     000834e1  INTERRUPT_init                 
0     00082b35  INT_ControlPWM_ISR             
0     00082f66  INT_transient_det_pin_XINT_ISR 
1     0000b012  Iin_avg                        
1     0000b016  Il_avg                         
1     0000a86a  Il_controller                  
1     0000b01e  Il_error                       
0     0008318a  Interrupt_enable               
0     00082fa3  Interrupt_initModule           
0     00083521  Interrupt_initVectorTable      
1     0000b014  Io_avg                         
1     0000c010  L_err                          
1     00001482  L_out                          
0     00082606  MEMCFG_init                    
0     000831c1  MemCfg_setLSRAMControllerSel   
0     00082a58  MemCfg_setProtection           
0     00082b9b  PinMux_init                    
1     0000c00e  R_err                          
1     00001480  R_out                          
0     00081128  RamfuncsLoadEnd                
abs   00000128  RamfuncsLoadSize               
0     00081000  RamfuncsLoadStart              
0     0000a128  RamfuncsRunEnd                 
abs   00000128  RamfuncsRunSize                
0     0000a000  RamfuncsRunStart               
0     00083290  SYNC_init                      
0     0000a124  SysCtl_delay                   
0     00082bff  SysCtl_getClock                
0     00083578  SysCtl_getLowSpeedClock        
0     00082549  SysCtl_isPLLValid              
0     00082e02  SysCtl_selectOscSource         
0     00083477  SysCtl_selectXTAL              
0     00083592  SysCtl_selectXTALSingleEnded   
0     00082484  SysCtl_setClock                
1     0000b01a  Vin_avg                        
1     0000b018  Vo_avg                         
1     0000a862  Vo_controller                  
1     0000b01c  Vo_error                       
1     0000b020  Vo_ref                         
0     00083764  XINT_init                      
0     00081174  __TI_CINIT_Base                
0     00081194  __TI_CINIT_Limit               
0     00081194  __TI_CINIT_Warm                
0     00081154  __TI_Handler_Table_Base        
0     0008115a  __TI_Handler_Table_Limit       
1     000007f8  __TI_STACK_END                 
abs   000003f8  __TI_STACK_SIZE                
0     0008331a  __TI_auto_init_nobinit_nopinit 
1     0000b034  __TI_cleanup_ptr               
0     000832c1  __TI_decompress_lzss           
0     00083847  __TI_decompress_none           
1     0000b036  __TI_dtors_ptr                 
1     0000b032  __TI_enable_exit_profile_output
abs   ffffffff  __TI_pprof_out_hndl            
abs   ffffffff  __TI_prof_data_size            
abs   ffffffff  __TI_prof_data_start           
0     000837fa  __TI_zero_init_nomemset        
n/a   UNDEFED   __c_args__                     
0     00083863  __error__                      
1     00000400  __stack                        
0     00083807  _args_main                     
0     00083652  _c_int00                       
1     0000b038  _lock                          
0     0008386d  _nop                           
0     0008386e  _system_post_cinit             
0     0008386a  _system_pre_init               
0     0008336e  abort                          
1     0000b030  alg_time                       
0     00009ada  alpha                          
0     00009ae4  alpha2                         
0     000827ed  average_samples                
0     00008726  back_subs                      
0     00009adc  beta                           
0     00009ae6  beta2                          
0     00082d5d  cla1Isr1                       
0     00080000  code_start                     
0     00009ad8  col0                           
0     00009ad9  col1                           
1     0000b00e  d                              
0     0008363b  debug_pin_init                 
0     0000857e  derivatives                    
0     00009922  dio_smpl_cla                   
0     00009ae0  dot                            
0     00009ae2  dot1                           
0     00009aea  dot2                           
0     000830ad  duty_cycle_calculation         
0     000836ab  duty_cycle_saturation          
0     00009af4  ef_index                       
0     00082f21  err_calc                       
0     00083370  exit                           
1     0000b010  fixed_d                        
1     0000b000  fixed_duty_cycle               
1     0000b02a  get_clk                        
1     0000b02c  get_ls_clk                     
1     0000a872  head                           
0     00008000  hh1                            
0     0000821e  hh2                            
0     00009800  i                              
0     0008382a  init_PI                        
0     000826b1  init_detector                  
1     0000a800  io_buff                        
1     00001508  io_sample_test                 
0     00009892  io_smpl_cla                    
1     0000a876  io_sum                         
1     0000a861  k                              
1     0000b028  kii                            
1     0000b024  kiv                            
1     0000b026  kpi                            
1     0000b022  kpv                            
0     0008303a  main                           
0     0008353f  memcpy                         
0     00082cb5  myADC0_init                    
0     00082aca  myADC1_init                    
0     00082d09  myADC2_init                    
0     000835dd  myCLA0_init                    
0     0008340a  myCPUTIMER0_init               
0     00082e93  myDMA0_init                    
0     00082e4b  myDMA1_init                    
0     00082eda  myDMA2_init                    
0     0008385d  myINPUTXBARINPUT0_init         
0     00083835  myINPUTXBARINPUT1_init         
0     0008383e  myINPUTXBARINPUT4_init         
0     00009ad2  n1_partial                     
0     00009ad4  n2_partial                     
0     00009af0  nsat_smpl                      
0     00009af2  nsat_smpl_prev                 
0     0000868a  partial_norms                  
0     00009ad6  piv0                           
0     00009ad7  piv1                           
0     00008798  pivot                          
0     00083856  reset_PI                       
1     00001510  s_count                        
0     00082882  samples_to_cla                 
0     00083813  set_duty_cycle                 
0     00009aec  sol                            
1     0000b02e  timer_count                    
1     0000a820  tr_buff                        
1     0000a878  tr_sum                         
0     00083764  transient_det_pin_XINT_init    
0     000835f5  transient_det_pin_init         
1     0000a860  transient_det_res              
0     000828fb  transient_detector             
0     000835ac  update_PI                      
0     00009a42  v2                             
0     00009ae8  v2v2                           
0     000099b2  v_h                            
1     0000a840  vo_buff                        
1     00001500  vo_sample_test                 
0     00009802  vo_smpl_cla                    
1     0000a874  vo_sum                         
0     00009ade  vv                             


GLOBAL SYMBOLS: SORTED BY Symbol Address 

page  address   name                           
----  -------   ----                           
0     00008000  Cla1ProgRunStart               
0     00008000  hh1                            
0     0000821e  hh2                            
0     000083f6  Cla1Task1                      
0     0000857e  derivatives                    
0     0000868a  partial_norms                  
0     00008726  back_subs                      
0     00008798  pivot                          
0     00009800  Cla1ConstLoadStart             
0     00009800  Cla1ConstRunStart              
0     00009800  i                              
0     00009802  vo_smpl_cla                    
0     00009892  io_smpl_cla                    
0     00009922  dio_smpl_cla                   
0     000099b2  v_h                            
0     00009a42  v2                             
0     00009ad2  n1_partial                     
0     00009ad4  n2_partial                     
0     00009ad6  piv0                           
0     00009ad7  piv1                           
0     00009ad8  col0                           
0     00009ad9  col1                           
0     00009ada  alpha                          
0     00009adc  beta                           
0     00009ade  vv                             
0     00009ae0  dot                            
0     00009ae2  dot1                           
0     00009ae4  alpha2                         
0     00009ae6  beta2                          
0     00009ae8  v2v2                           
0     00009aea  dot2                           
0     00009aec  sol                            
0     00009af0  nsat_smpl                      
0     00009af2  nsat_smpl_prev                 
0     00009af4  ef_index                       
0     0000a000  Flash_initModule               
0     0000a000  RamfuncsRunStart               
0     0000a124  SysCtl_delay                   
0     0000a128  RamfuncsRunEnd                 
0     00080000  code_start                     
0     00081000  RamfuncsLoadStart              
0     00081128  RamfuncsLoadEnd                
0     00081154  __TI_Handler_Table_Base        
0     0008115a  __TI_Handler_Table_Limit       
0     00081174  __TI_CINIT_Base                
0     00081194  __TI_CINIT_Limit               
0     00081194  __TI_CINIT_Warm                
0     00082000  EPWM_init                      
0     000823ad  Device_enableAllPeripherals    
0     00082484  SysCtl_setClock                
0     00082549  SysCtl_isPLLValid              
0     00082606  MEMCFG_init                    
0     000826b1  init_detector                  
0     00082750  DMA_configMode                 
0     000827ed  average_samples                
0     00082882  samples_to_cla                 
0     000828fb  transient_detector             
0     000829e5  Device_init                    
0     00082a58  MemCfg_setProtection           
0     00082aca  myADC1_init                    
0     00082b35  INT_ControlPWM_ISR             
0     00082b9b  PinMux_init                    
0     00082bff  SysCtl_getClock                
0     00082cb5  myADC0_init                    
0     00082d09  myADC2_init                    
0     00082d5d  cla1Isr1                       
0     00082db0  GPIO_setPadConfig              
0     00082e02  SysCtl_selectOscSource         
0     00082e4b  myDMA1_init                    
0     00082e93  myDMA0_init                    
0     00082eda  myDMA2_init                    
0     00082f21  err_calc                       
0     00082f66  INT_transient_det_pin_XINT_ISR 
0     00082fa3  Interrupt_initModule           
0     00083000  GPIO_setAnalogMode             
0     0008303a  main                           
0     00083074  Board_init                     
0     000830ad  duty_cycle_calculation         
0     000830e5  GPIO_setControllerCore         
0     0008311c  GPIO_setPinConfig              
0     00083153  GPIO_setQualificationMode      
0     0008318a  Interrupt_enable               
0     000831c1  MemCfg_setLSRAMControllerSel   
0     000831f8  GPIO_setInterruptPin           
0     0008322c  DMA_configWrap                 
0     0008325f  GPIO_setDirectionMode          
0     00083290  SYNC_init                      
0     000832c1  __TI_decompress_lzss           
0     0008331a  __TI_auto_init_nobinit_nopinit 
0     00083345  DMA_configTransfer             
0     0008336e  C$$EXIT                        
0     0008336e  abort                          
0     00083370  exit                           
0     00083397  ADC_setOffsetTrimAll           
0     000833bf  CLA_setTriggerSource           
0     000833e5  DMA_configAddresses            
0     0008340a  CPUTIMER_init                  
0     0008340a  myCPUTIMER0_init               
0     00083453  DMA_configBurst                
0     00083477  SysCtl_selectXTAL              
0     000834e1  INTERRUPT_init                 
0     00083521  Interrupt_initVectorTable      
0     0008353f  memcpy                         
0     00083578  SysCtl_getLowSpeedClock        
0     00083592  SysCtl_selectXTALSingleEnded   
0     000835ac  update_PI                      
0     000835c5  GPIO_init                      
0     000835dd  myCLA0_init                    
0     000835f5  transient_det_pin_init         
0     0008363b  debug_pin_init                 
0     00083652  _c_int00                       
0     00083695  EPWM_setEmulationMode          
0     000836ab  duty_cycle_saturation          
0     00083751  CPUTimer_setEmulationMode      
0     00083764  XINT_init                      
0     00083764  transient_det_pin_XINT_init    
0     00083785  DMA_init                       
0     00083795  Device_initGPIO                
0     000837d3  ASYSCTL_init                   
0     000837fa  __TI_zero_init_nomemset        
0     00083807  _args_main                     
0     00083813  set_duty_cycle                 
0     0008382a  init_PI                        
0     00083835  myINPUTXBARINPUT1_init         
0     0008383e  myINPUTXBARINPUT4_init         
0     00083847  __TI_decompress_none           
0     00083856  reset_PI                       
0     0008385d  myINPUTXBARINPUT0_init         
0     00083863  __error__                      
0     0008386a  _system_pre_init               
0     0008386c  C2000Ware_libraries_init       
0     0008386c  FFR_init                       
0     0008386d  _nop                           
0     0008386e  _system_post_cinit             
0     00084000  Cla1ProgLoadStart              
1     00000400  __stack                        
1     000007f8  __TI_STACK_END                 
1     00001480  R_out                          
1     00001482  L_out                          
1     00001500  vo_sample_test                 
1     00001508  io_sample_test                 
1     00001510  s_count                        
1     0000a800  io_buff                        
1     0000a820  tr_buff                        
1     0000a840  vo_buff                        
1     0000a860  transient_det_res              
1     0000a861  k                              
1     0000a862  Vo_controller                  
1     0000a86a  Il_controller                  
1     0000a872  head                           
1     0000a874  vo_sum                         
1     0000a876  io_sum                         
1     0000a878  tr_sum                         
1     0000b000  fixed_duty_cycle               
1     0000b002  ADCA0_results_add              
1     0000b004  ADCA0_Result_base              
1     0000b006  ADCB0_results_add              
1     0000b008  ADCB0_Result_base              
1     0000b00a  ADCC0_results_add              
1     0000b00c  ADCC0_Result_base              
1     0000b00e  d                              
1     0000b010  fixed_d                        
1     0000b012  Iin_avg                        
1     0000b014  Io_avg                         
1     0000b016  Il_avg                         
1     0000b018  Vo_avg                         
1     0000b01a  Vin_avg                        
1     0000b01c  Vo_error                       
1     0000b01e  Il_error                       
1     0000b020  Vo_ref                         
1     0000b022  kpv                            
1     0000b024  kiv                            
1     0000b026  kpi                            
1     0000b028  kii                            
1     0000b02a  get_clk                        
1     0000b02c  get_ls_clk                     
1     0000b02e  timer_count                    
1     0000b030  alg_time                       
1     0000b032  __TI_enable_exit_profile_output
1     0000b034  __TI_cleanup_ptr               
1     0000b036  __TI_dtors_ptr                 
1     0000b038  _lock                          
1     0000c000  ADCA_results                   
1     0000c002  ADCB_results                   
1     0000c006  ADCC_results                   
1     0000c00e  R_err                          
1     0000c010  L_err                          
abs   00000000  Cla1ConstLoadSize              
abs   00000128  RamfuncsLoadSize               
abs   00000128  RamfuncsRunSize                
abs   000003f8  __TI_STACK_SIZE                
abs   000007d2  Cla1ProgLoadSize               
abs   ffffffff  __TI_pprof_out_hndl            
abs   ffffffff  __TI_prof_data_size            
abs   ffffffff  __TI_prof_data_start           
n/a   UNDEFED   __c_args__                     

[196 symbols]
