******************************************************************************
             TMS320C2000 Linker PC v22.6.3                     
******************************************************************************
>> Linked Wed May 20 15:21:06 2026

OUTPUT FILE NAME:   <buck_converter_dma_original.out>
ENTRY POINT SYMBOL: "code_start"  address: 00080000


MEMORY CONFIGURATION

         name            origin    length      used     unused   attr    fill
----------------------  --------  ---------  --------  --------  ----  --------
PAGE 0:
  RAMM0                 000000f6   0000030a  00000000  0000030a  RWIX
  RAMLS0                00008000   00000800  00000686  0000017a  RWIX
  RAMLS3                00009800   00000800  000002f2  0000050e  RWIX
  RAMLS4                0000a000   00000800  00000128  000006d8  RWIX
  BEGIN                 00080000   00000002  00000002  00000000  RWIX
  FLASH_BANK0_SEC0      00080002   00000ffe  00000000  00000ffe  RWIX
  FLASH_BANK0_SEC1      00081000   00001000  0000018c  00000e74  RWIX
  FLASH_BANK0_SEC2      00082000   00001000  00001000  00000000  RWIX
  FLASH_BANK0_SEC3      00083000   00001000  00000856  000007aa  RWIX
  FLASH_BANK0_SEC4      00084000   00001000  00000aac  00000554  RWIX
  FLASH_BANK0_SEC5      00085000   00001000  00000000  00001000  RWIX
  FLASH_BANK0_SEC6      00086000   00001000  00000000  00001000  RWIX
  FLASH_BANK0_SEC7      00087000   00001000  00000000  00001000  RWIX
  FLASH_BANK0_SEC8      00088000   00001000  00000000  00001000  RWIX
  FLASH_BANK0_SEC9      00089000   00001000  00000000  00001000  RWIX
  FLASH_BANK0_SEC10     0008a000   00001000  00000000  00001000  RWIX
  FLASH_BANK0_SEC11     0008b000   00001000  00000000  00001000  RWIX
  FLASH_BANK0_SEC12     0008c000   00001000  00000000  00001000  RWIX
  FLASH_BANK0_SEC13     0008d000   00001000  00000000  00001000  RWIX
  FLASH_BANK0_SEC14     0008e000   00001000  00000000  00001000  RWIX
  FLASH_BANK0_SEC15     0008f000   00001000  00000000  00001000  RWIX
  FLASH_BANK1_SEC0      00090000   00001000  00000000  00001000  RWIX
  FLASH_BANK1_SEC1      00091000   00001000  00000000  00001000  RWIX
  FLASH_BANK1_SEC2      00092000   00001000  00000000  00001000  RWIX
  FLASH_BANK1_SEC3      00093000   00001000  00000000  00001000  RWIX
  FLASH_BANK1_SEC4      00094000   00001000  00000000  00001000  RWIX
  FLASH_BANK1_SEC5      00095000   00001000  00000000  00001000  RWIX
  FLASH_BANK1_SEC6      00096000   00001000  00000000  00001000  RWIX
  FLASH_BANK1_SEC7      00097000   00001000  00000000  00001000  RWIX
  FLASH_BANK1_SEC8      00098000   00001000  00000000  00001000  RWIX
  FLASH_BANK1_SEC9      00099000   00001000  00000000  00001000  RWIX
  FLASH_BANK1_SEC10     0009a000   00001000  00000000  00001000  RWIX
  FLASH_BANK1_SEC11     0009b000   00001000  00000000  00001000  RWIX
  FLASH_BANK1_SEC12     0009c000   00001000  00000000  00001000  RWIX
  FLASH_BANK1_SEC13     0009d000   00001000  00000000  00001000  RWIX
  FLASH_BANK1_SEC14     0009e000   00001000  00000000  00001000  RWIX
  FLASH_BANK1_SEC15     0009f000   00000ff0  00000000  00000ff0  RWIX
  RESET                 003fffc0   00000002  00000000  00000002  RWIX

PAGE 1:
  BOOT_RSVD             00000002   000000f1  00000000  000000f1  RWIX
  RAMM1                 00000400   000003f8  000003f8  00000000  RWIX
  CLA1_MSGRAMLOW        00001480   00000080  00000004  0000007c  RWIX
  CLA1_MSGRAMHIGH       00001500   00000080  00000011  0000006f  RWIX
  RAMLS1                00008800   00000800  00000000  00000800  RWIX
  RAMLS2                00009000   00000800  00000000  00000800  RWIX
  RAMLS5                0000a800   00000800  0000007a  00000786  RWIX
  RAMLS6                0000b000   00000800  0000003c  000007c4  RWIX
  RAMLS7                0000b800   00000800  00000000  00000800  RWIX
  RAMGS0                0000c000   00002000  00000012  00001fee  RWIX
  RAMGS1                0000e000   00002000  00000000  00002000  RWIX
  RAMGS2                00010000   00002000  00000000  00002000  RWIX
  RAMGS3                00012000   00001ff8  00000000  00001ff8  RWIX


SECTION ALLOCATION MAP

 output                                  attributes/
section   page    origin      length       input sections
--------  ----  ----------  ----------   ----------------
codestart 
*          0    00080000    00000002     
                  00080000    00000002     f28004x_codestartbranch.obj (codestart)

.cinit     0    00081128    00000064     
                  00081128    00000026     (.cinit..data.load) [load image, compression = lzss]
                  0008114e    00000006     (.cinit.ramgs0.load) [load image, compression = lzss]
                  00081154    00000006     (__TI_handler_table)
                  0008115a    00000005     (.cinit.Cla1ToCpuMsgRAM.load) [load image, compression = lzss]
                  0008115f    00000005     (.cinit.CpuToCla1MsgRAM.load) [load image, compression = lzss]
                  00081164    00000004     (.cinit..bss.load) [load image, compression = zero_init]
                  00081168    00000004     (.cinit..scratchpad.load) [load image, compression = zero_init]
                  0008116c    00000004     (.cinit.Cla1DataRam.load) [load image, compression = zero_init]
                  00081170    0000001c     (__TI_cinit_table)

.stack     1    00000400    000003f8     UNINITIALIZED
                  00000400    000003f8     --HOLE--

.init_array 
*          0    00081000    00000000     UNINITIALIZED

.bss       1    0000a800    0000007a     UNINITIALIZED
                  0000a800    00000020     transient_det.obj (.bss:io_buff)
                  0000a820    00000020     transient_det.obj (.bss:tr_buff)
                  0000a840    00000020     transient_det.obj (.bss:vo_buff)
                  0000a860    00000012     main.obj (.bss)
                  0000a872    00000008     transient_det.obj (.bss)

.data      1    0000b000    0000003c     UNINITIALIZED
                  0000b000    00000032     main.obj (.data)
                  0000b032    00000006     rts2800_fpu32_eabi.lib : exit.c.obj (.data)
                  0000b038    00000002                            : _lock.c.obj (.data:_lock)
                  0000b03a    00000002     control_functions.obj (.data)

.scratchpad 
*          0    00009af0    00000002     UNINITIALIZED
                  00009af0    00000002     cla_tasks.obj (.scratchpad:Cla1Prog:partial_norms)
                  00009af0    00000002     cla_tasks.obj (.scratchpad:Cla1Prog:back_subs)

.TI.ramfunc 
*          0    00081000    00000128     RUN ADDR = 0000a000
                  00081000    00000044     driverlib_eabi.lib : flash.obj (.TI.ramfunc:Flash_initModule)
                  00081044    0000002c                        : flash.obj (.TI.ramfunc:Flash_setBankPowerMode)
                  00081070    00000023                        : flash.obj (.TI.ramfunc:Flash_setWaitstates)
                  00081093    0000001d                        : flash.obj (.TI.ramfunc:Flash_setPumpPowerMode)
                  000810b0    00000018                        : flash.obj (.TI.ramfunc:Flash_disableCache)
                  000810c8    00000018                        : flash.obj (.TI.ramfunc:Flash_disablePrefetch)
                  000810e0    00000017                        : flash.obj (.TI.ramfunc:Flash_enableCache)
                  000810f7    00000017                        : flash.obj (.TI.ramfunc:Flash_enablePrefetch)
                  0008110e    00000016                        : flash.obj (.TI.ramfunc:Flash_enableECC)
                  00081124    00000004                        : sysctl.obj (.TI.ramfunc)

.const     0    00084688    00000426     
                  00084688    0000009b     driverlib_eabi.lib : flash.obj (.const:.string)
                  00084723    00000001     --HOLE-- [fill = 0]
                  00084724    0000009a                        : sysctl.obj (.const:.string)
                  000847be    00000098                        : epwm.obj (.const:.string)
                  00084856    00000098                        : gpio.obj (.const:.string)
                  000848ee    00000097                        : dma.obj (.const:.string)
                  00084985    00000001     --HOLE-- [fill = 0]
                  00084986    00000089     board.obj (.const:.string)
                  00084a0f    00000001     --HOLE-- [fill = 0]
                  00084a10    00000050     driverlib_eabi.lib : cputimer.obj (.const:.string)
                  00084a60    0000004e                        : memcfg.obj (.const:.string)

ramgs0     1    0000c000    00000012     UNINITIALIZED
                  0000c000    0000000e     main.obj (ramgs0:uninit)
                  0000c00e    00000004     main.obj (ramgs0:init)

.reset     0    003fffc0    00000000     DSECT

Cla1Prog   0    00084000    00000686     RUN ADDR = 00008000
                  00084000    0000021e     cla_tasks.obj (Cla1Prog:hh1)
                  0008421e    000001d8     cla_tasks.obj (Cla1Prog:hh2)
                  000843f6    000000a6     cla_tasks.obj (Cla1Prog:Cla1Task1)
                  0008449c    000000a2     cla_tasks.obj (Cla1Prog:derivatives)
                  0008453e    0000009c     cla_tasks.obj (Cla1Prog:partial_norms)
                  000845da    00000072     cla_tasks.obj (Cla1Prog:back_subs)
                  0008464c    0000003a     cla_tasks.obj (Cla1Prog:pivot)

Cla1ToCpuMsgRAM 
*          1    00001480    00000004     UNINITIALIZED
                  00001480    00000004     main.obj (Cla1ToCpuMsgRAM)

CpuToCla1MsgRAM 
*          1    00001500    00000011     UNINITIALIZED
                  00001500    00000010     main.obj (CpuToCla1MsgRAM:uninit)
                  00001510    00000001     main.obj (CpuToCla1MsgRAM:init)

Cla1DataRam 
*          0    00009800    000002f0     UNINITIALIZED
                  00009800    000002f0     cla_tasks.obj (Cla1DataRam)

.const_cla 
*          0    00009800    00000000     UNINITIALIZED

.text.1    0    00082000    00001000     
                  00082000    000003ae     board.obj (.text:EPWM_init)
                  000823ae    000000d7     device.obj (.text:Device_enableAllPeripherals)
                  00082485    000000c5     driverlib_eabi.lib : sysctl.obj (.text:SysCtl_setClock)
                  0008254a    000000bd                        : sysctl.obj (.text:SysCtl_isPLLValid)
                  00082607    000000ab     board.obj (.text:MEMCFG_init)
                  000826b2    0000009f     transient_det.obj (.text:init_detector)
                  00082751    0000009d     driverlib_eabi.lib : dma.obj (.text:DMA_configMode)
                  000827ee    00000087     main.obj (.text:average_samples)
                  00082875    00000077     transient_det.obj (.text:transient_detector)
                  000828ec    00000073     driverlib_eabi.lib : sysctl.obj (.text:DCC_setCounterSeeds)
                  0008295f    00000073     device.obj (.text:Device_init)
                  000829d2    00000072     driverlib_eabi.lib : memcfg.obj (.text:MemCfg_setProtection)
                  00082a44    0000006b     board.obj (.text:myADC1_init)
                  00082aaf    00000069     main.obj (.text:samples_to_cla)
                  00082b18    00000066     main.obj (.text:INT_ControlPWM_ISR)
                  00082b7e    00000064     board.obj (.text:PinMux_init)
                  00082be2    0000005e     driverlib_eabi.lib : sysctl.obj (.text:SysCtl_getClock)
                  00082c40    00000058     board.obj (.text:EPWM_setActionQualifierAction)
                  00082c98    00000054     board.obj (.text:myADC0_init)
                  00082cec    00000054     board.obj (.text:myADC2_init)
                  00082d40    00000053     main.obj (.text:cla1Isr1)
                  00082d93    00000052     driverlib_eabi.lib : gpio.obj (.text:GPIO_setPadConfig)
                  00082de5    00000049                        : sysctl.obj (.text:SysCtl_selectOscSource)
                  00082e2e    00000048     board.obj (.text:myDMA1_init)
                  00082e76    00000047     board.obj (.text:myDMA0_init)
                  00082ebd    00000047     board.obj (.text:myDMA2_init)
                  00082f04    00000045     main.obj (.text:err_calc)
                  00082f49    0000003d     main.obj (.text:INT_transient_det_pin_XINT_ISR)
                  00082f86    0000003d     driverlib_eabi.lib : interrupt.obj (.text:Interrupt_initModule)
                  00082fc3    0000003a                        : gpio.obj (.text:GPIO_setAnalogMode)
                  00082ffd    00000003     device.obj (.text:__error__)

.text.2    0    00083000    00000856     
                  00083000    0000003a     main.obj (.text:main)
                  0008303a    00000039     board.obj (.text:Board_init)
                  00083073    00000038     main.obj (.text:duty_cycle_calculation)
                  000830ab    00000037     driverlib_eabi.lib : gpio.obj (.text:GPIO_setControllerCore)
                  000830e2    00000037                        : gpio.obj (.text:GPIO_setPinConfig)
                  00083119    00000037                        : gpio.obj (.text:GPIO_setQualificationMode)
                  00083150    00000037                        : interrupt.obj (.text:Interrupt_enable)
                  00083187    00000037                        : memcfg.obj (.text:MemCfg_setLSRAMControllerSel)
                  000831be    00000034                        : gpio.obj (.text:GPIO_setInterruptPin)
                  000831f2    00000033                        : dma.obj (.text:DMA_configWrap)
                  00083225    00000031                        : gpio.obj (.text:GPIO_setDirectionMode)
                  00083256    00000031     board.obj (.text:SYNC_init)
                  00083287    0000002e     rts2800_fpu32_eabi.lib : copy_decompress_lzss.c.obj (.text:decompress:lzss)
                  000832b5    0000002b     driverlib_eabi.lib : epwm.obj (.text:EPWM_isBaseValid)
                  000832e0    0000002b     rts2800_fpu32_eabi.lib : autoinit.c.obj (.text:__TI_auto_init_nobinit_nopinit)
                  0008330b    00000029     driverlib_eabi.lib : dma.obj (.text:DMA_configTransfer)
                  00083334    00000029     rts2800_fpu32_eabi.lib : exit.c.obj (.text)
                  0008335d    00000028     driverlib_eabi.lib : adc.obj (.text:ADC_setOffsetTrimAll)
                  00083385    00000026                        : cla.obj (.text:CLA_setTriggerSource)
                  000833ab    00000025                        : dma.obj (.text:DMA_configAddresses)
                  000833d0    00000025     board.obj (.text:myCPUTIMER0_init)
                  000833f5    00000024     driverlib_eabi.lib : sysctl.obj (.text:DCC_enableSingleShotMode)
                  00083419    00000024                        : dma.obj (.text:DMA_configBurst)
                  0008343d    00000024                        : sysctl.obj (.text:SysCtl_selectXTAL)
                  00083461    00000023                        : dma.obj (.text:DMA_isBaseValid)
                  00083484    00000023                        : sysctl.obj (.text:SysCtl_pollX1Counter)
                  000834a7    00000022     board.obj (.text:INTERRUPT_init)
                  000834c9    00000020     driverlib_eabi.lib : gpio.obj (.text:XBAR_setInputPin)
                  000834e9    0000001e                        : sysctl.obj (.text:DCC_setCounter1ClkSource)
                  00083507    0000001e                        : interrupt.obj (.text:Interrupt_initVectorTable)
                  00083525    0000001d     rts2800_fpu32_eabi.lib : memcpy.c.obj (.text)
                  00083542    0000001c     driverlib_eabi.lib : sysctl.obj (.text:DCC_setCounter0ClkSource)
                  0008355e    0000001a                        : sysctl.obj (.text:SysCtl_getLowSpeedClock)
                  00083578    0000001a                        : sysctl.obj (.text:SysCtl_selectXTALSingleEnded)
                  00083592    00000019     control_functions.obj (.text:update_PI)
                  000835ab    00000018     board.obj (.text:GPIO_init)
                  000835c3    00000018     board.obj (.text:myCLA0_init)
                  000835db    00000018     board.obj (.text:transient_det_pin_init)
                  000835f3    00000017     driverlib_eabi.lib : cputimer.obj (.text:CPUTimer_isBaseValid)
                  0008360a    00000017                        : sysctl.obj (.text:SysCtl_enablePeripheral)
                  00083621    00000017     board.obj (.text:debug_pin_init)
                  00083638    00000017     rts2800_fpu32_eabi.lib : boot28.asm.obj (.text)
                  0008364f    00000016     driverlib_eabi.lib : sysctl.obj (.text:DCC_disableDoneSignal)
                  00083665    00000016                        : sysctl.obj (.text:DCC_enableDoneSignal)
                  0008367b    00000016                        : epwm.obj (.text:EPWM_setEmulationMode)
                  00083691    00000016     control_functions.obj (.text:duty_cycle_saturation)
                  000836a7    00000015     driverlib_eabi.lib : sysctl.obj (.text:DCC_clearDoneFlag)
                  000836bc    00000015                        : sysctl.obj (.text:DCC_clearErrorFlag)
                  000836d1    00000015                        : sysctl.obj (.text:DCC_disableErrorSignal)
                  000836e6    00000015                        : sysctl.obj (.text:DCC_enableErrorSignal)
                  000836fb    00000014                        : sysctl.obj (.text:DCC_disableModule)
                  0008370f    00000014                        : sysctl.obj (.text:DCC_enableModule)
                  00083723    00000014                        : gpio.obj (.text:GPIO_isPinValid)
                  00083737    00000013                        : cputimer.obj (.text:CPUTimer_setEmulationMode)
                  0008374a    00000011     board.obj (.text:transient_det_pin_XINT_init)
                  0008375b    00000010     driverlib_eabi.lib : sysctl.obj (.text:DCC_isBaseValid)
                  0008376b    00000010     board.obj (.text:DMA_init)
                  0008377b    00000010     device.obj (.text:Device_initGPIO)
                  0008378b    00000010     driverlib_eabi.lib : flash.obj (.text:Flash_isCtrlBaseValid)
                  0008379b    00000010                        : flash.obj (.text:Flash_isECCBaseValid)
                  000837ab    00000010     control_functions.obj (.text:set_duty_cycle)
                  000837bb    0000000e     driverlib_eabi.lib : interrupt.obj (.text:Interrupt_defaultHandler)
                  000837c9    0000000d     board.obj (.text:ASYSCTL_init)
                  000837d6    0000000d     driverlib_eabi.lib : interrupt.obj (.text:Interrupt_disableGlobal)
                  000837e3    0000000d                        : interrupt.obj (.text:Interrupt_enableGlobal)
                  000837f0    0000000d     rts2800_fpu32_eabi.lib : copy_zero_init.c.obj (.text:decompress:ZI:__TI_zero_init_nomemset)
                  000837fd    0000000c                            : args_main.c.obj (.text)
                  00083809    0000000b     driverlib_eabi.lib : sysctl.obj (.text:SysCtl_isMCDClockFailureDetected)
                  00083814    0000000b     control_functions.obj (.text:init_PI)
                  0008381f    00000009     board.obj (.text:myINPUTXBARINPUT1_init)
                  00083828    00000009     board.obj (.text:myINPUTXBARINPUT4_init)
                  00083831    00000008     rts2800_fpu32_eabi.lib : copy_decompress_none.c.obj (.text:decompress:none)
                  00083839    00000007     driverlib_eabi.lib : sysctl.obj (.text:SysCtl_resetMCD)
                  00083840    00000007     control_functions.obj (.text:reset_PI)
                  00083847    00000006     board.obj (.text:myINPUTXBARINPUT0_init)
                  0008384d    00000002     driverlib_eabi.lib : interrupt.obj (.text:Interrupt_illegalOperationHandler)
                  0008384f    00000002                        : interrupt.obj (.text:Interrupt_nmiHandler)
                  00083851    00000002     rts2800_fpu32_eabi.lib : pre_init.c.obj (.text)
                  00083853    00000001     c2000ware_libraries.obj (.text:FFR_init)
                  00083854    00000001     rts2800_fpu32_eabi.lib : _lock.c.obj (.text)
                  00083855    00000001                            : startup.c.obj (.text)

MODULE SUMMARY

       Module                        code    ro data   rw data
       ------                        ----    -------   -------
    .\
       cla_tasks.obj                 3340    0         756    
       main.obj                      669     0         107    
       transient_det.obj             278     0         104    
       control_functions.obj         81      0         2      
    +--+-----------------------------+-------+---------+---------+
       Total:                        4368    0         969    
                                                              
    .\device\
       device.obj                    349     0         0      
       f28004x_codestartbranch.obj   2       0         0      
    +--+-----------------------------+-------+---------+---------+
       Total:                        351     0         0      
                                                              
    .\syscfg\
       board.obj                     2132    137       0      
       c2000ware_libraries.obj       1       0         0      
    +--+-----------------------------+-------+---------+---------+
       Total:                        2133    137       0      
                                                              
    C:/ti/ccs2040/ccs/tools/compiler/ti-cgt-c2000_22.6.3.LTS/lib/rts2800_fpu32_eabi.lib
       exit.c.obj                    41      0         6      
       copy_decompress_lzss.c.obj    46      0         0      
       autoinit.c.obj                43      0         0      
       memcpy.c.obj                  29      0         0      
       boot28.asm.obj                23      0         0      
       copy_zero_init.c.obj          13      0         0      
       args_main.c.obj               12      0         0      
       copy_decompress_none.c.obj    8       0         0      
       _lock.c.obj                   1       0         2      
       pre_init.c.obj                2       0         0      
       startup.c.obj                 1       0         0      
    +--+-----------------------------+-------+---------+---------+
       Total:                        219     0         8      
                                                              
    C:\ti\c2000\C2000Ware_4_03_00_00\driverlib\f28004x\driverlib\ccs\Debug\driverlib_eabi.lib
       sysctl.obj                    1118    154       0      
       flash.obj                     616     155       0      
       gpio.obj                      458     152       0      
       dma.obj                       357     151       0      
       memcfg.obj                    169     78        0      
       epwm.obj                      65      152       0      
       interrupt.obj                 190     0         0      
       cputimer.obj                  42      80        0      
       adc.obj                       40      0         0      
       cla.obj                       38      0         0      
    +--+-----------------------------+-------+---------+---------+
       Total:                        3093    922       0      
                                                              
       Stack:                        0       0         1016   
       Linker Generated:             0       100       0      
    +--+-----------------------------+-------+---------+---------+
       Grand Total:                  10164   1159      1993   


LINKER GENERATED COPY TABLES

__TI_cinit_table @ 00081170 records: 7, size/record: 4, table size: 28
	.data: load addr=00081128, load size=00000026 bytes, run addr=0000b000, run size=0000003c bytes, compression=lzss
	ramgs0: load addr=0008114e, load size=00000006 bytes, run addr=0000c000, run size=00000012 bytes, compression=lzss
	Cla1ToCpuMsgRAM: load addr=0008115a, load size=00000005 bytes, run addr=00001480, run size=00000004 bytes, compression=lzss
	CpuToCla1MsgRAM: load addr=0008115f, load size=00000005 bytes, run addr=00001500, run size=00000011 bytes, compression=lzss
	.bss: load addr=00081164, load size=00000004 bytes, run addr=0000a800, run size=0000007a bytes, compression=zero_init
	.scratchpad: load addr=00081168, load size=00000004 bytes, run addr=00009af0, run size=00000002 bytes, compression=zero_init
	Cla1DataRam: load addr=0008116c, load size=00000004 bytes, run addr=00009800, run size=000002f0 bytes, compression=zero_init


LINKER GENERATED HANDLER TABLE

__TI_handler_table @ 00081154 records: 3, size/record: 2, table size: 6
	index: 0, handler: __TI_zero_init
	index: 1, handler: __TI_decompress_lzss
	index: 2, handler: __TI_decompress_none


GLOBAL DATA SYMBOLS: SORTED BY DATA PAGE

address     data page           name
--------    ----------------    ----
00000400      10 (00000400)     __stack

00001480      52 (00001480)     R_out
00001482      52 (00001480)     L_out

00001500      54 (00001500)     vo_sample_test
00001508      54 (00001500)     io_sample_test
00001510      54 (00001500)     s_count

00009800     260 (00009800)     i
00009802     260 (00009800)     vo_smpl_cla

00009892     262 (00009880)     io_smpl_cla

00009922     264 (00009900)     dio_smpl_cla

000099b2     266 (00009980)     v_h

00009a42     269 (00009a40)     v2

00009ad2     26b (00009ac0)     n1_partial
00009ad4     26b (00009ac0)     n2_partial
00009ad6     26b (00009ac0)     piv0
00009ad7     26b (00009ac0)     piv1
00009ad8     26b (00009ac0)     col0
00009ad9     26b (00009ac0)     col1
00009ada     26b (00009ac0)     alpha
00009adc     26b (00009ac0)     beta
00009ade     26b (00009ac0)     vv
00009ae0     26b (00009ac0)     dot
00009ae2     26b (00009ac0)     dot1
00009ae4     26b (00009ac0)     alpha2
00009ae6     26b (00009ac0)     beta2
00009ae8     26b (00009ac0)     v2v2
00009aea     26b (00009ac0)     dot2
00009aec     26b (00009ac0)     sol

0000a800     2a0 (0000a800)     io_buff
0000a820     2a0 (0000a800)     tr_buff

0000a840     2a1 (0000a840)     vo_buff
0000a860     2a1 (0000a840)     transient_det_res
0000a861     2a1 (0000a840)     k
0000a862     2a1 (0000a840)     Vo_controller
0000a86a     2a1 (0000a840)     Il_controller
0000a872     2a1 (0000a840)     head
0000a874     2a1 (0000a840)     vo_sum
0000a876     2a1 (0000a840)     io_sum
0000a878     2a1 (0000a840)     tr_sum

0000b000     2c0 (0000b000)     fixed_duty_cycle
0000b002     2c0 (0000b000)     ADCA0_results_add
0000b004     2c0 (0000b000)     ADCA0_Result_base
0000b006     2c0 (0000b000)     ADCB0_results_add
0000b008     2c0 (0000b000)     ADCB0_Result_base
0000b00a     2c0 (0000b000)     ADCC0_results_add
0000b00c     2c0 (0000b000)     ADCC0_Result_base
0000b00e     2c0 (0000b000)     d
0000b010     2c0 (0000b000)     fixed_d
0000b012     2c0 (0000b000)     Iin_avg
0000b014     2c0 (0000b000)     Io_avg
0000b016     2c0 (0000b000)     Il_avg
0000b018     2c0 (0000b000)     Vo_avg
0000b01a     2c0 (0000b000)     Vin_avg
0000b01c     2c0 (0000b000)     Vo_error
0000b01e     2c0 (0000b000)     Il_error
0000b020     2c0 (0000b000)     Vo_ref
0000b022     2c0 (0000b000)     kpv
0000b024     2c0 (0000b000)     kiv
0000b026     2c0 (0000b000)     kpi
0000b028     2c0 (0000b000)     kii
0000b02a     2c0 (0000b000)     get_clk
0000b02c     2c0 (0000b000)     get_ls_clk
0000b02e     2c0 (0000b000)     timer_count
0000b030     2c0 (0000b000)     alg_time
0000b032     2c0 (0000b000)     __TI_enable_exit_profile_output
0000b034     2c0 (0000b000)     __TI_cleanup_ptr
0000b036     2c0 (0000b000)     __TI_dtors_ptr
0000b038     2c0 (0000b000)     _lock

0000c000     300 (0000c000)     ADCA_results
0000c002     300 (0000c000)     ADCB_results
0000c006     300 (0000c000)     ADCC_results
0000c00e     300 (0000c000)     R_err
0000c010     300 (0000c000)     L_err


GLOBAL SYMBOLS: SORTED ALPHABETICALLY BY Name 

page  address   name                           
----  -------   ----                           
1     0000b004  ADCA0_Result_base              
1     0000b002  ADCA0_results_add              
1     0000c000  ADCA_results                   
1     0000b008  ADCB0_Result_base              
1     0000b006  ADCB0_results_add              
1     0000c002  ADCB_results                   
1     0000b00c  ADCC0_Result_base              
1     0000b00a  ADCC0_results_add              
1     0000c006  ADCC_results                   
0     0008335d  ADC_setOffsetTrimAll           
0     000837c9  ASYSCTL_init                   
0     0008303a  Board_init                     
0     00083334  C$$EXIT                        
0     00083853  C2000Ware_libraries_init       
0     00083385  CLA_setTriggerSource           
0     000833d0  CPUTIMER_init                  
0     00083737  CPUTimer_setEmulationMode      
abs   00000000  Cla1ConstLoadSize              
0     00009800  Cla1ConstLoadStart             
0     00009800  Cla1ConstRunStart              
abs   00000686  Cla1ProgLoadSize               
0     00084000  Cla1ProgLoadStart              
0     00008000  Cla1ProgRunStart               
0     000083f6  Cla1Task1                      
0     000833ab  DMA_configAddresses            
0     00083419  DMA_configBurst                
0     00082751  DMA_configMode                 
0     0008330b  DMA_configTransfer             
0     000831f2  DMA_configWrap                 
0     0008376b  DMA_init                       
0     000823ae  Device_enableAllPeripherals    
0     0008295f  Device_init                    
0     0008377b  Device_initGPIO                
0     00082000  EPWM_init                      
0     0008367b  EPWM_setEmulationMode          
0     00083853  FFR_init                       
0     0000a000  Flash_initModule               
0     000835ab  GPIO_init                      
0     00082fc3  GPIO_setAnalogMode             
0     000830ab  GPIO_setControllerCore         
0     00083225  GPIO_setDirectionMode          
0     000831be  GPIO_setInterruptPin           
0     00082d93  GPIO_setPadConfig              
0     000830e2  GPIO_setPinConfig              
0     00083119  GPIO_setQualificationMode      
0     000834a7  INTERRUPT_init                 
0     00082b18  INT_ControlPWM_ISR             
0     00082f49  INT_transient_det_pin_XINT_ISR 
1     0000b012  Iin_avg                        
1     0000b016  Il_avg                         
1     0000a86a  Il_controller                  
1     0000b01e  Il_error                       
0     00083150  Interrupt_enable               
0     00082f86  Interrupt_initModule           
0     00083507  Interrupt_initVectorTable      
1     0000b014  Io_avg                         
1     0000c010  L_err                          
1     00001482  L_out                          
0     00082607  MEMCFG_init                    
0     00083187  MemCfg_setLSRAMControllerSel   
0     000829d2  MemCfg_setProtection           
0     00082b7e  PinMux_init                    
1     0000c00e  R_err                          
1     00001480  R_out                          
0     00081128  RamfuncsLoadEnd                
abs   00000128  RamfuncsLoadSize               
0     00081000  RamfuncsLoadStart              
0     0000a128  RamfuncsRunEnd                 
abs   00000128  RamfuncsRunSize                
0     0000a000  RamfuncsRunStart               
0     00083256  SYNC_init                      
0     0000a124  SysCtl_delay                   
0     00082be2  SysCtl_getClock                
0     0008355e  SysCtl_getLowSpeedClock        
0     0008254a  SysCtl_isPLLValid              
0     00082de5  SysCtl_selectOscSource         
0     0008343d  SysCtl_selectXTAL              
0     00083578  SysCtl_selectXTALSingleEnded   
0     00082485  SysCtl_setClock                
1     0000b01a  Vin_avg                        
1     0000b018  Vo_avg                         
1     0000a862  Vo_controller                  
1     0000b01c  Vo_error                       
1     0000b020  Vo_ref                         
0     0008374a  XINT_init                      
0     00081170  __TI_CINIT_Base                
0     0008118c  __TI_CINIT_Limit               
0     0008118c  __TI_CINIT_Warm                
0     00081154  __TI_Handler_Table_Base        
0     0008115a  __TI_Handler_Table_Limit       
1     000007f8  __TI_STACK_END                 
abs   000003f8  __TI_STACK_SIZE                
0     000832e0  __TI_auto_init_nobinit_nopinit 
1     0000b034  __TI_cleanup_ptr               
0     00083287  __TI_decompress_lzss           
0     00083831  __TI_decompress_none           
1     0000b036  __TI_dtors_ptr                 
1     0000b032  __TI_enable_exit_profile_output
abs   ffffffff  __TI_pprof_out_hndl            
abs   ffffffff  __TI_prof_data_size            
abs   ffffffff  __TI_prof_data_start           
0     000837f0  __TI_zero_init_nomemset        
n/a   UNDEFED   __c_args__                     
0     00082ffd  __error__                      
1     00000400  __stack                        
0     000837fd  _args_main                     
0     00083638  _c_int00                       
1     0000b038  _lock                          
0     00083854  _nop                           
0     00083855  _system_post_cinit             
0     00083851  _system_pre_init               
0     00083334  abort                          
1     0000b030  alg_time                       
0     00009ada  alpha                          
0     00009ae4  alpha2                         
0     000827ee  average_samples                
0     000085da  back_subs                      
0     00009adc  beta                           
0     00009ae6  beta2                          
0     00082d40  cla1Isr1                       
0     00080000  code_start                     
0     00009ad8  col0                           
0     00009ad9  col1                           
1     0000b00e  d                              
0     00083621  debug_pin_init                 
0     0000849c  derivatives                    
0     00009922  dio_smpl_cla                   
0     00009ae0  dot                            
0     00009ae2  dot1                           
0     00009aea  dot2                           
0     00083073  duty_cycle_calculation         
0     00083691  duty_cycle_saturation          
0     00082f04  err_calc                       
0     00083336  exit                           
1     0000b010  fixed_d                        
1     0000b000  fixed_duty_cycle               
1     0000b02a  get_clk                        
1     0000b02c  get_ls_clk                     
1     0000a872  head                           
0     00008000  hh1                            
0     0000821e  hh2                            
0     00009800  i                              
0     00083814  init_PI                        
0     000826b2  init_detector                  
1     0000a800  io_buff                        
1     00001508  io_sample_test                 
0     00009892  io_smpl_cla                    
1     0000a876  io_sum                         
1     0000a861  k                              
1     0000b028  kii                            
1     0000b024  kiv                            
1     0000b026  kpi                            
1     0000b022  kpv                            
0     00083000  main                           
0     00083525  memcpy                         
0     00082c98  myADC0_init                    
0     00082a44  myADC1_init                    
0     00082cec  myADC2_init                    
0     000835c3  myCLA0_init                    
0     000833d0  myCPUTIMER0_init               
0     00082e76  myDMA0_init                    
0     00082e2e  myDMA1_init                    
0     00082ebd  myDMA2_init                    
0     00083847  myINPUTXBARINPUT0_init         
0     0008381f  myINPUTXBARINPUT1_init         
0     00083828  myINPUTXBARINPUT4_init         
0     00009ad2  n1_partial                     
0     00009ad4  n2_partial                     
0     0000853e  partial_norms                  
0     00009ad6  piv0                           
0     00009ad7  piv1                           
0     0000864c  pivot                          
0     00083840  reset_PI                       
1     00001510  s_count                        
0     00082aaf  samples_to_cla                 
0     000837ab  set_duty_cycle                 
0     00009aec  sol                            
1     0000b02e  timer_count                    
1     0000a820  tr_buff                        
1     0000a878  tr_sum                         
0     0008374a  transient_det_pin_XINT_init    
0     000835db  transient_det_pin_init         
1     0000a860  transient_det_res              
0     00082875  transient_detector             
0     00083592  update_PI                      
0     00009a42  v2                             
0     00009ae8  v2v2                           
0     000099b2  v_h                            
1     0000a840  vo_buff                        
1     00001500  vo_sample_test                 
0     00009802  vo_smpl_cla                    
1     0000a874  vo_sum                         
0     00009ade  vv                             


GLOBAL SYMBOLS: SORTED BY Symbol Address 

page  address   name                           
----  -------   ----                           
0     00008000  Cla1ProgRunStart               
0     00008000  hh1                            
0     0000821e  hh2                            
0     000083f6  Cla1Task1                      
0     0000849c  derivatives                    
0     0000853e  partial_norms                  
0     000085da  back_subs                      
0     0000864c  pivot                          
0     00009800  Cla1ConstLoadStart             
0     00009800  Cla1ConstRunStart              
0     00009800  i                              
0     00009802  vo_smpl_cla                    
0     00009892  io_smpl_cla                    
0     00009922  dio_smpl_cla                   
0     000099b2  v_h                            
0     00009a42  v2                             
0     00009ad2  n1_partial                     
0     00009ad4  n2_partial                     
0     00009ad6  piv0                           
0     00009ad7  piv1                           
0     00009ad8  col0                           
0     00009ad9  col1                           
0     00009ada  alpha                          
0     00009adc  beta                           
0     00009ade  vv                             
0     00009ae0  dot                            
0     00009ae2  dot1                           
0     00009ae4  alpha2                         
0     00009ae6  beta2                          
0     00009ae8  v2v2                           
0     00009aea  dot2                           
0     00009aec  sol                            
0     0000a000  Flash_initModule               
0     0000a000  RamfuncsRunStart               
0     0000a124  SysCtl_delay                   
0     0000a128  RamfuncsRunEnd                 
0     00080000  code_start                     
0     00081000  RamfuncsLoadStart              
0     00081128  RamfuncsLoadEnd                
0     00081154  __TI_Handler_Table_Base        
0     0008115a  __TI_Handler_Table_Limit       
0     00081170  __TI_CINIT_Base                
0     0008118c  __TI_CINIT_Limit               
0     0008118c  __TI_CINIT_Warm                
0     00082000  EPWM_init                      
0     000823ae  Device_enableAllPeripherals    
0     00082485  SysCtl_setClock                
0     0008254a  SysCtl_isPLLValid              
0     00082607  MEMCFG_init                    
0     000826b2  init_detector                  
0     00082751  DMA_configMode                 
0     000827ee  average_samples                
0     00082875  transient_detector             
0     0008295f  Device_init                    
0     000829d2  MemCfg_setProtection           
0     00082a44  myADC1_init                    
0     00082aaf  samples_to_cla                 
0     00082b18  INT_ControlPWM_ISR             
0     00082b7e  PinMux_init                    
0     00082be2  SysCtl_getClock                
0     00082c98  myADC0_init                    
0     00082cec  myADC2_init                    
0     00082d40  cla1Isr1                       
0     00082d93  GPIO_setPadConfig              
0     00082de5  SysCtl_selectOscSource         
0     00082e2e  myDMA1_init                    
0     00082e76  myDMA0_init                    
0     00082ebd  myDMA2_init                    
0     00082f04  err_calc                       
0     00082f49  INT_transient_det_pin_XINT_ISR 
0     00082f86  Interrupt_initModule           
0     00082fc3  GPIO_setAnalogMode             
0     00082ffd  __error__                      
0     00083000  main                           
0     0008303a  Board_init                     
0     00083073  duty_cycle_calculation         
0     000830ab  GPIO_setControllerCore         
0     000830e2  GPIO_setPinConfig              
0     00083119  GPIO_setQualificationMode      
0     00083150  Interrupt_enable               
0     00083187  MemCfg_setLSRAMControllerSel   
0     000831be  GPIO_setInterruptPin           
0     000831f2  DMA_configWrap                 
0     00083225  GPIO_setDirectionMode          
0     00083256  SYNC_init                      
0     00083287  __TI_decompress_lzss           
0     000832e0  __TI_auto_init_nobinit_nopinit 
0     0008330b  DMA_configTransfer             
0     00083334  C$$EXIT                        
0     00083334  abort                          
0     00083336  exit                           
0     0008335d  ADC_setOffsetTrimAll           
0     00083385  CLA_setTriggerSource           
0     000833ab  DMA_configAddresses            
0     000833d0  CPUTIMER_init                  
0     000833d0  myCPUTIMER0_init               
0     00083419  DMA_configBurst                
0     0008343d  SysCtl_selectXTAL              
0     000834a7  INTERRUPT_init                 
0     00083507  Interrupt_initVectorTable      
0     00083525  memcpy                         
0     0008355e  SysCtl_getLowSpeedClock        
0     00083578  SysCtl_selectXTALSingleEnded   
0     00083592  update_PI                      
0     000835ab  GPIO_init                      
0     000835c3  myCLA0_init                    
0     000835db  transient_det_pin_init         
0     00083621  debug_pin_init                 
0     00083638  _c_int00                       
0     0008367b  EPWM_setEmulationMode          
0     00083691  duty_cycle_saturation          
0     00083737  CPUTimer_setEmulationMode      
0     0008374a  XINT_init                      
0     0008374a  transient_det_pin_XINT_init    
0     0008376b  DMA_init                       
0     0008377b  Device_initGPIO                
0     000837ab  set_duty_cycle                 
0     000837c9  ASYSCTL_init                   
0     000837f0  __TI_zero_init_nomemset        
0     000837fd  _args_main                     
0     00083814  init_PI                        
0     0008381f  myINPUTXBARINPUT1_init         
0     00083828  myINPUTXBARINPUT4_init         
0     00083831  __TI_decompress_none           
0     00083840  reset_PI                       
0     00083847  myINPUTXBARINPUT0_init         
0     00083851  _system_pre_init               
0     00083853  C2000Ware_libraries_init       
0     00083853  FFR_init                       
0     00083854  _nop                           
0     00083855  _system_post_cinit             
0     00084000  Cla1ProgLoadStart              
1     00000400  __stack                        
1     000007f8  __TI_STACK_END                 
1     00001480  R_out                          
1     00001482  L_out                          
1     00001500  vo_sample_test                 
1     00001508  io_sample_test                 
1     00001510  s_count                        
1     0000a800  io_buff                        
1     0000a820  tr_buff                        
1     0000a840  vo_buff                        
1     0000a860  transient_det_res              
1     0000a861  k                              
1     0000a862  Vo_controller                  
1     0000a86a  Il_controller                  
1     0000a872  head                           
1     0000a874  vo_sum                         
1     0000a876  io_sum                         
1     0000a878  tr_sum                         
1     0000b000  fixed_duty_cycle               
1     0000b002  ADCA0_results_add              
1     0000b004  ADCA0_Result_base              
1     0000b006  ADCB0_results_add              
1     0000b008  ADCB0_Result_base              
1     0000b00a  ADCC0_results_add              
1     0000b00c  ADCC0_Result_base              
1     0000b00e  d                              
1     0000b010  fixed_d                        
1     0000b012  Iin_avg                        
1     0000b014  Io_avg                         
1     0000b016  Il_avg                         
1     0000b018  Vo_avg                         
1     0000b01a  Vin_avg                        
1     0000b01c  Vo_error                       
1     0000b01e  Il_error                       
1     0000b020  Vo_ref                         
1     0000b022  kpv                            
1     0000b024  kiv                            
1     0000b026  kpi                            
1     0000b028  kii                            
1     0000b02a  get_clk                        
1     0000b02c  get_ls_clk                     
1     0000b02e  timer_count                    
1     0000b030  alg_time                       
1     0000b032  __TI_enable_exit_profile_output
1     0000b034  __TI_cleanup_ptr               
1     0000b036  __TI_dtors_ptr                 
1     0000b038  _lock                          
1     0000c000  ADCA_results                   
1     0000c002  ADCB_results                   
1     0000c006  ADCC_results                   
1     0000c00e  R_err                          
1     0000c010  L_err                          
abs   00000000  Cla1ConstLoadSize              
abs   00000128  RamfuncsLoadSize               
abs   00000128  RamfuncsRunSize                
abs   000003f8  __TI_STACK_SIZE                
abs   00000686  Cla1ProgLoadSize               
abs   ffffffff  __TI_pprof_out_hndl            
abs   ffffffff  __TI_prof_data_size            
abs   ffffffff  __TI_prof_data_start           
n/a   UNDEFED   __c_args__                     

[193 symbols]
