<?xml version="1.0" encoding="ISO-8859-1" ?>
<link_info>
   <banner>TMS320C2000 Linker PC v22.6.3.LTS</banner>
   <copyright>Copyright (c) 1996-2018 Texas Instruments Incorporated</copyright>
   <link_time>0x6a0e33d2</link_time>
   <link_errors>0x0</link_errors>
   <output_file>buck_converter_dma_original.out</output_file>
   <entry_point>
      <name>code_start</name>
      <address>0x80000</address>
   </entry_point>
   <input_file_list>
      <input_file id="fl-3">
         <path>.\syscfg\</path>
         <kind>object</kind>
         <file>c2000ware_libraries.obj</file>
         <name>c2000ware_libraries.obj</name>
      </input_file>
      <input_file id="fl-5">
         <path>.\</path>
         <kind>object</kind>
         <file>control_functions.obj</file>
         <name>control_functions.obj</name>
      </input_file>
      <input_file id="fl-7">
         <path>.\</path>
         <kind>object</kind>
         <file>transient_det.obj</file>
         <name>transient_det.obj</name>
      </input_file>
      <input_file id="fl-25">
         <path>C:\ti\ccs2040\ccs\tools\compiler\ti-cgt-c2000_22.6.3.LTS\lib\</path>
         <kind>archive</kind>
         <file>rts2800_fpu32_eabi.lib</file>
         <name>memcpy.c.obj</name>
      </input_file>
      <input_file id="fl-26">
         <path>C:\ti\ccs2040\ccs\tools\compiler\ti-cgt-c2000_22.6.3.LTS\lib\</path>
         <kind>archive</kind>
         <file>rts2800_fpu32_eabi.lib</file>
         <name>pre_init.c.obj</name>
      </input_file>
      <input_file id="fl-28">
         <path>C:\ti\ccs2040\ccs\tools\compiler\ti-cgt-c2000_22.6.3.LTS\lib\</path>
         <kind>archive</kind>
         <file>rts2800_fpu32_eabi.lib</file>
         <name>copy_zero_init.c.obj</name>
      </input_file>
      <input_file id="fl-29">
         <path>C:\ti\ccs2040\ccs\tools\compiler\ti-cgt-c2000_22.6.3.LTS\lib\</path>
         <kind>archive</kind>
         <file>rts2800_fpu32_eabi.lib</file>
         <name>copy_decompress_none.c.obj</name>
      </input_file>
      <input_file id="fl-2a">
         <path>C:\ti\ccs2040\ccs\tools\compiler\ti-cgt-c2000_22.6.3.LTS\lib\</path>
         <kind>archive</kind>
         <file>rts2800_fpu32_eabi.lib</file>
         <name>copy_decompress_lzss.c.obj</name>
      </input_file>
      <input_file id="fl-2c">
         <path>C:\ti\ccs2040\ccs\tools\compiler\ti-cgt-c2000_22.6.3.LTS\lib\</path>
         <kind>archive</kind>
         <file>rts2800_fpu32_eabi.lib</file>
         <name>_lock.c.obj</name>
      </input_file>
      <input_file id="fl-2e">
         <path>C:\ti\ccs2040\ccs\tools\compiler\ti-cgt-c2000_22.6.3.LTS\lib\</path>
         <kind>archive</kind>
         <file>rts2800_fpu32_eabi.lib</file>
         <name>memset.c.obj</name>
      </input_file>
      <input_file id="fl-2f">
         <path>C:\ti\ccs2040\ccs\tools\compiler\ti-cgt-c2000_22.6.3.LTS\lib\</path>
         <kind>archive</kind>
         <file>rts2800_fpu32_eabi.lib</file>
         <name>cpy_tbl.c.obj</name>
      </input_file>
      <input_file id="fl-31">
         <path>C:\Users\mem21\AppData\Local\Temp\</path>
         <kind>object</kind>
         <file>{4B5645E1-B9D0-4873-BAA9-B148CB36B1A6}</file>
         <name>{4B5645E1-B9D0-4873-BAA9-B148CB36B1A6}</name>
      </input_file>
      <input_file id="fl-2">
         <path>.\syscfg\</path>
         <kind>object</kind>
         <file>board.obj</file>
         <name>board.obj</name>
      </input_file>
      <input_file id="fl-4">
         <path>.\</path>
         <kind>object</kind>
         <file>cla_tasks.obj</file>
         <name>cla_tasks.obj</name>
      </input_file>
      <input_file id="fl-6">
         <path>.\</path>
         <kind>object</kind>
         <file>main.obj</file>
         <name>main.obj</name>
      </input_file>
      <input_file id="fl-8">
         <path>.\device\</path>
         <kind>object</kind>
         <file>device.obj</file>
         <name>device.obj</name>
      </input_file>
      <input_file id="fl-9">
         <path>.\device\</path>
         <kind>object</kind>
         <file>f28004x_codestartbranch.obj</file>
         <name>f28004x_codestartbranch.obj</name>
      </input_file>
      <input_file id="fl-10">
         <kind>object</kind>
         <file>&lt;internal&gt;</file>
         <name>&lt;internal&gt;</name>
      </input_file>
      <input_file id="fl-14">
         <path>C:\ti\c2000\C2000Ware_4_03_00_00\driverlib\f28004x\driverlib\ccs\Debug\</path>
         <kind>archive</kind>
         <file>driverlib_eabi.lib</file>
         <name>adc.obj</name>
      </input_file>
      <input_file id="fl-15">
         <path>C:\ti\c2000\C2000Ware_4_03_00_00\driverlib\f28004x\driverlib\ccs\Debug\</path>
         <kind>archive</kind>
         <file>driverlib_eabi.lib</file>
         <name>cla.obj</name>
      </input_file>
      <input_file id="fl-16">
         <path>C:\ti\c2000\C2000Ware_4_03_00_00\driverlib\f28004x\driverlib\ccs\Debug\</path>
         <kind>archive</kind>
         <file>driverlib_eabi.lib</file>
         <name>cputimer.obj</name>
      </input_file>
      <input_file id="fl-17">
         <path>C:\ti\c2000\C2000Ware_4_03_00_00\driverlib\f28004x\driverlib\ccs\Debug\</path>
         <kind>archive</kind>
         <file>driverlib_eabi.lib</file>
         <name>dcc.obj</name>
      </input_file>
      <input_file id="fl-18">
         <path>C:\ti\c2000\C2000Ware_4_03_00_00\driverlib\f28004x\driverlib\ccs\Debug\</path>
         <kind>archive</kind>
         <file>driverlib_eabi.lib</file>
         <name>dma.obj</name>
      </input_file>
      <input_file id="fl-19">
         <path>C:\ti\c2000\C2000Ware_4_03_00_00\driverlib\f28004x\driverlib\ccs\Debug\</path>
         <kind>archive</kind>
         <file>driverlib_eabi.lib</file>
         <name>epwm.obj</name>
      </input_file>
      <input_file id="fl-1a">
         <path>C:\ti\c2000\C2000Ware_4_03_00_00\driverlib\f28004x\driverlib\ccs\Debug\</path>
         <kind>archive</kind>
         <file>driverlib_eabi.lib</file>
         <name>flash.obj</name>
      </input_file>
      <input_file id="fl-1b">
         <path>C:\ti\c2000\C2000Ware_4_03_00_00\driverlib\f28004x\driverlib\ccs\Debug\</path>
         <kind>archive</kind>
         <file>driverlib_eabi.lib</file>
         <name>gpio.obj</name>
      </input_file>
      <input_file id="fl-1c">
         <path>C:\ti\c2000\C2000Ware_4_03_00_00\driverlib\f28004x\driverlib\ccs\Debug\</path>
         <kind>archive</kind>
         <file>driverlib_eabi.lib</file>
         <name>interrupt.obj</name>
      </input_file>
      <input_file id="fl-1d">
         <path>C:\ti\c2000\C2000Ware_4_03_00_00\driverlib\f28004x\driverlib\ccs\Debug\</path>
         <kind>archive</kind>
         <file>driverlib_eabi.lib</file>
         <name>memcfg.obj</name>
      </input_file>
      <input_file id="fl-1e">
         <path>C:\ti\c2000\C2000Ware_4_03_00_00\driverlib\f28004x\driverlib\ccs\Debug\</path>
         <kind>archive</kind>
         <file>driverlib_eabi.lib</file>
         <name>sysctl.obj</name>
      </input_file>
      <input_file id="fl-22">
         <path>C:\ti\c2000\C2000Ware_4_03_00_00\\libraries\math\FPUfastRTS\c28\lib\</path>
         <kind>archive</kind>
         <file>rts2800_fpu32_fast_supplement_eabi.lib</file>
         <name>div_f32.obj</name>
      </input_file>
      <input_file id="fl-23">
         <path>C:\ti\ccs2040\ccs\tools\compiler\ti-cgt-c2000_22.6.3.LTS\lib\</path>
         <kind>archive</kind>
         <file>rts2800_fpu32_eabi.lib</file>
         <name>boot28.asm.obj</name>
      </input_file>
      <input_file id="fl-24">
         <path>C:\ti\ccs2040\ccs\tools\compiler\ti-cgt-c2000_22.6.3.LTS\lib\</path>
         <kind>archive</kind>
         <file>rts2800_fpu32_eabi.lib</file>
         <name>ll_cmp28.asm.obj</name>
      </input_file>
      <input_file id="fl-27">
         <path>C:\ti\ccs2040\ccs\tools\compiler\ti-cgt-c2000_22.6.3.LTS\lib\</path>
         <kind>archive</kind>
         <file>rts2800_fpu32_eabi.lib</file>
         <name>autoinit.c.obj</name>
      </input_file>
      <input_file id="fl-2b">
         <path>C:\ti\ccs2040\ccs\tools\compiler\ti-cgt-c2000_22.6.3.LTS\lib\</path>
         <kind>archive</kind>
         <file>rts2800_fpu32_eabi.lib</file>
         <name>exit.c.obj</name>
      </input_file>
      <input_file id="fl-2d">
         <path>C:\ti\ccs2040\ccs\tools\compiler\ti-cgt-c2000_22.6.3.LTS\lib\</path>
         <kind>archive</kind>
         <file>rts2800_fpu32_eabi.lib</file>
         <name>args_main.c.obj</name>
      </input_file>
      <input_file id="fl-30">
         <path>C:\ti\ccs2040\ccs\tools\compiler\ti-cgt-c2000_22.6.3.LTS\lib\</path>
         <kind>archive</kind>
         <file>rts2800_fpu32_eabi.lib</file>
         <name>startup.c.obj</name>
      </input_file>
   </input_file_list>
   <object_component_list>
      <object_component id="oc-4c1">
         <name>.cinit..data.load</name>
         <load_address>0x81128</load_address>
         <run_address>0x81128</run_address>
         <size>0x26</size>
      </object_component>
      <object_component id="oc-4c2">
         <name>.cinit.ramgs0.load</name>
         <load_address>0x8114e</load_address>
         <run_address>0x8114e</run_address>
         <size>0x6</size>
      </object_component>
      <object_component id="oc-4be">
         <name>__TI_handler_table</name>
         <load_address>0x81154</load_address>
         <run_address>0x81154</run_address>
         <size>0x6</size>
      </object_component>
      <object_component id="oc-4c3">
         <name>.cinit.Cla1ToCpuMsgRAM.load</name>
         <load_address>0x8115a</load_address>
         <run_address>0x8115a</run_address>
         <size>0x5</size>
      </object_component>
      <object_component id="oc-4c4">
         <name>.cinit.CpuToCla1MsgRAM.load</name>
         <load_address>0x8115f</load_address>
         <run_address>0x8115f</run_address>
         <size>0x5</size>
      </object_component>
      <object_component id="oc-4c0">
         <name>.cinit..bss.load</name>
         <load_address>0x81164</load_address>
         <run_address>0x81164</run_address>
         <size>0x4</size>
      </object_component>
      <object_component id="oc-4c5">
         <name>.cinit..scratchpad.load</name>
         <load_address>0x81168</load_address>
         <run_address>0x81168</run_address>
         <size>0x4</size>
      </object_component>
      <object_component id="oc-4c6">
         <name>.cinit.Cla1DataRam.load</name>
         <load_address>0x8116c</load_address>
         <run_address>0x8116c</run_address>
         <size>0x4</size>
      </object_component>
      <object_component id="oc-4bf">
         <name>__TI_cinit_table</name>
         <load_address>0x81170</load_address>
         <run_address>0x81170</run_address>
         <size>0x1c</size>
      </object_component>
      <object_component id="oc-25e">
         <name>.text:EPWM_init</name>
         <load_address>0x82000</load_address>
         <run_address>0x82000</run_address>
         <size>0x3ae</size>
         <input_file_ref idref="fl-2"/>
      </object_component>
      <object_component id="oc-1e0">
         <name>.text:Device_enableAllPeripherals</name>
         <load_address>0x823ae</load_address>
         <run_address>0x823ae</run_address>
         <size>0xd7</size>
         <input_file_ref idref="fl-8"/>
      </object_component>
      <object_component id="oc-1ce">
         <name>.text:SysCtl_setClock</name>
         <load_address>0x82485</load_address>
         <run_address>0x82485</run_address>
         <size>0xc5</size>
         <input_file_ref idref="fl-1e"/>
      </object_component>
      <object_component id="oc-2c6">
         <name>.text:SysCtl_isPLLValid</name>
         <load_address>0x8254a</load_address>
         <run_address>0x8254a</run_address>
         <size>0xbd</size>
         <input_file_ref idref="fl-1e"/>
      </object_component>
      <object_component id="oc-23a">
         <name>.text:MEMCFG_init</name>
         <load_address>0x82607</load_address>
         <run_address>0x82607</run_address>
         <size>0xab</size>
         <input_file_ref idref="fl-2"/>
      </object_component>
      <object_component id="oc-1a5">
         <name>.text:init_detector</name>
         <load_address>0x826b2</load_address>
         <run_address>0x826b2</run_address>
         <size>0x9f</size>
         <input_file_ref idref="fl-7"/>
      </object_component>
      <object_component id="oc-41c">
         <name>.text:DMA_configMode</name>
         <load_address>0x82751</load_address>
         <run_address>0x82751</run_address>
         <size>0x9d</size>
         <input_file_ref idref="fl-18"/>
      </object_component>
      <object_component id="oc-83">
         <name>.text:average_samples</name>
         <load_address>0x827ee</load_address>
         <run_address>0x827ee</run_address>
         <size>0x87</size>
         <input_file_ref idref="fl-6"/>
      </object_component>
      <object_component id="oc-95">
         <name>.text:transient_detector</name>
         <load_address>0x82875</load_address>
         <run_address>0x82875</run_address>
         <size>0x77</size>
         <input_file_ref idref="fl-7"/>
      </object_component>
      <object_component id="oc-3a5">
         <name>.text:DCC_setCounterSeeds</name>
         <load_address>0x828ec</load_address>
         <run_address>0x828ec</run_address>
         <size>0x73</size>
         <input_file_ref idref="fl-1e"/>
      </object_component>
      <object_component id="oc-17b">
         <name>.text:Device_init</name>
         <load_address>0x8295f</load_address>
         <run_address>0x8295f</run_address>
         <size>0x73</size>
         <input_file_ref idref="fl-8"/>
      </object_component>
      <object_component id="oc-306">
         <name>.text:MemCfg_setProtection</name>
         <load_address>0x829d2</load_address>
         <run_address>0x829d2</run_address>
         <size>0x72</size>
         <input_file_ref idref="fl-1d"/>
      </object_component>
      <object_component id="oc-246">
         <name>.text:myADC1_init</name>
         <load_address>0x82a44</load_address>
         <run_address>0x82a44</run_address>
         <size>0x6b</size>
         <input_file_ref idref="fl-2"/>
      </object_component>
      <object_component id="oc-89">
         <name>.text:samples_to_cla</name>
         <load_address>0x82aaf</load_address>
         <run_address>0x82aaf</run_address>
         <size>0x69</size>
         <input_file_ref idref="fl-6"/>
      </object_component>
      <object_component id="oc-4d">
         <name>.text:INT_ControlPWM_ISR</name>
         <load_address>0x82b18</load_address>
         <run_address>0x82b18</run_address>
         <size>0x66</size>
         <input_file_ref idref="fl-6"/>
      </object_component>
      <object_component id="oc-210">
         <name>.text:PinMux_init</name>
         <load_address>0x82b7e</load_address>
         <run_address>0x82b7e</run_address>
         <size>0x64</size>
         <input_file_ref idref="fl-2"/>
      </object_component>
      <object_component id="oc-1ab">
         <name>.text:SysCtl_getClock</name>
         <load_address>0x82be2</load_address>
         <run_address>0x82be2</run_address>
         <size>0x5e</size>
         <input_file_ref idref="fl-1e"/>
      </object_component>
      <object_component id="oc-336">
         <name>.text:EPWM_setActionQualifierAction</name>
         <load_address>0x82c40</load_address>
         <run_address>0x82c40</run_address>
         <size>0x58</size>
         <input_file_ref idref="fl-2"/>
      </object_component>
      <object_component id="oc-240">
         <name>.text:myADC0_init</name>
         <load_address>0x82c98</load_address>
         <run_address>0x82c98</run_address>
         <size>0x54</size>
         <input_file_ref idref="fl-2"/>
      </object_component>
      <object_component id="oc-24c">
         <name>.text:myADC2_init</name>
         <load_address>0x82cec</load_address>
         <run_address>0x82cec</run_address>
         <size>0x54</size>
         <input_file_ref idref="fl-2"/>
      </object_component>
      <object_component id="oc-3b">
         <name>.text:cla1Isr1</name>
         <load_address>0x82d40</load_address>
         <run_address>0x82d40</run_address>
         <size>0x53</size>
         <input_file_ref idref="fl-6"/>
      </object_component>
      <object_component id="oc-1e7">
         <name>.text:GPIO_setPadConfig</name>
         <load_address>0x82d93</load_address>
         <run_address>0x82d93</run_address>
         <size>0x52</size>
         <input_file_ref idref="fl-1b"/>
      </object_component>
      <object_component id="oc-2c0">
         <name>.text:SysCtl_selectOscSource</name>
         <load_address>0x82de5</load_address>
         <run_address>0x82de5</run_address>
         <size>0x49</size>
         <input_file_ref idref="fl-1e"/>
      </object_component>
      <object_component id="oc-323">
         <name>.text:myDMA1_init</name>
         <load_address>0x82e2e</load_address>
         <run_address>0x82e2e</run_address>
         <size>0x48</size>
         <input_file_ref idref="fl-2"/>
      </object_component>
      <object_component id="oc-31d">
         <name>.text:myDMA0_init</name>
         <load_address>0x82e76</load_address>
         <run_address>0x82e76</run_address>
         <size>0x47</size>
         <input_file_ref idref="fl-2"/>
      </object_component>
      <object_component id="oc-329">
         <name>.text:myDMA2_init</name>
         <load_address>0x82ebd</load_address>
         <run_address>0x82ebd</run_address>
         <size>0x47</size>
         <input_file_ref idref="fl-2"/>
      </object_component>
      <object_component id="oc-9b">
         <name>.text:err_calc</name>
         <load_address>0x82f04</load_address>
         <run_address>0x82f04</run_address>
         <size>0x45</size>
         <input_file_ref idref="fl-6"/>
      </object_component>
      <object_component id="oc-47">
         <name>.text:INT_transient_det_pin_XINT_ISR</name>
         <load_address>0x82f49</load_address>
         <run_address>0x82f49</run_address>
         <size>0x3d</size>
         <input_file_ref idref="fl-6"/>
      </object_component>
      <object_component id="oc-187">
         <name>.text:Interrupt_initModule</name>
         <load_address>0x82f86</load_address>
         <run_address>0x82f86</run_address>
         <size>0x3d</size>
         <input_file_ref idref="fl-1c"/>
      </object_component>
      <object_component id="oc-1f3">
         <name>.text:GPIO_setAnalogMode</name>
         <load_address>0x82fc3</load_address>
         <run_address>0x82fc3</run_address>
         <size>0x3a</size>
         <input_file_ref idref="fl-1b"/>
      </object_component>
      <object_component id="oc-1d4">
         <name>.text:__error__</name>
         <load_address>0x82ffd</load_address>
         <run_address>0x82ffd</run_address>
         <size>0x3</size>
         <input_file_ref idref="fl-8"/>
      </object_component>
      <object_component id="oc-13d">
         <name>.text:main</name>
         <load_address>0x83000</load_address>
         <run_address>0x83000</run_address>
         <size>0x3a</size>
         <input_file_ref idref="fl-6"/>
      </object_component>
      <object_component id="oc-193">
         <name>.text:Board_init</name>
         <load_address>0x8303a</load_address>
         <run_address>0x8303a</run_address>
         <size>0x39</size>
         <input_file_ref idref="fl-2"/>
      </object_component>
      <object_component id="oc-8f">
         <name>.text:duty_cycle_calculation</name>
         <load_address>0x83073</load_address>
         <run_address>0x83073</run_address>
         <size>0x38</size>
         <input_file_ref idref="fl-6"/>
      </object_component>
      <object_component id="oc-349">
         <name>.text:GPIO_setControllerCore</name>
         <load_address>0x830ab</load_address>
         <run_address>0x830ab</run_address>
         <size>0x37</size>
         <input_file_ref idref="fl-1b"/>
      </object_component>
      <object_component id="oc-2e1">
         <name>.text:GPIO_setPinConfig</name>
         <load_address>0x830e2</load_address>
         <run_address>0x830e2</run_address>
         <size>0x37</size>
         <input_file_ref idref="fl-1b"/>
      </object_component>
      <object_component id="oc-2e7">
         <name>.text:GPIO_setQualificationMode</name>
         <load_address>0x83119</load_address>
         <run_address>0x83119</run_address>
         <size>0x37</size>
         <input_file_ref idref="fl-1b"/>
      </object_component>
      <object_component id="oc-75">
         <name>.text:Interrupt_enable</name>
         <load_address>0x83150</load_address>
         <run_address>0x83150</run_address>
         <size>0x37</size>
         <input_file_ref idref="fl-1c"/>
      </object_component>
      <object_component id="oc-300">
         <name>.text:MemCfg_setLSRAMControllerSel</name>
         <load_address>0x83187</load_address>
         <run_address>0x83187</run_address>
         <size>0x37</size>
         <input_file_ref idref="fl-1d"/>
      </object_component>
      <object_component id="oc-350">
         <name>.text:GPIO_setInterruptPin</name>
         <load_address>0x831be</load_address>
         <run_address>0x831be</run_address>
         <size>0x34</size>
         <input_file_ref idref="fl-1b"/>
      </object_component>
      <object_component id="oc-416">
         <name>.text:DMA_configWrap</name>
         <load_address>0x831f2</load_address>
         <run_address>0x831f2</run_address>
         <size>0x33</size>
         <input_file_ref idref="fl-18"/>
      </object_component>
      <object_component id="oc-1ed">
         <name>.text:GPIO_setDirectionMode</name>
         <load_address>0x83225</load_address>
         <run_address>0x83225</run_address>
         <size>0x31</size>
         <input_file_ref idref="fl-1b"/>
      </object_component>
      <object_component id="oc-228">
         <name>.text:SYNC_init</name>
         <load_address>0x83256</load_address>
         <run_address>0x83256</run_address>
         <size>0x31</size>
         <input_file_ref idref="fl-2"/>
      </object_component>
      <object_component id="oc-1d">
         <name>.text:decompress:lzss</name>
         <load_address>0x83287</load_address>
         <run_address>0x83287</run_address>
         <size>0x2e</size>
         <input_file_ref idref="fl-2a"/>
      </object_component>
      <object_component id="oc-425">
         <name>.text:EPWM_isBaseValid</name>
         <load_address>0x832b5</load_address>
         <run_address>0x832b5</run_address>
         <size>0x2b</size>
         <input_file_ref idref="fl-19"/>
      </object_component>
      <object_component id="oc-10d">
         <name>.text:__TI_auto_init_nobinit_nopinit</name>
         <load_address>0x832e0</load_address>
         <run_address>0x832e0</run_address>
         <size>0x2b</size>
         <input_file_ref idref="fl-27"/>
      </object_component>
      <object_component id="oc-410">
         <name>.text:DMA_configTransfer</name>
         <load_address>0x8330b</load_address>
         <run_address>0x8330b</run_address>
         <size>0x29</size>
         <input_file_ref idref="fl-18"/>
      </object_component>
      <object_component id="oc-bb">
         <name>.text</name>
         <load_address>0x83334</load_address>
         <run_address>0x83334</run_address>
         <size>0x29</size>
         <input_file_ref idref="fl-2b"/>
      </object_component>
      <object_component id="oc-30d">
         <name>.text:ADC_setOffsetTrimAll</name>
         <load_address>0x8335d</load_address>
         <run_address>0x8335d</run_address>
         <size>0x28</size>
         <input_file_ref idref="fl-14"/>
      </object_component>
      <object_component id="oc-2f9">
         <name>.text:CLA_setTriggerSource</name>
         <load_address>0x83385</load_address>
         <run_address>0x83385</run_address>
         <size>0x26</size>
         <input_file_ref idref="fl-15"/>
      </object_component>
      <object_component id="oc-404">
         <name>.text:DMA_configAddresses</name>
         <load_address>0x833ab</load_address>
         <run_address>0x833ab</run_address>
         <size>0x25</size>
         <input_file_ref idref="fl-18"/>
      </object_component>
      <object_component id="oc-252">
         <name>.text:myCPUTIMER0_init</name>
         <load_address>0x833d0</load_address>
         <run_address>0x833d0</run_address>
         <size>0x25</size>
         <input_file_ref idref="fl-2"/>
      </object_component>
      <object_component id="oc-3ab">
         <name>.text:DCC_enableSingleShotMode</name>
         <load_address>0x833f5</load_address>
         <run_address>0x833f5</run_address>
         <size>0x24</size>
         <input_file_ref idref="fl-1e"/>
      </object_component>
      <object_component id="oc-40a">
         <name>.text:DMA_configBurst</name>
         <load_address>0x83419</load_address>
         <run_address>0x83419</run_address>
         <size>0x24</size>
         <input_file_ref idref="fl-18"/>
      </object_component>
      <object_component id="oc-368">
         <name>.text:SysCtl_selectXTAL</name>
         <load_address>0x8343d</load_address>
         <run_address>0x8343d</run_address>
         <size>0x24</size>
         <input_file_ref idref="fl-1e"/>
      </object_component>
      <object_component id="oc-475">
         <name>.text:DMA_isBaseValid</name>
         <load_address>0x83461</load_address>
         <run_address>0x83461</run_address>
         <size>0x23</size>
         <input_file_ref idref="fl-18"/>
      </object_component>
      <object_component id="oc-43a">
         <name>.text:SysCtl_pollX1Counter</name>
         <load_address>0x83484</load_address>
         <run_address>0x83484</run_address>
         <size>0x23</size>
         <input_file_ref idref="fl-1e"/>
      </object_component>
      <object_component id="oc-3c">
         <name>.text:INTERRUPT_init</name>
         <load_address>0x834a7</load_address>
         <run_address>0x834a7</run_address>
         <size>0x22</size>
         <input_file_ref idref="fl-2"/>
      </object_component>
      <object_component id="oc-433">
         <name>.text:XBAR_setInputPin</name>
         <load_address>0x834c9</load_address>
         <run_address>0x834c9</run_address>
         <size>0x20</size>
         <input_file_ref idref="fl-1b"/>
      </object_component>
      <object_component id="oc-39f">
         <name>.text:DCC_setCounter1ClkSource</name>
         <load_address>0x834e9</load_address>
         <run_address>0x834e9</run_address>
         <size>0x1e</size>
         <input_file_ref idref="fl-1e"/>
      </object_component>
      <object_component id="oc-18d">
         <name>.text:Interrupt_initVectorTable</name>
         <load_address>0x83507</load_address>
         <run_address>0x83507</run_address>
         <size>0x1e</size>
         <input_file_ref idref="fl-1c"/>
      </object_component>
      <object_component id="oc-56">
         <name>.text</name>
         <load_address>0x83525</load_address>
         <run_address>0x83525</run_address>
         <size>0x1d</size>
         <input_file_ref idref="fl-25"/>
      </object_component>
      <object_component id="oc-399">
         <name>.text:DCC_setCounter0ClkSource</name>
         <load_address>0x83542</load_address>
         <run_address>0x83542</run_address>
         <size>0x1c</size>
         <input_file_ref idref="fl-1e"/>
      </object_component>
      <object_component id="oc-1da">
         <name>.text:SysCtl_getLowSpeedClock</name>
         <load_address>0x8355e</load_address>
         <run_address>0x8355e</run_address>
         <size>0x1a</size>
         <input_file_ref idref="fl-1e"/>
      </object_component>
      <object_component id="oc-36e">
         <name>.text:SysCtl_selectXTALSingleEnded</name>
         <load_address>0x83578</load_address>
         <run_address>0x83578</run_address>
         <size>0x1a</size>
         <input_file_ref idref="fl-1e"/>
      </object_component>
      <object_component id="oc-e4">
         <name>.text:update_PI</name>
         <load_address>0x83592</load_address>
         <run_address>0x83592</run_address>
         <size>0x19</size>
         <input_file_ref idref="fl-5"/>
      </object_component>
      <object_component id="oc-264">
         <name>.text:GPIO_init</name>
         <load_address>0x835ab</load_address>
         <run_address>0x835ab</run_address>
         <size>0x18</size>
         <input_file_ref idref="fl-2"/>
      </object_component>
      <object_component id="oc-234">
         <name>.text:myCLA0_init</name>
         <load_address>0x835c3</load_address>
         <run_address>0x835c3</run_address>
         <size>0x18</size>
         <input_file_ref idref="fl-2"/>
      </object_component>
      <object_component id="oc-343">
         <name>.text:transient_det_pin_init</name>
         <load_address>0x835db</load_address>
         <run_address>0x835db</run_address>
         <size>0x18</size>
         <input_file_ref idref="fl-2"/>
      </object_component>
      <object_component id="oc-3fb">
         <name>.text:CPUTimer_isBaseValid</name>
         <load_address>0x835f3</load_address>
         <run_address>0x835f3</run_address>
         <size>0x17</size>
         <input_file_ref idref="fl-16"/>
      </object_component>
      <object_component id="oc-375">
         <name>.text:SysCtl_enablePeripheral</name>
         <load_address>0x8360a</load_address>
         <run_address>0x8360a</run_address>
         <size>0x17</size>
         <input_file_ref idref="fl-1e"/>
      </object_component>
      <object_component id="oc-33d">
         <name>.text:debug_pin_init</name>
         <load_address>0x83621</load_address>
         <run_address>0x83621</run_address>
         <size>0x17</size>
         <input_file_ref idref="fl-2"/>
      </object_component>
      <object_component id="oc-69">
         <name>.text</name>
         <load_address>0x83638</load_address>
         <run_address>0x83638</run_address>
         <size>0x17</size>
         <input_file_ref idref="fl-23"/>
      </object_component>
      <object_component id="oc-393">
         <name>.text:DCC_disableDoneSignal</name>
         <load_address>0x8364f</load_address>
         <run_address>0x8364f</run_address>
         <size>0x16</size>
         <input_file_ref idref="fl-1e"/>
      </object_component>
      <object_component id="oc-3b7">
         <name>.text:DCC_enableDoneSignal</name>
         <load_address>0x83665</load_address>
         <run_address>0x83665</run_address>
         <size>0x16</size>
         <input_file_ref idref="fl-1e"/>
      </object_component>
      <object_component id="oc-330">
         <name>.text:EPWM_setEmulationMode</name>
         <load_address>0x8367b</load_address>
         <run_address>0x8367b</run_address>
         <size>0x16</size>
         <input_file_ref idref="fl-19"/>
      </object_component>
      <object_component id="oc-ea">
         <name>.text:duty_cycle_saturation</name>
         <load_address>0x83691</load_address>
         <run_address>0x83691</run_address>
         <size>0x16</size>
         <input_file_ref idref="fl-5"/>
      </object_component>
      <object_component id="oc-381">
         <name>.text:DCC_clearDoneFlag</name>
         <load_address>0x836a7</load_address>
         <run_address>0x836a7</run_address>
         <size>0x15</size>
         <input_file_ref idref="fl-1e"/>
      </object_component>
      <object_component id="oc-37b">
         <name>.text:DCC_clearErrorFlag</name>
         <load_address>0x836bc</load_address>
         <run_address>0x836bc</run_address>
         <size>0x15</size>
         <input_file_ref idref="fl-1e"/>
      </object_component>
      <object_component id="oc-38d">
         <name>.text:DCC_disableErrorSignal</name>
         <load_address>0x836d1</load_address>
         <run_address>0x836d1</run_address>
         <size>0x15</size>
         <input_file_ref idref="fl-1e"/>
      </object_component>
      <object_component id="oc-3b1">
         <name>.text:DCC_enableErrorSignal</name>
         <load_address>0x836e6</load_address>
         <run_address>0x836e6</run_address>
         <size>0x15</size>
         <input_file_ref idref="fl-1e"/>
      </object_component>
      <object_component id="oc-387">
         <name>.text:DCC_disableModule</name>
         <load_address>0x836fb</load_address>
         <run_address>0x836fb</run_address>
         <size>0x14</size>
         <input_file_ref idref="fl-1e"/>
      </object_component>
      <object_component id="oc-3bd">
         <name>.text:DCC_enableModule</name>
         <load_address>0x8370f</load_address>
         <run_address>0x8370f</run_address>
         <size>0x14</size>
         <input_file_ref idref="fl-1e"/>
      </object_component>
      <object_component id="oc-2d0">
         <name>.text:GPIO_isPinValid</name>
         <load_address>0x83723</load_address>
         <run_address>0x83723</run_address>
         <size>0x14</size>
         <input_file_ref idref="fl-1b"/>
      </object_component>
      <object_component id="oc-316">
         <name>.text:CPUTimer_setEmulationMode</name>
         <load_address>0x83737</load_address>
         <run_address>0x83737</run_address>
         <size>0x13</size>
         <input_file_ref idref="fl-16"/>
      </object_component>
      <object_component id="oc-26a">
         <name>.text:transient_det_pin_XINT_init</name>
         <load_address>0x8374a</load_address>
         <run_address>0x8374a</run_address>
         <size>0x11</size>
         <input_file_ref idref="fl-2"/>
      </object_component>
      <object_component id="oc-449">
         <name>.text:DCC_isBaseValid</name>
         <load_address>0x8375b</load_address>
         <run_address>0x8375b</run_address>
         <size>0x10</size>
         <input_file_ref idref="fl-1e"/>
      </object_component>
      <object_component id="oc-258">
         <name>.text:DMA_init</name>
         <load_address>0x8376b</load_address>
         <run_address>0x8376b</run_address>
         <size>0x10</size>
         <input_file_ref idref="fl-2"/>
      </object_component>
      <object_component id="oc-181">
         <name>.text:Device_initGPIO</name>
         <load_address>0x8377b</load_address>
         <run_address>0x8377b</run_address>
         <size>0x10</size>
         <input_file_ref idref="fl-8"/>
      </object_component>
      <object_component id="oc-280">
         <name>.text:Flash_isCtrlBaseValid</name>
         <load_address>0x8378b</load_address>
         <run_address>0x8378b</run_address>
         <size>0x10</size>
         <input_file_ref idref="fl-1a"/>
      </object_component>
      <object_component id="oc-287">
         <name>.text:Flash_isECCBaseValid</name>
         <load_address>0x8379b</load_address>
         <run_address>0x8379b</run_address>
         <size>0x10</size>
         <input_file_ref idref="fl-1a"/>
      </object_component>
      <object_component id="oc-a1">
         <name>.text:set_duty_cycle</name>
         <load_address>0x837ab</load_address>
         <run_address>0x837ab</run_address>
         <size>0x10</size>
         <input_file_ref idref="fl-5"/>
      </object_component>
      <object_component id="oc-1fd">
         <name>.text:Interrupt_defaultHandler</name>
         <load_address>0x837bb</load_address>
         <run_address>0x837bb</run_address>
         <size>0xe</size>
         <input_file_ref idref="fl-1c"/>
      </object_component>
      <object_component id="oc-22e">
         <name>.text:ASYSCTL_init</name>
         <load_address>0x837c9</load_address>
         <run_address>0x837c9</run_address>
         <size>0xd</size>
         <input_file_ref idref="fl-2"/>
      </object_component>
      <object_component id="oc-c9">
         <name>.text:Interrupt_disableGlobal</name>
         <load_address>0x837d6</load_address>
         <run_address>0x837d6</run_address>
         <size>0xd</size>
         <input_file_ref idref="fl-1c"/>
      </object_component>
      <object_component id="oc-cf">
         <name>.text:Interrupt_enableGlobal</name>
         <load_address>0x837e3</load_address>
         <run_address>0x837e3</run_address>
         <size>0xd</size>
         <input_file_ref idref="fl-1c"/>
      </object_component>
      <object_component id="oc-5d">
         <name>.text:decompress:ZI:__TI_zero_init_nomemset</name>
         <load_address>0x837f0</load_address>
         <run_address>0x837f0</run_address>
         <size>0xd</size>
         <input_file_ref idref="fl-28"/>
      </object_component>
      <object_component id="oc-b5">
         <name>.text</name>
         <load_address>0x837fd</load_address>
         <run_address>0x837fd</run_address>
         <size>0xc</size>
         <input_file_ref idref="fl-2d"/>
      </object_component>
      <object_component id="oc-274">
         <name>.text:SysCtl_isMCDClockFailureDetected</name>
         <load_address>0x83809</load_address>
         <run_address>0x83809</run_address>
         <size>0xb</size>
         <input_file_ref idref="fl-1e"/>
      </object_component>
      <object_component id="oc-19f">
         <name>.text:init_PI</name>
         <load_address>0x83814</load_address>
         <run_address>0x83814</run_address>
         <size>0xb</size>
         <input_file_ref idref="fl-5"/>
      </object_component>
      <object_component id="oc-21c">
         <name>.text:myINPUTXBARINPUT1_init</name>
         <load_address>0x8381f</load_address>
         <run_address>0x8381f</run_address>
         <size>0x9</size>
         <input_file_ref idref="fl-2"/>
      </object_component>
      <object_component id="oc-222">
         <name>.text:myINPUTXBARINPUT4_init</name>
         <load_address>0x83828</load_address>
         <run_address>0x83828</run_address>
         <size>0x9</size>
         <input_file_ref idref="fl-2"/>
      </object_component>
      <object_component id="oc-23">
         <name>.text:decompress:none</name>
         <load_address>0x83831</load_address>
         <run_address>0x83831</run_address>
         <size>0x8</size>
         <input_file_ref idref="fl-29"/>
      </object_component>
      <object_component id="oc-440">
         <name>.text:SysCtl_resetMCD</name>
         <load_address>0x83839</load_address>
         <run_address>0x83839</run_address>
         <size>0x7</size>
         <input_file_ref idref="fl-1e"/>
      </object_component>
      <object_component id="oc-f0">
         <name>.text:reset_PI</name>
         <load_address>0x83840</load_address>
         <run_address>0x83840</run_address>
         <size>0x7</size>
         <input_file_ref idref="fl-5"/>
      </object_component>
      <object_component id="oc-216">
         <name>.text:myINPUTXBARINPUT0_init</name>
         <load_address>0x83847</load_address>
         <run_address>0x83847</run_address>
         <size>0x6</size>
         <input_file_ref idref="fl-2"/>
      </object_component>
      <object_component id="oc-209">
         <name>.text:Interrupt_illegalOperationHandler</name>
         <load_address>0x8384d</load_address>
         <run_address>0x8384d</run_address>
         <size>0x2</size>
         <input_file_ref idref="fl-1c"/>
      </object_component>
      <object_component id="oc-203">
         <name>.text:Interrupt_nmiHandler</name>
         <load_address>0x8384f</load_address>
         <run_address>0x8384f</run_address>
         <size>0x2</size>
         <input_file_ref idref="fl-1c"/>
      </object_component>
      <object_component id="oc-ae">
         <name>.text</name>
         <load_address>0x83851</load_address>
         <run_address>0x83851</run_address>
         <size>0x2</size>
         <input_file_ref idref="fl-26"/>
      </object_component>
      <object_component id="oc-199">
         <name>.text:FFR_init</name>
         <load_address>0x83853</load_address>
         <run_address>0x83853</run_address>
         <size>0x1</size>
         <input_file_ref idref="fl-3"/>
      </object_component>
      <object_component id="oc-1b7">
         <name>.text</name>
         <load_address>0x83854</load_address>
         <run_address>0x83854</run_address>
         <size>0x1</size>
         <input_file_ref idref="fl-2c"/>
      </object_component>
      <object_component id="oc-166">
         <name>.text</name>
         <load_address>0x83855</load_address>
         <run_address>0x83855</run_address>
         <size>0x1</size>
         <input_file_ref idref="fl-30"/>
      </object_component>
      <object_component id="oc-2a">
         <name>codestart</name>
         <load_address>0x80000</load_address>
         <run_address>0x80000</run_address>
         <size>0x2</size>
         <input_file_ref idref="fl-9"/>
      </object_component>
      <object_component id="oc-53">
         <name>.stack</name>
         <uninitialized>true</uninitialized>
         <run_address>0x400</run_address>
         <size>0x0</size>
         <input_file_ref idref="fl-23"/>
      </object_component>
      <object_component id="oc-4c7">
         <name>.stack</name>
         <uninitialized>true</uninitialized>
         <run_address>0x400</run_address>
         <size>0x0</size>
      </object_component>
      <object_component id="oc-7f">
         <name>.bss</name>
         <uninitialized>true</uninitialized>
         <run_address>0xa860</run_address>
         <size>0x12</size>
         <input_file_ref idref="fl-6"/>
      </object_component>
      <object_component id="oc-f7">
         <name>.bss</name>
         <uninitialized>true</uninitialized>
         <run_address>0xa872</run_address>
         <size>0x8</size>
         <input_file_ref idref="fl-7"/>
      </object_component>
      <object_component id="oc-fd">
         <name>.bss:vo_buff</name>
         <uninitialized>true</uninitialized>
         <run_address>0xa840</run_address>
         <size>0x20</size>
         <input_file_ref idref="fl-7"/>
      </object_component>
      <object_component id="oc-100">
         <name>.bss:io_buff</name>
         <uninitialized>true</uninitialized>
         <run_address>0xa800</run_address>
         <size>0x20</size>
         <input_file_ref idref="fl-7"/>
      </object_component>
      <object_component id="oc-fa">
         <name>.bss:tr_buff</name>
         <uninitialized>true</uninitialized>
         <run_address>0xa820</run_address>
         <size>0x20</size>
         <input_file_ref idref="fl-7"/>
      </object_component>
      <object_component id="oc-72">
         <name>.data</name>
         <load_address>0xb000</load_address>
         <run_address>0xb000</run_address>
         <size>0x32</size>
         <input_file_ref idref="fl-6"/>
      </object_component>
      <object_component id="oc-145">
         <name>.data</name>
         <load_address>0xb032</load_address>
         <run_address>0xb032</run_address>
         <size>0x6</size>
         <input_file_ref idref="fl-2b"/>
      </object_component>
      <object_component id="oc-157">
         <name>.data</name>
         <load_address>0xb03a</load_address>
         <run_address>0xb03a</run_address>
         <size>0x2</size>
         <input_file_ref idref="fl-5"/>
      </object_component>
      <object_component id="oc-148">
         <name>.data:_lock</name>
         <load_address>0xb038</load_address>
         <run_address>0xb038</run_address>
         <size>0x2</size>
         <input_file_ref idref="fl-2c"/>
      </object_component>
      <object_component id="oc-286">
         <name>.const:.string</name>
         <load_address>0x84688</load_address>
         <run_address>0x84688</run_address>
         <size>0x9b</size>
         <input_file_ref idref="fl-1a"/>
      </object_component>
      <object_component id="oc-2bf">
         <name>.const:.string</name>
         <load_address>0x84724</load_address>
         <run_address>0x84724</run_address>
         <size>0x9a</size>
         <input_file_ref idref="fl-1e"/>
      </object_component>
      <object_component id="oc-42b">
         <name>.const:.string</name>
         <load_address>0x847be</load_address>
         <run_address>0x847be</run_address>
         <size>0x98</size>
         <input_file_ref idref="fl-19"/>
      </object_component>
      <object_component id="oc-2d6">
         <name>.const:.string</name>
         <load_address>0x84856</load_address>
         <run_address>0x84856</run_address>
         <size>0x98</size>
         <input_file_ref idref="fl-1b"/>
      </object_component>
      <object_component id="oc-47b">
         <name>.const:.string</name>
         <load_address>0x848ee</load_address>
         <run_address>0x848ee</run_address>
         <size>0x97</size>
         <input_file_ref idref="fl-18"/>
      </object_component>
      <object_component id="oc-42e">
         <name>.const:.string</name>
         <load_address>0x84986</load_address>
         <run_address>0x84986</run_address>
         <size>0x89</size>
         <input_file_ref idref="fl-2"/>
      </object_component>
      <object_component id="oc-401">
         <name>.const:.string</name>
         <load_address>0x84a10</load_address>
         <run_address>0x84a10</run_address>
         <size>0x50</size>
         <input_file_ref idref="fl-16"/>
      </object_component>
      <object_component id="oc-3f5">
         <name>.const:.string</name>
         <load_address>0x84a60</load_address>
         <run_address>0x84a60</run_address>
         <size>0x4e</size>
         <input_file_ref idref="fl-1d"/>
      </object_component>
      <object_component id="oc-c4">
         <name>ramgs0:uninit</name>
         <load_address>0xc000</load_address>
         <run_address>0xc000</run_address>
         <size>0xe</size>
         <input_file_ref idref="fl-6"/>
      </object_component>
      <object_component id="oc-107">
         <name>ramgs0:init</name>
         <load_address>0xc00e</load_address>
         <run_address>0xc00e</run_address>
         <size>0x4</size>
         <input_file_ref idref="fl-6"/>
      </object_component>
      <object_component id="oc-3dc">
         <name>Cla1Prog:hh1</name>
         <load_address>0x84000</load_address>
         <run_address>0x8000</run_address>
         <size>0x21e</size>
         <input_file_ref idref="fl-4"/>
      </object_component>
      <object_component id="oc-3e2">
         <name>Cla1Prog:hh2</name>
         <load_address>0x8421e</load_address>
         <run_address>0x821e</run_address>
         <size>0x1d8</size>
         <input_file_ref idref="fl-4"/>
      </object_component>
      <object_component id="oc-2f3">
         <name>Cla1Prog:Cla1Task1</name>
         <load_address>0x843f6</load_address>
         <run_address>0x83f6</run_address>
         <size>0xa6</size>
         <input_file_ref idref="fl-4"/>
      </object_component>
      <object_component id="oc-3ca">
         <name>Cla1Prog:derivatives</name>
         <load_address>0x8449c</load_address>
         <run_address>0x849c</run_address>
         <size>0xa2</size>
         <input_file_ref idref="fl-4"/>
      </object_component>
      <object_component id="oc-3d0">
         <name>Cla1Prog:partial_norms</name>
         <load_address>0x8453e</load_address>
         <run_address>0x853e</run_address>
         <size>0x9c</size>
         <input_file_ref idref="fl-4"/>
      </object_component>
      <object_component id="oc-3e8">
         <name>Cla1Prog:back_subs</name>
         <load_address>0x845da</load_address>
         <run_address>0x85da</run_address>
         <size>0x72</size>
         <input_file_ref idref="fl-4"/>
      </object_component>
      <object_component id="oc-3d6">
         <name>Cla1Prog:pivot</name>
         <load_address>0x8464c</load_address>
         <run_address>0x864c</run_address>
         <size>0x3a</size>
         <input_file_ref idref="fl-4"/>
      </object_component>
      <object_component id="oc-104">
         <name>Cla1ToCpuMsgRAM</name>
         <load_address>0x1480</load_address>
         <run_address>0x1480</run_address>
         <size>0x4</size>
         <input_file_ref idref="fl-6"/>
      </object_component>
      <object_component id="oc-6f">
         <name>CpuToCla1MsgRAM:init</name>
         <load_address>0x1510</load_address>
         <run_address>0x1510</run_address>
         <size>0x1</size>
         <input_file_ref idref="fl-6"/>
      </object_component>
      <object_component id="oc-e0">
         <name>CpuToCla1MsgRAM:uninit</name>
         <load_address>0x1500</load_address>
         <run_address>0x1500</run_address>
         <size>0x10</size>
         <input_file_ref idref="fl-6"/>
      </object_component>
      <object_component id="oc-1c8">
         <name>.TI.ramfunc:Flash_initModule</name>
         <load_address>0x81000</load_address>
         <run_address>0xa000</run_address>
         <size>0x44</size>
         <input_file_ref idref="fl-1a"/>
      </object_component>
      <object_component id="oc-28d">
         <name>.TI.ramfunc:Flash_setBankPowerMode</name>
         <load_address>0x81044</load_address>
         <run_address>0xa044</run_address>
         <size>0x2c</size>
         <input_file_ref idref="fl-1a"/>
      </object_component>
      <object_component id="oc-2a5">
         <name>.TI.ramfunc:Flash_setWaitstates</name>
         <load_address>0x81070</load_address>
         <run_address>0xa070</run_address>
         <size>0x23</size>
         <input_file_ref idref="fl-1a"/>
      </object_component>
      <object_component id="oc-293">
         <name>.TI.ramfunc:Flash_setPumpPowerMode</name>
         <load_address>0x81093</load_address>
         <run_address>0xa093</run_address>
         <size>0x1d</size>
         <input_file_ref idref="fl-1a"/>
      </object_component>
      <object_component id="oc-299">
         <name>.TI.ramfunc:Flash_disableCache</name>
         <load_address>0x810b0</load_address>
         <run_address>0xa0b0</run_address>
         <size>0x18</size>
         <input_file_ref idref="fl-1a"/>
      </object_component>
      <object_component id="oc-29f">
         <name>.TI.ramfunc:Flash_disablePrefetch</name>
         <load_address>0x810c8</load_address>
         <run_address>0xa0c8</run_address>
         <size>0x18</size>
         <input_file_ref idref="fl-1a"/>
      </object_component>
      <object_component id="oc-2ab">
         <name>.TI.ramfunc:Flash_enableCache</name>
         <load_address>0x810e0</load_address>
         <run_address>0xa0e0</run_address>
         <size>0x17</size>
         <input_file_ref idref="fl-1a"/>
      </object_component>
      <object_component id="oc-2b1">
         <name>.TI.ramfunc:Flash_enablePrefetch</name>
         <load_address>0x810f7</load_address>
         <run_address>0xa0f7</run_address>
         <size>0x17</size>
         <input_file_ref idref="fl-1a"/>
      </object_component>
      <object_component id="oc-2b7">
         <name>.TI.ramfunc:Flash_enableECC</name>
         <load_address>0x8110e</load_address>
         <run_address>0xa10e</run_address>
         <size>0x16</size>
         <input_file_ref idref="fl-1a"/>
      </object_component>
      <object_component id="oc-1e6">
         <name>.TI.ramfunc</name>
         <load_address>0x81124</load_address>
         <run_address>0xa124</run_address>
         <size>0x4</size>
         <input_file_ref idref="fl-1e"/>
      </object_component>
      <object_component id="oc-45c">
         <name>.scratchpad:Cla1Prog:partial_norms</name>
         <uninitialized>true</uninitialized>
         <run_address>0x9af0</run_address>
         <size>0x2</size>
         <input_file_ref idref="fl-4"/>
      </object_component>
      <object_component id="oc-461">
         <name>.scratchpad:Cla1Prog:back_subs</name>
         <uninitialized>true</uninitialized>
         <run_address>0x9af0</run_address>
         <size>0x2</size>
         <input_file_ref idref="fl-4"/>
      </object_component>
      <object_component id="oc-3ee">
         <name>Cla1DataRam</name>
         <uninitialized>true</uninitialized>
         <run_address>0x9800</run_address>
         <size>0x2f0</size>
         <input_file_ref idref="fl-4"/>
      </object_component>
      <object_component id="oc-7c">
         <name>.debug_types</name>
         <load_address>0x0</load_address>
         <run_address>0x0</run_address>
         <size>0x40a1</size>
         <input_file_ref idref="fl-2"/>
      </object_component>
      <object_component id="oc-3f2">
         <name>.debug_types</name>
         <load_address>0x40a1</load_address>
         <run_address>0x40a1</run_address>
         <size>0x2a1</size>
         <input_file_ref idref="fl-4"/>
      </object_component>
      <object_component id="oc-7e">
         <name>.debug_types</name>
         <load_address>0x4342</load_address>
         <run_address>0x4342</run_address>
         <size>0x9f9</size>
         <input_file_ref idref="fl-6"/>
      </object_component>
      <object_component id="oc-1fa">
         <name>.debug_types</name>
         <load_address>0x4d3b</load_address>
         <run_address>0x4d3b</run_address>
         <size>0x413</size>
         <input_file_ref idref="fl-8"/>
      </object_component>
      <object_component id="oc-3fa">
         <name>.debug_types</name>
         <load_address>0x514e</load_address>
         <run_address>0x514e</run_address>
         <size>0x1bf</size>
         <input_file_ref idref="fl-14"/>
      </object_component>
      <object_component id="oc-3f4">
         <name>.debug_types</name>
         <load_address>0x0</load_address>
         <run_address>0x0</run_address>
         <size>0x0</size>
         <input_file_ref idref="fl-15"/>
      </object_component>
      <object_component id="oc-403">
         <name>.debug_types</name>
         <load_address>0x0</load_address>
         <run_address>0x0</run_address>
         <size>0x0</size>
         <input_file_ref idref="fl-16"/>
      </object_component>
      <object_component id="oc-47d">
         <name>.debug_types</name>
         <load_address>0x530d</load_address>
         <run_address>0x530d</run_address>
         <size>0x3cb</size>
         <input_file_ref idref="fl-18"/>
      </object_component>
      <object_component id="oc-42d">
         <name>.debug_types</name>
         <load_address>0x56d8</load_address>
         <run_address>0x56d8</run_address>
         <size>0x19d</size>
         <input_file_ref idref="fl-19"/>
      </object_component>
      <object_component id="oc-2be">
         <name>.debug_types</name>
         <load_address>0x5875</load_address>
         <run_address>0x5875</run_address>
         <size>0x1e9</size>
         <input_file_ref idref="fl-1a"/>
      </object_component>
      <object_component id="oc-2d8">
         <name>.debug_types</name>
         <load_address>0x5a5e</load_address>
         <run_address>0x5a5e</run_address>
         <size>0x5a</size>
         <input_file_ref idref="fl-1b"/>
      </object_component>
      <object_component id="oc-d6">
         <name>.debug_types</name>
         <load_address>0x0</load_address>
         <run_address>0x0</run_address>
         <size>0x0</size>
         <input_file_ref idref="fl-1c"/>
      </object_component>
      <object_component id="oc-3f7">
         <name>.debug_types</name>
         <load_address>0x5ab8</load_address>
         <run_address>0x5ab8</run_address>
         <size>0xdc</size>
         <input_file_ref idref="fl-1d"/>
      </object_component>
      <object_component id="oc-27b">
         <name>.debug_types</name>
         <load_address>0x5b94</load_address>
         <run_address>0x5b94</run_address>
         <size>0x1d4</size>
         <input_file_ref idref="fl-1e"/>
      </object_component>
      <object_component id="oc-16d">
         <name>.debug_types</name>
         <load_address>0x5d68</load_address>
         <run_address>0x5d68</run_address>
         <size>0x4b9</size>
         <input_file_ref idref="fl-27"/>
      </object_component>
      <object_component id="oc-14c">
         <name>.debug_types</name>
         <load_address>0x6221</load_address>
         <run_address>0x6221</run_address>
         <size>0xbf</size>
         <input_file_ref idref="fl-2b"/>
      </object_component>
      <object_component id="oc-144">
         <name>.debug_types</name>
         <load_address>0x62e0</load_address>
         <run_address>0x62e0</run_address>
         <size>0xe1</size>
         <input_file_ref idref="fl-2d"/>
      </object_component>
      <object_component id="oc-1c3">
         <name>.debug_types</name>
         <load_address>0x0</load_address>
         <run_address>0x0</run_address>
         <size>0x0</size>
         <input_file_ref idref="fl-30"/>
      </object_component>
      <object_component id="oc-55">
         <name>.debug_types</name>
         <load_address>0x63c1</load_address>
         <run_address>0x63c1</run_address>
         <size>0x4a1</size>
         <input_file_ref idref="fl-31"/>
      </object_component>
      <object_component id="oc-347">
         <name>.debug_info</name>
         <load_address>0x0</load_address>
         <run_address>0x0</run_address>
         <size>0x1bf</size>
         <input_file_ref idref="fl-2"/>
      </object_component>
      <object_component id="oc-26e">
         <name>.debug_info</name>
         <load_address>0x1bf</load_address>
         <run_address>0x1bf</run_address>
         <size>0x176</size>
         <input_file_ref idref="fl-2"/>
      </object_component>
      <object_component id="oc-226">
         <name>.debug_info</name>
         <load_address>0x335</load_address>
         <run_address>0x335</run_address>
         <size>0x152</size>
         <input_file_ref idref="fl-2"/>
      </object_component>
      <object_component id="oc-220">
         <name>.debug_info</name>
         <load_address>0x487</load_address>
         <run_address>0x487</run_address>
         <size>0x152</size>
         <input_file_ref idref="fl-2"/>
      </object_component>
      <object_component id="oc-21a">
         <name>.debug_info</name>
         <load_address>0x5d9</load_address>
         <run_address>0x5d9</run_address>
         <size>0x152</size>
         <input_file_ref idref="fl-2"/>
      </object_component>
      <object_component id="oc-32b">
         <name>.debug_info</name>
         <load_address>0x72b</load_address>
         <run_address>0x72b</run_address>
         <size>0x1aa</size>
         <input_file_ref idref="fl-2"/>
      </object_component>
      <object_component id="oc-325">
         <name>.debug_info</name>
         <load_address>0x8d5</load_address>
         <run_address>0x8d5</run_address>
         <size>0x1aa</size>
         <input_file_ref idref="fl-2"/>
      </object_component>
      <object_component id="oc-31e">
         <name>.debug_info</name>
         <load_address>0xa7f</load_address>
         <run_address>0xa7f</run_address>
         <size>0x1aa</size>
         <input_file_ref idref="fl-2"/>
      </object_component>
      <object_component id="oc-254">
         <name>.debug_info</name>
         <load_address>0xc29</load_address>
         <run_address>0xc29</run_address>
         <size>0x18d</size>
         <input_file_ref idref="fl-2"/>
      </object_component>
      <object_component id="oc-235">
         <name>.debug_info</name>
         <load_address>0xdb6</load_address>
         <run_address>0xdb6</run_address>
         <size>0x156</size>
         <input_file_ref idref="fl-2"/>
      </object_component>
      <object_component id="oc-24e">
         <name>.debug_info</name>
         <load_address>0xf0c</load_address>
         <run_address>0xf0c</run_address>
         <size>0x168</size>
         <input_file_ref idref="fl-2"/>
      </object_component>
      <object_component id="oc-248">
         <name>.debug_info</name>
         <load_address>0x1074</load_address>
         <run_address>0x1074</run_address>
         <size>0x167</size>
         <input_file_ref idref="fl-2"/>
      </object_component>
      <object_component id="oc-241">
         <name>.debug_info</name>
         <load_address>0x11db</load_address>
         <run_address>0x11db</run_address>
         <size>0x166</size>
         <input_file_ref idref="fl-2"/>
      </object_component>
      <object_component id="oc-338">
         <name>.debug_info</name>
         <load_address>0x1341</load_address>
         <run_address>0x1341</run_address>
         <size>0x253</size>
         <input_file_ref idref="fl-2"/>
      </object_component>
      <object_component id="oc-33e">
         <name>.debug_info</name>
         <load_address>0x1594</load_address>
         <run_address>0x1594</run_address>
         <size>0x1af</size>
         <input_file_ref idref="fl-2"/>
      </object_component>
      <object_component id="oc-22a">
         <name>.debug_info</name>
         <load_address>0x1743</load_address>
         <run_address>0x1743</run_address>
         <size>0x138</size>
         <input_file_ref idref="fl-2"/>
      </object_component>
      <object_component id="oc-212">
         <name>.debug_info</name>
         <load_address>0x187b</load_address>
         <run_address>0x187b</run_address>
         <size>0x34d</size>
         <input_file_ref idref="fl-2"/>
      </object_component>
      <object_component id="oc-23b">
         <name>.debug_info</name>
         <load_address>0x1bc8</load_address>
         <run_address>0x1bc8</run_address>
         <size>0x384</size>
         <input_file_ref idref="fl-2"/>
      </object_component>
      <object_component id="oc-3e">
         <name>.debug_info</name>
         <load_address>0x1f4c</load_address>
         <run_address>0x1f4c</run_address>
         <size>0x184</size>
         <input_file_ref idref="fl-2"/>
      </object_component>
      <object_component id="oc-265">
         <name>.debug_info</name>
         <load_address>0x20d0</load_address>
         <run_address>0x20d0</run_address>
         <size>0x1d5</size>
         <input_file_ref idref="fl-2"/>
      </object_component>
      <object_component id="oc-25f">
         <name>.debug_info</name>
         <load_address>0x22a5</load_address>
         <run_address>0x22a5</run_address>
         <size>0x724</size>
         <input_file_ref idref="fl-2"/>
      </object_component>
      <object_component id="oc-259">
         <name>.debug_info</name>
         <load_address>0x29c9</load_address>
         <run_address>0x29c9</run_address>
         <size>0x169</size>
         <input_file_ref idref="fl-2"/>
      </object_component>
      <object_component id="oc-22f">
         <name>.debug_info</name>
         <load_address>0x2b32</load_address>
         <run_address>0x2b32</run_address>
         <size>0x13e</size>
         <input_file_ref idref="fl-2"/>
      </object_component>
      <object_component id="oc-195">
         <name>.debug_info</name>
         <load_address>0x2c70</load_address>
         <run_address>0x2c70</run_address>
         <size>0x2a2</size>
         <input_file_ref idref="fl-2"/>
      </object_component>
      <object_component id="oc-3ef">
         <name>.debug_info</name>
         <load_address>0x2f12</load_address>
         <run_address>0x2f12</run_address>
         <size>0x3ad</size>
         <input_file_ref idref="fl-4"/>
      </object_component>
      <object_component id="oc-3d8">
         <name>.debug_info</name>
         <load_address>0x32bf</load_address>
         <run_address>0x32bf</run_address>
         <size>0x14b</size>
         <input_file_ref idref="fl-4"/>
      </object_component>
      <object_component id="oc-3d1">
         <name>.debug_info</name>
         <load_address>0x340a</load_address>
         <run_address>0x340a</run_address>
         <size>0x15b</size>
         <input_file_ref idref="fl-4"/>
      </object_component>
      <object_component id="oc-3e3">
         <name>.debug_info</name>
         <load_address>0x3565</load_address>
         <run_address>0x3565</run_address>
         <size>0x191</size>
         <input_file_ref idref="fl-4"/>
      </object_component>
      <object_component id="oc-3dd">
         <name>.debug_info</name>
         <load_address>0x36f6</load_address>
         <run_address>0x36f6</run_address>
         <size>0x191</size>
         <input_file_ref idref="fl-4"/>
      </object_component>
      <object_component id="oc-3cb">
         <name>.debug_info</name>
         <load_address>0x3887</load_address>
         <run_address>0x3887</run_address>
         <size>0x157</size>
         <input_file_ref idref="fl-4"/>
      </object_component>
      <object_component id="oc-3e9">
         <name>.debug_info</name>
         <load_address>0x39de</load_address>
         <run_address>0x39de</run_address>
         <size>0x18f</size>
         <input_file_ref idref="fl-4"/>
      </object_component>
      <object_component id="oc-2f4">
         <name>.debug_info</name>
         <load_address>0x3b6d</load_address>
         <run_address>0x3b6d</run_address>
         <size>0x1a5</size>
         <input_file_ref idref="fl-4"/>
      </object_component>
      <object_component id="oc-73">
         <name>.debug_info</name>
         <load_address>0x3d12</load_address>
         <run_address>0x3d12</run_address>
         <size>0x4a9</size>
         <input_file_ref idref="fl-6"/>
      </object_component>
      <object_component id="oc-80">
         <name>.debug_info</name>
         <load_address>0x41bb</load_address>
         <run_address>0x41bb</run_address>
         <size>0x195</size>
         <input_file_ref idref="fl-6"/>
      </object_component>
      <object_component id="oc-70">
         <name>.debug_info</name>
         <load_address>0x4350</load_address>
         <run_address>0x4350</run_address>
         <size>0x10f</size>
         <input_file_ref idref="fl-6"/>
      </object_component>
      <object_component id="oc-c5">
         <name>.debug_info</name>
         <load_address>0x445f</load_address>
         <run_address>0x445f</run_address>
         <size>0x171</size>
         <input_file_ref idref="fl-6"/>
      </object_component>
      <object_component id="oc-105">
         <name>.debug_info</name>
         <load_address>0x45d0</load_address>
         <run_address>0x45d0</run_address>
         <size>0x129</size>
         <input_file_ref idref="fl-6"/>
      </object_component>
      <object_component id="oc-108">
         <name>.debug_info</name>
         <load_address>0x46f9</load_address>
         <run_address>0x46f9</run_address>
         <size>0x129</size>
         <input_file_ref idref="fl-6"/>
      </object_component>
      <object_component id="oc-e1">
         <name>.debug_info</name>
         <load_address>0x4822</load_address>
         <run_address>0x4822</run_address>
         <size>0x14d</size>
         <input_file_ref idref="fl-6"/>
      </object_component>
      <object_component id="oc-8a">
         <name>.debug_info</name>
         <load_address>0x496f</load_address>
         <run_address>0x496f</run_address>
         <size>0x136</size>
         <input_file_ref idref="fl-6"/>
      </object_component>
      <object_component id="oc-141">
         <name>.debug_info</name>
         <load_address>0x4aa5</load_address>
         <run_address>0x4aa5</run_address>
         <size>0x1ec</size>
         <input_file_ref idref="fl-6"/>
      </object_component>
      <object_component id="oc-9e">
         <name>.debug_info</name>
         <load_address>0x4c91</load_address>
         <run_address>0x4c91</run_address>
         <size>0x12a</size>
         <input_file_ref idref="fl-6"/>
      </object_component>
      <object_component id="oc-92">
         <name>.debug_info</name>
         <load_address>0x4dbb</load_address>
         <run_address>0x4dbb</run_address>
         <size>0x1a0</size>
         <input_file_ref idref="fl-6"/>
      </object_component>
      <object_component id="oc-44">
         <name>.debug_info</name>
         <load_address>0x4f5b</load_address>
         <run_address>0x4f5b</run_address>
         <size>0x13e</size>
         <input_file_ref idref="fl-6"/>
      </object_component>
      <object_component id="oc-86">
         <name>.debug_info</name>
         <load_address>0x5099</load_address>
         <run_address>0x5099</run_address>
         <size>0x138</size>
         <input_file_ref idref="fl-6"/>
      </object_component>
      <object_component id="oc-4b">
         <name>.debug_info</name>
         <load_address>0x51d1</load_address>
         <run_address>0x51d1</run_address>
         <size>0x16a</size>
         <input_file_ref idref="fl-6"/>
      </object_component>
      <object_component id="oc-51">
         <name>.debug_info</name>
         <load_address>0x533b</load_address>
         <run_address>0x533b</run_address>
         <size>0x1bd</size>
         <input_file_ref idref="fl-6"/>
      </object_component>
      <object_component id="oc-1d5">
         <name>.debug_info</name>
         <load_address>0x54f8</load_address>
         <run_address>0x54f8</run_address>
         <size>0x164</size>
         <input_file_ref idref="fl-8"/>
      </object_component>
      <object_component id="oc-182">
         <name>.debug_info</name>
         <load_address>0x565c</load_address>
         <run_address>0x565c</run_address>
         <size>0x14b</size>
         <input_file_ref idref="fl-8"/>
      </object_component>
      <object_component id="oc-1e1">
         <name>.debug_info</name>
         <load_address>0x57a7</load_address>
         <run_address>0x57a7</run_address>
         <size>0x162</size>
         <input_file_ref idref="fl-8"/>
      </object_component>
      <object_component id="oc-17c">
         <name>.debug_info</name>
         <load_address>0x5909</load_address>
         <run_address>0x5909</run_address>
         <size>0x290</size>
         <input_file_ref idref="fl-8"/>
      </object_component>
      <object_component id="oc-2b">
         <name>.debug_info</name>
         <load_address>0x5b99</load_address>
         <run_address>0x5b99</run_address>
         <size>0x13e</size>
         <input_file_ref idref="fl-9"/>
      </object_component>
      <object_component id="oc-30f">
         <name>.debug_info</name>
         <load_address>0x5cd7</load_address>
         <run_address>0x5cd7</run_address>
         <size>0x234</size>
         <input_file_ref idref="fl-14"/>
      </object_component>
      <object_component id="oc-2fc">
         <name>.debug_info</name>
         <load_address>0x5f0b</load_address>
         <run_address>0x5f0b</run_address>
         <size>0x22f</size>
         <input_file_ref idref="fl-15"/>
      </object_component>
      <object_component id="oc-3ff">
         <name>.debug_info</name>
         <load_address>0x613a</load_address>
         <run_address>0x613a</run_address>
         <size>0x1e3</size>
         <input_file_ref idref="fl-16"/>
      </object_component>
      <object_component id="oc-317">
         <name>.debug_info</name>
         <load_address>0x631d</load_address>
         <run_address>0x631d</run_address>
         <size>0x22f</size>
         <input_file_ref idref="fl-16"/>
      </object_component>
      <object_component id="oc-477">
         <name>.debug_info</name>
         <load_address>0x654c</load_address>
         <run_address>0x654c</run_address>
         <size>0x1d1</size>
         <input_file_ref idref="fl-18"/>
      </object_component>
      <object_component id="oc-405">
         <name>.debug_info</name>
         <load_address>0x671d</load_address>
         <run_address>0x671d</run_address>
         <size>0x243</size>
         <input_file_ref idref="fl-18"/>
      </object_component>
      <object_component id="oc-40b">
         <name>.debug_info</name>
         <load_address>0x6960</load_address>
         <run_address>0x6960</run_address>
         <size>0x257</size>
         <input_file_ref idref="fl-18"/>
      </object_component>
      <object_component id="oc-411">
         <name>.debug_info</name>
         <load_address>0x6bb7</load_address>
         <run_address>0x6bb7</run_address>
         <size>0x269</size>
         <input_file_ref idref="fl-18"/>
      </object_component>
      <object_component id="oc-418">
         <name>.debug_info</name>
         <load_address>0x6e20</load_address>
         <run_address>0x6e20</run_address>
         <size>0x279</size>
         <input_file_ref idref="fl-18"/>
      </object_component>
      <object_component id="oc-41e">
         <name>.debug_info</name>
         <load_address>0x7099</load_address>
         <run_address>0x7099</run_address>
         <size>0x224</size>
         <input_file_ref idref="fl-18"/>
      </object_component>
      <object_component id="oc-428">
         <name>.debug_info</name>
         <load_address>0x72bd</load_address>
         <run_address>0x72bd</run_address>
         <size>0x1d5</size>
         <input_file_ref idref="fl-19"/>
      </object_component>
      <object_component id="oc-331">
         <name>.debug_info</name>
         <load_address>0x7492</load_address>
         <run_address>0x7492</run_address>
         <size>0x22d</size>
         <input_file_ref idref="fl-19"/>
      </object_component>
      <object_component id="oc-281">
         <name>.debug_info</name>
         <load_address>0x76bf</load_address>
         <run_address>0x76bf</run_address>
         <size>0x1e7</size>
         <input_file_ref idref="fl-1a"/>
      </object_component>
      <object_component id="oc-288">
         <name>.debug_info</name>
         <load_address>0x78a6</load_address>
         <run_address>0x78a6</run_address>
         <size>0x1e3</size>
         <input_file_ref idref="fl-1a"/>
      </object_component>
      <object_component id="oc-2a6">
         <name>.debug_info</name>
         <load_address>0x7a89</load_address>
         <run_address>0x7a89</run_address>
         <size>0x242</size>
         <input_file_ref idref="fl-1a"/>
      </object_component>
      <object_component id="oc-28e">
         <name>.debug_info</name>
         <load_address>0x7ccb</load_address>
         <run_address>0x7ccb</run_address>
         <size>0x259</size>
         <input_file_ref idref="fl-1a"/>
      </object_component>
      <object_component id="oc-294">
         <name>.debug_info</name>
         <load_address>0x7f24</load_address>
         <run_address>0x7f24</run_address>
         <size>0x238</size>
         <input_file_ref idref="fl-1a"/>
      </object_component>
      <object_component id="oc-2b4">
         <name>.debug_info</name>
         <load_address>0x815c</load_address>
         <run_address>0x815c</run_address>
         <size>0x209</size>
         <input_file_ref idref="fl-1a"/>
      </object_component>
      <object_component id="oc-2a1">
         <name>.debug_info</name>
         <load_address>0x8365</load_address>
         <run_address>0x8365</run_address>
         <size>0x20b</size>
         <input_file_ref idref="fl-1a"/>
      </object_component>
      <object_component id="oc-2ac">
         <name>.debug_info</name>
         <load_address>0x8570</load_address>
         <run_address>0x8570</run_address>
         <size>0x203</size>
         <input_file_ref idref="fl-1a"/>
      </object_component>
      <object_component id="oc-29b">
         <name>.debug_info</name>
         <load_address>0x8773</load_address>
         <run_address>0x8773</run_address>
         <size>0x205</size>
         <input_file_ref idref="fl-1a"/>
      </object_component>
      <object_component id="oc-2bb">
         <name>.debug_info</name>
         <load_address>0x8978</load_address>
         <run_address>0x8978</run_address>
         <size>0x1fc</size>
         <input_file_ref idref="fl-1a"/>
      </object_component>
      <object_component id="oc-1cb">
         <name>.debug_info</name>
         <load_address>0x8b74</load_address>
         <run_address>0x8b74</run_address>
         <size>0x35e</size>
         <input_file_ref idref="fl-1a"/>
      </object_component>
      <object_component id="oc-434">
         <name>.debug_info</name>
         <load_address>0x8ed2</load_address>
         <run_address>0x8ed2</run_address>
         <size>0x1fd</size>
         <input_file_ref idref="fl-1b"/>
      </object_component>
      <object_component id="oc-2d1">
         <name>.debug_info</name>
         <load_address>0x90cf</load_address>
         <run_address>0x90cf</run_address>
         <size>0x1cf</size>
         <input_file_ref idref="fl-1b"/>
      </object_component>
      <object_component id="oc-1ee">
         <name>.debug_info</name>
         <load_address>0x929e</load_address>
         <run_address>0x929e</run_address>
         <size>0x247</size>
         <input_file_ref idref="fl-1b"/>
      </object_component>
      <object_component id="oc-351">
         <name>.debug_info</name>
         <load_address>0x94e5</load_address>
         <run_address>0x94e5</run_address>
         <size>0x248</size>
         <input_file_ref idref="fl-1b"/>
      </object_component>
      <object_component id="oc-1e8">
         <name>.debug_info</name>
         <load_address>0x972d</load_address>
         <run_address>0x972d</run_address>
         <size>0x230</size>
         <input_file_ref idref="fl-1b"/>
      </object_component>
      <object_component id="oc-2e8">
         <name>.debug_info</name>
         <load_address>0x995d</load_address>
         <run_address>0x995d</run_address>
         <size>0x278</size>
         <input_file_ref idref="fl-1b"/>
      </object_component>
      <object_component id="oc-34a">
         <name>.debug_info</name>
         <load_address>0x9bd5</load_address>
         <run_address>0x9bd5</run_address>
         <size>0x260</size>
         <input_file_ref idref="fl-1b"/>
      </object_component>
      <object_component id="oc-1f5">
         <name>.debug_info</name>
         <load_address>0x9e35</load_address>
         <run_address>0x9e35</run_address>
         <size>0x22c</size>
         <input_file_ref idref="fl-1b"/>
      </object_component>
      <object_component id="oc-2e3">
         <name>.debug_info</name>
         <load_address>0xa061</load_address>
         <run_address>0xa061</run_address>
         <size>0x219</size>
         <input_file_ref idref="fl-1b"/>
      </object_component>
      <object_component id="oc-d1">
         <name>.debug_info</name>
         <load_address>0xa27a</load_address>
         <run_address>0xa27a</run_address>
         <size>0x1c8</size>
         <input_file_ref idref="fl-1c"/>
      </object_component>
      <object_component id="oc-cb">
         <name>.debug_info</name>
         <load_address>0xa442</load_address>
         <run_address>0xa442</run_address>
         <size>0x1cc</size>
         <input_file_ref idref="fl-1c"/>
      </object_component>
      <object_component id="oc-1fe">
         <name>.debug_info</name>
         <load_address>0xa60e</load_address>
         <run_address>0xa60e</run_address>
         <size>0x1e6</size>
         <input_file_ref idref="fl-1c"/>
      </object_component>
      <object_component id="oc-20b">
         <name>.debug_info</name>
         <load_address>0xa7f4</load_address>
         <run_address>0xa7f4</run_address>
         <size>0x1cc</size>
         <input_file_ref idref="fl-1c"/>
      </object_component>
      <object_component id="oc-205">
         <name>.debug_info</name>
         <load_address>0xa9c0</load_address>
         <run_address>0xa9c0</run_address>
         <size>0x1b2</size>
         <input_file_ref idref="fl-1c"/>
      </object_component>
      <object_component id="oc-189">
         <name>.debug_info</name>
         <load_address>0xab72</load_address>
         <run_address>0xab72</run_address>
         <size>0x1d9</size>
         <input_file_ref idref="fl-1c"/>
      </object_component>
      <object_component id="oc-18e">
         <name>.debug_info</name>
         <load_address>0xad4b</load_address>
         <run_address>0xad4b</run_address>
         <size>0x1d4</size>
         <input_file_ref idref="fl-1c"/>
[...]
      </symbol>
      <symbol id="sm-1b2">
         <name>ASYSCTL_init</name>
         <value>0x837c9</value>
         <object_component_ref idref="oc-22e"/>
      </symbol>
      <symbol id="sm-1b3">
         <name>DMA_init</name>
         <value>0x8376b</value>
         <object_component_ref idref="oc-258"/>
      </symbol>
      <symbol id="sm-1b4">
         <name>myCPUTIMER0_init</name>
         <value>0x833d0</value>
         <object_component_ref idref="oc-252"/>
      </symbol>
      <symbol id="sm-1b5">
         <name>transient_det_pin_init</name>
         <value>0x835db</value>
         <object_component_ref idref="oc-343"/>
      </symbol>
      <symbol id="sm-213">
         <name>dot</name>
         <value>0x9ae0</value>
         <object_component_ref idref="oc-3ee"/>
      </symbol>
      <symbol id="sm-214">
         <name>beta</name>
         <value>0x9adc</value>
         <object_component_ref idref="oc-3ee"/>
      </symbol>
      <symbol id="sm-215">
         <name>hh2</name>
         <value>0x821e</value>
         <object_component_ref idref="oc-3e2"/>
      </symbol>
      <symbol id="sm-216">
         <name>hh1</name>
         <value>0x8000</value>
         <object_component_ref idref="oc-3dc"/>
      </symbol>
      <symbol id="sm-217">
         <name>n1_partial</name>
         <value>0x9ad2</value>
         <object_component_ref idref="oc-3ee"/>
      </symbol>
      <symbol id="sm-218">
         <name>beta2</name>
         <value>0x9ae6</value>
         <object_component_ref idref="oc-3ee"/>
      </symbol>
      <symbol id="sm-219">
         <name>back_subs</name>
         <value>0x85da</value>
         <object_component_ref idref="oc-3e8"/>
      </symbol>
      <symbol id="sm-21a">
         <name>pivot</name>
         <value>0x864c</value>
         <object_component_ref idref="oc-3d6"/>
      </symbol>
      <symbol id="sm-21b">
         <name>alpha2</name>
         <value>0x9ae4</value>
         <object_component_ref idref="oc-3ee"/>
      </symbol>
      <symbol id="sm-21c">
         <name>vv</name>
         <value>0x9ade</value>
         <object_component_ref idref="oc-3ee"/>
      </symbol>
      <symbol id="sm-21d">
         <name>v2</name>
         <value>0x9a42</value>
         <object_component_ref idref="oc-3ee"/>
      </symbol>
      <symbol id="sm-21e">
         <name>i</name>
         <value>0x9800</value>
         <object_component_ref idref="oc-3ee"/>
      </symbol>
      <symbol id="sm-21f">
         <name>col1</name>
         <value>0x9ad9</value>
         <object_component_ref idref="oc-3ee"/>
      </symbol>
      <symbol id="sm-220">
         <name>col0</name>
         <value>0x9ad8</value>
         <object_component_ref idref="oc-3ee"/>
      </symbol>
      <symbol id="sm-221">
         <name>Cla1Task1</name>
         <value>0x83f6</value>
         <object_component_ref idref="oc-2f3"/>
      </symbol>
      <symbol id="sm-222">
         <name>n2_partial</name>
         <value>0x9ad4</value>
         <object_component_ref idref="oc-3ee"/>
      </symbol>
      <symbol id="sm-223">
         <name>piv1</name>
         <value>0x9ad7</value>
         <object_component_ref idref="oc-3ee"/>
      </symbol>
      <symbol id="sm-224">
         <name>piv0</name>
         <value>0x9ad6</value>
         <object_component_ref idref="oc-3ee"/>
      </symbol>
      <symbol id="sm-225">
         <name>v_h</name>
         <value>0x99b2</value>
         <object_component_ref idref="oc-3ee"/>
      </symbol>
      <symbol id="sm-226">
         <name>v2v2</name>
         <value>0x9ae8</value>
         <object_component_ref idref="oc-3ee"/>
      </symbol>
      <symbol id="sm-227">
         <name>derivatives</name>
         <value>0x849c</value>
         <object_component_ref idref="oc-3ca"/>
      </symbol>
      <symbol id="sm-228">
         <name>dio_smpl_cla</name>
         <value>0x9922</value>
         <object_component_ref idref="oc-3ee"/>
      </symbol>
      <symbol id="sm-229">
         <name>alpha</name>
         <value>0x9ada</value>
         <object_component_ref idref="oc-3ee"/>
      </symbol>
      <symbol id="sm-22a">
         <name>sol</name>
         <value>0x9aec</value>
         <object_component_ref idref="oc-3ee"/>
      </symbol>
      <symbol id="sm-22b">
         <name>partial_norms</name>
         <value>0x853e</value>
         <object_component_ref idref="oc-3d0"/>
      </symbol>
      <symbol id="sm-22c">
         <name>vo_smpl_cla</name>
         <value>0x9802</value>
         <object_component_ref idref="oc-3ee"/>
      </symbol>
      <symbol id="sm-22d">
         <name>io_smpl_cla</name>
         <value>0x9892</value>
         <object_component_ref idref="oc-3ee"/>
      </symbol>
      <symbol id="sm-22e">
         <name>dot2</name>
         <value>0x9aea</value>
         <object_component_ref idref="oc-3ee"/>
      </symbol>
      <symbol id="sm-22f">
         <name>dot1</name>
         <value>0x9ae2</value>
         <object_component_ref idref="oc-3ee"/>
      </symbol>
      <symbol id="sm-29a">
         <name>Il_avg</name>
         <value>0xb016</value>
         <object_component_ref idref="oc-72"/>
      </symbol>
      <symbol id="sm-29b">
         <name>Il_error</name>
         <value>0xb01e</value>
         <object_component_ref idref="oc-72"/>
      </symbol>
      <symbol id="sm-29c">
         <name>Vo_controller</name>
         <value>0xa862</value>
         <object_component_ref idref="oc-7f"/>
      </symbol>
      <symbol id="sm-29d">
         <name>R_out</name>
         <value>0x1480</value>
         <object_component_ref idref="oc-104"/>
      </symbol>
      <symbol id="sm-29e">
         <name>Il_controller</name>
         <value>0xa86a</value>
         <object_component_ref idref="oc-7f"/>
      </symbol>
      <symbol id="sm-29f">
         <name>L_out</name>
         <value>0x1482</value>
         <object_component_ref idref="oc-104"/>
      </symbol>
      <symbol id="sm-2a0">
         <name>kpv</name>
         <value>0xb022</value>
         <object_component_ref idref="oc-72"/>
      </symbol>
      <symbol id="sm-2a1">
         <name>kpi</name>
         <value>0xb026</value>
         <object_component_ref idref="oc-72"/>
      </symbol>
      <symbol id="sm-2a2">
         <name>Vo_ref</name>
         <value>0xb020</value>
         <object_component_ref idref="oc-72"/>
      </symbol>
      <symbol id="sm-2a3">
         <name>timer_count</name>
         <value>0xb02e</value>
         <object_component_ref idref="oc-72"/>
      </symbol>
      <symbol id="sm-2a4">
         <name>ADCB0_Result_base</name>
         <value>0xb008</value>
         <object_component_ref idref="oc-72"/>
      </symbol>
      <symbol id="sm-2a5">
         <name>fixed_duty_cycle</name>
         <value>0xb000</value>
         <object_component_ref idref="oc-72"/>
      </symbol>
      <symbol id="sm-2a6">
         <name>err_calc</name>
         <value>0x82f04</value>
         <object_component_ref idref="oc-9b"/>
      </symbol>
      <symbol id="sm-2a7">
         <name>ADCA0_results_add</name>
         <value>0xb002</value>
         <object_component_ref idref="oc-72"/>
      </symbol>
      <symbol id="sm-2a8">
         <name>INT_transient_det_pin_XINT_ISR</name>
         <value>0x82f49</value>
         <object_component_ref idref="oc-47"/>
      </symbol>
      <symbol id="sm-2a9">
         <name>ADCC_results</name>
         <value>0xc006</value>
         <object_component_ref idref="oc-c4"/>
      </symbol>
      <symbol id="sm-2aa">
         <name>kiv</name>
         <value>0xb024</value>
         <object_component_ref idref="oc-72"/>
      </symbol>
      <symbol id="sm-2ab">
         <name>kii</name>
         <value>0xb028</value>
         <object_component_ref idref="oc-72"/>
      </symbol>
      <symbol id="sm-2ac">
         <name>Vo_avg</name>
         <value>0xb018</value>
         <object_component_ref idref="oc-72"/>
      </symbol>
      <symbol id="sm-2ad">
         <name>Io_avg</name>
         <value>0xb014</value>
         <object_component_ref idref="oc-72"/>
      </symbol>
      <symbol id="sm-2ae">
         <name>ADCC0_results_add</name>
         <value>0xb00a</value>
         <object_component_ref idref="oc-72"/>
      </symbol>
      <symbol id="sm-2af">
         <name>k</name>
         <value>0xa861</value>
         <object_component_ref idref="oc-7f"/>
      </symbol>
      <symbol id="sm-2b0">
         <name>d</name>
         <value>0xb00e</value>
         <object_component_ref idref="oc-72"/>
      </symbol>
      <symbol id="sm-2b1">
         <name>average_samples</name>
         <value>0x827ee</value>
         <object_component_ref idref="oc-83"/>
      </symbol>
      <symbol id="sm-2b2">
         <name>transient_det_res</name>
         <value>0xa860</value>
         <object_component_ref idref="oc-7f"/>
      </symbol>
      <symbol id="sm-2b3">
         <name>ADCA_results</name>
         <value>0xc000</value>
         <object_component_ref idref="oc-c4"/>
      </symbol>
      <symbol id="sm-2b4">
         <name>samples_to_cla</name>
         <value>0x82aaf</value>
         <object_component_ref idref="oc-89"/>
      </symbol>
      <symbol id="sm-2b5">
         <name>Vo_error</name>
         <value>0xb01c</value>
         <object_component_ref idref="oc-72"/>
      </symbol>
      <symbol id="sm-2b6">
         <name>vo_sample_test</name>
         <value>0x1500</value>
         <object_component_ref idref="oc-e0"/>
      </symbol>
      <symbol id="sm-2b7">
         <name>fixed_d</name>
         <value>0xb010</value>
         <object_component_ref idref="oc-72"/>
      </symbol>
      <symbol id="sm-2b8">
         <name>io_sample_test</name>
         <value>0x1508</value>
         <object_component_ref idref="oc-e0"/>
      </symbol>
      <symbol id="sm-2b9">
         <name>ADCA0_Result_base</name>
         <value>0xb004</value>
         <object_component_ref idref="oc-72"/>
      </symbol>
      <symbol id="sm-2ba">
         <name>main</name>
         <value>0x83000</value>
         <object_component_ref idref="oc-13d"/>
      </symbol>
      <symbol id="sm-2bb">
         <name>s_count</name>
         <value>0x1510</value>
         <object_component_ref idref="oc-6f"/>
      </symbol>
      <symbol id="sm-2bc">
         <name>ADCC0_Result_base</name>
         <value>0xb00c</value>
         <object_component_ref idref="oc-72"/>
      </symbol>
      <symbol id="sm-2bd">
         <name>Iin_avg</name>
         <value>0xb012</value>
         <object_component_ref idref="oc-72"/>
      </symbol>
      <symbol id="sm-2be">
         <name>duty_cycle_calculation</name>
         <value>0x83073</value>
         <object_component_ref idref="oc-8f"/>
      </symbol>
      <symbol id="sm-2bf">
         <name>Vin_avg</name>
         <value>0xb01a</value>
         <object_component_ref idref="oc-72"/>
      </symbol>
      <symbol id="sm-2c0">
         <name>ADCB_results</name>
         <value>0xc002</value>
         <object_component_ref idref="oc-c4"/>
      </symbol>
      <symbol id="sm-2c1">
         <name>cla1Isr1</name>
         <value>0x82d40</value>
         <object_component_ref idref="oc-3b"/>
      </symbol>
      <symbol id="sm-2c2">
         <name>ADCB0_results_add</name>
         <value>0xb006</value>
         <object_component_ref idref="oc-72"/>
      </symbol>
      <symbol id="sm-2c3">
         <name>R_err</name>
         <value>0xc00e</value>
         <object_component_ref idref="oc-107"/>
      </symbol>
      <symbol id="sm-2c4">
         <name>INT_ControlPWM_ISR</name>
         <value>0x82b18</value>
         <object_component_ref idref="oc-4d"/>
      </symbol>
      <symbol id="sm-2c5">
         <name>alg_time</name>
         <value>0xb030</value>
         <object_component_ref idref="oc-72"/>
      </symbol>
      <symbol id="sm-2c6">
         <name>L_err</name>
         <value>0xc010</value>
         <object_component_ref idref="oc-107"/>
      </symbol>
      <symbol id="sm-2c7">
         <name>get_clk</name>
         <value>0xb02a</value>
         <object_component_ref idref="oc-72"/>
      </symbol>
      <symbol id="sm-2c8">
         <name>get_ls_clk</name>
         <value>0xb02c</value>
         <object_component_ref idref="oc-72"/>
      </symbol>
      <symbol id="sm-2ec">
         <name>Device_enableAllPeripherals</name>
         <value>0x823ae</value>
         <object_component_ref idref="oc-1e0"/>
      </symbol>
      <symbol id="sm-2ed">
         <name>Device_initGPIO</name>
         <value>0x8377b</value>
         <object_component_ref idref="oc-181"/>
      </symbol>
      <symbol id="sm-2ee">
         <name>Device_init</name>
         <value>0x8295f</value>
         <object_component_ref idref="oc-17b"/>
      </symbol>
      <symbol id="sm-2ef">
         <name>__error__</name>
         <value>0x82ffd</value>
         <object_component_ref idref="oc-1d4"/>
      </symbol>
      <symbol id="sm-2f7">
         <name>code_start</name>
         <value>0x80000</value>
         <object_component_ref idref="oc-2a"/>
      </symbol>
      <symbol id="sm-306">
         <name>ADC_setOffsetTrimAll</name>
         <value>0x8335d</value>
         <object_component_ref idref="oc-30d"/>
      </symbol>
      <symbol id="sm-315">
         <name>CLA_setTriggerSource</name>
         <value>0x83385</value>
         <object_component_ref idref="oc-2f9"/>
      </symbol>
      <symbol id="sm-32f">
         <name>CPUTimer_setEmulationMode</name>
         <value>0x83737</value>
         <object_component_ref idref="oc-316"/>
      </symbol>
      <symbol id="sm-378">
         <name>DMA_configTransfer</name>
         <value>0x8330b</value>
         <object_component_ref idref="oc-410"/>
      </symbol>
      <symbol id="sm-379">
         <name>DMA_configAddresses</name>
         <value>0x833ab</value>
         <object_component_ref idref="oc-404"/>
      </symbol>
      <symbol id="sm-37a">
         <name>DMA_configBurst</name>
         <value>0x83419</value>
         <object_component_ref idref="oc-40a"/>
      </symbol>
      <symbol id="sm-37b">
         <name>DMA_configWrap</name>
         <value>0x831f2</value>
         <object_component_ref idref="oc-416"/>
      </symbol>
      <symbol id="sm-37c">
         <name>DMA_configMode</name>
         <value>0x82751</value>
         <object_component_ref idref="oc-41c"/>
      </symbol>
      <symbol id="sm-397">
         <name>EPWM_setEmulationMode</name>
         <value>0x8367b</value>
         <object_component_ref idref="oc-330"/>
      </symbol>
      <symbol id="sm-407">
         <name>Flash_initModule</name>
         <value>0xa000</value>
         <object_component_ref idref="oc-1c8"/>
      </symbol>
      <symbol id="sm-471">
         <name>GPIO_setQualificationMode</name>
         <value>0x83119</value>
         <object_component_ref idref="oc-2e7"/>
      </symbol>
      <symbol id="sm-472">
         <name>GPIO_setPadConfig</name>
         <value>0x82d93</value>
         <object_component_ref idref="oc-1e7"/>
      </symbol>
      <symbol id="sm-473">
         <name>GPIO_setInterruptPin</name>
         <value>0x831be</value>
         <object_component_ref idref="oc-350"/>
      </symbol>
      <symbol id="sm-474">
         <name>GPIO_setAnalogMode</name>
         <value>0x82fc3</value>
         <object_component_ref idref="oc-1f3"/>
      </symbol>
      <symbol id="sm-475">
         <name>GPIO_setDirectionMode</name>
         <value>0x83225</value>
         <object_component_ref idref="oc-1ed"/>
      </symbol>
      <symbol id="sm-476">
         <name>GPIO_setPinConfig</name>
         <value>0x830e2</value>
         <object_component_ref idref="oc-2e1"/>
      </symbol>
      <symbol id="sm-477">
         <name>GPIO_setControllerCore</name>
         <value>0x830ab</value>
         <object_component_ref idref="oc-349"/>
      </symbol>
      <symbol id="sm-4c9">
         <name>Interrupt_initModule</name>
         <value>0x82f86</value>
         <object_component_ref idref="oc-187"/>
      </symbol>
      <symbol id="sm-4ca">
         <name>Interrupt_enable</name>
         <value>0x83150</value>
         <object_component_ref idref="oc-75"/>
      </symbol>
      <symbol id="sm-4cb">
         <name>Interrupt_initVectorTable</name>
         <value>0x83507</value>
         <object_component_ref idref="oc-18d"/>
      </symbol>
      <symbol id="sm-4eb">
         <name>MemCfg_setLSRAMControllerSel</name>
         <value>0x83187</value>
         <object_component_ref idref="oc-300"/>
      </symbol>
      <symbol id="sm-4ec">
         <name>MemCfg_setProtection</name>
         <value>0x829d2</value>
         <object_component_ref idref="oc-306"/>
      </symbol>
      <symbol id="sm-5fa">
         <name>SysCtl_isPLLValid</name>
         <value>0x8254a</value>
         <object_component_ref idref="oc-2c6"/>
      </symbol>
      <symbol id="sm-5fb">
         <name>SysCtl_delay</name>
         <value>0xa124</value>
         <object_component_ref idref="oc-1e6"/>
      </symbol>
      <symbol id="sm-5fc">
         <name>SysCtl_selectXTALSingleEnded</name>
         <value>0x83578</value>
         <object_component_ref idref="oc-36e"/>
      </symbol>
      <symbol id="sm-5fd">
         <name>SysCtl_selectXTAL</name>
         <value>0x8343d</value>
         <object_component_ref idref="oc-368"/>
      </symbol>
      <symbol id="sm-5fe">
         <name>SysCtl_selectOscSource</name>
         <value>0x82de5</value>
         <object_component_ref idref="oc-2c0"/>
      </symbol>
      <symbol id="sm-5ff">
         <name>SysCtl_getLowSpeedClock</name>
         <value>0x8355e</value>
         <object_component_ref idref="oc-1da"/>
      </symbol>
      <symbol id="sm-600">
         <name>SysCtl_setClock</name>
         <value>0x82485</value>
         <object_component_ref idref="oc-1ce"/>
      </symbol>
      <symbol id="sm-601">
         <name>SysCtl_getClock</name>
         <value>0x82be2</value>
         <object_component_ref idref="oc-1ab"/>
      </symbol>
      <symbol id="sm-60c">
         <name>_c_int00</name>
         <value>0x83638</value>
         <object_component_ref idref="oc-69"/>
      </symbol>
      <symbol id="sm-60d">
         <name>__stack</name>
         <value>0x400</value>
         <object_component_ref idref="oc-53"/>
      </symbol>
      <symbol id="sm-61d">
         <name>__TI_auto_init_nobinit_nopinit</name>
         <value>0x832e0</value>
         <object_component_ref idref="oc-10d"/>
      </symbol>
      <symbol id="sm-633">
         <name>C$$EXIT</name>
         <value>0x83334</value>
         <object_component_ref idref="oc-bb"/>
      </symbol>
      <symbol id="sm-634">
         <name>abort</name>
         <value>0x83334</value>
         <object_component_ref idref="oc-bb"/>
      </symbol>
      <symbol id="sm-635">
         <name>exit</name>
         <value>0x83336</value>
         <object_component_ref idref="oc-bb"/>
      </symbol>
      <symbol id="sm-636">
         <name>__TI_dtors_ptr</name>
         <value>0xb036</value>
         <object_component_ref idref="oc-145"/>
      </symbol>
      <symbol id="sm-637">
         <name>__TI_cleanup_ptr</name>
         <value>0xb034</value>
         <object_component_ref idref="oc-145"/>
      </symbol>
      <symbol id="sm-638">
         <name>__TI_enable_exit_profile_output</name>
         <value>0xb032</value>
         <object_component_ref idref="oc-145"/>
      </symbol>
      <symbol id="sm-647">
         <name>_args_main</name>
         <value>0x837fd</value>
         <object_component_ref idref="oc-b5"/>
      </symbol>
      <symbol id="sm-654">
         <name>_system_post_cinit</name>
         <value>0x83855</value>
         <object_component_ref idref="oc-166"/>
      </symbol>
      <symbol id="sm-656">
         <name>__c_args__</name>
         <value>0x0</value>
      </symbol>
   </symbol_table>
   <title>Link successful</title>
</link_info>
