******************************************************************************
             TMS320C2000 Linker PC v22.6.3                     
******************************************************************************
>> Linked Wed May 27 11:04:10 2026

OUTPUT FILE NAME:   <buck_converter_dma_original.out>
ENTRY POINT SYMBOL: "code_start"  address: 00080000


MEMORY CONFIGURATION

         name            origin    length      used     unused   attr    fill
----------------------  --------  ---------  --------  --------  ----  --------
PAGE 0:
  RAMM0                 000000f6   0000030a  00000000  0000030a  RWIX
  RAMLS0                00008000   00000800  000002b2  0000054e  RWIX
  RAMLS3                00009800   00000800  00000386  0000047a  RWIX
  RAMLS4                0000a000   00000800  00000128  000006d8  RWIX
  BEGIN                 00080000   00000002  00000002  00000000  RWIX
  FLASH_BANK0_SEC0      00080002   00000ffe  00000000  00000ffe  RWIX
  FLASH_BANK0_SEC1      00081000   00001000  0000018c  00000e74  RWIX
  FLASH_BANK0_SEC2      00082000   00001000  00001000  00000000  RWIX
  FLASH_BANK0_SEC3      00083000   00001000  000009b9  00000647  RWIX
  FLASH_BANK0_SEC4      00084000   00001000  0000072a  000008d6  RWIX
  FLASH_BANK0_SEC5      00085000   00001000  00000000  00001000  RWIX
  FLASH_BANK0_SEC6      00086000   00001000  00000000  00001000  RWIX
  FLASH_BANK0_SEC7      00087000   00001000  00000000  00001000  RWIX
  FLASH_BANK0_SEC8      00088000   00001000  00000000  00001000  RWIX
  FLASH_BANK0_SEC9      00089000   00001000  00000000  00001000  RWIX
  FLASH_BANK0_SEC10     0008a000   00001000  00000000  00001000  RWIX
  FLASH_BANK0_SEC11     0008b000   00001000  00000000  00001000  RWIX
  FLASH_BANK0_SEC12     0008c000   00001000  00000000  00001000  RWIX
  FLASH_BANK0_SEC13     0008d000   00001000  00000000  00001000  RWIX
  FLASH_BANK0_SEC14     0008e000   00001000  00000000  00001000  RWIX
  FLASH_BANK0_SEC15     0008f000   00001000  00000000  00001000  RWIX
  FLASH_BANK1_SEC0      00090000   00001000  00000000  00001000  RWIX
  FLASH_BANK1_SEC1      00091000   00001000  00000000  00001000  RWIX
  FLASH_BANK1_SEC2      00092000   00001000  00000000  00001000  RWIX
  FLASH_BANK1_SEC3      00093000   00001000  00000000  00001000  RWIX
  FLASH_BANK1_SEC4      00094000   00001000  00000000  00001000  RWIX
  FLASH_BANK1_SEC5      00095000   00001000  00000000  00001000  RWIX
  FLASH_BANK1_SEC6      00096000   00001000  00000000  00001000  RWIX
  FLASH_BANK1_SEC7      00097000   00001000  00000000  00001000  RWIX
  FLASH_BANK1_SEC8      00098000   00001000  00000000  00001000  RWIX
  FLASH_BANK1_SEC9      00099000   00001000  00000000  00001000  RWIX
  FLASH_BANK1_SEC10     0009a000   00001000  00000000  00001000  RWIX
  FLASH_BANK1_SEC11     0009b000   00001000  00000000  00001000  RWIX
  FLASH_BANK1_SEC12     0009c000   00001000  00000000  00001000  RWIX
  FLASH_BANK1_SEC13     0009d000   00001000  00000000  00001000  RWIX
  FLASH_BANK1_SEC14     0009e000   00001000  00000000  00001000  RWIX
  FLASH_BANK1_SEC15     0009f000   00000ff0  00000000  00000ff0  RWIX
  RESET                 003fffc0   00000002  00000000  00000002  RWIX

PAGE 1:
  BOOT_RSVD             00000002   000000f1  00000000  000000f1  RWIX
  RAMM1                 00000400   000003f8  000003f8  00000000  RWIX
  CLA1_MSGRAMLOW        00001480   00000080  00000004  0000007c  RWIX
  CLA1_MSGRAMHIGH       00001500   00000080  00000011  0000006f  RWIX
  RAMLS1                00008800   00000800  00000000  00000800  RWIX
  RAMLS2                00009000   00000800  00000000  00000800  RWIX
  RAMLS5                0000a800   00000800  0000007a  00000786  RWIX
  RAMLS6                0000b000   00000800  0000003c  000007c4  RWIX
  RAMLS7                0000b800   00000800  00000000  00000800  RWIX
  RAMGS0                0000c000   00002000  00000012  00001fee  RWIX
  RAMGS1                0000e000   00002000  00000000  00002000  RWIX
  RAMGS2                00010000   00002000  00000000  00002000  RWIX
  RAMGS3                00012000   00001ff8  00000000  00001ff8  RWIX


SECTION ALLOCATION MAP

 output                                  attributes/
section   page    origin      length       input sections
--------  ----  ----------  ----------   ----------------
codestart 
*          0    00080000    00000002     
                  00080000    00000002     f28004x_codestartbranch.obj (codestart)

.cinit     0    00081128    00000064     
                  00081128    00000026     (.cinit..data.load) [load image, compression = lzss]
                  0008114e    00000006     (.cinit.ramgs0.load) [load image, compression = lzss]
                  00081154    00000006     (__TI_handler_table)
                  0008115a    00000005     (.cinit.Cla1ToCpuMsgRAM.load) [load image, compression = lzss]
                  0008115f    00000005     (.cinit.CpuToCla1MsgRAM.load) [load image, compression = lzss]
                  00081164    00000004     (.cinit..bss.load) [load image, compression = zero_init]
                  00081168    00000004     (.cinit..bss_cla.load) [load image, compression = zero_init]
                  0008116c    00000004     (.cinit.Cla1DataRam.load) [load image, compression = zero_init]
                  00081170    0000001c     (__TI_cinit_table)

.stack     1    00000400    000003f8     UNINITIALIZED
                  00000400    000003f8     --HOLE--

.init_array 
*          0    00081000    00000000     UNINITIALIZED

.bss       1    0000a800    0000007a     UNINITIALIZED
                  0000a800    00000020     transient_det.obj (.bss:io_buff)
                  0000a820    00000020     transient_det.obj (.bss:tr_buff)
                  0000a840    00000020     transient_det.obj (.bss:vo_buff)
                  0000a860    00000012     main.obj (.bss)
                  0000a872    00000008     transient_det.obj (.bss)

.data      1    0000b000    0000003c     UNINITIALIZED
                  0000b000    00000032     main.obj (.data)
                  0000b032    00000006     rts2800_fpu32_eabi.lib : exit.c.obj (.data)
                  0000b038    00000002                            : _lock.c.obj (.data:_lock)
                  0000b03a    00000002     control_functions.obj (.data)

Cla1DataRam 
*          0    00009800    000002f0     UNINITIALIZED
                  00009800    000002f0     cla_tasks.obj (Cla1DataRam)

.TI.ramfunc 
*          0    00081000    00000128     RUN ADDR = 0000a000
                  00081000    00000044     driverlib_eabi.lib : flash.obj (.TI.ramfunc:Flash_initModule)
                  00081044    0000002c                        : flash.obj (.TI.ramfunc:Flash_setBankPowerMode)
                  00081070    00000023                        : flash.obj (.TI.ramfunc:Flash_setWaitstates)
                  00081093    0000001d                        : flash.obj (.TI.ramfunc:Flash_setPumpPowerMode)
                  000810b0    00000018                        : flash.obj (.TI.ramfunc:Flash_disableCache)
                  000810c8    00000018                        : flash.obj (.TI.ramfunc:Flash_disablePrefetch)
                  000810e0    00000017                        : flash.obj (.TI.ramfunc:Flash_enableCache)
                  000810f7    00000017                        : flash.obj (.TI.ramfunc:Flash_enablePrefetch)
                  0008110e    00000016                        : flash.obj (.TI.ramfunc:Flash_enableECC)
                  00081124    00000004                        : sysctl.obj (.TI.ramfunc)

.const     0    00084000    00000478     
                  00084000    0000009b     driverlib_eabi.lib : flash.obj (.const:.string)
                  0008409b    00000001     --HOLE-- [fill = 0]
                  0008409c    0000009a                        : sysctl.obj (.const:.string)
                  00084136    00000098                        : epwm.obj (.const:.string)
                  000841ce    00000098                        : gpio.obj (.const:.string)
                  00084266    00000097                        : dma.obj (.const:.string)
                  000842fd    00000001     --HOLE-- [fill = 0]
                  000842fe    00000089     board.obj (.const:.string)
                  00084387    00000001     --HOLE-- [fill = 0]
                  00084388    00000051     driverlib_eabi.lib : interrupt.obj (.const:.string)
                  000843d9    00000001     --HOLE-- [fill = 0]
                  000843da    00000050                        : cputimer.obj (.const:.string)
                  0008442a    0000004e                        : memcfg.obj (.const:.string)

ramgs0     1    0000c000    00000012     UNINITIALIZED
                  0000c000    0000000e     main.obj (ramgs0:uninit)
                  0000c00e    00000004     main.obj (ramgs0:init)

.reset     0    003fffc0    00000000     DSECT

Cla1Prog   0    00084478    000002b2     RUN ADDR = 00008000
                  00084478    000001a6     cla_tasks.obj (Cla1Prog:Cla1Task1)
                  0008461e    0000010c     cla_tasks.obj (Cla1Prog:derivatives)

Cla1ToCpuMsgRAM 
*          1    00001480    00000004     UNINITIALIZED
                  00001480    00000004     main.obj (Cla1ToCpuMsgRAM)

CpuToCla1MsgRAM 
*          1    00001500    00000011     UNINITIALIZED
                  00001500    00000010     main.obj (CpuToCla1MsgRAM:uninit)
                  00001510    00000001     main.obj (CpuToCla1MsgRAM:init)

.bss_cla   0    00009af0    00000096     UNINITIALIZED
                  00009af0    00000090     cla_tasks.obj (.bss_cla:valid_smpl)
                  00009b80    00000006     cla_tasks.obj (.bss_cla)

.const_cla 
*          0    00009800    00000000     UNINITIALIZED

.text.1    0    00082000    00001000     
                  00082000    000003c9     board.obj (.text:EPWM_init)
                  000823c9    000000d7     device.obj (.text:Device_enableAllPeripherals)
                  000824a0    000000c5     driverlib_eabi.lib : sysctl.obj (.text:SysCtl_setClock)
                  00082565    000000bd                        : sysctl.obj (.text:SysCtl_isPLLValid)
                  00082622    000000ab     board.obj (.text:MEMCFG_init)
                  000826cd    0000009f     transient_det.obj (.text:init_detector)
                  0008276c    0000009d     driverlib_eabi.lib : dma.obj (.text:DMA_configMode)
                  00082809    00000095     main.obj (.text:average_samples)
                  0008289e    0000007f     driverlib_eabi.lib : interrupt.obj (.text:Interrupt_clearIFR)
                  0008291d    00000079     main.obj (.text:samples_to_cla)
                  00082996    00000077     transient_det.obj (.text:transient_detector)
                  00082a0d    00000073     driverlib_eabi.lib : sysctl.obj (.text:DCC_setCounterSeeds)
                  00082a80    00000073     device.obj (.text:Device_init)
                  00082af3    00000072     driverlib_eabi.lib : memcfg.obj (.text:MemCfg_setProtection)
                  00082b65    0000006b     board.obj (.text:myADC1_init)
                  00082bd0    00000066     main.obj (.text:INT_ControlPWM_ISR)
                  00082c36    00000064     board.obj (.text:PinMux_init)
                  00082c9a    0000005e     driverlib_eabi.lib : sysctl.obj (.text:SysCtl_getClock)
                  00082cf8    00000058     board.obj (.text:EPWM_setActionQualifierAction)
                  00082d50    00000054     board.obj (.text:myADC0_init)
                  00082da4    00000054     board.obj (.text:myADC2_init)
                  00082df8    00000053     main.obj (.text:cla1Isr1)
                  00082e4b    00000052     driverlib_eabi.lib : gpio.obj (.text:GPIO_setPadConfig)
                  00082e9d    0000004e                        : interrupt.obj (.text:Interrupt_disable)
                  00082eeb    00000049                        : sysctl.obj (.text:SysCtl_selectOscSource)
                  00082f34    00000048     board.obj (.text:myDMA1_init)
                  00082f7c    00000047     board.obj (.text:myDMA0_init)
                  00082fc3    0000003d     main.obj (.text:INT_transient_det_pin_XINT_ISR)

.text.2    0    00083000    000009b9     
                  00083000    00000047     board.obj (.text:myDMA2_init)
                  00083047    00000045     main.obj (.text:err_calc)
                  0008308c    0000003f     board.obj (.text:Board_init)
                  000830cb    0000003d     driverlib_eabi.lib : interrupt.obj (.text:Interrupt_initModule)
                  00083108    0000003a                        : gpio.obj (.text:GPIO_setAnalogMode)
                  00083142    0000003a     main.obj (.text:main)
                  0008317c    00000038     board.obj (.text:INTERRUPT_init)
                  000831b4    00000038     main.obj (.text:duty_cycle_calculation)
                  000831ec    00000037     driverlib_eabi.lib : gpio.obj (.text:GPIO_setControllerCore)
                  00083223    00000037                        : gpio.obj (.text:GPIO_setPinConfig)
                  0008325a    00000037                        : gpio.obj (.text:GPIO_setQualificationMode)
                  00083291    00000037                        : interrupt.obj (.text:Interrupt_enable)
                  000832c8    00000037                        : memcfg.obj (.text:MemCfg_setLSRAMControllerSel)
                  000832ff    00000034                        : gpio.obj (.text:GPIO_setInterruptPin)
                  00083333    00000033                        : dma.obj (.text:DMA_configWrap)
                  00083366    00000031                        : gpio.obj (.text:GPIO_setDirectionMode)
                  00083397    00000031     board.obj (.text:SYNC_init)
                  000833c8    0000002e     rts2800_fpu32_eabi.lib : copy_decompress_lzss.c.obj (.text:decompress:lzss)
                  000833f6    0000002b     driverlib_eabi.lib : epwm.obj (.text:EPWM_isBaseValid)
                  00083421    0000002b     rts2800_fpu32_eabi.lib : autoinit.c.obj (.text:__TI_auto_init_nobinit_nopinit)
                  0008344c    00000029     driverlib_eabi.lib : dma.obj (.text:DMA_configTransfer)
                  00083475    00000029     rts2800_fpu32_eabi.lib : exit.c.obj (.text)
                  0008349e    00000028     driverlib_eabi.lib : adc.obj (.text:ADC_setOffsetTrimAll)
                  000834c6    00000026                        : cla.obj (.text:CLA_setTriggerSource)
                  000834ec    00000025                        : dma.obj (.text:DMA_configAddresses)
                  00083511    00000025     board.obj (.text:myCPUTIMER0_init)
                  00083536    00000024     driverlib_eabi.lib : sysctl.obj (.text:DCC_enableSingleShotMode)
                  0008355a    00000024                        : dma.obj (.text:DMA_configBurst)
                  0008357e    00000024                        : sysctl.obj (.text:SysCtl_selectXTAL)
                  000835a2    00000023                        : dma.obj (.text:DMA_isBaseValid)
                  000835c5    00000023                        : sysctl.obj (.text:SysCtl_pollX1Counter)
                  000835e8    00000020                        : gpio.obj (.text:XBAR_setInputPin)
                  00083608    0000001f     main.obj (.text:INT_tz_pin_XINT_ISR)
                  00083627    0000001e     driverlib_eabi.lib : sysctl.obj (.text:DCC_setCounter1ClkSource)
                  00083645    0000001e                        : interrupt.obj (.text:Interrupt_initVectorTable)
                  00083663    0000001d     rts2800_fpu32_eabi.lib : memcpy.c.obj (.text)
                  00083680    0000001c     driverlib_eabi.lib : sysctl.obj (.text:DCC_setCounter0ClkSource)
                  0008369c    0000001a                        : sysctl.obj (.text:SysCtl_getLowSpeedClock)
                  000836b6    0000001a                        : sysctl.obj (.text:SysCtl_selectXTALSingleEnded)
                  000836d0    00000019     control_functions.obj (.text:update_PI)
                  000836e9    00000018     main.obj (.text:INT_ControlPWM_TZ_ISR)
                  00083701    00000018     board.obj (.text:myCLA0_init)
                  00083719    00000018     board.obj (.text:transient_det_pin_init)
                  00083731    00000018     board.obj (.text:tz_pin_init)
                  00083749    00000017     driverlib_eabi.lib : cputimer.obj (.text:CPUTimer_isBaseValid)
                  00083760    00000017                        : sysctl.obj (.text:SysCtl_enablePeripheral)
                  00083777    00000017     board.obj (.text:debug_pin_init)
                  0008378e    00000017     rts2800_fpu32_eabi.lib : boot28.asm.obj (.text)
                  000837a5    00000016     driverlib_eabi.lib : sysctl.obj (.text:DCC_disableDoneSignal)
                  000837bb    00000016                        : sysctl.obj (.text:DCC_enableDoneSignal)
                  000837d1    00000016                        : epwm.obj (.text:EPWM_setEmulationMode)
                  000837e7    00000016     control_functions.obj (.text:duty_cycle_saturation)
                  000837fd    00000015     driverlib_eabi.lib : sysctl.obj (.text:DCC_clearDoneFlag)
                  00083812    00000015                        : sysctl.obj (.text:DCC_clearErrorFlag)
                  00083827    00000015                        : sysctl.obj (.text:DCC_disableErrorSignal)
                  0008383c    00000015                        : sysctl.obj (.text:DCC_enableErrorSignal)
                  00083851    00000014                        : sysctl.obj (.text:DCC_disableModule)
                  00083865    00000014                        : sysctl.obj (.text:DCC_enableModule)
                  00083879    00000014                        : gpio.obj (.text:GPIO_isPinValid)
                  0008388d    00000013                        : cputimer.obj (.text:CPUTimer_setEmulationMode)
                  000838a0    00000011     board.obj (.text:transient_det_pin_XINT_init)
                  000838b1    00000011     board.obj (.text:tz_pin_XINT_init)
                  000838c2    00000010     driverlib_eabi.lib : sysctl.obj (.text:DCC_isBaseValid)
                  000838d2    00000010     board.obj (.text:DMA_init)
                  000838e2    00000010     device.obj (.text:Device_initGPIO)
                  000838f2    00000010     driverlib_eabi.lib : flash.obj (.text:Flash_isCtrlBaseValid)
                  00083902    00000010                        : flash.obj (.text:Flash_isECCBaseValid)
                  00083912    00000010     control_functions.obj (.text:set_duty_cycle)
                  00083922    0000000e     driverlib_eabi.lib : interrupt.obj (.text:Interrupt_defaultHandler)
                  00083930    0000000d     board.obj (.text:ASYSCTL_init)
                  0008393d    0000000d     driverlib_eabi.lib : interrupt.obj (.text:Interrupt_disableGlobal)
                  0008394a    0000000d                        : interrupt.obj (.text:Interrupt_enableGlobal)
                  00083957    0000000c     rts2800_fpu32_eabi.lib : args_main.c.obj (.text)
                  00083963    0000000b     driverlib_eabi.lib : sysctl.obj (.text:SysCtl_isMCDClockFailureDetected)
                  0008396e    0000000b     control_functions.obj (.text:init_PI)
                  00083979    00000009     board.obj (.text:myINPUTXBARINPUT1_init)
                  00083982    00000009     board.obj (.text:myINPUTXBARINPUT4_init)
                  0008398b    00000008     rts2800_fpu32_eabi.lib : copy_decompress_none.c.obj (.text:decompress:none)
                  00083993    00000007     driverlib_eabi.lib : sysctl.obj (.text:SysCtl_resetMCD)
                  0008399a    00000007     control_functions.obj (.text:reset_PI)
                  000839a1    00000006     rts2800_fpu32_eabi.lib : copy_zero_init.c.obj (.text:decompress:ZI)
                  000839a7    00000006     board.obj (.text:myINPUTXBARINPUT0_init)
                  000839ad    00000003     device.obj (.text:__error__)
                  000839b0    00000002     driverlib_eabi.lib : interrupt.obj (.text:Interrupt_illegalOperationHandler)
                  000839b2    00000002                        : interrupt.obj (.text:Interrupt_nmiHandler)
                  000839b4    00000002     rts2800_fpu32_eabi.lib : pre_init.c.obj (.text)
                  000839b6    00000001     c2000ware_libraries.obj (.text:FFR_init)
                  000839b7    00000001     rts2800_fpu32_eabi.lib : _lock.c.obj (.text)
                  000839b8    00000001                            : startup.c.obj (.text)

MODULE SUMMARY

       Module                        code   ro data   rw data
       ------                        ----   -------   -------
    .\
       cla_tasks.obj                 1380   0         902    
       main.obj                      754    0         107    
       transient_det.obj             278    0         104    
       control_functions.obj         81     0         2      
    +--+-----------------------------+------+---------+---------+
       Total:                        2493   0         1115   
                                                             
    .\device\
       device.obj                    349    0         0      
       f28004x_codestartbranch.obj   2      0         0      
    +--+-----------------------------+------+---------+---------+
       Total:                        351    0         0      
                                                             
    .\syscfg\
       board.obj                     2204   137       0      
       c2000ware_libraries.obj       1      0         0      
    +--+-----------------------------+------+---------+---------+
       Total:                        2205   137       0      
                                                             
    C:/ti/ccs2040/ccs/tools/compiler/ti-cgt-c2000_22.6.3.LTS/lib/rts2800_fpu32_eabi.lib
       exit.c.obj                    41     0         6      
       copy_decompress_lzss.c.obj    46     0         0      
       autoinit.c.obj                43     0         0      
       memcpy.c.obj                  29     0         0      
       boot28.asm.obj                23     0         0      
       args_main.c.obj               12     0         0      
       copy_decompress_none.c.obj    8      0         0      
       copy_zero_init.c.obj          6      0         0      
       _lock.c.obj                   1      0         2      
       pre_init.c.obj                2      0         0      
       startup.c.obj                 1      0         0      
    +--+-----------------------------+------+---------+---------+
       Total:                        212    0         8      
                                                             
    C:\ti\c2000\C2000Ware_4_03_00_00\driverlib\f28004x\driverlib\ccs\Debug\driverlib_eabi.lib
       sysctl.obj                    1118   154       0      
       flash.obj                     616    155       0      
       gpio.obj                      458    152       0      
       dma.obj                       357    151       0      
       interrupt.obj                 395    81        0      
       memcfg.obj                    169    78        0      
       epwm.obj                      65     152       0      
       cputimer.obj                  42     80        0      
       adc.obj                       40     0         0      
       cla.obj                       38     0         0      
    +--+-----------------------------+------+---------+---------+
       Total:                        3298   1003      0      
                                                             
       Stack:                        0      0         1016   
       Linker Generated:             0      100       0      
    +--+-----------------------------+------+---------+---------+
       Grand Total:                  8559   1240      2139   


LINKER GENERATED COPY TABLES

__TI_cinit_table @ 00081170 records: 7, size/record: 4, table size: 28
	.data: load addr=00081128, load size=00000026 bytes, run addr=0000b000, run size=0000003c bytes, compression=lzss
	ramgs0: load addr=0008114e, load size=00000006 bytes, run addr=0000c000, run size=00000012 bytes, compression=lzss
	Cla1ToCpuMsgRAM: load addr=0008115a, load size=00000005 bytes, run addr=00001480, run size=00000004 bytes, compression=lzss
	CpuToCla1MsgRAM: load addr=0008115f, load size=00000005 bytes, run addr=00001500, run size=00000011 bytes, compression=lzss
	.bss: load addr=00081164, load size=00000004 bytes, run addr=0000a800, run size=0000007a bytes, compression=zero_init
	.bss_cla: load addr=00081168, load size=00000004 bytes, run addr=00009af0, run size=00000096 bytes, compression=zero_init
	Cla1DataRam: load addr=0008116c, load size=00000004 bytes, run addr=00009800, run size=000002f0 bytes, compression=zero_init


LINKER GENERATED HANDLER TABLE

__TI_handler_table @ 00081154 records: 3, size/record: 2, table size: 6
	index: 0, handler: __TI_zero_init
	index: 1, handler: __TI_decompress_lzss
	index: 2, handler: __TI_decompress_none


GLOBAL DATA SYMBOLS: SORTED BY DATA PAGE

address     data page           name
--------    ----------------    ----
00000400      10 (00000400)     __stack

00001480      52 (00001480)     R_out
00001482      52 (00001480)     L_out

00001500      54 (00001500)     vo_sample_test
00001508      54 (00001500)     io_sample_test
00001510      54 (00001500)     s_count

00009800     260 (00009800)     i
00009802     260 (00009800)     vo_smpl_cla

00009892     262 (00009880)     io_smpl_cla

00009922     264 (00009900)     dio_smpl_cla

000099b2     266 (00009980)     v_h

00009a42     269 (00009a40)     v2

00009ad2     26b (00009ac0)     n1_partial
00009ad4     26b (00009ac0)     n2_partial
00009ad6     26b (00009ac0)     piv0
00009ad7     26b (00009ac0)     piv1
00009ad8     26b (00009ac0)     col0
00009ad9     26b (00009ac0)     col1
00009ada     26b (00009ac0)     alpha
00009adc     26b (00009ac0)     beta
00009ade     26b (00009ac0)     vv
00009ae0     26b (00009ac0)     dot
00009ae2     26b (00009ac0)     dot1
00009ae4     26b (00009ac0)     alpha2
00009ae6     26b (00009ac0)     beta2
00009ae8     26b (00009ac0)     v2v2
00009aea     26b (00009ac0)     dot2
00009aec     26b (00009ac0)     sol
00009af0     26b (00009ac0)     valid_smpl

00009b80     26e (00009b80)     nsat_smpl
00009b82     26e (00009b80)     nsat_smpl_prev
00009b84     26e (00009b80)     ef_index

0000a800     2a0 (0000a800)     io_buff
0000a820     2a0 (0000a800)     tr_buff

0000a840     2a1 (0000a840)     vo_buff
0000a860     2a1 (0000a840)     transient_det_res
0000a861     2a1 (0000a840)     k
0000a862     2a1 (0000a840)     Vo_controller
0000a86a     2a1 (0000a840)     Il_controller
0000a872     2a1 (0000a840)     head
0000a874     2a1 (0000a840)     vo_sum
0000a876     2a1 (0000a840)     io_sum
0000a878     2a1 (0000a840)     tr_sum

0000b000     2c0 (0000b000)     fixed_duty_cycle
0000b002     2c0 (0000b000)     ADCA0_results_add
0000b004     2c0 (0000b000)     ADCA0_Result_base
0000b006     2c0 (0000b000)     ADCB0_results_add
0000b008     2c0 (0000b000)     ADCB0_Result_base
0000b00a     2c0 (0000b000)     ADCC0_results_add
0000b00c     2c0 (0000b000)     ADCC0_Result_base
0000b00e     2c0 (0000b000)     d
0000b010     2c0 (0000b000)     fixed_d
0000b012     2c0 (0000b000)     Iin_avg
0000b014     2c0 (0000b000)     Io_avg
0000b016     2c0 (0000b000)     Il_avg
0000b018     2c0 (0000b000)     Vo_avg
0000b01a     2c0 (0000b000)     Vin_avg
0000b01c     2c0 (0000b000)     Vo_error
0000b01e     2c0 (0000b000)     Il_error
0000b020     2c0 (0000b000)     Vo_ref
0000b022     2c0 (0000b000)     kpv
0000b024     2c0 (0000b000)     kiv
0000b026     2c0 (0000b000)     kpi
0000b028     2c0 (0000b000)     kii
0000b02a     2c0 (0000b000)     get_clk
0000b02c     2c0 (0000b000)     get_ls_clk
0000b02e     2c0 (0000b000)     timer_count
0000b030     2c0 (0000b000)     alg_time
0000b032     2c0 (0000b000)     __TI_enable_exit_profile_output
0000b034     2c0 (0000b000)     __TI_cleanup_ptr
0000b036     2c0 (0000b000)     __TI_dtors_ptr
0000b038     2c0 (0000b000)     _lock

0000c000     300 (0000c000)     ADCA_results
0000c002     300 (0000c000)     ADCB_results
0000c006     300 (0000c000)     ADCC_results
0000c00e     300 (0000c000)     R_err
0000c010     300 (0000c000)     L_err


GLOBAL SYMBOLS: SORTED ALPHABETICALLY BY Name 

page  address   name                           
----  -------   ----                           
1     0000b004  ADCA0_Result_base              
1     0000b002  ADCA0_results_add              
1     0000c000  ADCA_results                   
1     0000b008  ADCB0_Result_base              
1     0000b006  ADCB0_results_add              
1     0000c002  ADCB_results                   
1     0000b00c  ADCC0_Result_base              
1     0000b00a  ADCC0_results_add              
1     0000c006  ADCC_results                   
0     0008349e  ADC_setOffsetTrimAll           
0     00083930  ASYSCTL_init                   
0     0008308c  Board_init                     
0     00083475  C$$EXIT                        
0     000839b6  C2000Ware_libraries_init       
0     000834c6  CLA_setTriggerSource           
0     00083511  CPUTIMER_init                  
0     0008388d  CPUTimer_setEmulationMode      
abs   00000000  Cla1ConstLoadSize              
0     00009800  Cla1ConstLoadStart             
0     00009800  Cla1ConstRunStart              
abs   000002b2  Cla1ProgLoadSize               
0     00084478  Cla1ProgLoadStart              
0     00008000  Cla1ProgRunStart               
0     00008000  Cla1Task1                      
0     000834ec  DMA_configAddresses            
0     0008355a  DMA_configBurst                
0     0008276c  DMA_configMode                 
0     0008344c  DMA_configTransfer             
0     00083333  DMA_configWrap                 
0     000838d2  DMA_init                       
0     000823c9  Device_enableAllPeripherals    
0     00082a80  Device_init                    
0     000838e2  Device_initGPIO                
0     00082000  EPWM_init                      
0     000837d1  EPWM_setEmulationMode          
0     000839b6  FFR_init                       
0     0000a000  Flash_initModule               
0     00083108  GPIO_setAnalogMode             
0     000831ec  GPIO_setControllerCore         
0     00083366  GPIO_setDirectionMode          
0     000832ff  GPIO_setInterruptPin           
0     00082e4b  GPIO_setPadConfig              
0     00083223  GPIO_setPinConfig              
0     0008325a  GPIO_setQualificationMode      
0     0008317c  INTERRUPT_init                 
0     00082bd0  INT_ControlPWM_ISR             
0     000836e9  INT_ControlPWM_TZ_ISR          
0     00082fc3  INT_transient_det_pin_XINT_ISR 
0     00083608  INT_tz_pin_XINT_ISR            
1     0000b012  Iin_avg                        
1     0000b016  Il_avg                         
1     0000a86a  Il_controller                  
1     0000b01e  Il_error                       
0     00082e9d  Interrupt_disable              
0     00083291  Interrupt_enable               
0     000830cb  Interrupt_initModule           
0     00083645  Interrupt_initVectorTable      
1     0000b014  Io_avg                         
1     0000c010  L_err                          
1     00001482  L_out                          
0     00082622  MEMCFG_init                    
0     000832c8  MemCfg_setLSRAMControllerSel   
0     00082af3  MemCfg_setProtection           
0     00082c36  PinMux_init                    
1     0000c00e  R_err                          
1     00001480  R_out                          
0     00081128  RamfuncsLoadEnd                
abs   00000128  RamfuncsLoadSize               
0     00081000  RamfuncsLoadStart              
0     0000a128  RamfuncsRunEnd                 
abs   00000128  RamfuncsRunSize                
0     0000a000  RamfuncsRunStart               
0     00083397  SYNC_init                      
0     0000a124  SysCtl_delay                   
0     00082c9a  SysCtl_getClock                
0     0008369c  SysCtl_getLowSpeedClock        
0     00082565  SysCtl_isPLLValid              
0     00082eeb  SysCtl_selectOscSource         
0     0008357e  SysCtl_selectXTAL              
0     000836b6  SysCtl_selectXTALSingleEnded   
0     000824a0  SysCtl_setClock                
1     0000b01a  Vin_avg                        
1     0000b018  Vo_avg                         
1     0000a862  Vo_controller                  
1     0000b01c  Vo_error                       
1     0000b020  Vo_ref                         
0     00081170  __TI_CINIT_Base                
0     0008118c  __TI_CINIT_Limit               
0     0008118c  __TI_CINIT_Warm                
0     00081154  __TI_Handler_Table_Base        
0     0008115a  __TI_Handler_Table_Limit       
1     000007f8  __TI_STACK_END                 
abs   000003f8  __TI_STACK_SIZE                
0     00083421  __TI_auto_init_nobinit_nopinit 
1     0000b034  __TI_cleanup_ptr               
0     000833c8  __TI_decompress_lzss           
0     0008398b  __TI_decompress_none           
1     0000b036  __TI_dtors_ptr                 
1     0000b032  __TI_enable_exit_profile_output
abs   ffffffff  __TI_pprof_out_hndl            
abs   ffffffff  __TI_prof_data_size            
abs   ffffffff  __TI_prof_data_start           
0     000839a1  __TI_zero_init                 
n/a   UNDEFED   __c_args__                     
0     000839ad  __error__                      
1     00000400  __stack                        
0     00083957  _args_main                     
0     0008378e  _c_int00                       
1     0000b038  _lock                          
0     000839b7  _nop                           
0     000839b8  _system_post_cinit             
0     000839b4  _system_pre_init               
0     00083475  abort                          
1     0000b030  alg_time                       
0     00009ada  alpha                          
0     00009ae4  alpha2                         
0     00082809  average_samples                
0     00009adc  beta                           
0     00009ae6  beta2                          
0     00082df8  cla1Isr1                       
0     00080000  code_start                     
0     00009ad8  col0                           
0     00009ad9  col1                           
1     0000b00e  d                              
0     00083777  debug_pin_init                 
0     000081a6  derivatives                    
0     00009922  dio_smpl_cla                   
0     00009ae0  dot                            
0     00009ae2  dot1                           
0     00009aea  dot2                           
0     000831b4  duty_cycle_calculation         
0     000837e7  duty_cycle_saturation          
0     00009b84  ef_index                       
0     00083047  err_calc                       
0     00083477  exit                           
1     0000b010  fixed_d                        
1     0000b000  fixed_duty_cycle               
1     0000b02a  get_clk                        
1     0000b02c  get_ls_clk                     
1     0000a872  head                           
0     00009800  i                              
0     0008396e  init_PI                        
0     000826cd  init_detector                  
1     0000a800  io_buff                        
1     00001508  io_sample_test                 
0     00009892  io_smpl_cla                    
1     0000a876  io_sum                         
1     0000a861  k                              
1     0000b028  kii                            
1     0000b024  kiv                            
1     0000b026  kpi                            
1     0000b022  kpv                            
0     00083142  main                           
0     00083663  memcpy                         
0     00082d50  myADC0_init                    
0     00082b65  myADC1_init                    
0     00082da4  myADC2_init                    
0     00083701  myCLA0_init                    
0     00083511  myCPUTIMER0_init               
0     00082f7c  myDMA0_init                    
0     00082f34  myDMA1_init                    
0     00083000  myDMA2_init                    
0     000839a7  myINPUTXBARINPUT0_init         
0     00083979  myINPUTXBARINPUT1_init         
0     00083982  myINPUTXBARINPUT4_init         
0     00009ad2  n1_partial                     
0     00009ad4  n2_partial                     
0     00009b80  nsat_smpl                      
0     00009b82  nsat_smpl_prev                 
0     00009ad6  piv0                           
0     00009ad7  piv1                           
0     0008399a  reset_PI                       
1     00001510  s_count                        
0     0008291d  samples_to_cla                 
0     00083912  set_duty_cycle                 
0     00009aec  sol                            
1     0000b02e  timer_count                    
1     0000a820  tr_buff                        
1     0000a878  tr_sum                         
0     000838a0  transient_det_pin_XINT_init    
0     00083719  transient_det_pin_init         
1     0000a860  transient_det_res              
0     00082996  transient_detector             
0     000838b1  tz_pin_XINT_init               
0     00083731  tz_pin_init                    
0     000836d0  update_PI                      
0     00009a42  v2                             
0     00009ae8  v2v2                           
0     000099b2  v_h                            
0     00009af0  valid_smpl                     
1     0000a840  vo_buff                        
1     00001500  vo_sample_test                 
0     00009802  vo_smpl_cla                    
1     0000a874  vo_sum                         
0     00009ade  vv                             


GLOBAL SYMBOLS: SORTED BY Symbol Address 

page  address   name                           
----  -------   ----                           
0     00008000  Cla1ProgRunStart               
0     00008000  Cla1Task1                      
0     000081a6  derivatives                    
0     00009800  Cla1ConstLoadStart             
0     00009800  Cla1ConstRunStart              
0     00009800  i                              
0     00009802  vo_smpl_cla                    
0     00009892  io_smpl_cla                    
0     00009922  dio_smpl_cla                   
0     000099b2  v_h                            
0     00009a42  v2                             
0     00009ad2  n1_partial                     
0     00009ad4  n2_partial                     
0     00009ad6  piv0                           
0     00009ad7  piv1                           
0     00009ad8  col0                           
0     00009ad9  col1                           
0     00009ada  alpha                          
0     00009adc  beta                           
0     00009ade  vv                             
0     00009ae0  dot                            
0     00009ae2  dot1                           
0     00009ae4  alpha2                         
0     00009ae6  beta2                          
0     00009ae8  v2v2                           
0     00009aea  dot2                           
0     00009aec  sol                            
0     00009af0  valid_smpl                     
0     00009b80  nsat_smpl                      
0     00009b82  nsat_smpl_prev                 
0     00009b84  ef_index                       
0     0000a000  Flash_initModule               
0     0000a000  RamfuncsRunStart               
0     0000a124  SysCtl_delay                   
0     0000a128  RamfuncsRunEnd                 
0     00080000  code_start                     
0     00081000  RamfuncsLoadStart              
0     00081128  RamfuncsLoadEnd                
0     00081154  __TI_Handler_Table_Base        
0     0008115a  __TI_Handler_Table_Limit       
0     00081170  __TI_CINIT_Base                
0     0008118c  __TI_CINIT_Limit               
0     0008118c  __TI_CINIT_Warm                
0     00082000  EPWM_init                      
0     000823c9  Device_enableAllPeripherals    
0     000824a0  SysCtl_setClock                
0     00082565  SysCtl_isPLLValid              
0     00082622  MEMCFG_init                    
0     000826cd  init_detector                  
0     0008276c  DMA_configMode                 
0     00082809  average_samples                
0     0008291d  samples_to_cla                 
0     00082996  transient_detector             
0     00082a80  Device_init                    
0     00082af3  MemCfg_setProtection           
0     00082b65  myADC1_init                    
0     00082bd0  INT_ControlPWM_ISR             
0     00082c36  PinMux_init                    
0     00082c9a  SysCtl_getClock                
0     00082d50  myADC0_init                    
0     00082da4  myADC2_init                    
0     00082df8  cla1Isr1                       
0     00082e4b  GPIO_setPadConfig              
0     00082e9d  Interrupt_disable              
0     00082eeb  SysCtl_selectOscSource         
0     00082f34  myDMA1_init                    
0     00082f7c  myDMA0_init                    
0     00082fc3  INT_transient_det_pin_XINT_ISR 
0     00083000  myDMA2_init                    
0     00083047  err_calc                       
0     0008308c  Board_init                     
0     000830cb  Interrupt_initModule           
0     00083108  GPIO_setAnalogMode             
0     00083142  main                           
0     0008317c  INTERRUPT_init                 
0     000831b4  duty_cycle_calculation         
0     000831ec  GPIO_setControllerCore         
0     00083223  GPIO_setPinConfig              
0     0008325a  GPIO_setQualificationMode      
0     00083291  Interrupt_enable               
0     000832c8  MemCfg_setLSRAMControllerSel   
0     000832ff  GPIO_setInterruptPin           
0     00083333  DMA_configWrap                 
0     00083366  GPIO_setDirectionMode          
0     00083397  SYNC_init                      
0     000833c8  __TI_decompress_lzss           
0     00083421  __TI_auto_init_nobinit_nopinit 
0     0008344c  DMA_configTransfer             
0     00083475  C$$EXIT                        
0     00083475  abort                          
0     00083477  exit                           
0     0008349e  ADC_setOffsetTrimAll           
0     000834c6  CLA_setTriggerSource           
0     000834ec  DMA_configAddresses            
0     00083511  CPUTIMER_init                  
0     00083511  myCPUTIMER0_init               
0     0008355a  DMA_configBurst                
0     0008357e  SysCtl_selectXTAL              
0     00083608  INT_tz_pin_XINT_ISR            
0     00083645  Interrupt_initVectorTable      
0     00083663  memcpy                         
0     0008369c  SysCtl_getLowSpeedClock        
0     000836b6  SysCtl_selectXTALSingleEnded   
0     000836d0  update_PI                      
0     000836e9  INT_ControlPWM_TZ_ISR          
0     00083701  myCLA0_init                    
0     00083719  transient_det_pin_init         
0     00083731  tz_pin_init                    
0     00083777  debug_pin_init                 
0     0008378e  _c_int00                       
0     000837d1  EPWM_setEmulationMode          
0     000837e7  duty_cycle_saturation          
0     0008388d  CPUTimer_setEmulationMode      
0     000838a0  transient_det_pin_XINT_init    
0     000838b1  tz_pin_XINT_init               
0     000838d2  DMA_init                       
0     000838e2  Device_initGPIO                
0     00083912  set_duty_cycle                 
0     00083930  ASYSCTL_init                   
0     00083957  _args_main                     
0     0008396e  init_PI                        
0     00083979  myINPUTXBARINPUT1_init         
0     00083982  myINPUTXBARINPUT4_init         
0     0008398b  __TI_decompress_none           
0     0008399a  reset_PI                       
0     000839a1  __TI_zero_init                 
0     000839a7  myINPUTXBARINPUT0_init         
0     000839ad  __error__                      
0     000839b4  _system_pre_init               
0     000839b6  C2000Ware_libraries_init       
0     000839b6  FFR_init                       
0     000839b7  _nop                           
0     000839b8  _system_post_cinit             
0     00084478  Cla1ProgLoadStart              
1     00000400  __stack                        
1     000007f8  __TI_STACK_END                 
1     00001480  R_out                          
1     00001482  L_out                          
1     00001500  vo_sample_test                 
1     00001508  io_sample_test                 
1     00001510  s_count                        
1     0000a800  io_buff                        
1     0000a820  tr_buff                        
1     0000a840  vo_buff                        
1     0000a860  transient_det_res              
1     0000a861  k                              
1     0000a862  Vo_controller                  
1     0000a86a  Il_controller                  
1     0000a872  head                           
1     0000a874  vo_sum                         
1     0000a876  io_sum                         
1     0000a878  tr_sum                         
1     0000b000  fixed_duty_cycle               
1     0000b002  ADCA0_results_add              
1     0000b004  ADCA0_Result_base              
1     0000b006  ADCB0_results_add              
1     0000b008  ADCB0_Result_base              
1     0000b00a  ADCC0_results_add              
1     0000b00c  ADCC0_Result_base              
1     0000b00e  d                              
1     0000b010  fixed_d                        
1     0000b012  Iin_avg                        
1     0000b014  Io_avg                         
1     0000b016  Il_avg                         
1     0000b018  Vo_avg                         
1     0000b01a  Vin_avg                        
1     0000b01c  Vo_error                       
1     0000b01e  Il_error                       
1     0000b020  Vo_ref                         
1     0000b022  kpv                            
1     0000b024  kiv                            
1     0000b026  kpi                            
1     0000b028  kii                            
1     0000b02a  get_clk                        
1     0000b02c  get_ls_clk                     
1     0000b02e  timer_count                    
1     0000b030  alg_time                       
1     0000b032  __TI_enable_exit_profile_output
1     0000b034  __TI_cleanup_ptr               
1     0000b036  __TI_dtors_ptr                 
1     0000b038  _lock                          
1     0000c000  ADCA_results                   
1     0000c002  ADCB_results                   
1     0000c006  ADCC_results                   
1     0000c00e  R_err                          
1     0000c010  L_err                          
abs   00000000  Cla1ConstLoadSize              
abs   00000128  RamfuncsLoadSize               
abs   00000128  RamfuncsRunSize                
abs   000002b2  Cla1ProgLoadSize               
abs   000003f8  __TI_STACK_SIZE                
abs   ffffffff  __TI_pprof_out_hndl            
abs   ffffffff  __TI_prof_data_size            
abs   ffffffff  __TI_prof_data_start           
n/a   UNDEFED   __c_args__                     

[195 symbols]
