******************************************************************************
             TMS320C2000 Linker PC v22.6.3                     
******************************************************************************
>> Linked Wed Jun 17 10:24:47 2026

OUTPUT FILE NAME:   <buck_converter_dma_original.out>
ENTRY POINT SYMBOL: "code_start"  address: 00080000


MEMORY CONFIGURATION

         name            origin    length      used     unused   attr    fill
----------------------  --------  ---------  --------  --------  ----  --------
PAGE 0:
  RAMM0                 000000f6   0000030a  00000000  0000030a  RWIX
  RAMLS0                00008000   00000800  00000000  00000800  RWIX
  RAMLS3                00009800   00000800  00000420  000003e0  RWIX
  RAMLS4                0000a000   00000800  000000e7  00000719  RWIX
  BEGIN                 00080000   00000002  00000002  00000000  RWIX
  FLASH_BANK0_SEC0      00080002   00000ffe  00000000  00000ffe  RWIX
  FLASH_BANK0_SEC1      00081000   00001000  00000149  00000eb7  RWIX
  FLASH_BANK0_SEC2      00082000   00001000  00001000  00000000  RWIX
  FLASH_BANK0_SEC3      00083000   00001000  000005d0  00000a30  RWIX
  FLASH_BANK0_SEC4      00084000   00001000  00000b52  000004ae  RWIX
  FLASH_BANK0_SEC5      00085000   00001000  00000000  00001000  RWIX
  FLASH_BANK0_SEC6      00086000   00001000  00000000  00001000  RWIX
  FLASH_BANK0_SEC7      00087000   00001000  00000000  00001000  RWIX
  FLASH_BANK0_SEC8      00088000   00001000  00000000  00001000  RWIX
  FLASH_BANK0_SEC9      00089000   00001000  00000000  00001000  RWIX
  FLASH_BANK0_SEC10     0008a000   00001000  00000000  00001000  RWIX
  FLASH_BANK0_SEC11     0008b000   00001000  00000000  00001000  RWIX
  FLASH_BANK0_SEC12     0008c000   00001000  00000000  00001000  RWIX
  FLASH_BANK0_SEC13     0008d000   00001000  00000000  00001000  RWIX
  FLASH_BANK0_SEC14     0008e000   00001000  00000000  00001000  RWIX
  FLASH_BANK0_SEC15     0008f000   00001000  00000000  00001000  RWIX
  FLASH_BANK1_SEC0      00090000   00001000  00000000  00001000  RWIX
  FLASH_BANK1_SEC1      00091000   00001000  00000000  00001000  RWIX
  FLASH_BANK1_SEC2      00092000   00001000  00000000  00001000  RWIX
  FLASH_BANK1_SEC3      00093000   00001000  00000000  00001000  RWIX
  FLASH_BANK1_SEC4      00094000   00001000  00000000  00001000  RWIX
  FLASH_BANK1_SEC5      00095000   00001000  00000000  00001000  RWIX
  FLASH_BANK1_SEC6      00096000   00001000  00000000  00001000  RWIX
  FLASH_BANK1_SEC7      00097000   00001000  00000000  00001000  RWIX
  FLASH_BANK1_SEC8      00098000   00001000  00000000  00001000  RWIX
  FLASH_BANK1_SEC9      00099000   00001000  00000000  00001000  RWIX
  FLASH_BANK1_SEC10     0009a000   00001000  00000000  00001000  RWIX
  FLASH_BANK1_SEC11     0009b000   00001000  00000000  00001000  RWIX
  FLASH_BANK1_SEC12     0009c000   00001000  00000000  00001000  RWIX
  FLASH_BANK1_SEC13     0009d000   00001000  00000000  00001000  RWIX
  FLASH_BANK1_SEC14     0009e000   00001000  00000000  00001000  RWIX
  FLASH_BANK1_SEC15     0009f000   00000ff0  00000000  00000ff0  RWIX
  RESET                 003fffc0   00000002  00000000  00000002  RWIX

PAGE 1:
  BOOT_RSVD             00000002   000000f1  00000000  000000f1  RWIX
  RAMM1                 00000400   000003f8  000003f8  00000000  RWIX
  CLA1_MSGRAMLOW        00001480   00000080  00000004  0000007c  RWIX
  CLA1_MSGRAMHIGH       00001500   00000080  00000011  0000006f  RWIX
  RAMLS1                00008800   00000800  00000000  00000800  RWIX
  RAMLS2                00009000   00000800  00000000  00000800  RWIX
  RAMLS5                0000a800   00000800  0000004a  000007b6  RWIX
  RAMLS6                0000b000   00000800  0000003a  000007c6  RWIX
  RAMLS7                0000b800   00000800  00000000  00000800  RWIX
  RAMGS0                0000c000   00002000  00000012  00001fee  RWIX
  RAMGS1                0000e000   00002000  00000000  00002000  RWIX
  RAMGS2                00010000   00002000  00000000  00002000  RWIX
  RAMGS3                00012000   00001ff8  00000000  00001ff8  RWIX


SECTION ALLOCATION MAP

 output                                  attributes/
section   page    origin      length       input sections
--------  ----  ----------  ----------   ----------------
codestart 
*          0    00080000    00000002     
                  00080000    00000002     f28004x_codestartbranch.obj (codestart)

.cinit     0    000810e8    00000062     
                  000810e8    0000001b     (.cinit..data.load) [load image, compression = lzss]
                  00081103    00000006     (.cinit.ramgs0.load) [load image, compression = lzss]
                  00081109    00000001     --HOLE-- [fill = 0]
                  0008110a    00000006     (__TI_handler_table)
                  00081110    00000005     (.cinit.Cla1ToCpuMsgRAM.load) [load image, compression = lzss]
                  00081115    00000005     (.cinit.CpuToCla1MsgRAM.load) [load image, compression = lzss]
                  0008111a    00000004     (.cinit..bss.load) [load image, compression = zero_init]
                  0008111e    00000004     (.cinit..bss_cla.load) [load image, compression = zero_init]
                  00081122    00000004     (.cinit..scratchpad.load) [load image, compression = zero_init]
                  00081126    00000004     (.cinit.Cla1DataRam.load) [load image, compression = zero_init]
                  0008112a    00000020     (__TI_cinit_table)

.stack     1    00000400    000003f8     UNINITIALIZED
                  00000400    000003f8     --HOLE--

.init_array 
*          0    00081000    00000000     UNINITIALIZED

.bss       1    0000a800    0000004a     UNINITIALIZED
                  0000a800    00000012     main.obj (.bss)
                  0000a812    00000010     transient_det.obj (.bss:io_buff)
                  0000a822    00000010     transient_det.obj (.bss:tr_buff)
                  0000a832    00000010     transient_det.obj (.bss:vo_buff)
                  0000a842    00000008     transient_det.obj (.bss)

.data      1    0000b000    0000003a     UNINITIALIZED
                  0000b000    00000030     main.obj (.data)
                  0000b030    00000006     rts2800_fpu32_eabi.lib : exit.c.obj (.data)
                  0000b036    00000002                            : _lock.c.obj (.data:_lock)
                  0000b038    00000002     control_functions.obj (.data)

Cla1DataRam 
*          0    00009800    000002f0     UNINITIALIZED
                  00009800    000002f0     cla_tasks.obj (Cla1DataRam)

.bss_cla   0    00009af0    0000012a     UNINITIALIZED
                  00009af0    00000090     cla_tasks.obj (.bss_cla:valid_smpl_val_i)
                  00009b80    00000090     cla_tasks.obj (.bss_cla:valid_smpl_val_v)
                  00009c10    0000000a     cla_tasks.obj (.bss_cla)

.scratchpad 
*          0    00009c1a    00000006     UNINITIALIZED
                  00009c1a    00000006     cla_tasks.obj (.scratchpad:Cla1Prog:derivatives)
                  00009c1a    00000002     cla_tasks.obj (.scratchpad:Cla1Prog:partial_norms)
                  00009c1a    00000002     cla_tasks.obj (.scratchpad:Cla1Prog:back_subs)

.TI.ramfunc 
*          0    00081000    000000e7     RUN ADDR = 0000a000
                  00081000    000000e3     flash.obj (.TI.ramfunc:Flash_initModule)
                  000810e3    00000004     sysctl.obj (.TI.ramfunc)

.const     0    00084978    000001da     
                  00084978    000000df     <whole-program> (.const:.string)
                  00084a57    00000001     --HOLE-- [fill = 0]
                  00084a58    00000089     board.obj (.const:.string)
                  00084ae1    00000001     --HOLE-- [fill = 0]
                  00084ae2    00000038     flash.obj (.const:.string)
                  00084b1a    00000038     sysctl.obj (.const:.string)

ramgs0     1    0000c000    00000012     UNINITIALIZED
                  0000c000    0000000e     main.obj (ramgs0:uninit)
                  0000c00e    00000004     main.obj (ramgs0:init)

.reset     0    003fffc0    00000000     DSECT

Cla1Prog   0    00084000    00000978     FAILED TO ALLOCATE
Cla1ToCpuMsgRAM 
*          1    00001480    00000004     UNINITIALIZED
                  00001480    00000004     main.obj (Cla1ToCpuMsgRAM)

CpuToCla1MsgRAM 
*          1    00001500    00000011     UNINITIALIZED
                  00001500    00000010     main.obj (CpuToCla1MsgRAM:uninit)
                  00001510    00000001     main.obj (CpuToCla1MsgRAM:init)

.const_cla 
*          0    00009800    00000000     UNINITIALIZED

.text.1    0    00082000    00001000     
                  00082000    0000034f     board.obj (.text:EPWM_init)
                  0008234f    000000fe     sysctl.obj (.text:SysCtl_isPLLValid)
                  0008244d    000000d7     device.obj (.text:Device_enableAllPeripherals)
                  00082524    000000c3     sysctl.obj (.text:SysCtl_setClock)
                  000825e7    000000b3     dma.obj (.text:DMA_configMode)
                  0008269a    000000b3     board.obj (.text:MEMCFG_init)
                  0008274d    00000092     memcfg.obj (.text:MemCfg_setProtection)
                  000827df    00000083     main.obj (.text:average_samples)
                  00082862    00000077     transient_det.obj (.text:transient_detector)
                  000828d9    00000073     device.obj (.text:Device_init)
                  0008294c    0000006a     main.obj (.text:INT_ControlPWM_fixed_fsw_ISR)
                  000829b6    00000069     board.obj (.text:PinMux_init)
                  00082a1f    00000069     board.obj (.text:myADC0_init)
                  00082a88    00000069     main.obj (.text:samples_to_cla)
                  00082af1    00000067     memcfg.obj (.text:MemCfg_setLSRAMControllerSel)
                  00082b58    00000060     board.obj (.text:myADC1_init)
                  00082bb8    00000059     board.obj (.text:myDMA1_init)
                  00082c11    00000058     board.obj (.text:EPWM_setActionQualifierAction)
                  00082c69    00000057     transient_det.obj (.text:init_detector)
                  00082cc0    00000055     gpio.obj (.text:GPIO_setPadConfig)
                  00082d15    00000053     main.obj (.text:cla1Isr1)
                  00082d68    00000050     sysctl.obj (.text:SysCtl_getClock)
                  00082db8    00000048     dma.obj (.text:DMA_configWrap)
                  00082e00    00000047     board.obj (.text:myDMA0_init)
                  00082e47    00000045     gpio.obj (.text:GPIO_setInterruptPin)
                  00082e8c    00000044     main.obj (.text:err_calc)
                  00082ed0    00000043     sysctl.obj (.text:SysCtl_selectOscSource)
                  00082f13    00000041     interrupt.obj (.text:Interrupt_initModule)
                  00082f54    0000003f     dma.obj (.text:DMA_configTransfer)
                  00082f93    0000003d     main.obj (.text:INT_transient_det_pin_XINT_ISR)
                  00082fd0    00000030     gpio.obj (.text:GPIO_setPinConfig)

.text.2    0    00083000    000005d0     
                  00083000    0000003b     dma.obj (.text:DMA_configBurst)
                  0008303b    0000003a     main.obj (.text:main)
                  00083075    00000039     board.obj (.text:Board_init)
                  000830ae    00000038     gpio.obj (.text:GPIO_setControllerCore)
                  000830e6    00000038     gpio.obj (.text:GPIO_setQualificationMode)
                  0008311e    00000038     main.obj (.text:duty_cycle_calculation)
                  00083156    00000037     gpio.obj (.text:GPIO_setAnalogMode)
                  0008318d    00000036     interrupt.obj (.text:Interrupt_enable)
                  000831c3    00000035     epwm.obj (.text:EPWM_setEmulationMode)
                  000831f8    00000034     gpio.obj (.text:GPIO_setDirectionMode)
                  0008322c    00000033     dma.obj (.text:DMA_configAddresses)
                  0008325f    00000031     board.obj (.text:SYNC_init)
                  00083290    0000002e     rts2800_fpu32_eabi.lib : copy_decompress_lzss.c.obj (.text:decompress:lzss)
                  000832be    0000002d     board.obj (.text:INTERRUPT_init)
                  000832eb    0000002b     sysctl.obj (.text:SysCtl_selectXTAL)
                  00083316    0000002b     rts2800_fpu32_eabi.lib : autoinit.c.obj (.text:__TI_auto_init_nobinit_nopinit)
                  00083341    00000029                            : exit.c.obj (.text)
                  0008336a    00000025     board.obj (.text:myCPUTIMER0_init)
                  0008338f    0000001e     cputimer.obj (.text:CPUTimer_setEmulationMode)
                  000833ad    00000001     c2000ware_libraries.obj (.text:FFR_init)
                  000833ae    0000001d     interrupt.obj (.text:Interrupt_initVectorTable)
                  000833cb    0000001d     sysctl.obj (.text:SysCtl_pollX1Counter)
                  000833e8    0000001d     sysctl.obj (.text:SysCtl_selectXTALSingleEnded)
                  00083405    0000001d     rts2800_fpu32_eabi.lib : memcpy.c.obj (.text)
                  00083422    0000001c     cla.obj (.text:CLA_setTriggerSource)
                  0008343e    0000001c     main.obj (.text:INT_myDMA1_ISR)
                  0008345a    0000001b     adc.obj (.text:ADC_setOffsetTrimAll)
                  00083475    00000019     control_functions.obj (.text:update_PI)
                  0008348e    00000018     board.obj (.text:myCLA0_init)
                  000834a6    00000018     board.obj (.text:transient_det_pin_init)
                  000834be    00000018     board.obj (.text:tz_clear_pin_init)
                  000834d6    00000018     board.obj (.text:tz_pin_init)
                  000834ee    00000017     board.obj (.text:debug_pin_init)
                  00083505    00000017     rts2800_fpu32_eabi.lib : boot28.asm.obj (.text)
                  0008351c    00000016     control_functions.obj (.text:duty_cycle_saturation)
                  00083532    00000015     sysctl.obj (.text:SysCtl_getLowSpeedClock)
                  00083547    00000011     board.obj (.text:transient_det_pin_XINT_init)
                  00083558    00000010     device.obj (.text:Device_initGPIO)
                  00083568    0000000e     board.obj (.text:DMA_init)
                  00083576    0000000d     board.obj (.text:ASYSCTL_init)
                  00083583    0000000c     rts2800_fpu32_eabi.lib : args_main.c.obj (.text)
                  0008358f    0000000c     control_functions.obj (.text:set_duty_cycle)
                  0008359b    0000000b     control_functions.obj (.text:init_PI)
                  000835a6    00000008     rts2800_fpu32_eabi.lib : copy_decompress_none.c.obj (.text:decompress:none)
                  000835ae    00000007     control_functions.obj (.text:reset_PI)
                  000835b5    00000006     rts2800_fpu32_eabi.lib : copy_zero_init.c.obj (.text:decompress:ZI)
                  000835bb    00000006     board.obj (.text:myINPUTXBARINPUT0_init)
                  000835c1    00000004     interrupt.obj (.text:Interrupt_defaultHandler)
                  000835c5    00000003     device.obj (.text:__error__)
                  000835c8    00000002     interrupt.obj (.text:Interrupt_illegalOperationHandler)
                  000835ca    00000002     interrupt.obj (.text:Interrupt_nmiHandler)
                  000835cc    00000002     rts2800_fpu32_eabi.lib : pre_init.c.obj (.text)
                  000835ce    00000001                            : _lock.c.obj (.text)
                  000835cf    00000001                            : startup.c.obj (.text)

MODULE SUMMARY

       Module                                   code   ro data   rw data
       ------                                   ----   -------   -------
    .\
       cla_tasks.obj                            2424   0         1060   
       main.obj                                 696    0         105    
       transient_det.obj                        206    0         56     
       control_functions.obj                    77     0         2      
    +--+----------------------------------------+------+---------+---------+
       Total:                                   3403   0         1223   
                                                                        
    .\device\
       device.obj                               349    0         0      
       f28004x_codestartbranch.obj              2      0         0      
    +--+----------------------------------------+------+---------+---------+
       Total:                                   351    0         0      
                                                                        
    .\device\driverlib\
       sysctl.obj                               726    56        0      
       flash.obj                                454    56        0      
       dma.obj                                  424    0         0      
       gpio.obj                                 421    0         0      
       memcfg.obj                               249    0         0      
       interrupt.obj                            156    0         0      
       epwm.obj                                 53     0         0      
       cputimer.obj                             30     0         0      
       cla.obj                                  28     0         0      
       adc.obj                                  27     0         0      
    +--+----------------------------------------+------+---------+---------+
       Total:                                   2568   112       0      
                                                                        
    .\syscfg\
       board.obj                                1937   137       0      
       c2000ware_libraries.obj                  1      0         0      
    +--+----------------------------------------+------+---------+---------+
       Total:                                   1938   137       0      
                                                                        
    C:\Users\mem21\AppData\Local\Temp\
       {AB86802F-63A9-462C-AB2C-08B3A03D3175}   0      223       0      
    +--+----------------------------------------+------+---------+---------+
       Total:                                   0      223       0      
                                                                        
    C:/ti/ccs2040/ccs/tools/compiler/ti-cgt-c2000_22.6.3.LTS/lib/rts2800_fpu32_eabi.lib
       exit.c.obj                               41     0         6      
       copy_decompress_lzss.c.obj               46     0         0      
       autoinit.c.obj                           43     0         0      
       memcpy.c.obj                             29     0         0      
       boot28.asm.obj                           23     0         0      
       args_main.c.obj                          12     0         0      
       copy_decompress_none.c.obj               8      0         0      
       copy_zero_init.c.obj                     6      0         0      
       _lock.c.obj                              1      0         2      
       pre_init.c.obj                           2      0         0      
       startup.c.obj                            1      0         0      
    +--+----------------------------------------+------+---------+---------+
       Total:                                   212    0         8      
                                                                        
       Stack:                                   0      0         1016   
       Linker Generated:                        0      97        0      
    +--+----------------------------------------+------+---------+---------+
       Grand Total:                             8472   569       2247   


LINKER GENERATED COPY TABLES

__TI_cinit_table @ 0008112a records: 8, size/record: 4, table size: 32
	.data: load addr=000810e8, load size=0000001b bytes, run addr=0000b000, run size=0000003a bytes, compression=lzss
	ramgs0: load addr=00081103, load size=00000006 bytes, run addr=0000c000, run size=00000012 bytes, compression=lzss
	Cla1ToCpuMsgRAM: load addr=00081110, load size=00000005 bytes, run addr=00001480, run size=00000004 bytes, compression=lzss
	CpuToCla1MsgRAM: load addr=00081115, load size=00000005 bytes, run addr=00001500, run size=00000011 bytes, compression=lzss
	.bss: load addr=0008111a, load size=00000004 bytes, run addr=0000a800, run size=0000004a bytes, compression=zero_init
	.bss_cla: load addr=0008111e, load size=00000004 bytes, run addr=00009af0, run size=0000012a bytes, compression=zero_init
	.scratchpad: load addr=00081122, load size=00000004 bytes, run addr=00009c1a, run size=00000006 bytes, compression=zero_init
	Cla1DataRam: load addr=00081126, load size=00000004 bytes, run addr=00009800, run size=000002f0 bytes, compression=zero_init


LINKER GENERATED HANDLER TABLE

__TI_handler_table @ 0008110a records: 3, size/record: 2, table size: 6
	index: 0, handler: __TI_zero_init
	index: 1, handler: __TI_decompress_lzss
	index: 2, handler: __TI_decompress_none


GLOBAL DATA SYMBOLS: SORTED BY DATA PAGE

address     data page           name
--------    ----------------    ----
00000400      10 (00000400)     __stack

00001480      52 (00001480)     R_out
00001482      52 (00001480)     L_out

00001500      54 (00001500)     vo_sample_test
00001508      54 (00001500)     io_sample_test
00001510      54 (00001500)     s_count

00009800     260 (00009800)     i
00009802     260 (00009800)     vo_smpl_cla

00009892     262 (00009880)     io_smpl_cla

00009922     264 (00009900)     dio_smpl_cla

000099b2     266 (00009980)     v_h

00009a42     269 (00009a40)     v2

00009ad2     26b (00009ac0)     n1_partial
00009ad4     26b (00009ac0)     n2_partial
00009ad6     26b (00009ac0)     piv0
00009ad7     26b (00009ac0)     piv1
00009ad8     26b (00009ac0)     col0
00009ad9     26b (00009ac0)     col1
00009ada     26b (00009ac0)     alpha
00009adc     26b (00009ac0)     beta
00009ade     26b (00009ac0)     vv
00009ae0     26b (00009ac0)     dot
00009ae2     26b (00009ac0)     dot1
00009ae4     26b (00009ac0)     alpha2
00009ae6     26b (00009ac0)     beta2
00009ae8     26b (00009ac0)     v2v2
00009aea     26b (00009ac0)     dot2
00009aec     26b (00009ac0)     sol
00009af0     26b (00009ac0)     valid_smpl_val_i

00009b80     26e (00009b80)     valid_smpl_val_v

00009c10     270 (00009c00)     nsat_smpl
00009c12     270 (00009c00)     sat_smpl
00009c14     270 (00009c00)     nsat_smpl_prev
00009c16     270 (00009c00)     ef_index
00009c18     270 (00009c00)     single_smpl

0000a800     2a0 (0000a800)     transient_det_res
0000a801     2a0 (0000a800)     k
0000a802     2a0 (0000a800)     Vo_controller
0000a80a     2a0 (0000a800)     Il_controller
0000a812     2a0 (0000a800)     io_buff
0000a822     2a0 (0000a800)     tr_buff
0000a832     2a0 (0000a800)     vo_buff

0000a842     2a1 (0000a840)     head
0000a844     2a1 (0000a840)     vo_sum
0000a846     2a1 (0000a840)     io_sum
0000a848     2a1 (0000a840)     tr_sum

0000b000     2c0 (0000b000)     fixed_duty_cycle
0000b001     2c0 (0000b000)     dma_done
0000b002     2c0 (0000b000)     ADCA0_results_add
0000b004     2c0 (0000b000)     ADCA0_Result_base
0000b006     2c0 (0000b000)     ADCC0_results_add
0000b008     2c0 (0000b000)     ADCC0_Result_base
0000b00a     2c0 (0000b000)     d
0000b00c     2c0 (0000b000)     fixed_d
0000b00e     2c0 (0000b000)     Iin_avg
0000b010     2c0 (0000b000)     Io_avg
0000b012     2c0 (0000b000)     Il_avg
0000b014     2c0 (0000b000)     Vo_avg
0000b016     2c0 (0000b000)     Vin_avg
0000b018     2c0 (0000b000)     Vo_error
0000b01a     2c0 (0000b000)     Il_error
0000b01c     2c0 (0000b000)     Vo_ref
0000b01e     2c0 (0000b000)     kpv
0000b020     2c0 (0000b000)     kiv
0000b022     2c0 (0000b000)     kpi
0000b024     2c0 (0000b000)     kii
0000b026     2c0 (0000b000)     get_clk
0000b028     2c0 (0000b000)     get_ls_clk
0000b02a     2c0 (0000b000)     timer_count
0000b02c     2c0 (0000b000)     alg_time
0000b02e     2c0 (0000b000)     clear_tz
0000b030     2c0 (0000b000)     __TI_enable_exit_profile_output
0000b032     2c0 (0000b000)     __TI_cleanup_ptr
0000b034     2c0 (0000b000)     __TI_dtors_ptr
0000b036     2c0 (0000b000)     _lock

0000c000     300 (0000c000)     ADCC_results
0000c006     300 (0000c000)     ADCA_results
0000c00e     300 (0000c000)     R_err
0000c010     300 (0000c000)     L_err


GLOBAL SYMBOLS: SORTED ALPHABETICALLY BY Name 

page  address   name                           
----  -------   ----                           
1     0000b004  ADCA0_Result_base              
1     0000b002  ADCA0_results_add              
1     0000c006  ADCA_results                   
1     0000b008  ADCC0_Result_base              
1     0000b006  ADCC0_results_add              
1     0000c000  ADCC_results                   
0     0008345a  ADC_setOffsetTrimAll           
0     00083576  ASYSCTL_init                   
0     00083075  Board_init                     
0     00083341  C$$EXIT                        
0     000833ad  C2000Ware_libraries_init       
0     00083422  CLA_setTriggerSource           
0     0008336a  CPUTIMER_init                  
0     0008338f  CPUTimer_setEmulationMode      
abs   00000000  Cla1ConstLoadSize              
0     00009800  Cla1ConstLoadStart             
0     00009800  Cla1ConstRunStart              
abs   00000978  Cla1ProgLoadSize               
0     00084000  Cla1ProgLoadStart              
0     00000000  Cla1ProgRunStart               
0     00000000  Cla1Task1                      
0     0008322c  DMA_configAddresses            
0     00083000  DMA_configBurst                
0     000825e7  DMA_configMode                 
0     00082f54  DMA_configTransfer             
0     00082db8  DMA_configWrap                 
0     00083568  DMA_init                       
0     0008244d  Device_enableAllPeripherals    
0     000828d9  Device_init                    
0     00083558  Device_initGPIO                
0     00082000  EPWM_init                      
0     000831c3  EPWM_setEmulationMode          
0     000833ad  FFR_init                       
0     0000a000  Flash_initModule               
0     00083156  GPIO_setAnalogMode             
0     000830ae  GPIO_setControllerCore         
0     000831f8  GPIO_setDirectionMode          
0     00082e47  GPIO_setInterruptPin           
0     00082cc0  GPIO_setPadConfig              
0     00082fd0  GPIO_setPinConfig              
0     000830e6  GPIO_setQualificationMode      
0     000835bb  INPUTXBAR_init                 
0     000832be  INTERRUPT_init                 
0     0008294c  INT_ControlPWM_fixed_fsw_ISR   
0     0008343e  INT_myDMA1_ISR                 
0     00082f93  INT_transient_det_pin_XINT_ISR 
1     0000b00e  Iin_avg                        
1     0000b012  Il_avg                         
1     0000a80a  Il_controller                  
1     0000b01a  Il_error                       
0     0008318d  Interrupt_enable               
0     00082f13  Interrupt_initModule           
0     000833ae  Interrupt_initVectorTable      
1     0000b010  Io_avg                         
1     0000c010  L_err                          
1     00001482  L_out                          
0     0008269a  MEMCFG_init                    
0     00082af1  MemCfg_setLSRAMControllerSel   
0     0008274d  MemCfg_setProtection           
0     000829b6  PinMux_init                    
1     0000c00e  R_err                          
1     00001480  R_out                          
0     000810e7  RamfuncsLoadEnd                
abs   000000e7  RamfuncsLoadSize               
0     00081000  RamfuncsLoadStart              
0     0000a0e7  RamfuncsRunEnd                 
abs   000000e7  RamfuncsRunSize                
0     0000a000  RamfuncsRunStart               
0     0008325f  SYNC_init                      
0     0000a0e3  SysCtl_delay                   
0     00082d68  SysCtl_getClock                
0     00083532  SysCtl_getLowSpeedClock        
0     0008234f  SysCtl_isPLLValid              
0     00082ed0  SysCtl_selectOscSource         
0     000832eb  SysCtl_selectXTAL              
0     000833e8  SysCtl_selectXTALSingleEnded   
0     00082524  SysCtl_setClock                
1     0000b016  Vin_avg                        
1     0000b014  Vo_avg                         
1     0000a802  Vo_controller                  
1     0000b018  Vo_error                       
1     0000b01c  Vo_ref                         
0     00083547  XINT_init                      
0     0008112a  __TI_CINIT_Base                
0     0008114a  __TI_CINIT_Limit               
0     0008114a  __TI_CINIT_Warm                
0     0008110a  __TI_Handler_Table_Base        
0     00081110  __TI_Handler_Table_Limit       
1     000007f8  __TI_STACK_END                 
abs   000003f8  __TI_STACK_SIZE                
0     00083316  __TI_auto_init_nobinit_nopinit 
1     0000b032  __TI_cleanup_ptr               
0     00083290  __TI_decompress_lzss           
0     000835a6  __TI_decompress_none           
1     0000b034  __TI_dtors_ptr                 
1     0000b030  __TI_enable_exit_profile_output
abs   ffffffff  __TI_pprof_out_hndl            
abs   ffffffff  __TI_prof_data_size            
abs   ffffffff  __TI_prof_data_start           
0     000835b5  __TI_zero_init                 
n/a   UNDEFED   __c_args__                     
0     000835c5  __error__                      
1     00000400  __stack                        
0     00083583  _args_main                     
0     00083505  _c_int00                       
1     0000b036  _lock                          
0     000835ce  _nop                           
0     000835cf  _system_post_cinit             
0     000835cc  _system_pre_init               
0     00083341  abort                          
1     0000b02c  alg_time                       
0     00009ada  alpha                          
0     00009ae4  alpha2                         
0     000827df  average_samples                
0     000008cc  back_subs                      
0     00009adc  beta                           
0     00009ae6  beta2                          
0     00082d15  cla1Isr1                       
1     0000b02e  clear_tz                       
0     00080000  code_start                     
0     00009ad8  col0                           
0     00009ad9  col1                           
1     0000b00a  d                              
0     000834ee  debug_pin_init                 
0     0000065a  derivatives                    
0     00009922  dio_smpl_cla                   
1     0000b001  dma_done                       
0     00009ae0  dot                            
0     00009ae2  dot1                           
0     00009aea  dot2                           
0     0008311e  duty_cycle_calculation         
0     0008351c  duty_cycle_saturation          
0     00009c16  ef_index                       
0     00082e8c  err_calc                       
0     00083343  exit                           
1     0000b00c  fixed_d                        
1     0000b000  fixed_duty_cycle               
1     0000b026  get_clk                        
1     0000b028  get_ls_clk                     
1     0000a842  head                           
0     00000264  hh1                            
0     00000482  hh2                            
0     00009800  i                              
0     0008359b  init_PI                        
0     00082c69  init_detector                  
1     0000a812  io_buff                        
1     00001508  io_sample_test                 
0     00009892  io_smpl_cla                    
1     0000a846  io_sum                         
1     0000a801  k                              
1     0000b024  kii                            
1     0000b020  kiv                            
1     0000b022  kpi                            
1     0000b01e  kpv                            
0     0008303b  main                           
0     00083405  memcpy                         
0     00082a1f  myADC0_init                    
0     00082b58  myADC1_init                    
0     0008348e  myCLA0_init                    
0     0008336a  myCPUTIMER0_init               
0     00082e00  myDMA0_init                    
0     00082bb8  myDMA1_init                    
0     000835bb  myINPUTXBARINPUT0_init         
0     00009ad2  n1_partial                     
0     00009ad4  n2_partial                     
0     00009c10  nsat_smpl                      
0     00009c14  nsat_smpl_prev                 
0     00000830  partial_norms                  
0     00009ad6  piv0                           
0     00009ad7  piv1                           
0     0000093e  pivot                          
0     000835ae  reset_PI                       
1     00001510  s_count                        
0     00082a88  samples_to_cla                 
0     00009c12  sat_smpl                       
0     0008358f  set_duty_cycle                 
0     00009c18  single_smpl                    
0     00009aec  sol                            
1     0000b02a  timer_count                    
1     0000a822  tr_buff                        
1     0000a848  tr_sum                         
0     00083547  transient_det_pin_XINT_init    
0     000834a6  transient_det_pin_init         
1     0000a800  transient_det_res              
0     00082862  transient_detector             
0     000834be  tz_clear_pin_init              
0     000834d6  tz_pin_init                    
0     00083475  update_PI                      
0     00009a42  v2                             
0     00009ae8  v2v2                           
0     000099b2  v_h                            
0     00009af0  valid_smpl_val_i               
0     00009b80  valid_smpl_val_v               
1     0000a832  vo_buff                        
1     00001500  vo_sample_test                 
0     00009802  vo_smpl_cla                    
1     0000a844  vo_sum                         
0     00009ade  vv                             


GLOBAL SYMBOLS: SORTED BY Symbol Address 

page  address   name                           
----  -------   ----                           
0     00000000  Cla1ProgRunStart               
0     00000000  Cla1Task1                      
0     00000264  hh1                            
0     00000482  hh2                            
0     0000065a  derivatives                    
0     00000830  partial_norms                  
0     000008cc  back_subs                      
0     0000093e  pivot                          
0     00009800  Cla1ConstLoadStart             
0     00009800  Cla1ConstRunStart              
0     00009800  i                              
0     00009802  vo_smpl_cla                    
0     00009892  io_smpl_cla                    
0     00009922  dio_smpl_cla                   
0     000099b2  v_h                            
0     00009a42  v2                             
0     00009ad2  n1_partial                     
0     00009ad4  n2_partial                     
0     00009ad6  piv0                           
0     00009ad7  piv1                           
0     00009ad8  col0                           
0     00009ad9  col1                           
0     00009ada  alpha                          
0     00009adc  beta                           
0     00009ade  vv                             
0     00009ae0  dot                            
0     00009ae2  dot1                           
0     00009ae4  alpha2                         
0     00009ae6  beta2                          
0     00009ae8  v2v2                           
0     00009aea  dot2                           
0     00009aec  sol                            
0     00009af0  valid_smpl_val_i               
0     00009b80  valid_smpl_val_v               
0     00009c10  nsat_smpl                      
0     00009c12  sat_smpl                       
0     00009c14  nsat_smpl_prev                 
0     00009c16  ef_index                       
0     00009c18  single_smpl                    
0     0000a000  Flash_initModule               
0     0000a000  RamfuncsRunStart               
0     0000a0e3  SysCtl_delay                   
0     0000a0e7  RamfuncsRunEnd                 
0     00080000  code_start                     
0     00081000  RamfuncsLoadStart              
0     000810e7  RamfuncsLoadEnd                
0     0008110a  __TI_Handler_Table_Base        
0     00081110  __TI_Handler_Table_Limit       
0     0008112a  __TI_CINIT_Base                
0     0008114a  __TI_CINIT_Limit               
0     0008114a  __TI_CINIT_Warm                
0     00082000  EPWM_init                      
0     0008234f  SysCtl_isPLLValid              
0     0008244d  Device_enableAllPeripherals    
0     00082524  SysCtl_setClock                
0     000825e7  DMA_configMode                 
0     0008269a  MEMCFG_init                    
0     0008274d  MemCfg_setProtection           
0     000827df  average_samples                
0     00082862  transient_detector             
0     000828d9  Device_init                    
0     0008294c  INT_ControlPWM_fixed_fsw_ISR   
0     000829b6  PinMux_init                    
0     00082a1f  myADC0_init                    
0     00082a88  samples_to_cla                 
0     00082af1  MemCfg_setLSRAMControllerSel   
0     00082b58  myADC1_init                    
0     00082bb8  myDMA1_init                    
0     00082c69  init_detector                  
0     00082cc0  GPIO_setPadConfig              
0     00082d15  cla1Isr1                       
0     00082d68  SysCtl_getClock                
0     00082db8  DMA_configWrap                 
0     00082e00  myDMA0_init                    
0     00082e47  GPIO_setInterruptPin           
0     00082e8c  err_calc                       
0     00082ed0  SysCtl_selectOscSource         
0     00082f13  Interrupt_initModule           
0     00082f54  DMA_configTransfer             
0     00082f93  INT_transient_det_pin_XINT_ISR 
0     00082fd0  GPIO_setPinConfig              
0     00083000  DMA_configBurst                
0     0008303b  main                           
0     00083075  Board_init                     
0     000830ae  GPIO_setControllerCore         
0     000830e6  GPIO_setQualificationMode      
0     0008311e  duty_cycle_calculation         
0     00083156  GPIO_setAnalogMode             
0     0008318d  Interrupt_enable               
0     000831c3  EPWM_setEmulationMode          
0     000831f8  GPIO_setDirectionMode          
0     0008322c  DMA_configAddresses            
0     0008325f  SYNC_init                      
0     00083290  __TI_decompress_lzss           
0     000832be  INTERRUPT_init                 
0     000832eb  SysCtl_selectXTAL              
0     00083316  __TI_auto_init_nobinit_nopinit 
0     00083341  C$$EXIT                        
0     00083341  abort                          
0     00083343  exit                           
0     0008336a  CPUTIMER_init                  
0     0008336a  myCPUTIMER0_init               
0     0008338f  CPUTimer_setEmulationMode      
0     000833ad  C2000Ware_libraries_init       
0     000833ad  FFR_init                       
0     000833ae  Interrupt_initVectorTable      
0     000833e8  SysCtl_selectXTALSingleEnded   
0     00083405  memcpy                         
0     00083422  CLA_setTriggerSource           
0     0008343e  INT_myDMA1_ISR                 
0     0008345a  ADC_setOffsetTrimAll           
0     00083475  update_PI                      
0     0008348e  myCLA0_init                    
0     000834a6  transient_det_pin_init         
0     000834be  tz_clear_pin_init              
0     000834d6  tz_pin_init                    
0     000834ee  debug_pin_init                 
0     00083505  _c_int00                       
0     0008351c  duty_cycle_saturation          
0     00083532  SysCtl_getLowSpeedClock        
0     00083547  XINT_init                      
0     00083547  transient_det_pin_XINT_init    
0     00083558  Device_initGPIO                
0     00083568  DMA_init                       
0     00083576  ASYSCTL_init                   
0     00083583  _args_main                     
0     0008358f  set_duty_cycle                 
0     0008359b  init_PI                        
0     000835a6  __TI_decompress_none           
0     000835ae  reset_PI                       
0     000835b5  __TI_zero_init                 
0     000835bb  INPUTXBAR_init                 
0     000835bb  myINPUTXBARINPUT0_init         
0     000835c5  __error__                      
0     000835cc  _system_pre_init               
0     000835ce  _nop                           
0     000835cf  _system_post_cinit             
0     00084000  Cla1ProgLoadStart              
1     00000400  __stack                        
1     000007f8  __TI_STACK_END                 
1     00001480  R_out                          
1     00001482  L_out                          
1     00001500  vo_sample_test                 
1     00001508  io_sample_test                 
1     00001510  s_count                        
1     0000a800  transient_det_res              
1     0000a801  k                              
1     0000a802  Vo_controller                  
1     0000a80a  Il_controller                  
1     0000a812  io_buff                        
1     0000a822  tr_buff                        
1     0000a832  vo_buff                        
1     0000a842  head                           
1     0000a844  vo_sum                         
1     0000a846  io_sum                         
1     0000a848  tr_sum                         
1     0000b000  fixed_duty_cycle               
1     0000b001  dma_done                       
1     0000b002  ADCA0_results_add              
1     0000b004  ADCA0_Result_base              
1     0000b006  ADCC0_results_add              
1     0000b008  ADCC0_Result_base              
1     0000b00a  d                              
1     0000b00c  fixed_d                        
1     0000b00e  Iin_avg                        
1     0000b010  Io_avg                         
1     0000b012  Il_avg                         
1     0000b014  Vo_avg                         
1     0000b016  Vin_avg                        
1     0000b018  Vo_error                       
1     0000b01a  Il_error                       
1     0000b01c  Vo_ref                         
1     0000b01e  kpv                            
1     0000b020  kiv                            
1     0000b022  kpi                            
1     0000b024  kii                            
1     0000b026  get_clk                        
1     0000b028  get_ls_clk                     
1     0000b02a  timer_count                    
1     0000b02c  alg_time                       
1     0000b02e  clear_tz                       
1     0000b030  __TI_enable_exit_profile_output
1     0000b032  __TI_cleanup_ptr               
1     0000b034  __TI_dtors_ptr                 
1     0000b036  _lock                          
1     0000c000  ADCC_results                   
1     0000c006  ADCA_results                   
1     0000c00e  R_err                          
1     0000c010  L_err                          
abs   00000000  Cla1ConstLoadSize              
abs   000000e7  RamfuncsLoadSize               
abs   000000e7  RamfuncsRunSize                
abs   000003f8  __TI_STACK_SIZE                
abs   00000978  Cla1ProgLoadSize               
abs   ffffffff  __TI_pprof_out_hndl            
abs   ffffffff  __TI_prof_data_size            
abs   ffffffff  __TI_prof_data_start           
n/a   UNDEFED   __c_args__                     

[198 symbols]
