******************************************************************************
             TMS320C2000 Linker PC v22.6.0                     
******************************************************************************
>> Linked Tue Mar 14 18:47:06 2023

OUTPUT FILE NAME:   <boost_cpl_control_new.out>
ENTRY POINT SYMBOL: "code_start"  address: 00000000


MEMORY CONFIGURATION

         name            origin    length      used     unused   attr    fill
----------------------  --------  ---------  --------  --------  ----  --------
PAGE 0:
  BEGIN                 00000000   00000002  00000002  00000000  RWIX
  RAMM0                 000000f6   0000030a  0000004c  000002be  RWIX
  RAMLS0                00008000   00000800  00000800  00000000  RWIX
  RAMLS1                00008800   00000800  00000800  00000000  RWIX
  RAMLS2                00009000   00000800  00000800  00000000  RWIX
  RAMLS3                00009800   00000800  00000385  0000047b  RWIX
  RAMLS4                0000a000   00000800  00000000  00000800  RWIX
  FLASH_BANK0_SEC0      00080000   00001000  00000000  00001000  RWIX
  FLASH_BANK0_SEC1      00081000   00001000  00000000  00001000  RWIX
  FLASH_BANK0_SEC2      00082000   00001000  00000000  00001000  RWIX
  FLASH_BANK0_SEC3      00083000   00001000  00000000  00001000  RWIX
  FLASH_BANK0_SEC4      00084000   00001000  00000000  00001000  RWIX
  FLASH_BANK0_SEC5      00085000   00001000  00000000  00001000  RWIX
  FLASH_BANK0_SEC6      00086000   00001000  00000000  00001000  RWIX
  FLASH_BANK0_SEC7      00087000   00001000  00000000  00001000  RWIX
  FLASH_BANK0_SEC8      00088000   00001000  00000000  00001000  RWIX
  FLASH_BANK0_SEC9      00089000   00001000  00000000  00001000  RWIX
  FLASH_BANK0_SEC10     0008a000   00001000  00000000  00001000  RWIX
  FLASH_BANK0_SEC11     0008b000   00001000  00000000  00001000  RWIX
  FLASH_BANK0_SEC12     0008c000   00001000  00000000  00001000  RWIX
  FLASH_BANK0_SEC13     0008d000   00001000  00000000  00001000  RWIX
  FLASH_BANK0_SEC14     0008e000   00001000  00000000  00001000  RWIX
  FLASH_BANK0_SEC15     0008f000   00001000  00000000  00001000  RWIX
  FLASH_BANK1_SEC0      00090000   00001000  00000000  00001000  RWIX
  FLASH_BANK1_SEC1      00091000   00001000  00000000  00001000  RWIX
  FLASH_BANK1_SEC2      00092000   00001000  00000000  00001000  RWIX
  FLASH_BANK1_SEC3      00093000   00001000  00000000  00001000  RWIX
  FLASH_BANK1_SEC4      00094000   00001000  00000000  00001000  RWIX
  FLASH_BANK1_SEC5      00095000   00001000  00000000  00001000  RWIX
  FLASH_BANK1_SEC6      00096000   00001000  00000000  00001000  RWIX
  FLASH_BANK1_SEC7      00097000   00001000  00000000  00001000  RWIX
  FLASH_BANK1_SEC8      00098000   00001000  00000000  00001000  RWIX
  FLASH_BANK1_SEC9      00099000   00001000  00000000  00001000  RWIX
  FLASH_BANK1_SEC10     0009a000   00001000  00000000  00001000  RWIX
  FLASH_BANK1_SEC11     0009b000   00001000  00000000  00001000  RWIX
  FLASH_BANK1_SEC12     0009c000   00001000  00000000  00001000  RWIX
  FLASH_BANK1_SEC13     0009d000   00001000  00000000  00001000  RWIX
  FLASH_BANK1_SEC14     0009e000   00001000  00000000  00001000  RWIX
  FLASH_BANK1_SEC15     0009f000   00001000  00000000  00001000  RWIX
  RESET                 003fffc0   00000002  00000000  00000002  RWIX

PAGE 1:
  BOOT_RSVD             00000002   000000f1  00000000  000000f1  RWIX
  RAMM1                 00000400   000003f8  000003f8  00000000  RWIX
  RAMLS5                0000a800   00000800  00000586  0000027a  RWIX
  RAMLS6                0000b000   00000800  00000000  00000800  RWIX
  RAMLS7                0000b800   00000800  00000000  00000800  RWIX
  RAMGS0                0000c000   00002000  0000000a  00001ff6  RWIX
  RAMGS1                0000e000   00002000  00000000  00002000  RWIX
  RAMGS2                00010000   00002000  00000000  00002000  RWIX
  RAMGS3                00012000   00001ff8  00000000  00001ff8  RWIX


SECTION ALLOCATION MAP

 output                                  attributes/
section   page    origin      length       input sections
--------  ----  ----------  ----------   ----------------
codestart 
*          0    00000000    00000002     
                  00000000    00000002     f28004x_codestartbranch.obj (codestart)

.TI.ramfunc 
*          0    000000f6    00000004     
                  000000f6    00000004     driverlib_eabi.lib : sysctl.obj (.TI.ramfunc)

.cinit     0    000000fc    00000048     
                  000000fc    0000002e     (.cinit..data.load) [load image, compression = lzss]
                  0000012a    00000006     (__TI_handler_table)
                  00000130    00000004     (.cinit..bss.load) [load image, compression = zero_init]
                  00000134    00000004     (.cinit.ramgs0.load) [load image, compression = zero_init]
                  00000138    0000000c     (__TI_cinit_table)

.reset     0    003fffc0    00000000     DSECT

.stack     1    00000400    000003f8     UNINITIALIZED
                  00000400    000003f8     --HOLE--

.bss       1    0000ad80    00000010     UNINITIALIZED
                  0000ad80    00000010     Controller.obj (.bss)

.init_array 
*          0    000000f6    00000000     UNINITIALIZED

.const     1    0000a800    00000530     
                  0000a800    0000019d     board.obj (.const:.string)
                  0000a99d    00000001     --HOLE-- [fill = 0]
                  0000a99e    0000009a     driverlib_eabi.lib : sysctl.obj (.const:.string)
                  0000aa38    00000098                        : epwm.obj (.const:.string)
                  0000aad0    00000098                        : gpio.obj (.const:.string)
                  0000ab68    00000097                        : dma.obj (.const:.string)
                  0000abff    00000001     --HOLE-- [fill = 0]
                  0000ac00    00000059     device.obj (.const:.string)
                  0000ac59    00000001     --HOLE-- [fill = 0]
                  0000ac5a    0000004e     driverlib_eabi.lib : memcfg.obj (.const:.string)
                  0000aca8    00000044     Controller.obj (.const:.string)
                  0000acec    00000044     control_functions.obj (.const:.string)

.data      1    0000ad30    00000046     UNINITIALIZED
                  0000ad30    00000006     rts2800_fpu32_eabi.lib : exit.c.obj (.data)
                  0000ad36    00000002                            : _lock.c.obj (.data:_lock)
                  0000ad38    00000002                            : _lock.c.obj (.data:_unlock)
                  0000ad3a    00000002     control_functions.obj (.data)
                  0000ad3c    00000004     --HOLE--
                  0000ad40    00000036     Controller.obj (.data)

ramgs0     1    0000c000    0000000a     UNINITIALIZED
                  0000c000    0000000a     Controller.obj (ramgs0)

.text.1    0    00008000    00000800     
                  00008000    00000122     board.obj (.text:EPWM_init)
                  00008122    000000e7     Controller.obj (.text:average_samples)
                  00008209    000000e0     device.obj (.text:Device_enableAllPeripherals)
                  000082e9    000000c5     driverlib_eabi.lib : sysctl.obj (.text:SysCtl_setClock)
                  000083ae    000000bd                        : sysctl.obj (.text:SysCtl_isPLLValid)
                  0000846b    000000ad     board.obj (.text:myADC1_init)
                  00008518    000000a5     board.obj (.text:MEMCFG_init)
                  000085bd    0000009d     driverlib_eabi.lib : dma.obj (.text:DMA_configMode)
                  0000865a    00000090                        : memcfg.obj (.text:MemCfg_getInitStatus)
                  000086ea    0000007b                        : memcfg.obj (.text:MemCfg_initSections)
                  00008765    00000075     board.obj (.text:EPWM_setADCTriggerSource)
                  000087da    00000026     control_functions.obj (.text:update_PI)

.text.2    0    00008800    00000800     
                  00008800    00000073     driverlib_eabi.lib : sysctl.obj (.text:DCC_setCounterSeeds)
                  00008873    00000072                        : memcfg.obj (.text:MemCfg_setProtection)
                  000088e5    0000006d     board.obj (.text:myADC2_init)
                  00008952    0000006b     board.obj (.text:myADC0_init)
                  000089bd    0000005e     driverlib_eabi.lib : sysctl.obj (.text:SysCtl_getClock)
                  00008a1b    00000052                        : gpio.obj (.text:GPIO_setPadConfig)
                  00008a6d    00000051     device.obj (.text:Device_init)
                  00008abe    0000004b     board.obj (.text:EPWM_setInterruptSource)
                  00008b09    00000049     driverlib_eabi.lib : sysctl.obj (.text:SysCtl_selectOscSource)
                  00008b52    00000044     board.obj (.text:GPIO_writePin)
                  00008b96    00000040     board.obj (.text:EPWM_setActionQualifierAction)
                  00008bd6    0000003e     board.obj (.text:EPWM_setCounterCompareShadowLoadMode)
                  00008c14    0000003e     board.obj (.text:myDMA0_init)
                  00008c52    0000003e     board.obj (.text:myDMA1_init)
                  00008c90    0000003d     driverlib_eabi.lib : interrupt.obj (.text:Interrupt_initModule)
                  00008ccd    0000003d     board.obj (.text:myDMA2_init)
                  00008d0a    0000003d     board.obj (.text:myDMA3_init)
                  00008d47    0000003d     board.obj (.text:myDMA4_init)
                  00008d84    0000003d     board.obj (.text:myDMA5_init)
                  00008dc1    0000003c     Controller.obj (.text:INT_ControlPWM_ISR)
                  00008dfd    0000003a     board.obj (.text:EPWM_setADCTriggerEventPrescale)
                  00008e37    0000003a     driverlib_eabi.lib : gpio.obj (.text:GPIO_setAnalogMode)
                  00008e71    00000037                        : gpio.obj (.text:GPIO_setControllerCore)
                  00008ea8    00000037                        : gpio.obj (.text:GPIO_setPinConfig)
                  00008edf    00000037                        : gpio.obj (.text:GPIO_setQualificationMode)
                  00008f16    00000037                        : interrupt.obj (.text:Interrupt_enable)
                  00008f4d    00000037                        : memcfg.obj (.text:MemCfg_setLSRAMControllerSel)
                  00008f84    00000036     board.obj (.text:ADC_setupSOC)
                  00008fba    00000033     driverlib_eabi.lib : dma.obj (.text:DMA_configWrap)
                  00008fed    00000013     board.obj (.text:ADC_enableConverter)

.text.3    0    00009000    00000800     
                  00009000    00000031     driverlib_eabi.lib : gpio.obj (.text:GPIO_setDirectionMode)
                  00009031    00000031     Controller.obj (.text:duty_cycle_calculation)
                  00009062    0000002f     board.obj (.text:ADC_setInterruptSource)
                  00009091    0000002e     board.obj (.text:ADC_setInterruptSOCTrigger)
                  000090bf    0000002e     rts2800_fpu32_eabi.lib : copy_decompress_lzss.c.obj (.text:decompress:lzss)
                  000090ed    0000002c     board.obj (.text:EPWM_setDeadBandDelayMode)
                  00009119    0000002b     Controller.obj (.text:EPWM_isBaseValid)
                  00009144    0000002b     board.obj (.text:EPWM_isBaseValid)
                  0000916f    0000002b     control_functions.obj (.text:EPWM_isBaseValid)
                  0000919a    0000002b     driverlib_eabi.lib : epwm.obj (.text:EPWM_isBaseValid)
                  000091c5    0000002b     board.obj (.text:HRPWM_isBaseValid)
                  000091f0    0000002b     rts2800_fpu32_eabi.lib : autoinit.c.obj (.text:__TI_auto_init_nobinit_nopinit)
                  0000921b    00000029     driverlib_eabi.lib : dma.obj (.text:DMA_configTransfer)
                  00009244    00000029     rts2800_fpu32_eabi.lib : exit.c.obj (.text)
                  0000926d    00000028     driverlib_eabi.lib : adc.obj (.text:ADC_setOffsetTrimAll)
                  00009295    00000028     board.obj (.text:EPWM_setInterruptEventCount)
                  000092bd    00000027     board.obj (.text:EPWM_setSyncOutPulseMode)
                  000092e4    00000027     board.obj (.text:SysCtl_setSyncInputConfig)
                  0000930b    00000025     driverlib_eabi.lib : dma.obj (.text:DMA_configAddresses)
                  00009330    00000024                        : sysctl.obj (.text:DCC_enableSingleShotMode)
                  00009354    00000024                        : dma.obj (.text:DMA_configBurst)
                  00009378    00000024     board.obj (.text:EPWM_disableCounterCompareShadowLoadMode)
                  0000939c    00000024     board.obj (.text:EPWM_setDeadBandDelayPolarity)
                  000093c0    00000024     driverlib_eabi.lib : sysctl.obj (.text:SysCtl_selectXTAL)
                  000093e4    00000023     board.obj (.text:DMA_isBaseValid)
                  00009407    00000023     driverlib_eabi.lib : dma.obj (.text:DMA_isBaseValid)
                  0000942a    00000023     board.obj (.text:PinMux_init)
                  0000944d    00000023     driverlib_eabi.lib : sysctl.obj (.text:SysCtl_pollX1Counter)
                  00009470    00000023     Controller.obj (.text:main)
                  00009493    00000022     board.obj (.text:EPWM_setCounterCompareValue)
                  000094b5    00000022     control_functions.obj (.text:EPWM_setCounterCompareValue)
                  000094d7    00000021     board.obj (.text:EPWM_enableGlobalLoadRegisters)
                  000094f8    00000020     board.obj (.text:ADC_enableContinuousMode)
                  00009518    00000020     board.obj (.text:ADC_enableInterrupt)
                  00009538    0000001f     board.obj (.text:HRPWM_setPhaseShift)
                  00009557    0000001e     driverlib_eabi.lib : sysctl.obj (.text:DCC_setCounter1ClkSource)
                  00009575    0000001e                        : interrupt.obj (.text:Interrupt_initVectorTable)
                  00009593    0000001e     board.obj (.text:SYNC_init)
                  000095b1    0000001d     board.obj (.text:EPWM_setActionQualifierContSWForceShadowMode)
                  000095ce    0000001d     board.obj (.text:EPWM_setActionQualifierT2TriggerSource)
                  000095eb    0000001d     board.obj (.text:EPWM_setFallingEdgeDelayCount)
                  00009608    0000001d     board.obj (.text:EPWM_setRisingEdgeDelayCount)
                  00009625    0000001d     control_functions.obj (.text:duty_cycle_saturation)
                  00009642    0000001d     rts2800_fpu32_eabi.lib : memcpy.c.obj (.text)
                  0000965f    0000001c     board.obj (.text:ADC_setSOCPriority)
                  0000967b    0000001c     driverlib_eabi.lib : sysctl.obj (.text:DCC_setCounter0ClkSource)
                  00009697    0000001c     board.obj (.text:EPWM_enableADCTrigger)
                  000096b3    0000001c     board.obj (.text:EPWM_setClockPrescaler)
                  000096cf    0000001a     board.obj (.text:ASysCtl_setAnalogReference1P65)
                  000096e9    0000001a     board.obj (.text:EPWM_setActionQualifierT1TriggerSource)
                  00009703    0000001a     driverlib_eabi.lib : sysctl.obj (.text:SysCtl_getLowSpeedClock)
                  0000971d    0000001a                        : sysctl.obj (.text:SysCtl_selectXTALSingleEnded)
                  00009737    00000019     board.obj (.text:debug_pin_init)
                  00009750    00000018     board.obj (.text:ASysCtl_setAnalogReferenceInternal)
                  00009768    00000017     board.obj (.text:ADC_isBaseValid)
                  0000977f    00000017     device.obj (.text:SysCtl_enablePeripheral)
                  00009796    00000017     driverlib_eabi.lib : sysctl.obj (.text:SysCtl_enablePeripheral)
                  000097ad    00000017     rts2800_fpu32_eabi.lib : boot28.asm.obj (.text)
                  000097c4    00000016     board.obj (.text:ADC_setInterruptPulseMode)
                  000097da    00000016     board.obj (.text:ADC_setPrescaler)
                  000097f0    00000010     driverlib_eabi.lib : sysctl.obj (.text:DCC_isBaseValid)

.text.4    0    00009800    00000385     
                  00009800    00000016     driverlib_eabi.lib : sysctl.obj (.text:DCC_disableDoneSignal)
                  00009816    00000016                        : sysctl.obj (.text:DCC_enableDoneSignal)
                  0000982c    00000016                        : epwm.obj (.text:EPWM_setEmulationMode)
                  00009842    00000015     board.obj (.text:ADC_disableBurstMode)
                  00009857    00000015     board.obj (.text:Board_init)
                  0000986c    00000015     driverlib_eabi.lib : sysctl.obj (.text:DCC_clearDoneFlag)
                  00009881    00000015                        : sysctl.obj (.text:DCC_clearErrorFlag)
                  00009896    00000015                        : sysctl.obj (.text:DCC_disableErrorSignal)
                  000098ab    00000015                        : sysctl.obj (.text:DCC_enableErrorSignal)
                  000098c0    00000015     board.obj (.text:DMA_setEmulationMode)
                  000098d5    00000015     board.obj (.text:DMA_startChannel)
                  000098ea    00000015     device.obj (.text:GPIO_unlockPortConfig)
                  000098ff    00000015     board.obj (.text:HRPWM_disablePhaseShiftLoad)
                  00009914    00000015     board.obj (.text:HRPWM_enableAutoConversion)
                  00009929    00000014     board.obj (.text:ADC_clearInterruptStatus)
                  0000993d    00000014     driverlib_eabi.lib : sysctl.obj (.text:DCC_disableModule)
                  00009951    00000014                        : sysctl.obj (.text:DCC_enableModule)
                  00009965    00000014     board.obj (.text:EPWM_setTimeBaseCounterMode)
                  00009979    00000014     board.obj (.text:EPWM_setTimeBasePeriod)
                  0000998d    00000014     board.obj (.text:GPIO_isPinValid)
                  000099a1    00000014     driverlib_eabi.lib : gpio.obj (.text:GPIO_isPinValid)
                  000099b5    00000014     device.obj (.text:SysCtl_deviceCal)
                  000099c9    00000014     control_functions.obj (.text:init_PI)
                  000099dd    00000013     board.obj (.text:DMA_enableTrigger)
                  000099f0    00000013     Controller.obj (.text:EPWM_clearEventTriggerInterruptFlag)
                  00009a03    00000013     board.obj (.text:EPWM_enableInterrupt)
                  00009a16    00000013     board.obj (.text:EPWM_forceInterruptEventCountInit)
                  00009a29    00000012     board.obj (.text:EPWM_setTimeBaseCounter)
                  00009a3b    00000012     board.obj (.text:SysCtl_setSyncOutputConfig)
                  00009a4d    00000011     control_functions.obj (.text:set_duty_cycle)
                  00009a5e    00000010     device.obj (.text:Device_initGPIO)
                  00009a6e    0000000f     device.obj (.text:ASysCtl_disableDCDC)
                  00009a7d    0000000f     board.obj (.text:DMA_init)
                  00009a8c    0000000f     board.obj (.text:Interrupt_register)
                  00009a9b    0000000e     driverlib_eabi.lib : interrupt.obj (.text:Interrupt_defaultHandler)
                  00009aa9    0000000d     board.obj (.text:INTERRUPT_init)
                  00009ab6    0000000d     driverlib_eabi.lib : interrupt.obj (.text:Interrupt_disableGlobal)
                  00009ac3    0000000d                        : interrupt.obj (.text:Interrupt_enableGlobal)
                  00009ad0    0000000d     device.obj (.text:SysCtl_setLowSpeedClock)
                  00009add    0000000d     rts2800_fpu32_eabi.lib : copy_zero_init.c.obj (.text:decompress:ZI:__TI_zero_init_nomemset)
                  00009aea    0000000c     board.obj (.text:SysCtl_enableExtADCSOCSource)
                  00009af6    0000000c     rts2800_fpu32_eabi.lib : args_main.c.obj (.text)
                  00009b02    0000000b     board.obj (.text:MemCfg_disableCorrErrorInterrupt)
                  00009b0d    0000000b     driverlib_eabi.lib : sysctl.obj (.text:SysCtl_isMCDClockFailureDetected)
                  00009b18    0000000a     board.obj (.text:DMA_initController)
                  00009b22    00000009     board.obj (.text:ASYSCTL_init)
                  00009b2b    00000009     board.obj (.text:MemCfg_setCorrErrorThreshold)
                  00009b34    00000009     rts2800_fpu32_eabi.lib : _lock.c.obj (.text)
                  00009b3d    00000008     device.obj (.text:SysCtl_disableWatchdog)
                  00009b45    00000008     rts2800_fpu32_eabi.lib : copy_decompress_none.c.obj (.text:decompress:none)
                  00009b4d    00000008     f28004x_codestartbranch.obj (.text)
                  00009b55    00000007     board.obj (.text:ADC_init)
                  00009b5c    00000007     board.obj (.text:ASysCtl_disableTemperatureSensor)
                  00009b63    00000007     driverlib_eabi.lib : sysctl.obj (.text:SysCtl_resetMCD)
                  00009b6a    00000007     device.obj (.text:__error__)
                  00009b71    00000006     Controller.obj (.text:Interrupt_clearACKGroup)
                  00009b77    00000003     c2000ware_libraries.obj (.text:C2000Ware_libraries_init)
                  00009b7a    00000003     board.obj (.text:GPIO_init)
                  00009b7d    00000002     driverlib_eabi.lib : interrupt.obj (.text:Interrupt_illegalOperationHandler)
                  00009b7f    00000002                        : interrupt.obj (.text:Interrupt_nmiHandler)
                  00009b81    00000002     rts2800_fpu32_eabi.lib : pre_init.c.obj (.text)
                  00009b83    00000001     c2000ware_libraries.obj (.text:FFR_init)
                  00009b84    00000001     rts2800_fpu32_eabi.lib : startup.c.obj (.text)

MODULE SUMMARY

       Module                        code   ro data   rw data
       ------                        ----   -------   -------
    .\
       Controller.obj                443    68        80     
       control_functions.obj         181    68        2      
    +--+-----------------------------+------+---------+---------+
       Total:                        624    136       82     
                                                             
    .\device\
       device.obj                    428    89        0      
       f28004x_codestartbranch.obj   10     0         0      
    +--+-----------------------------+------+---------+---------+
       Total:                        438    89        0      
                                                             
    .\syscfg\
       board.obj                     3182   413       0      
       c2000ware_libraries.obj       4      0         0      
    +--+-----------------------------+------+---------+---------+
       Total:                        3186   413       0      
                                                             
    C:\ti\c2000\C2000Ware_4_03_00_00\driverlib\f28004x\driverlib\ccs\Debug\driverlib_eabi.lib
       sysctl.obj                    1114   154       0      
       gpio.obj                      374    152       0      
       memcfg.obj                    436    78        0      
       dma.obj                       357    151       0      
       epwm.obj                      65     152       0      
       interrupt.obj                 190    0         0      
       adc.obj                       40     0         0      
    +--+-----------------------------+------+---------+---------+
       Total:                        2576   687       0      
                                                             
    C:\ti\ccs1210\ccs\tools\compiler\ti-cgt-c2000_22.6.0.LTS\lib\rts2800_fpu32_eabi.lib
       exit.c.obj                    41     0         6      
       copy_decompress_lzss.c.obj    46     0         0      
       autoinit.c.obj                43     0         0      
       memcpy.c.obj                  29     0         0      
       boot28.asm.obj                23     0         0      
       _lock.c.obj                   9      0         4      
       copy_zero_init.c.obj          13     0         0      
       args_main.c.obj               12     0         0      
       copy_decompress_none.c.obj    8      0         0      
       pre_init.c.obj                2      0         0      
       startup.c.obj                 1      0         0      
    +--+-----------------------------+------+---------+---------+
       Total:                        227    0         10     
                                                             
       Stack:                        0      0         1016   
       Linker Generated:             0      72        0      
    +--+-----------------------------+------+---------+---------+
       Grand Total:                  7051   1397      1108   


LINKER GENERATED COPY TABLES

__TI_cinit_table @ 00000138 records: 3, size/record: 4, table size: 12
	.data: load addr=000000fc, load size=0000002e bytes, run addr=0000ad30, run size=00000046 bytes, compression=lzss
	.bss: load addr=00000130, load size=00000004 bytes, run addr=0000ad80, run size=00000010 bytes, compression=zero_init
	ramgs0: load addr=00000134, load size=00000004 bytes, run addr=0000c000, run size=0000000a bytes, compression=zero_init


LINKER GENERATED HANDLER TABLE

__TI_handler_table @ 0000012a records: 3, size/record: 2, table size: 6
	index: 0, handler: __TI_zero_init
	index: 1, handler: __TI_decompress_lzss
	index: 2, handler: __TI_decompress_none


GLOBAL DATA SYMBOLS: SORTED BY DATA PAGE

address     data page           name
--------    ----------------    ----
00000400      10 (00000400)     __stack

0000ad30     2b4 (0000ad00)     __TI_enable_exit_profile_output
0000ad32     2b4 (0000ad00)     __TI_cleanup_ptr
0000ad34     2b4 (0000ad00)     __TI_dtors_ptr
0000ad36     2b4 (0000ad00)     _lock
0000ad38     2b4 (0000ad00)     _unlock

0000ad40     2b5 (0000ad40)     fixed_duty_cycle
0000ad41     2b5 (0000ad40)     avg
0000ad42     2b5 (0000ad40)     d
0000ad44     2b5 (0000ad40)     fixed_d
0000ad46     2b5 (0000ad40)     ADCC0_results_add
0000ad48     2b5 (0000ad40)     ADCC0_Result_base
0000ad4a     2b5 (0000ad40)     ADCC1_results_add
0000ad4c     2b5 (0000ad40)     ADCC1_Result_base
0000ad4e     2b5 (0000ad40)     ADCA0_results_add
0000ad50     2b5 (0000ad40)     ADCA0_Result_base
0000ad52     2b5 (0000ad40)     ADCA1_results_add
0000ad54     2b5 (0000ad40)     ADCA1_Result_base
0000ad56     2b5 (0000ad40)     ADCB0_results_add
0000ad58     2b5 (0000ad40)     ADCB0_Result_base
0000ad5a     2b5 (0000ad40)     ADCB1_results_add
0000ad5c     2b5 (0000ad40)     ADCB1_Result_base
0000ad5e     2b5 (0000ad40)     Iin_avg
0000ad60     2b5 (0000ad40)     Io_avg
0000ad62     2b5 (0000ad40)     Il_avg
0000ad64     2b5 (0000ad40)     Vo_avg
0000ad66     2b5 (0000ad40)     Vin_avg
0000ad68     2b5 (0000ad40)     Vo_error
0000ad6a     2b5 (0000ad40)     Il_error
0000ad6c     2b5 (0000ad40)     Vo_ref
0000ad6e     2b5 (0000ad40)     kpv
0000ad70     2b5 (0000ad40)     kiv
0000ad72     2b5 (0000ad40)     kpi
0000ad74     2b5 (0000ad40)     kii

0000ad80     2b6 (0000ad80)     Vo_controller
0000ad88     2b6 (0000ad80)     Il_controller

0000c000     300 (0000c000)     ADCA_results
0000c002     300 (0000c000)     ADCB_results
0000c004     300 (0000c000)     ADCC_results


GLOBAL SYMBOLS: SORTED ALPHABETICALLY BY Name 

page  address   name                           
----  -------   ----                           
1     0000ad50  ADCA0_Result_base              
1     0000ad4e  ADCA0_results_add              
1     0000ad54  ADCA1_Result_base              
1     0000ad52  ADCA1_results_add              
1     0000c000  ADCA_results                   
1     0000ad58  ADCB0_Result_base              
1     0000ad56  ADCB0_results_add              
1     0000ad5c  ADCB1_Result_base              
1     0000ad5a  ADCB1_results_add              
1     0000c002  ADCB_results                   
1     0000ad48  ADCC0_Result_base              
1     0000ad46  ADCC0_results_add              
1     0000ad4c  ADCC1_Result_base              
1     0000ad4a  ADCC1_results_add              
1     0000c004  ADCC_results                   
0     00009b55  ADC_init                       
0     0000926d  ADC_setOffsetTrimAll           
0     00009b22  ASYSCTL_init                   
0     00009857  Board_init                     
0     00009244  C$$EXIT                        
0     00009b77  C2000Ware_libraries_init       
0     0000930b  DMA_configAddresses            
0     00009354  DMA_configBurst                
0     000085bd  DMA_configMode                 
0     0000921b  DMA_configTransfer             
0     00008fba  DMA_configWrap                 
0     00009a7d  DMA_init                       
0     00008209  Device_enableAllPeripherals    
0     00008a6d  Device_init                    
0     00009a5e  Device_initGPIO                
0     00008000  EPWM_init                      
0     0000982c  EPWM_setEmulationMode          
0     00009b83  FFR_init                       
0     00009b7a  GPIO_init                      
0     00008e37  GPIO_setAnalogMode             
0     00008e71  GPIO_setControllerCore         
0     00009000  GPIO_setDirectionMode          
0     00008a1b  GPIO_setPadConfig              
0     00008ea8  GPIO_setPinConfig              
0     00008edf  GPIO_setQualificationMode      
0     00009aa9  INTERRUPT_init                 
0     00008dc1  INT_ControlPWM_ISR             
1     0000ad5e  Iin_avg                        
1     0000ad62  Il_avg                         
1     0000ad88  Il_controller                  
1     0000ad6a  Il_error                       
0     00008f16  Interrupt_enable               
0     00008c90  Interrupt_initModule           
0     00009575  Interrupt_initVectorTable      
1     0000ad60  Io_avg                         
0     00008518  MEMCFG_init                    
0     0000865a  MemCfg_getInitStatus           
0     000086ea  MemCfg_initSections            
0     00008f4d  MemCfg_setLSRAMControllerSel   
0     00008873  MemCfg_setProtection           
0     0000942a  PinMux_init                    
0     00009593  SYNC_init                      
0     000000f6  SysCtl_delay                   
0     000089bd  SysCtl_getClock                
0     00009703  SysCtl_getLowSpeedClock        
0     000083ae  SysCtl_isPLLValid              
0     00008b09  SysCtl_selectOscSource         
0     000093c0  SysCtl_selectXTAL              
0     0000971d  SysCtl_selectXTALSingleEnded   
0     000082e9  SysCtl_setClock                
1     0000ad66  Vin_avg                        
1     0000ad64  Vo_avg                         
1     0000ad80  Vo_controller                  
1     0000ad68  Vo_error                       
1     0000ad6c  Vo_ref                         
0     00000138  __TI_CINIT_Base                
0     00000144  __TI_CINIT_Limit               
0     00000144  __TI_CINIT_Warm                
0     0000012a  __TI_Handler_Table_Base        
0     00000130  __TI_Handler_Table_Limit       
1     000007f8  __TI_STACK_END                 
abs   000003f8  __TI_STACK_SIZE                
0     000091f0  __TI_auto_init_nobinit_nopinit 
1     0000ad32  __TI_cleanup_ptr               
0     000090bf  __TI_decompress_lzss           
0     00009b45  __TI_decompress_none           
1     0000ad34  __TI_dtors_ptr                 
1     0000ad30  __TI_enable_exit_profile_output
abs   ffffffff  __TI_pprof_out_hndl            
abs   ffffffff  __TI_prof_data_size            
abs   ffffffff  __TI_prof_data_start           
0     00009add  __TI_zero_init_nomemset        
n/a   UNDEFED   __c_args__                     
0     00009b6a  __error__                      
1     00000400  __stack                        
0     00009af6  _args_main                     
0     000097ad  _c_int00                       
1     0000ad36  _lock                          
0     00009b3c  _nop                           
0     00009b38  _register_lock                 
0     00009b34  _register_unlock               
0     00009b84  _system_post_cinit             
0     00009b81  _system_pre_init               
1     0000ad38  _unlock                        
0     00009244  abort                          
0     00008122  average_samples                
1     0000ad41  avg                            
0     00000000  code_start                     
1     0000ad42  d                              
0     00009737  debug_pin_init                 
0     00009031  duty_cycle_calculation         
0     00009625  duty_cycle_saturation          
0     00009246  exit                           
1     0000ad44  fixed_d                        
1     0000ad40  fixed_duty_cycle               
0     000099c9  init_PI                        
1     0000ad74  kii                            
1     0000ad70  kiv                            
1     0000ad72  kpi                            
1     0000ad6e  kpv                            
0     00009470  main                           
0     00009642  memcpy                         
0     00008952  myADC0_init                    
0     0000846b  myADC1_init                    
0     000088e5  myADC2_init                    
0     00008c14  myDMA0_init                    
0     00008c52  myDMA1_init                    
0     00008ccd  myDMA2_init                    
0     00008d0a  myDMA3_init                    
0     00008d47  myDMA4_init                    
0     00008d84  myDMA5_init                    
0     00009a4d  set_duty_cycle                 
0     000087da  update_PI                      


GLOBAL SYMBOLS: SORTED BY Symbol Address 

page  address   name                           
----  -------   ----                           
0     00000000  code_start                     
0     000000f6  SysCtl_delay                   
0     0000012a  __TI_Handler_Table_Base        
0     00000130  __TI_Handler_Table_Limit       
0     00000138  __TI_CINIT_Base                
0     00000144  __TI_CINIT_Limit               
0     00000144  __TI_CINIT_Warm                
0     00008000  EPWM_init                      
0     00008122  average_samples                
0     00008209  Device_enableAllPeripherals    
0     000082e9  SysCtl_setClock                
0     000083ae  SysCtl_isPLLValid              
0     0000846b  myADC1_init                    
0     00008518  MEMCFG_init                    
0     000085bd  DMA_configMode                 
0     0000865a  MemCfg_getInitStatus           
0     000086ea  MemCfg_initSections            
0     000087da  update_PI                      
0     00008873  MemCfg_setProtection           
0     000088e5  myADC2_init                    
0     00008952  myADC0_init                    
0     000089bd  SysCtl_getClock                
0     00008a1b  GPIO_setPadConfig              
0     00008a6d  Device_init                    
0     00008b09  SysCtl_selectOscSource         
0     00008c14  myDMA0_init                    
0     00008c52  myDMA1_init                    
0     00008c90  Interrupt_initModule           
0     00008ccd  myDMA2_init                    
0     00008d0a  myDMA3_init                    
0     00008d47  myDMA4_init                    
0     00008d84  myDMA5_init                    
0     00008dc1  INT_ControlPWM_ISR             
0     00008e37  GPIO_setAnalogMode             
0     00008e71  GPIO_setControllerCore         
0     00008ea8  GPIO_setPinConfig              
0     00008edf  GPIO_setQualificationMode      
0     00008f16  Interrupt_enable               
0     00008f4d  MemCfg_setLSRAMControllerSel   
0     00008fba  DMA_configWrap                 
0     00009000  GPIO_setDirectionMode          
0     00009031  duty_cycle_calculation         
0     000090bf  __TI_decompress_lzss           
0     000091f0  __TI_auto_init_nobinit_nopinit 
0     0000921b  DMA_configTransfer             
0     00009244  C$$EXIT                        
0     00009244  abort                          
0     00009246  exit                           
0     0000926d  ADC_setOffsetTrimAll           
0     0000930b  DMA_configAddresses            
0     00009354  DMA_configBurst                
0     000093c0  SysCtl_selectXTAL              
0     0000942a  PinMux_init                    
0     00009470  main                           
0     00009575  Interrupt_initVectorTable      
0     00009593  SYNC_init                      
0     00009625  duty_cycle_saturation          
0     00009642  memcpy                         
0     00009703  SysCtl_getLowSpeedClock        
0     0000971d  SysCtl_selectXTALSingleEnded   
0     00009737  debug_pin_init                 
0     000097ad  _c_int00                       
0     0000982c  EPWM_setEmulationMode          
0     00009857  Board_init                     
0     000099c9  init_PI                        
0     00009a4d  set_duty_cycle                 
0     00009a5e  Device_initGPIO                
0     00009a7d  DMA_init                       
0     00009aa9  INTERRUPT_init                 
0     00009add  __TI_zero_init_nomemset        
0     00009af6  _args_main                     
0     00009b22  ASYSCTL_init                   
0     00009b34  _register_unlock               
0     00009b38  _register_lock                 
0     00009b3c  _nop                           
0     00009b45  __TI_decompress_none           
0     00009b55  ADC_init                       
0     00009b6a  __error__                      
0     00009b77  C2000Ware_libraries_init       
0     00009b7a  GPIO_init                      
0     00009b81  _system_pre_init               
0     00009b83  FFR_init                       
0     00009b84  _system_post_cinit             
1     00000400  __stack                        
1     000007f8  __TI_STACK_END                 
1     0000ad30  __TI_enable_exit_profile_output
1     0000ad32  __TI_cleanup_ptr               
1     0000ad34  __TI_dtors_ptr                 
1     0000ad36  _lock                          
1     0000ad38  _unlock                        
1     0000ad40  fixed_duty_cycle               
1     0000ad41  avg                            
1     0000ad42  d                              
1     0000ad44  fixed_d                        
1     0000ad46  ADCC0_results_add              
1     0000ad48  ADCC0_Result_base              
1     0000ad4a  ADCC1_results_add              
1     0000ad4c  ADCC1_Result_base              
1     0000ad4e  ADCA0_results_add              
1     0000ad50  ADCA0_Result_base              
1     0000ad52  ADCA1_results_add              
1     0000ad54  ADCA1_Result_base              
1     0000ad56  ADCB0_results_add              
1     0000ad58  ADCB0_Result_base              
1     0000ad5a  ADCB1_results_add              
1     0000ad5c  ADCB1_Result_base              
1     0000ad5e  Iin_avg                        
1     0000ad60  Io_avg                         
1     0000ad62  Il_avg                         
1     0000ad64  Vo_avg                         
1     0000ad66  Vin_avg                        
1     0000ad68  Vo_error                       
1     0000ad6a  Il_error                       
1     0000ad6c  Vo_ref                         
1     0000ad6e  kpv                            
1     0000ad70  kiv                            
1     0000ad72  kpi                            
1     0000ad74  kii                            
1     0000ad80  Vo_controller                  
1     0000ad88  Il_controller                  
1     0000c000  ADCA_results                   
1     0000c002  ADCB_results                   
1     0000c004  ADCC_results                   
abs   000003f8  __TI_STACK_SIZE                
abs   ffffffff  __TI_pprof_out_hndl            
abs   ffffffff  __TI_prof_data_size            
abs   ffffffff  __TI_prof_data_start           
n/a   UNDEFED   __c_args__                     

[128 symbols]
