******************************************************************************
             TMS320C2000 Linker PC v22.6.1                     
******************************************************************************
>> Linked Wed Feb 25 13:05:47 2026

OUTPUT FILE NAME:   <buck_converter_dma.out>
ENTRY POINT SYMBOL: "code_start"  address: 00080000


MEMORY CONFIGURATION

         name            origin    length      used     unused   attr    fill
----------------------  --------  ---------  --------  --------  ----  --------
PAGE 0:
  RAMM0                 000000f6   0000030a  00000000  0000030a  RWIX
  RAMLS0                00008000   00000800  00000004  000007fc  RWIX
  RAMLS1                00008800   00000800  00000000  00000800  RWIX
  RAMLS2                00009000   00000800  00000000  00000800  RWIX
  RAMLS3                00009800   00000800  00000000  00000800  RWIX
  RAMLS4                0000a000   00000800  00000000  00000800  RWIX
  BEGIN                 00080000   00000002  00000002  00000000  RWIX
  FLASH_BANK0_SEC0      00080002   00000ffe  00000000  00000ffe  RWIX
  FLASH_BANK0_SEC1      00081000   00001000  0000004e  00000fb2  RWIX
  FLASH_BANK0_SEC2      00082000   00001000  00001000  00000000  RWIX
  FLASH_BANK0_SEC3      00083000   00001000  000004c8  00000b38  RWIX
  FLASH_BANK0_SEC4      00084000   00001000  0000033a  00000cc6  RWIX
  FLASH_BANK0_SEC5      00085000   00001000  00000000  00001000  RWIX
  FLASH_BANK0_SEC6      00086000   00001000  00000000  00001000  RWIX
  FLASH_BANK0_SEC7      00087000   00001000  00000000  00001000  RWIX
  FLASH_BANK0_SEC8      00088000   00001000  00000000  00001000  RWIX
  FLASH_BANK0_SEC9      00089000   00001000  00000000  00001000  RWIX
  FLASH_BANK0_SEC10     0008a000   00001000  00000000  00001000  RWIX
  FLASH_BANK0_SEC11     0008b000   00001000  00000000  00001000  RWIX
  FLASH_BANK0_SEC12     0008c000   00001000  00000000  00001000  RWIX
  FLASH_BANK0_SEC13     0008d000   00001000  00000000  00001000  RWIX
  FLASH_BANK0_SEC14     0008e000   00001000  00000000  00001000  RWIX
  FLASH_BANK0_SEC15     0008f000   00001000  00000000  00001000  RWIX
  FLASH_BANK1_SEC0      00090000   00001000  00000000  00001000  RWIX
  FLASH_BANK1_SEC1      00091000   00001000  00000000  00001000  RWIX
  FLASH_BANK1_SEC2      00092000   00001000  00000000  00001000  RWIX
  FLASH_BANK1_SEC3      00093000   00001000  00000000  00001000  RWIX
  FLASH_BANK1_SEC4      00094000   00001000  00000000  00001000  RWIX
  FLASH_BANK1_SEC5      00095000   00001000  00000000  00001000  RWIX
  FLASH_BANK1_SEC6      00096000   00001000  00000000  00001000  RWIX
  FLASH_BANK1_SEC7      00097000   00001000  00000000  00001000  RWIX
  FLASH_BANK1_SEC8      00098000   00001000  00000000  00001000  RWIX
  FLASH_BANK1_SEC9      00099000   00001000  00000000  00001000  RWIX
  FLASH_BANK1_SEC10     0009a000   00001000  00000000  00001000  RWIX
  FLASH_BANK1_SEC11     0009b000   00001000  00000000  00001000  RWIX
  FLASH_BANK1_SEC12     0009c000   00001000  00000000  00001000  RWIX
  FLASH_BANK1_SEC13     0009d000   00001000  00000000  00001000  RWIX
  FLASH_BANK1_SEC14     0009e000   00001000  00000000  00001000  RWIX
  FLASH_BANK1_SEC15     0009f000   00000ff0  00000000  00000ff0  RWIX
  RESET                 003fffc0   00000002  00000000  00000002  RWIX

PAGE 1:
  BOOT_RSVD             00000002   000000f1  00000000  000000f1  RWIX
  RAMM1                 00000400   000003f8  000003f8  00000000  RWIX
  RAMLS5                0000a800   00000800  00000050  000007b0  RWIX
  RAMLS6                0000b000   00000800  00000000  00000800  RWIX
  RAMLS7                0000b800   00000800  00000000  00000800  RWIX
  RAMGS0                0000c000   00002000  0000000a  00001ff6  RWIX
  RAMGS1                0000e000   00002000  00000000  00002000  RWIX
  RAMGS2                00010000   00002000  00000000  00002000  RWIX
  RAMGS3                00012000   00001ff8  00000000  00001ff8  RWIX


SECTION ALLOCATION MAP

 output                                  attributes/
section   page    origin      length       input sections
--------  ----  ----------  ----------   ----------------
codestart 
*          0    00080000    00000002     
                  00080000    00000002     f28004x_codestartbranch.obj (codestart)

.cinit     0    00081004    0000004a     
                  00081004    0000002f     (.cinit..data.load) [load image, compression = lzss]
                  00081033    00000001     --HOLE-- [fill = 0]
                  00081034    00000006     (__TI_handler_table)
                  0008103a    00000004     (.cinit..bss.load) [load image, compression = zero_init]
                  0008103e    00000004     (.cinit.ramgs0.load) [load image, compression = zero_init]
                  00081042    0000000c     (__TI_cinit_table)

.reset     0    003fffc0    00000000     DSECT

.stack     1    00000400    000003f8     UNINITIALIZED
                  00000400    000003f8     --HOLE--

.init_array 
*          0    00081000    00000000     UNINITIALIZED

.bss       1    0000a840    00000010     UNINITIALIZED
                  0000a840    00000010     Controller.obj (.bss)

.data      1    0000a800    00000040     UNINITIALIZED
                  0000a800    00000036     Controller.obj (.data)
                  0000a836    00000006     rts2800_fpu32_eabi.lib : exit.c.obj (.data)
                  0000a83c    00000002                            : _lock.c.obj (.data:_lock)
                  0000a83e    00000002     control_functions.obj (.data)

.const     0    00084000    0000033a     
                  00084000    0000009a     driverlib_eabi.lib : sysctl.obj (.const:.string)
                  0008409a    00000098                        : epwm.obj (.const:.string)
                  00084132    00000098                        : gpio.obj (.const:.string)
                  000841ca    00000097                        : dma.obj (.const:.string)
                  00084261    00000001     --HOLE-- [fill = 0]
                  00084262    00000089     board.obj (.const:.string)
                  000842eb    00000001     --HOLE-- [fill = 0]
                  000842ec    0000004e     driverlib_eabi.lib : memcfg.obj (.const:.string)

ramgs0     1    0000c000    0000000a     UNINITIALIZED
                  0000c000    0000000a     Controller.obj (ramgs0)

.TI.ramfunc 
*          0    00081000    00000004     RUN ADDR = 00008000
                  00081000    00000004     driverlib_eabi.lib : sysctl.obj (.TI.ramfunc)

.text.1    0    00082000    00001000     
                  00082000    00000165     board.obj (.text:EPWM_init)
                  00082165    000000d7     device.obj (.text:Device_enableAllPeripherals)
                  0008223c    000000c5     driverlib_eabi.lib : sysctl.obj (.text:SysCtl_setClock)
                  00082301    000000bd                        : sysctl.obj (.text:SysCtl_isPLLValid)
                  000823be    000000ab     board.obj (.text:MEMCFG_init)
                  00082469    0000009d     driverlib_eabi.lib : dma.obj (.text:DMA_configMode)
                  00082506    0000009b     board.obj (.text:myADC1_init)
                  000825a1    00000094     Controller.obj (.text:average_samples)
                  00082635    00000090     driverlib_eabi.lib : memcfg.obj (.text:MemCfg_getInitStatus)
                  000826c5    0000007b                        : memcfg.obj (.text:MemCfg_initSections)
                  00082740    00000073                        : sysctl.obj (.text:DCC_setCounterSeeds)
                  000827b3    00000073     device.obj (.text:Device_init)
                  00082826    00000072     driverlib_eabi.lib : memcfg.obj (.text:MemCfg_setProtection)
                  00082898    0000006d     board.obj (.text:myADC0_init)
                  00082905    0000006d     board.obj (.text:myADC2_init)
                  00082972    0000005e     driverlib_eabi.lib : sysctl.obj (.text:SysCtl_getClock)
                  000829d0    0000005a     board.obj (.text:myDMA0_init)
                  00082a2a    0000005a     board.obj (.text:myDMA1_init)
                  00082a84    00000058     board.obj (.text:EPWM_setActionQualifierAction)
                  00082adc    00000054     Controller.obj (.text:INT_ControlPWM_ISR)
                  00082b30    00000052     driverlib_eabi.lib : gpio.obj (.text:GPIO_setPadConfig)
                  00082b82    00000049                        : sysctl.obj (.text:SysCtl_selectOscSource)
                  00082bcb    00000047     board.obj (.text:myDMA2_init)
                  00082c12    00000047     board.obj (.text:myDMA3_init)
                  00082c59    00000047     board.obj (.text:myDMA4_init)
                  00082ca0    00000047     board.obj (.text:myDMA5_init)
                  00082ce7    00000045     driverlib_eabi.lib : sysctl.obj (.text:SysCtl_pollX1Counter)
                  00082d2c    0000003d                        : interrupt.obj (.text:Interrupt_initModule)
                  00082d69    0000003a                        : gpio.obj (.text:GPIO_setAnalogMode)
                  00082da3    00000039                        : memcfg.obj (.text:MemCfg_setLSRAMControllerSel)
                  00082ddc    00000038     board.obj (.text:Board_init)
                  00082e14    00000038     Controller.obj (.text:duty_cycle_calculation)
                  00082e4c    00000037     driverlib_eabi.lib : gpio.obj (.text:GPIO_setControllerCore)
                  00082e83    00000037                        : gpio.obj (.text:GPIO_setPinConfig)
                  00082eba    00000037                        : gpio.obj (.text:GPIO_setQualificationMode)
                  00082ef1    00000037                        : interrupt.obj (.text:Interrupt_enable)
                  00082f28    00000036                        : sysctl.obj (.text:SysCtl_selectXTAL)
                  00082f5e    00000033                        : dma.obj (.text:DMA_configWrap)
                  00082f91    00000031                        : gpio.obj (.text:GPIO_setDirectionMode)
                  00082fc2    00000031     board.obj (.text:SYNC_init)
                  00082ff3    0000000d     board.obj (.text:ASYSCTL_init)

.text.2    0    00083000    000004c8     
                  00083000    00000030     rts2800_fpu32_eabi.lib : copy_decompress_lzss.c.obj (.text:decompress:lzss)
                  00083030    0000002b     driverlib_eabi.lib : epwm.obj (.text:EPWM_isBaseValid)
                  0008305b    0000002b     rts2800_fpu32_eabi.lib : autoinit.c.obj (.text:__TI_auto_init_nobinit_nopinit)
                  00083086    00000029     driverlib_eabi.lib : dma.obj (.text:DMA_configTransfer)
                  000830af    00000029     rts2800_fpu32_eabi.lib : exit.c.obj (.text)
                  000830d8    00000028     driverlib_eabi.lib : adc.obj (.text:ADC_setOffsetTrimAll)
                  00083100    00000025                        : dma.obj (.text:DMA_configAddresses)
                  00083125    00000024                        : sysctl.obj (.text:DCC_enableSingleShotMode)
                  00083149    00000024                        : dma.obj (.text:DMA_configBurst)
                  0008316d    00000023                        : dma.obj (.text:DMA_isBaseValid)
                  00083190    00000023     Controller.obj (.text:main)
                  000831b3    00000022     board.obj (.text:INTERRUPT_init)
                  000831d5    00000020     driverlib_eabi.lib : sysctl.obj (.text:SysCtl_selectXTALSingleEnded)
                  000831f5    0000001e                        : sysctl.obj (.text:DCC_setCounter1ClkSource)
                  00083213    0000001e                        : interrupt.obj (.text:Interrupt_initVectorTable)
                  00083231    0000001c                        : sysctl.obj (.text:DCC_setCounter0ClkSource)
                  0008324d    0000001c     rts2800_fpu32_eabi.lib : memcpy.c.obj (.text)
                  00083269    0000001a     driverlib_eabi.lib : sysctl.obj (.text:SysCtl_getLowSpeedClock)
                  00083283    00000019     control_functions.obj (.text:update_PI)
                  0008329c    00000018     Controller.obj (.text:INT_myDMA0_ISR)
                  000832b4    00000018     Controller.obj (.text:INT_myDMA1_ISR)
                  000832cc    00000017     driverlib_eabi.lib : sysctl.obj (.text:SysCtl_enablePeripheral)
                  000832e3    00000017     board.obj (.text:debug_pin_init)
                  000832fa    00000017     rts2800_fpu32_eabi.lib : boot28.asm.obj (.text)
                  00083311    00000016     driverlib_eabi.lib : sysctl.obj (.text:DCC_disableDoneSignal)
                  00083327    00000016                        : sysctl.obj (.text:DCC_enableDoneSignal)
                  0008333d    00000016     board.obj (.text:DMA_init)
                  00083353    00000016     driverlib_eabi.lib : epwm.obj (.text:EPWM_setEmulationMode)
                  00083369    00000016                        : interrupt.obj (.text:Interrupt_defaultHandler)
                  0008337f    00000016     control_functions.obj (.text:duty_cycle_saturation)
                  00083395    00000015     driverlib_eabi.lib : sysctl.obj (.text:DCC_clearDoneFlag)
                  000833aa    00000015                        : sysctl.obj (.text:DCC_clearErrorFlag)
                  000833bf    00000015                        : sysctl.obj (.text:DCC_disableErrorSignal)
                  000833d4    00000015                        : sysctl.obj (.text:DCC_enableErrorSignal)
                  000833e9    00000014                        : sysctl.obj (.text:DCC_disableModule)
                  000833fd    00000014                        : sysctl.obj (.text:DCC_enableModule)
                  00083411    00000014                        : gpio.obj (.text:GPIO_isPinValid)
                  00083425    00000010                        : sysctl.obj (.text:DCC_isBaseValid)
                  00083435    00000010     device.obj (.text:Device_initGPIO)
                  00083445    0000000d     driverlib_eabi.lib : interrupt.obj (.text:Interrupt_disableGlobal)
                  00083452    0000000d                        : interrupt.obj (.text:Interrupt_enableGlobal)
                  0008345f    0000000d     rts2800_fpu32_eabi.lib : copy_zero_init.c.obj (.text:decompress:ZI:__TI_zero_init_nomemset)
                  0008346c    0000000c                            : args_main.c.obj (.text)
                  00083478    0000000b     driverlib_eabi.lib : sysctl.obj (.text:SysCtl_isMCDClockFailureDetected)
                  00083483    0000000b     control_functions.obj (.text:init_PI)
                  0008348e    0000000a     driverlib_eabi.lib : interrupt.obj (.text:Interrupt_illegalOperationHandler)
                  00083498    0000000a                        : interrupt.obj (.text:Interrupt_nmiHandler)
                  000834a2    00000008     rts2800_fpu32_eabi.lib : copy_decompress_none.c.obj (.text:decompress:none)
                  000834aa    00000008     f28004x_codestartbranch.obj (.text)
                  000834b2    00000007     driverlib_eabi.lib : sysctl.obj (.text:SysCtl_resetMCD)
                  000834b9    00000007     control_functions.obj (.text:reset_PI)
                  000834c0    00000003     device.obj (.text:__error__)
                  000834c3    00000002     rts2800_fpu32_eabi.lib : pre_init.c.obj (.text)
                  000834c5    00000001     c2000ware_libraries.obj (.text:FFR_init)
                  000834c6    00000001     rts2800_fpu32_eabi.lib : _lock.c.obj (.text)
                  000834c7    00000001                            : startup.c.obj (.text)

MODULE SUMMARY

       Module                        code   ro data   rw data
       ------                        ----   -------   -------
    .\
       Controller.obj                371    0         80     
       control_functions.obj         65     0         2      
    +--+-----------------------------+------+---------+---------+
       Total:                        436    0         82     
                                                             
    .\device\
       device.obj                    349    0         0      
       f28004x_codestartbranch.obj   10     0         0      
    +--+-----------------------------+------+---------+---------+
       Total:                        359    0         0      
                                                             
    .\syscfg\
       board.obj                     1650   137       0      
       c2000ware_libraries.obj       1      0         0      
    +--+-----------------------------+------+---------+---------+
       Total:                        1651   137       0      
                                                             
    C:/ti/ccs1271/ccs/tools/compiler/ti-cgt-c2000_22.6.1.LTS/lib/rts2800_fpu32_eabi.lib
       copy_decompress_lzss.c.obj    48     0         0      
       exit.c.obj                    41     0         6      
       autoinit.c.obj                43     0         0      
       memcpy.c.obj                  28     0         0      
       boot28.asm.obj                23     0         0      
       copy_zero_init.c.obj          13     0         0      
       args_main.c.obj               12     0         0      
       copy_decompress_none.c.obj    8      0         0      
       _lock.c.obj                   1      0         2      
       pre_init.c.obj                2      0         0      
       startup.c.obj                 1      0         0      
    +--+-----------------------------+------+---------+---------+
       Total:                        220    0         8      
                                                             
    C:\ti\c2000\C2000Ware_5_00_00_00\driverlib\f28004x\driverlib\ccs\Debug\driverlib_eabi.lib
       sysctl.obj                    1176   154       0      
       gpio.obj                      374    152       0      
       memcfg.obj                    438    78        0      
       dma.obj                       357    151       0      
       epwm.obj                      65     152       0      
       interrupt.obj                 214    0         0      
       adc.obj                       40     0         0      
    +--+-----------------------------+------+---------+---------+
       Total:                        2664   687       0      
                                                             
       Stack:                        0      0         1016   
       Linker Generated:             0      73        0      
    +--+-----------------------------+------+---------+---------+
       Grand Total:                  5330   897       1106   


LINKER GENERATED COPY TABLES

__TI_cinit_table @ 00081042 records: 3, size/record: 4, table size: 12
	.data: load addr=00081004, load size=0000002f bytes, run addr=0000a800, run size=00000040 bytes, compression=lzss
	.bss: load addr=0008103a, load size=00000004 bytes, run addr=0000a840, run size=00000010 bytes, compression=zero_init
	ramgs0: load addr=0008103e, load size=00000004 bytes, run addr=0000c000, run size=0000000a bytes, compression=zero_init


LINKER GENERATED HANDLER TABLE

__TI_handler_table @ 00081034 records: 3, size/record: 2, table size: 6
	index: 0, handler: __TI_zero_init
	index: 1, handler: __TI_decompress_lzss
	index: 2, handler: __TI_decompress_none


GLOBAL DATA SYMBOLS: SORTED BY DATA PAGE

address     data page           name
--------    ----------------    ----
00000400      10 (00000400)     __stack

0000a800     2a0 (0000a800)     fixed_duty_cycle
0000a801     2a0 (0000a800)     avg
0000a802     2a0 (0000a800)     d
0000a804     2a0 (0000a800)     fixed_d
0000a806     2a0 (0000a800)     ADCC0_results_add
0000a808     2a0 (0000a800)     ADCC0_Result_base
0000a80a     2a0 (0000a800)     ADCC1_results_add
0000a80c     2a0 (0000a800)     ADCC1_Result_base
0000a80e     2a0 (0000a800)     ADCA0_results_add
0000a810     2a0 (0000a800)     ADCA0_Result_base
0000a812     2a0 (0000a800)     ADCA1_results_add
0000a814     2a0 (0000a800)     ADCA1_Result_base
0000a816     2a0 (0000a800)     ADCB0_results_add
0000a818     2a0 (0000a800)     ADCB0_Result_base
0000a81a     2a0 (0000a800)     ADCB1_results_add
0000a81c     2a0 (0000a800)     ADCB1_Result_base
0000a81e     2a0 (0000a800)     Iin_avg
0000a820     2a0 (0000a800)     Io_avg
0000a822     2a0 (0000a800)     Il_avg
0000a824     2a0 (0000a800)     Vo_avg
0000a826     2a0 (0000a800)     Vin_avg
0000a828     2a0 (0000a800)     Vo_error
0000a82a     2a0 (0000a800)     Il_error
0000a82c     2a0 (0000a800)     Vo_ref
0000a82e     2a0 (0000a800)     kpv
0000a830     2a0 (0000a800)     kiv
0000a832     2a0 (0000a800)     kpi
0000a834     2a0 (0000a800)     kii
0000a836     2a0 (0000a800)     __TI_enable_exit_profile_output
0000a838     2a0 (0000a800)     __TI_cleanup_ptr
0000a83a     2a0 (0000a800)     __TI_dtors_ptr
0000a83c     2a0 (0000a800)     _lock

0000a840     2a1 (0000a840)     Vo_controller
0000a848     2a1 (0000a840)     Il_controller

0000c000     300 (0000c000)     ADCA_results
0000c002     300 (0000c000)     ADCB_results
0000c004     300 (0000c000)     ADCC_results


GLOBAL SYMBOLS: SORTED ALPHABETICALLY BY Name 

page  address   name                             
----  -------   ----                             
1     0000a810  ADCA0_Result_base                
1     0000a80e  ADCA0_results_add                
1     0000a814  ADCA1_Result_base                
1     0000a812  ADCA1_results_add                
1     0000c000  ADCA_results                     
1     0000a818  ADCB0_Result_base                
1     0000a816  ADCB0_results_add                
1     0000a81c  ADCB1_Result_base                
1     0000a81a  ADCB1_results_add                
1     0000c002  ADCB_results                     
1     0000a808  ADCC0_Result_base                
1     0000a806  ADCC0_results_add                
1     0000a80c  ADCC1_Result_base                
1     0000a80a  ADCC1_results_add                
1     0000c004  ADCC_results                     
0     000830d8  ADC_setOffsetTrimAll             
0     00082ff3  ASYSCTL_init                     
0     00082ddc  Board_init                       
0     000830af  C$$EXIT                          
0     000834c5  C2000Ware_libraries_init         
0     00083100  DMA_configAddresses              
0     00083149  DMA_configBurst                  
0     00082469  DMA_configMode                   
0     00083086  DMA_configTransfer               
0     00082f5e  DMA_configWrap                   
0     0008333d  DMA_init                         
0     00082165  Device_enableAllPeripherals      
0     000827b3  Device_init                      
0     00083435  Device_initGPIO                  
0     00082000  EPWM_init                        
0     00083353  EPWM_setEmulationMode            
0     000834c5  FFR_init                         
0     000832e3  GPIO_init                        
0     00082d69  GPIO_setAnalogMode               
0     00082e4c  GPIO_setControllerCore           
0     00082f91  GPIO_setDirectionMode            
0     00082b30  GPIO_setPadConfig                
0     00082e83  GPIO_setPinConfig                
0     00082eba  GPIO_setQualificationMode        
0     000831b3  INTERRUPT_init                   
0     00082adc  INT_ControlPWM_ISR               
0     0008329c  INT_myDMA0_ISR                   
0     000832b4  INT_myDMA1_ISR                   
1     0000a81e  Iin_avg                          
1     0000a822  Il_avg                           
1     0000a848  Il_controller                    
1     0000a82a  Il_error                         
0     00083369  Interrupt_defaultHandler         
0     00082ef1  Interrupt_enable                 
0     0008348e  Interrupt_illegalOperationHandler
0     00082d2c  Interrupt_initModule             
0     00083213  Interrupt_initVectorTable        
0     00083498  Interrupt_nmiHandler             
1     0000a820  Io_avg                           
0     000823be  MEMCFG_init                      
0     00082635  MemCfg_getInitStatus             
0     000826c5  MemCfg_initSections              
0     00082da3  MemCfg_setLSRAMControllerSel     
0     00082826  MemCfg_setProtection             
0     00081004  RamfuncsLoadEnd                  
abs   00000004  RamfuncsLoadSize                 
0     00081000  RamfuncsLoadStart                
0     00008004  RamfuncsRunEnd                   
abs   00000004  RamfuncsRunSize                  
0     00008000  RamfuncsRunStart                 
0     00082fc2  SYNC_init                        
0     00008000  SysCtl_delay                     
0     00082972  SysCtl_getClock                  
0     00083269  SysCtl_getLowSpeedClock          
0     00082301  SysCtl_isPLLValid                
0     00082b82  SysCtl_selectOscSource           
0     00082f28  SysCtl_selectXTAL                
0     000831d5  SysCtl_selectXTALSingleEnded     
0     0008223c  SysCtl_setClock                  
1     0000a826  Vin_avg                          
1     0000a824  Vo_avg                           
1     0000a840  Vo_controller                    
1     0000a828  Vo_error                         
1     0000a82c  Vo_ref                           
0     00081042  __TI_CINIT_Base                  
0     0008104e  __TI_CINIT_Limit                 
0     0008104e  __TI_CINIT_Warm                  
0     00081034  __TI_Handler_Table_Base          
0     0008103a  __TI_Handler_Table_Limit         
1     000007f8  __TI_STACK_END                   
abs   000003f8  __TI_STACK_SIZE                  
0     0008305b  __TI_auto_init_nobinit_nopinit   
1     0000a838  __TI_cleanup_ptr                 
0     00083000  __TI_decompress_lzss             
0     000834a2  __TI_decompress_none             
1     0000a83a  __TI_dtors_ptr                   
1     0000a836  __TI_enable_exit_profile_output  
abs   ffffffff  __TI_pprof_out_hndl              
abs   ffffffff  __TI_prof_data_size              
abs   ffffffff  __TI_prof_data_start             
0     0008345f  __TI_zero_init_nomemset          
n/a   UNDEFED   __c_args__                       
0     000834c0  __error__                        
1     00000400  __stack                          
0     0008346c  _args_main                       
0     000832fa  _c_int00                         
1     0000a83c  _lock                            
0     000834c6  _nop                             
0     000834c7  _system_post_cinit               
0     000834c3  _system_pre_init                 
0     000830af  abort                            
0     000825a1  average_samples                  
1     0000a801  avg                              
0     00080000  code_start                       
1     0000a802  d                                
0     000832e3  debug_pin_init                   
0     00082e14  duty_cycle_calculation           
0     0008337f  duty_cycle_saturation            
0     000830b1  exit                             
1     0000a804  fixed_d                          
1     0000a800  fixed_duty_cycle                 
0     00083483  init_PI                          
1     0000a834  kii                              
1     0000a830  kiv                              
1     0000a832  kpi                              
1     0000a82e  kpv                              
0     00083190  main                             
0     0008324d  memcpy                           
0     00082898  myADC0_init                      
0     00082506  myADC1_init                      
0     00082905  myADC2_init                      
0     000829d0  myDMA0_init                      
0     00082a2a  myDMA1_init                      
0     00082bcb  myDMA2_init                      
0     00082c12  myDMA3_init                      
0     00082c59  myDMA4_init                      
0     00082ca0  myDMA5_init                      
0     000834b9  reset_PI                         
0     00083283  update_PI                        


GLOBAL SYMBOLS: SORTED BY Symbol Address 

page  address   name                             
----  -------   ----                             
0     00008000  RamfuncsRunStart                 
0     00008000  SysCtl_delay                     
0     00008004  RamfuncsRunEnd                   
0     00080000  code_start                       
0     00081000  RamfuncsLoadStart                
0     00081004  RamfuncsLoadEnd                  
0     00081034  __TI_Handler_Table_Base          
0     0008103a  __TI_Handler_Table_Limit         
0     00081042  __TI_CINIT_Base                  
0     0008104e  __TI_CINIT_Limit                 
0     0008104e  __TI_CINIT_Warm                  
0     00082000  EPWM_init                        
0     00082165  Device_enableAllPeripherals      
0     0008223c  SysCtl_setClock                  
0     00082301  SysCtl_isPLLValid                
0     000823be  MEMCFG_init                      
0     00082469  DMA_configMode                   
0     00082506  myADC1_init                      
0     000825a1  average_samples                  
0     00082635  MemCfg_getInitStatus             
0     000826c5  MemCfg_initSections              
0     000827b3  Device_init                      
0     00082826  MemCfg_setProtection             
0     00082898  myADC0_init                      
0     00082905  myADC2_init                      
0     00082972  SysCtl_getClock                  
0     000829d0  myDMA0_init                      
0     00082a2a  myDMA1_init                      
0     00082adc  INT_ControlPWM_ISR               
0     00082b30  GPIO_setPadConfig                
0     00082b82  SysCtl_selectOscSource           
0     00082bcb  myDMA2_init                      
0     00082c12  myDMA3_init                      
0     00082c59  myDMA4_init                      
0     00082ca0  myDMA5_init                      
0     00082d2c  Interrupt_initModule             
0     00082d69  GPIO_setAnalogMode               
0     00082da3  MemCfg_setLSRAMControllerSel     
0     00082ddc  Board_init                       
0     00082e14  duty_cycle_calculation           
0     00082e4c  GPIO_setControllerCore           
0     00082e83  GPIO_setPinConfig                
0     00082eba  GPIO_setQualificationMode        
0     00082ef1  Interrupt_enable                 
0     00082f28  SysCtl_selectXTAL                
0     00082f5e  DMA_configWrap                   
0     00082f91  GPIO_setDirectionMode            
0     00082fc2  SYNC_init                        
0     00082ff3  ASYSCTL_init                     
0     00083000  __TI_decompress_lzss             
0     0008305b  __TI_auto_init_nobinit_nopinit   
0     00083086  DMA_configTransfer               
0     000830af  C$$EXIT                          
0     000830af  abort                            
0     000830b1  exit                             
0     000830d8  ADC_setOffsetTrimAll             
0     00083100  DMA_configAddresses              
0     00083149  DMA_configBurst                  
0     00083190  main                             
0     000831b3  INTERRUPT_init                   
0     000831d5  SysCtl_selectXTALSingleEnded     
0     00083213  Interrupt_initVectorTable        
0     0008324d  memcpy                           
0     00083269  SysCtl_getLowSpeedClock          
0     00083283  update_PI                        
0     0008329c  INT_myDMA0_ISR                   
0     000832b4  INT_myDMA1_ISR                   
0     000832e3  GPIO_init                        
0     000832e3  debug_pin_init                   
0     000832fa  _c_int00                         
0     0008333d  DMA_init                         
0     00083353  EPWM_setEmulationMode            
0     00083369  Interrupt_defaultHandler         
0     0008337f  duty_cycle_saturation            
0     00083435  Device_initGPIO                  
0     0008345f  __TI_zero_init_nomemset          
0     0008346c  _args_main                       
0     00083483  init_PI                          
0     0008348e  Interrupt_illegalOperationHandler
0     00083498  Interrupt_nmiHandler             
0     000834a2  __TI_decompress_none             
0     000834b9  reset_PI                         
0     000834c0  __error__                        
0     000834c3  _system_pre_init                 
0     000834c5  C2000Ware_libraries_init         
0     000834c5  FFR_init                         
0     000834c6  _nop                             
0     000834c7  _system_post_cinit               
1     00000400  __stack                          
1     000007f8  __TI_STACK_END                   
1     0000a800  fixed_duty_cycle                 
1     0000a801  avg                              
1     0000a802  d                                
1     0000a804  fixed_d                          
1     0000a806  ADCC0_results_add                
1     0000a808  ADCC0_Result_base                
1     0000a80a  ADCC1_results_add                
1     0000a80c  ADCC1_Result_base                
1     0000a80e  ADCA0_results_add                
1     0000a810  ADCA0_Result_base                
1     0000a812  ADCA1_results_add                
1     0000a814  ADCA1_Result_base                
1     0000a816  ADCB0_results_add                
1     0000a818  ADCB0_Result_base                
1     0000a81a  ADCB1_results_add                
1     0000a81c  ADCB1_Result_base                
1     0000a81e  Iin_avg                          
1     0000a820  Io_avg                           
1     0000a822  Il_avg                           
1     0000a824  Vo_avg                           
1     0000a826  Vin_avg                          
1     0000a828  Vo_error                         
1     0000a82a  Il_error                         
1     0000a82c  Vo_ref                           
1     0000a82e  kpv                              
1     0000a830  kiv                              
1     0000a832  kpi                              
1     0000a834  kii                              
1     0000a836  __TI_enable_exit_profile_output  
1     0000a838  __TI_cleanup_ptr                 
1     0000a83a  __TI_dtors_ptr                   
1     0000a83c  _lock                            
1     0000a840  Vo_controller                    
1     0000a848  Il_controller                    
1     0000c000  ADCA_results                     
1     0000c002  ADCB_results                     
1     0000c004  ADCC_results                     
abs   00000004  RamfuncsLoadSize                 
abs   00000004  RamfuncsRunSize                  
abs   000003f8  __TI_STACK_SIZE                  
abs   ffffffff  __TI_pprof_out_hndl              
abs   ffffffff  __TI_prof_data_size              
abs   ffffffff  __TI_prof_data_start             
n/a   UNDEFED   __c_args__                       

[134 symbols]
