******************************************************************************
             TMS320C2000 Linker PC v22.6.3                     
******************************************************************************
>> Linked Thu May 28 16:56:24 2026

OUTPUT FILE NAME:   <buck_converter_dma_original.out>
ENTRY POINT SYMBOL: "code_start"  address: 00000000


MEMORY CONFIGURATION

         name            origin    length      used     unused   attr    fill
----------------------  --------  ---------  --------  --------  ----  --------
PAGE 0:
  BEGIN                 00000000   00000002  00000002  00000000  RWIX
  RAMM0                 000000f6   0000030a  00000004  00000306  RWIX
  RAMLS0                00008000   00000800  0000037e  00000482  RWIX
  RAMLS3                00009800   00000800  000002fe  00000502  RWIX
  RAMLS4                0000a000   00000800  00000000  00000800  RWIX
  FLASH_BANK0_SEC0      00080000   00001000  00000000  00001000  RWIX
  FLASH_BANK0_SEC1      00081000   00001000  00000000  00001000  RWIX
  FLASH_BANK0_SEC2      00082000   00001000  00000000  00001000  RWIX
  FLASH_BANK0_SEC3      00083000   00001000  00000000  00001000  RWIX
  FLASH_BANK0_SEC4      00084000   00001000  00000000  00001000  RWIX
  FLASH_BANK0_SEC5      00085000   00001000  00000000  00001000  RWIX
  FLASH_BANK0_SEC6      00086000   00001000  00000000  00001000  RWIX
  FLASH_BANK0_SEC7      00087000   00001000  00000000  00001000  RWIX
  FLASH_BANK0_SEC8      00088000   00001000  00000000  00001000  RWIX
  FLASH_BANK0_SEC9      00089000   00001000  00000000  00001000  RWIX
  FLASH_BANK0_SEC10     0008a000   00001000  00000000  00001000  RWIX
  FLASH_BANK0_SEC11     0008b000   00001000  00000000  00001000  RWIX
  FLASH_BANK0_SEC12     0008c000   00001000  00000000  00001000  RWIX
  FLASH_BANK0_SEC13     0008d000   00001000  00000000  00001000  RWIX
  FLASH_BANK0_SEC14     0008e000   00001000  00000000  00001000  RWIX
  FLASH_BANK0_SEC15     0008f000   00001000  00000000  00001000  RWIX
  FLASH_BANK1_SEC0      00090000   00001000  00000000  00001000  RWIX
  FLASH_BANK1_SEC1      00091000   00001000  00000000  00001000  RWIX
  FLASH_BANK1_SEC2      00092000   00001000  00000000  00001000  RWIX
  FLASH_BANK1_SEC3      00093000   00001000  00000000  00001000  RWIX
  FLASH_BANK1_SEC4      00094000   00001000  00000000  00001000  RWIX
  FLASH_BANK1_SEC5      00095000   00001000  00000000  00001000  RWIX
  FLASH_BANK1_SEC6      00096000   00001000  00000000  00001000  RWIX
  FLASH_BANK1_SEC7      00097000   00001000  00000000  00001000  RWIX
  FLASH_BANK1_SEC8      00098000   00001000  00000000  00001000  RWIX
  FLASH_BANK1_SEC9      00099000   00001000  00000000  00001000  RWIX
  FLASH_BANK1_SEC10     0009a000   00001000  00000000  00001000  RWIX
  FLASH_BANK1_SEC11     0009b000   00001000  00000000  00001000  RWIX
  FLASH_BANK1_SEC12     0009c000   00001000  00000000  00001000  RWIX
  FLASH_BANK1_SEC13     0009d000   00001000  00000000  00001000  RWIX
  FLASH_BANK1_SEC14     0009e000   00001000  00000000  00001000  RWIX
  FLASH_BANK1_SEC15     0009f000   00001000  00000000  00001000  RWIX
  RESET                 003fffc0   00000002  00000000  00000002  RWIX

PAGE 1:
  BOOT_RSVD             00000002   000000f1  00000000  000000f1  RWIX
  RAMM1                 00000400   000003f8  000003f8  00000000  RWIX
  CLA1_MSGRAMLOW        00001480   00000080  00000004  0000007c  RWIX
  CLA1_MSGRAMHIGH       00001500   00000080  00000011  0000006f  RWIX
  RAMLS1                00008800   00000800  00000000  00000800  RWIX
  RAMLS2                00009000   00000800  00000000  00000800  RWIX
  RAMLS5                0000a800   00000800  000000e4  0000071c  RWIX
  RAMLS6                0000b000   00000800  00000432  000003ce  RWIX
  RAMLS7                0000b800   00000800  00000000  00000800  RWIX
  RAMGS0                0000c000   00002000  000019a5  0000065b  RWIX
  RAMGS1                0000e000   00002000  00000000  00002000  RWIX
  RAMGS2                00010000   00002000  00000000  00002000  RWIX
  RAMGS3                00012000   00001ff8  00000000  00001ff8  RWIX


SECTION ALLOCATION MAP

 output                                  attributes/
section   page    origin      length       input sections
--------  ----  ----------  ----------   ----------------
codestart 
*          0    00000000    00000002     
                  00000000    00000002     f28004x_codestartbranch.obj (codestart)

.TI.ramfunc 
*          0    000000f6    00000004     
                  000000f6    00000004     driverlib_eabi.lib : sysctl.obj (.TI.ramfunc)

.cinit     1    0000a87a    0000006a     
                  0000a87a    00000024     (.cinit..data.load) [load image, compression = lzss]
                  0000a89e    00000006     (.cinit.ramgs0.load) [load image, compression = lzss]
                  0000a8a4    00000006     (__TI_handler_table)
                  0000a8aa    00000005     (.cinit.Cla1ToCpuMsgRAM.load) [load image, compression = lzss]
                  0000a8af    00000005     (.cinit.CpuToCla1MsgRAM.load) [load image, compression = lzss]
                  0000a8b4    00000004     (.cinit..bss.load) [load image, compression = zero_init]
                  0000a8b8    00000004     (.cinit..bss_cla.load) [load image, compression = zero_init]
                  0000a8bc    00000004     (.cinit..scratchpad.load) [load image, compression = zero_init]
                  0000a8c0    00000004     (.cinit.Cla1DataRam.load) [load image, compression = zero_init]
                  0000a8c4    00000020     (__TI_cinit_table)

.reset     0    003fffc0    00000000     DSECT

.stack     1    00000400    000003f8     UNINITIALIZED
                  00000400    000003f8     --HOLE--

.bss       1    0000a800    0000007a     UNINITIALIZED
                  0000a800    00000020     transient_det.obj (.bss:io_buff)
                  0000a820    00000020     transient_det.obj (.bss:tr_buff)
                  0000a840    00000020     transient_det.obj (.bss:vo_buff)
                  0000a860    00000008     main.obj (.bss:Il_controller)
                  0000a868    00000008     main.obj (.bss:Vo_controller)
                  0000a870    00000008     transient_det.obj (.bss)
                  0000a878    00000002     main.obj (.bss)

.init_array 
*          0    000000f6    00000000     UNINITIALIZED

.const     1    0000b000    000003dc     
                  0000b000    0000009a     driverlib_eabi.lib : sysctl.obj (.const:.string)
                  0000b09a    00000098                        : epwm.obj (.const:.string)
                  0000b132    00000098                        : gpio.obj (.const:.string)
                  0000b1ca    00000097                        : dma.obj (.const:.string)
                  0000b261    00000001     --HOLE-- [fill = 0]
                  0000b262    00000089     board.obj (.const:.string)
                  0000b2eb    00000001     --HOLE-- [fill = 0]
                  0000b2ec    00000051     driverlib_eabi.lib : interrupt.obj (.const:.string)
                  0000b33d    00000001     --HOLE-- [fill = 0]
                  0000b33e    00000050                        : cputimer.obj (.const:.string)
                  0000b38e    0000004e                        : memcfg.obj (.const:.string)

.data      1    0000b3dc    00000056     UNINITIALIZED
                  0000b3dc    00000006     rts2800_fpu32_eabi.lib : exit.c.obj (.data)
                  0000b3e2    00000002                            : _lock.c.obj (.data:_lock)
                  0000b3e4    00000002     control_functions.obj (.data)
                  0000b3e6    0000001a     --HOLE--
                  0000b400    00000032     main.obj (.data)

.bss_cla   0    00009af0    00000008     UNINITIALIZED
                  00009af0    00000008     cla_tasks.obj (.bss_cla)

ramgs0     1    0000c000    00000012     UNINITIALIZED
                  0000c000    0000000e     main.obj (ramgs0:uninit)
                  0000c00e    00000004     main.obj (ramgs0:init)

.scratchpad 
*          0    00009af8    00000006     UNINITIALIZED
                  00009af8    00000006     cla_tasks.obj (.scratchpad:Cla1Prog:derivatives)

Cla1DataRam 
*          0    00009800    000002f0     UNINITIALIZED
                  00009800    000002f0     cla_tasks.obj (Cla1DataRam)

Cla1ToCpuMsgRAM 
*          1    00001480    00000004     UNINITIALIZED
                  00001480    00000004     main.obj (Cla1ToCpuMsgRAM)

CpuToCla1MsgRAM 
*          1    00001500    00000011     UNINITIALIZED
                  00001500    00000010     main.obj (CpuToCla1MsgRAM:uninit)
                  00001510    00000001     main.obj (CpuToCla1MsgRAM:init)

Cla1Prog   0    00008000    0000037e     
                  00008000    000001d8     cla_tasks.obj (Cla1Prog:derivatives)
                  000081d8    000001a6     cla_tasks.obj (Cla1Prog:Cla1Task1)

.text      1    0000c012    00001993     
                  0000c012    000003c9     board.obj (.text:EPWM_init)
                  0000c3db    000000d7     device.obj (.text:Device_enableAllPeripherals)
                  0000c4b2    000000c5     driverlib_eabi.lib : sysctl.obj (.text:SysCtl_setClock)
                  0000c577    000000bd                        : sysctl.obj (.text:SysCtl_isPLLValid)
                  0000c634    000000b3     board.obj (.text:MEMCFG_init)
                  0000c6e7    0000009f     transient_det.obj (.text:init_detector)
                  0000c786    0000009d     driverlib_eabi.lib : dma.obj (.text:DMA_configMode)
                  0000c823    00000095     main.obj (.text:average_samples)
                  0000c8b8    0000007f     driverlib_eabi.lib : interrupt.obj (.text:Interrupt_clearIFR)
                  0000c937    00000079     main.obj (.text:samples_to_cla)
                  0000c9b0    00000077     transient_det.obj (.text:transient_detector)
                  0000ca27    00000073     driverlib_eabi.lib : sysctl.obj (.text:DCC_setCounterSeeds)
                  0000ca9a    00000073     device.obj (.text:Device_init)
                  0000cb0d    00000072     driverlib_eabi.lib : memcfg.obj (.text:MemCfg_setProtection)
                  0000cb7f    0000006b     board.obj (.text:myADC1_init)
                  0000cbea    00000066     main.obj (.text:INT_ControlPWM_ISR)
                  0000cc50    00000064     board.obj (.text:PinMux_init)
                  0000ccb4    0000005e     driverlib_eabi.lib : sysctl.obj (.text:SysCtl_getClock)
                  0000cd12    00000058     board.obj (.text:EPWM_setActionQualifierAction)
                  0000cd6a    00000054     board.obj (.text:myADC0_init)
                  0000cdbe    00000054     board.obj (.text:myADC2_init)
                  0000ce12    00000053     main.obj (.text:cla1Isr1)
                  0000ce65    00000052     driverlib_eabi.lib : gpio.obj (.text:GPIO_setPadConfig)
                  0000ceb7    0000004e                        : interrupt.obj (.text:Interrupt_disable)
                  0000cf05    00000049                        : sysctl.obj (.text:SysCtl_selectOscSource)
                  0000cf4e    00000048     board.obj (.text:myDMA1_init)
                  0000cf96    00000047     board.obj (.text:myDMA0_init)
                  0000cfdd    00000047     board.obj (.text:myDMA2_init)
                  0000d024    00000045     main.obj (.text:err_calc)
                  0000d069    0000003d     main.obj (.text:INT_transient_det_pin_XINT_ISR)
                  0000d0a6    0000003d     driverlib_eabi.lib : interrupt.obj (.text:Interrupt_initModule)
                  0000d0e3    0000003a                        : gpio.obj (.text:GPIO_setAnalogMode)
                  0000d11d    0000003a     main.obj (.text:main)
                  0000d157    00000038     board.obj (.text:INTERRUPT_init)
                  0000d18f    00000038     main.obj (.text:duty_cycle_calculation)
                  0000d1c7    00000037     driverlib_eabi.lib : gpio.obj (.text:GPIO_setControllerCore)
                  0000d1fe    00000037                        : gpio.obj (.text:GPIO_setPinConfig)
                  0000d235    00000037                        : gpio.obj (.text:GPIO_setQualificationMode)
                  0000d26c    00000037                        : interrupt.obj (.text:Interrupt_enable)
                  0000d2a3    00000037                        : memcfg.obj (.text:MemCfg_setLSRAMControllerSel)
                  0000d2da    00000034                        : gpio.obj (.text:GPIO_setInterruptPin)
                  0000d30e    00000033                        : dma.obj (.text:DMA_configWrap)
                  0000d341    00000031                        : gpio.obj (.text:GPIO_setDirectionMode)
                  0000d372    00000031     board.obj (.text:SYNC_init)
                  0000d3a3    0000002e     rts2800_fpu32_eabi.lib : copy_decompress_lzss.c.obj (.text:decompress:lzss)
                  0000d3d1    0000002b     board.obj (.text:Board_init)
                  0000d3fc    0000002b     driverlib_eabi.lib : epwm.obj (.text:EPWM_isBaseValid)
                  0000d427    0000002b     rts2800_fpu32_eabi.lib : autoinit.c.obj (.text:__TI_auto_init_nobinit_nopinit)
                  0000d452    00000029     driverlib_eabi.lib : dma.obj (.text:DMA_configTransfer)
                  0000d47b    00000029     rts2800_fpu32_eabi.lib : exit.c.obj (.text)
                  0000d4a4    00000028     driverlib_eabi.lib : adc.obj (.text:ADC_setOffsetTrimAll)
                  0000d4cc    00000026                        : cla.obj (.text:CLA_setTriggerSource)
                  0000d4f2    00000025                        : dma.obj (.text:DMA_configAddresses)
                  0000d517    00000025     board.obj (.text:myCPUTIMER0_init)
                  0000d53c    00000024     driverlib_eabi.lib : sysctl.obj (.text:DCC_enableSingleShotMode)
                  0000d560    00000024                        : dma.obj (.text:DMA_configBurst)
                  0000d584    00000024                        : sysctl.obj (.text:SysCtl_selectXTAL)
                  0000d5a8    00000023                        : dma.obj (.text:DMA_isBaseValid)
                  0000d5cb    00000023                        : sysctl.obj (.text:SysCtl_pollX1Counter)
                  0000d5ee    00000020                        : gpio.obj (.text:XBAR_setInputPin)
                  0000d60e    0000001f     main.obj (.text:INT_tz_pin_XINT_ISR)
                  0000d62d    0000001e     driverlib_eabi.lib : sysctl.obj (.text:DCC_setCounter1ClkSource)
                  0000d64b    0000001e                        : interrupt.obj (.text:Interrupt_initVectorTable)
                  0000d669    0000001c                        : sysctl.obj (.text:DCC_setCounter0ClkSource)
                  0000d685    0000001c     rts2800_fpu32_eabi.lib : memcpy.c.obj (.text)
                  0000d6a1    0000001a     driverlib_eabi.lib : sysctl.obj (.text:SysCtl_getLowSpeedClock)
                  0000d6bb    0000001a                        : sysctl.obj (.text:SysCtl_selectXTALSingleEnded)
                  0000d6d5    00000019     control_functions.obj (.text:update_PI)
                  0000d6ee    00000018     main.obj (.text:INT_ControlPWM_TZ_ISR)
                  0000d706    00000018     board.obj (.text:myCLA0_init)
                  0000d71e    00000018     board.obj (.text:transient_det_pin_init)
                  0000d736    00000018     board.obj (.text:tz_pin_init)
                  0000d74e    00000017     driverlib_eabi.lib : cputimer.obj (.text:CPUTimer_isBaseValid)
                  0000d765    00000017                        : sysctl.obj (.text:SysCtl_enablePeripheral)
                  0000d77c    00000017     board.obj (.text:debug_pin_init)
                  0000d793    00000017     rts2800_fpu32_eabi.lib : boot28.asm.obj (.text)
                  0000d7aa    00000016     driverlib_eabi.lib : sysctl.obj (.text:DCC_disableDoneSignal)
                  0000d7c0    00000016                        : sysctl.obj (.text:DCC_enableDoneSignal)
                  0000d7d6    00000016                        : epwm.obj (.text:EPWM_setEmulationMode)
                  0000d7ec    00000016     control_functions.obj (.text:duty_cycle_saturation)
                  0000d802    00000015     driverlib_eabi.lib : sysctl.obj (.text:DCC_clearDoneFlag)
                  0000d817    00000015                        : sysctl.obj (.text:DCC_clearErrorFlag)
                  0000d82c    00000015                        : sysctl.obj (.text:DCC_disableErrorSignal)
                  0000d841    00000015                        : sysctl.obj (.text:DCC_enableErrorSignal)
                  0000d856    00000014                        : sysctl.obj (.text:DCC_disableModule)
                  0000d86a    00000014                        : sysctl.obj (.text:DCC_enableModule)
                  0000d87e    00000014                        : gpio.obj (.text:GPIO_isPinValid)
                  0000d892    00000013                        : cputimer.obj (.text:CPUTimer_setEmulationMode)
                  0000d8a5    00000011     board.obj (.text:transient_det_pin_XINT_init)
                  0000d8b6    00000011     board.obj (.text:tz_pin_XINT_init)
                  0000d8c7    00000010     driverlib_eabi.lib : sysctl.obj (.text:DCC_isBaseValid)
                  0000d8d7    00000010     board.obj (.text:DMA_init)
                  0000d8e7    00000010     device.obj (.text:Device_initGPIO)
                  0000d8f7    00000010     control_functions.obj (.text:set_duty_cycle)
                  0000d907    0000000e     driverlib_eabi.lib : interrupt.obj (.text:Interrupt_defaultHandler)
                  0000d915    0000000d     board.obj (.text:ASYSCTL_init)
                  0000d922    0000000d     driverlib_eabi.lib : interrupt.obj (.text:Interrupt_disableGlobal)
                  0000d92f    0000000d                        : interrupt.obj (.text:Interrupt_enableGlobal)
                  0000d93c    0000000d     rts2800_fpu32_eabi.lib : copy_zero_init.c.obj (.text:decompress:ZI:__TI_zero_init_nomemset)
                  0000d949    0000000c                            : args_main.c.obj (.text)
                  0000d955    0000000b     driverlib_eabi.lib : sysctl.obj (.text:SysCtl_isMCDClockFailureDetected)
                  0000d960    0000000b     control_functions.obj (.text:init_PI)
                  0000d96b    00000009     board.obj (.text:myINPUTXBARINPUT1_init)
                  0000d974    00000009     board.obj (.text:myINPUTXBARINPUT4_init)
                  0000d97d    00000008     rts2800_fpu32_eabi.lib : copy_decompress_none.c.obj (.text:decompress:none)
                  0000d985    00000007     driverlib_eabi.lib : sysctl.obj (.text:SysCtl_resetMCD)
                  0000d98c    00000007     control_functions.obj (.text:reset_PI)
                  0000d993    00000006     board.obj (.text:myINPUTXBARINPUT0_init)
                  0000d999    00000003     device.obj (.text:__error__)
                  0000d99c    00000002     driverlib_eabi.lib : interrupt.obj (.text:Interrupt_illegalOperationHandler)
                  0000d99e    00000002                        : interrupt.obj (.text:Interrupt_nmiHandler)
                  0000d9a0    00000002     rts2800_fpu32_eabi.lib : pre_init.c.obj (.text)
                  0000d9a2    00000001     c2000ware_libraries.obj (.text:FFR_init)
                  0000d9a3    00000001     rts2800_fpu32_eabi.lib : _lock.c.obj (.text)
                  0000d9a4    00000001                            : startup.c.obj (.text)

MODULE SUMMARY

       Module                        code   ro data   rw data
       ------                        ----   -------   -------
    .\
       cla_tasks.obj                 894    0         766    
       main.obj                      754    0         107    
       transient_det.obj             278    0         104    
       control_functions.obj         81     0         2      
    +--+-----------------------------+------+---------+---------+
       Total:                        2007   0         979    
                                                             
    .\device\
       device.obj                    349    0         0      
       f28004x_codestartbranch.obj   2      0         0      
    +--+-----------------------------+------+---------+---------+
       Total:                        351    0         0      
                                                             
    .\syscfg\
       board.obj                     2192   137       0      
       c2000ware_libraries.obj       1      0         0      
    +--+-----------------------------+------+---------+---------+
       Total:                        2193   137       0      
                                                             
    C:/ti/ccs2040/ccs/tools/compiler/ti-cgt-c2000_22.6.3.LTS/lib/rts2800_fpu32_eabi.lib
       exit.c.obj                    41     0         6      
       copy_decompress_lzss.c.obj    46     0         0      
       autoinit.c.obj                43     0         0      
       memcpy.c.obj                  28     0         0      
       boot28.asm.obj                23     0         0      
       copy_zero_init.c.obj          13     0         0      
       args_main.c.obj               12     0         0      
       copy_decompress_none.c.obj    8      0         0      
       _lock.c.obj                   1      0         2      
       pre_init.c.obj                2      0         0      
       startup.c.obj                 1      0         0      
    +--+-----------------------------+------+---------+---------+
       Total:                        218    0         8      
                                                             
    C:\ti\c2000\C2000Ware_4_03_00_00\driverlib\f28004x\driverlib\ccs\Debug\driverlib_eabi.lib
       sysctl.obj                    1114   154       0      
       gpio.obj                      458    152       0      
       dma.obj                       357    151       0      
       interrupt.obj                 395    81        0      
       memcfg.obj                    169    78        0      
       epwm.obj                      65     152       0      
       cputimer.obj                  42     80        0      
       adc.obj                       40     0         0      
       cla.obj                       38     0         0      
    +--+-----------------------------+------+---------+---------+
       Total:                        2678   848       0      
                                                             
       Stack:                        0      0         1016   
       Linker Generated:             0      106       0      
    +--+-----------------------------+------+---------+---------+
       Grand Total:                  7447   1091      2003   


LINKER GENERATED COPY TABLES

__TI_cinit_table @ 0000a8c4 records: 8, size/record: 4, table size: 32
	.data: load addr=0000a87a, load size=00000024 bytes, run addr=0000b3dc, run size=00000056 bytes, compression=lzss
	ramgs0: load addr=0000a89e, load size=00000006 bytes, run addr=0000c000, run size=00000012 bytes, compression=lzss
	Cla1ToCpuMsgRAM: load addr=0000a8aa, load size=00000005 bytes, run addr=00001480, run size=00000004 bytes, compression=lzss
	CpuToCla1MsgRAM: load addr=0000a8af, load size=00000005 bytes, run addr=00001500, run size=00000011 bytes, compression=lzss
	.bss: load addr=0000a8b4, load size=00000004 bytes, run addr=0000a800, run size=0000007a bytes, compression=zero_init
	.bss_cla: load addr=0000a8b8, load size=00000004 bytes, run addr=00009af0, run size=00000008 bytes, compression=zero_init
	.scratchpad: load addr=0000a8bc, load size=00000004 bytes, run addr=00009af8, run size=00000006 bytes, compression=zero_init
	Cla1DataRam: load addr=0000a8c0, load size=00000004 bytes, run addr=00009800, run size=000002f0 bytes, compression=zero_init


LINKER GENERATED HANDLER TABLE

__TI_handler_table @ 0000a8a4 records: 3, size/record: 2, table size: 6
	index: 0, handler: __TI_zero_init
	index: 1, handler: __TI_decompress_lzss
	index: 2, handler: __TI_decompress_none


GLOBAL DATA SYMBOLS: SORTED BY DATA PAGE

address     data page           name
--------    ----------------    ----
00000400      10 (00000400)     __stack

00001480      52 (00001480)     R_out
00001482      52 (00001480)     L_out

00001500      54 (00001500)     vo_sample_test
00001508      54 (00001500)     io_sample_test
00001510      54 (00001500)     s_count

00009800     260 (00009800)     i
00009802     260 (00009800)     vo_smpl_cla

00009892     262 (00009880)     io_smpl_cla

00009922     264 (00009900)     dio_smpl_cla

000099b2     266 (00009980)     v_h

00009a42     269 (00009a40)     v2

00009ad2     26b (00009ac0)     n1_partial
00009ad4     26b (00009ac0)     n2_partial
00009ad6     26b (00009ac0)     piv0
00009ad7     26b (00009ac0)     piv1
00009ad8     26b (00009ac0)     col0
00009ad9     26b (00009ac0)     col1
00009ada     26b (00009ac0)     alpha
00009adc     26b (00009ac0)     beta
00009ade     26b (00009ac0)     vv
00009ae0     26b (00009ac0)     dot
00009ae2     26b (00009ac0)     dot1
00009ae4     26b (00009ac0)     alpha2
00009ae6     26b (00009ac0)     beta2
00009ae8     26b (00009ac0)     v2v2
00009aea     26b (00009ac0)     dot2
00009aec     26b (00009ac0)     sol
00009af0     26b (00009ac0)     nsat_smpl
00009af2     26b (00009ac0)     sat_smpl
00009af4     26b (00009ac0)     nsat_smpl_prev
00009af6     26b (00009ac0)     ef_index

0000a800     2a0 (0000a800)     io_buff
0000a820     2a0 (0000a800)     tr_buff

0000a840     2a1 (0000a840)     vo_buff
0000a860     2a1 (0000a840)     Il_controller
0000a868     2a1 (0000a840)     Vo_controller
0000a870     2a1 (0000a840)     head
0000a872     2a1 (0000a840)     vo_sum
0000a874     2a1 (0000a840)     io_sum
0000a876     2a1 (0000a840)     tr_sum
0000a878     2a1 (0000a840)     transient_det_res
0000a879     2a1 (0000a840)     k

0000b3dc     2cf (0000b3c0)     __TI_enable_exit_profile_output
0000b3de     2cf (0000b3c0)     __TI_cleanup_ptr
0000b3e0     2cf (0000b3c0)     __TI_dtors_ptr
0000b3e2     2cf (0000b3c0)     _lock

0000b400     2d0 (0000b400)     fixed_duty_cycle
0000b402     2d0 (0000b400)     ADCA0_results_add
0000b404     2d0 (0000b400)     ADCA0_Result_base
0000b406     2d0 (0000b400)     ADCB0_results_add
0000b408     2d0 (0000b400)     ADCB0_Result_base
0000b40a     2d0 (0000b400)     ADCC0_results_add
0000b40c     2d0 (0000b400)     ADCC0_Result_base
0000b40e     2d0 (0000b400)     d
0000b410     2d0 (0000b400)     fixed_d
0000b412     2d0 (0000b400)     Iin_avg
0000b414     2d0 (0000b400)     Io_avg
0000b416     2d0 (0000b400)     Il_avg
0000b418     2d0 (0000b400)     Vo_avg
0000b41a     2d0 (0000b400)     Vin_avg
0000b41c     2d0 (0000b400)     Vo_error
0000b41e     2d0 (0000b400)     Il_error
0000b420     2d0 (0000b400)     Vo_ref
0000b422     2d0 (0000b400)     kpv
0000b424     2d0 (0000b400)     kiv
0000b426     2d0 (0000b400)     kpi
0000b428     2d0 (0000b400)     kii
0000b42a     2d0 (0000b400)     get_clk
0000b42c     2d0 (0000b400)     get_ls_clk
0000b42e     2d0 (0000b400)     timer_count
0000b430     2d0 (0000b400)     alg_time

0000c000     300 (0000c000)     ADCA_results
0000c002     300 (0000c000)     ADCB_results
0000c006     300 (0000c000)     ADCC_results
0000c00e     300 (0000c000)     R_err
0000c010     300 (0000c000)     L_err


GLOBAL SYMBOLS: SORTED ALPHABETICALLY BY Name 

page  address   name                           
----  -------   ----                           
1     0000b404  ADCA0_Result_base              
1     0000b402  ADCA0_results_add              
1     0000c000  ADCA_results                   
1     0000b408  ADCB0_Result_base              
1     0000b406  ADCB0_results_add              
1     0000c002  ADCB_results                   
1     0000b40c  ADCC0_Result_base              
1     0000b40a  ADCC0_results_add              
1     0000c006  ADCC_results                   
1     0000d4a4  ADC_setOffsetTrimAll           
1     0000d915  ASYSCTL_init                   
1     0000d3d1  Board_init                     
1     0000d47b  C$$EXIT                        
1     0000d9a2  C2000Ware_libraries_init       
1     0000d706  CLA_init                       
1     0000d4cc  CLA_setTriggerSource           
1     0000d517  CPUTIMER_init                  
1     0000d892  CPUTimer_setEmulationMode      
0     000081d8  Cla1Task1                      
1     0000d4f2  DMA_configAddresses            
1     0000d560  DMA_configBurst                
1     0000c786  DMA_configMode                 
1     0000d452  DMA_configTransfer             
1     0000d30e  DMA_configWrap                 
1     0000d8d7  DMA_init                       
1     0000c3db  Device_enableAllPeripherals    
1     0000ca9a  Device_init                    
1     0000d8e7  Device_initGPIO                
1     0000c012  EPWM_init                      
1     0000d7d6  EPWM_setEmulationMode          
1     0000d9a2  FFR_init                       
1     0000d0e3  GPIO_setAnalogMode             
1     0000d1c7  GPIO_setControllerCore         
1     0000d341  GPIO_setDirectionMode          
1     0000d2da  GPIO_setInterruptPin           
1     0000ce65  GPIO_setPadConfig              
1     0000d1fe  GPIO_setPinConfig              
1     0000d235  GPIO_setQualificationMode      
1     0000d157  INTERRUPT_init                 
1     0000cbea  INT_ControlPWM_ISR             
1     0000d6ee  INT_ControlPWM_TZ_ISR          
1     0000d069  INT_transient_det_pin_XINT_ISR 
1     0000d60e  INT_tz_pin_XINT_ISR            
1     0000b412  Iin_avg                        
1     0000b416  Il_avg                         
1     0000a860  Il_controller                  
1     0000b41e  Il_error                       
1     0000ceb7  Interrupt_disable              
1     0000d26c  Interrupt_enable               
1     0000d0a6  Interrupt_initModule           
1     0000d64b  Interrupt_initVectorTable      
1     0000b414  Io_avg                         
1     0000c010  L_err                          
1     00001482  L_out                          
1     0000c634  MEMCFG_init                    
1     0000d2a3  MemCfg_setLSRAMControllerSel   
1     0000cb0d  MemCfg_setProtection           
1     0000cc50  PinMux_init                    
1     0000c00e  R_err                          
1     00001480  R_out                          
1     0000d372  SYNC_init                      
0     000000f6  SysCtl_delay                   
1     0000ccb4  SysCtl_getClock                
1     0000d6a1  SysCtl_getLowSpeedClock        
1     0000c577  SysCtl_isPLLValid              
1     0000cf05  SysCtl_selectOscSource         
1     0000d584  SysCtl_selectXTAL              
1     0000d6bb  SysCtl_selectXTALSingleEnded   
1     0000c4b2  SysCtl_setClock                
1     0000b41a  Vin_avg                        
1     0000b418  Vo_avg                         
1     0000a868  Vo_controller                  
1     0000b41c  Vo_error                       
1     0000b420  Vo_ref                         
1     0000a8c4  __TI_CINIT_Base                
1     0000a8e4  __TI_CINIT_Limit               
1     0000a8e4  __TI_CINIT_Warm                
1     0000a8a4  __TI_Handler_Table_Base        
1     0000a8aa  __TI_Handler_Table_Limit       
1     000007f8  __TI_STACK_END                 
abs   000003f8  __TI_STACK_SIZE                
1     0000d427  __TI_auto_init_nobinit_nopinit 
1     0000b3de  __TI_cleanup_ptr               
1     0000d3a3  __TI_decompress_lzss           
1     0000d97d  __TI_decompress_none           
1     0000b3e0  __TI_dtors_ptr                 
1     0000b3dc  __TI_enable_exit_profile_output
abs   ffffffff  __TI_pprof_out_hndl            
abs   ffffffff  __TI_prof_data_size            
abs   ffffffff  __TI_prof_data_start           
1     0000d93c  __TI_zero_init_nomemset        
n/a   UNDEFED   __c_args__                     
1     0000d999  __error__                      
1     00000400  __stack                        
1     0000d949  _args_main                     
1     0000d793  _c_int00                       
1     0000b3e2  _lock                          
1     0000d9a3  _nop                           
1     0000d9a4  _system_post_cinit             
1     0000d9a0  _system_pre_init               
1     0000d47b  abort                          
1     0000b430  alg_time                       
0     00009ada  alpha                          
0     00009ae4  alpha2                         
1     0000c823  average_samples                
0     00009adc  beta                           
0     00009ae6  beta2                          
1     0000ce12  cla1Isr1                       
0     00000000  code_start                     
0     00009ad8  col0                           
0     00009ad9  col1                           
1     0000b40e  d                              
1     0000d77c  debug_pin_init                 
0     00008000  derivatives                    
0     00009922  dio_smpl_cla                   
0     00009ae0  dot                            
0     00009ae2  dot1                           
0     00009aea  dot2                           
1     0000d18f  duty_cycle_calculation         
1     0000d7ec  duty_cycle_saturation          
0     00009af6  ef_index                       
1     0000d024  err_calc                       
1     0000d47d  exit                           
1     0000b410  fixed_d                        
1     0000b400  fixed_duty_cycle               
1     0000b42a  get_clk                        
1     0000b42c  get_ls_clk                     
1     0000a870  head                           
0     00009800  i                              
1     0000d960  init_PI                        
1     0000c6e7  init_detector                  
1     0000a800  io_buff                        
1     00001508  io_sample_test                 
0     00009892  io_smpl_cla                    
1     0000a874  io_sum                         
1     0000a879  k                              
1     0000b428  kii                            
1     0000b424  kiv                            
1     0000b426  kpi                            
1     0000b422  kpv                            
1     0000d11d  main                           
1     0000d685  memcpy                         
1     0000cd6a  myADC0_init                    
1     0000cb7f  myADC1_init                    
1     0000cdbe  myADC2_init                    
1     0000d706  myCLA0_init                    
1     0000d517  myCPUTIMER0_init               
1     0000cf96  myDMA0_init                    
1     0000cf4e  myDMA1_init                    
1     0000cfdd  myDMA2_init                    
1     0000d993  myINPUTXBARINPUT0_init         
1     0000d96b  myINPUTXBARINPUT1_init         
1     0000d974  myINPUTXBARINPUT4_init         
0     00009ad2  n1_partial                     
0     00009ad4  n2_partial                     
0     00009af0  nsat_smpl                      
0     00009af4  nsat_smpl_prev                 
0     00009ad6  piv0                           
0     00009ad7  piv1                           
1     0000d98c  reset_PI                       
1     00001510  s_count                        
1     0000c937  samples_to_cla                 
0     00009af2  sat_smpl                       
1     0000d8f7  set_duty_cycle                 
0     00009aec  sol                            
1     0000b42e  timer_count                    
1     0000a820  tr_buff                        
1     0000a876  tr_sum                         
1     0000d8a5  transient_det_pin_XINT_init    
1     0000d71e  transient_det_pin_init         
1     0000a878  transient_det_res              
1     0000c9b0  transient_detector             
1     0000d8b6  tz_pin_XINT_init               
1     0000d736  tz_pin_init                    
1     0000d6d5  update_PI                      
0     00009a42  v2                             
0     00009ae8  v2v2                           
0     000099b2  v_h                            
1     0000a840  vo_buff                        
1     00001500  vo_sample_test                 
0     00009802  vo_smpl_cla                    
1     0000a872  vo_sum                         
0     00009ade  vv                             


GLOBAL SYMBOLS: SORTED BY Symbol Address 

page  address   name                           
----  -------   ----                           
0     00000000  code_start                     
0     000000f6  SysCtl_delay                   
0     00008000  derivatives                    
0     000081d8  Cla1Task1                      
0     00009800  i                              
0     00009802  vo_smpl_cla                    
0     00009892  io_smpl_cla                    
0     00009922  dio_smpl_cla                   
0     000099b2  v_h                            
0     00009a42  v2                             
0     00009ad2  n1_partial                     
0     00009ad4  n2_partial                     
0     00009ad6  piv0                           
0     00009ad7  piv1                           
0     00009ad8  col0                           
0     00009ad9  col1                           
0     00009ada  alpha                          
0     00009adc  beta                           
0     00009ade  vv                             
0     00009ae0  dot                            
0     00009ae2  dot1                           
0     00009ae4  alpha2                         
0     00009ae6  beta2                          
0     00009ae8  v2v2                           
0     00009aea  dot2                           
0     00009aec  sol                            
0     00009af0  nsat_smpl                      
0     00009af2  sat_smpl                       
0     00009af4  nsat_smpl_prev                 
0     00009af6  ef_index                       
1     00000400  __stack                        
1     000007f8  __TI_STACK_END                 
1     00001480  R_out                          
1     00001482  L_out                          
1     00001500  vo_sample_test                 
1     00001508  io_sample_test                 
1     00001510  s_count                        
1     0000a800  io_buff                        
1     0000a820  tr_buff                        
1     0000a840  vo_buff                        
1     0000a860  Il_controller                  
1     0000a868  Vo_controller                  
1     0000a870  head                           
1     0000a872  vo_sum                         
1     0000a874  io_sum                         
1     0000a876  tr_sum                         
1     0000a878  transient_det_res              
1     0000a879  k                              
1     0000a8a4  __TI_Handler_Table_Base        
1     0000a8aa  __TI_Handler_Table_Limit       
1     0000a8c4  __TI_CINIT_Base                
1     0000a8e4  __TI_CINIT_Limit               
1     0000a8e4  __TI_CINIT_Warm                
1     0000b3dc  __TI_enable_exit_profile_output
1     0000b3de  __TI_cleanup_ptr               
1     0000b3e0  __TI_dtors_ptr                 
1     0000b3e2  _lock                          
1     0000b400  fixed_duty_cycle               
1     0000b402  ADCA0_results_add              
1     0000b404  ADCA0_Result_base              
1     0000b406  ADCB0_results_add              
1     0000b408  ADCB0_Result_base              
1     0000b40a  ADCC0_results_add              
1     0000b40c  ADCC0_Result_base              
1     0000b40e  d                              
1     0000b410  fixed_d                        
1     0000b412  Iin_avg                        
1     0000b414  Io_avg                         
1     0000b416  Il_avg                         
1     0000b418  Vo_avg                         
1     0000b41a  Vin_avg                        
1     0000b41c  Vo_error                       
1     0000b41e  Il_error                       
1     0000b420  Vo_ref                         
1     0000b422  kpv                            
1     0000b424  kiv                            
1     0000b426  kpi                            
1     0000b428  kii                            
1     0000b42a  get_clk                        
1     0000b42c  get_ls_clk                     
1     0000b42e  timer_count                    
1     0000b430  alg_time                       
1     0000c000  ADCA_results                   
1     0000c002  ADCB_results                   
1     0000c006  ADCC_results                   
1     0000c00e  R_err                          
1     0000c010  L_err                          
1     0000c012  EPWM_init                      
1     0000c3db  Device_enableAllPeripherals    
1     0000c4b2  SysCtl_setClock                
1     0000c577  SysCtl_isPLLValid              
1     0000c634  MEMCFG_init                    
1     0000c6e7  init_detector                  
1     0000c786  DMA_configMode                 
1     0000c823  average_samples                
1     0000c937  samples_to_cla                 
1     0000c9b0  transient_detector             
1     0000ca9a  Device_init                    
1     0000cb0d  MemCfg_setProtection           
1     0000cb7f  myADC1_init                    
1     0000cbea  INT_ControlPWM_ISR             
1     0000cc50  PinMux_init                    
1     0000ccb4  SysCtl_getClock                
1     0000cd6a  myADC0_init                    
1     0000cdbe  myADC2_init                    
1     0000ce12  cla1Isr1                       
1     0000ce65  GPIO_setPadConfig              
1     0000ceb7  Interrupt_disable              
1     0000cf05  SysCtl_selectOscSource         
1     0000cf4e  myDMA1_init                    
1     0000cf96  myDMA0_init                    
1     0000cfdd  myDMA2_init                    
1     0000d024  err_calc                       
1     0000d069  INT_transient_det_pin_XINT_ISR 
1     0000d0a6  Interrupt_initModule           
1     0000d0e3  GPIO_setAnalogMode             
1     0000d11d  main                           
1     0000d157  INTERRUPT_init                 
1     0000d18f  duty_cycle_calculation         
1     0000d1c7  GPIO_setControllerCore         
1     0000d1fe  GPIO_setPinConfig              
1     0000d235  GPIO_setQualificationMode      
1     0000d26c  Interrupt_enable               
1     0000d2a3  MemCfg_setLSRAMControllerSel   
1     0000d2da  GPIO_setInterruptPin           
1     0000d30e  DMA_configWrap                 
1     0000d341  GPIO_setDirectionMode          
1     0000d372  SYNC_init                      
1     0000d3a3  __TI_decompress_lzss           
1     0000d3d1  Board_init                     
1     0000d427  __TI_auto_init_nobinit_nopinit 
1     0000d452  DMA_configTransfer             
1     0000d47b  C$$EXIT                        
1     0000d47b  abort                          
1     0000d47d  exit                           
1     0000d4a4  ADC_setOffsetTrimAll           
1     0000d4cc  CLA_setTriggerSource           
1     0000d4f2  DMA_configAddresses            
1     0000d517  CPUTIMER_init                  
1     0000d517  myCPUTIMER0_init               
1     0000d560  DMA_configBurst                
1     0000d584  SysCtl_selectXTAL              
1     0000d60e  INT_tz_pin_XINT_ISR            
1     0000d64b  Interrupt_initVectorTable      
1     0000d685  memcpy                         
1     0000d6a1  SysCtl_getLowSpeedClock        
1     0000d6bb  SysCtl_selectXTALSingleEnded   
1     0000d6d5  update_PI                      
1     0000d6ee  INT_ControlPWM_TZ_ISR          
1     0000d706  CLA_init                       
1     0000d706  myCLA0_init                    
1     0000d71e  transient_det_pin_init         
1     0000d736  tz_pin_init                    
1     0000d77c  debug_pin_init                 
1     0000d793  _c_int00                       
1     0000d7d6  EPWM_setEmulationMode          
1     0000d7ec  duty_cycle_saturation          
1     0000d892  CPUTimer_setEmulationMode      
1     0000d8a5  transient_det_pin_XINT_init    
1     0000d8b6  tz_pin_XINT_init               
1     0000d8d7  DMA_init                       
1     0000d8e7  Device_initGPIO                
1     0000d8f7  set_duty_cycle                 
1     0000d915  ASYSCTL_init                   
1     0000d93c  __TI_zero_init_nomemset        
1     0000d949  _args_main                     
1     0000d960  init_PI                        
1     0000d96b  myINPUTXBARINPUT1_init         
1     0000d974  myINPUTXBARINPUT4_init         
1     0000d97d  __TI_decompress_none           
1     0000d98c  reset_PI                       
1     0000d993  myINPUTXBARINPUT0_init         
1     0000d999  __error__                      
1     0000d9a0  _system_pre_init               
1     0000d9a2  C2000Ware_libraries_init       
1     0000d9a2  FFR_init                       
1     0000d9a3  _nop                           
1     0000d9a4  _system_post_cinit             
abs   000003f8  __TI_STACK_SIZE                
abs   ffffffff  __TI_pprof_out_hndl            
abs   ffffffff  __TI_prof_data_size            
abs   ffffffff  __TI_prof_data_start           
n/a   UNDEFED   __c_args__                     

[183 symbols]
