******************************************************************************
             TMS320C2000 Linker PC v22.6.3                     
******************************************************************************
>> Linked Wed Apr 22 11:52:21 2026

OUTPUT FILE NAME:   <buck_converter_dma_original.out>
ENTRY POINT SYMBOL: "code_start"  address: 00000000


MEMORY CONFIGURATION

         name            origin    length      used     unused   attr    fill
----------------------  --------  ---------  --------  --------  ----  --------
PAGE 0:
  BEGIN                 00000000   00000002  00000002  00000000  RWIX
  RAMM0                 000000f6   0000030a  0000006a  000002a0  RWIX
  RAMLS0                00008000   00000800  00000750  000000b0  RWIX
  RAMLS3                00009800   00000800  00000800  00000000  RWIX
  RAMLS4                0000a000   00000800  00000800  00000000  RWIX
  RAMLS7                0000b800   00000800  00000638  000001c8  RWIX
  FLASH_BANK0_SEC0      00080000   00001000  00000000  00001000  RWIX
  FLASH_BANK0_SEC1      00081000   00001000  00000000  00001000  RWIX
  FLASH_BANK0_SEC2      00082000   00001000  00000000  00001000  RWIX
  FLASH_BANK0_SEC3      00083000   00001000  00000000  00001000  RWIX
  FLASH_BANK0_SEC4      00084000   00001000  00000000  00001000  RWIX
  FLASH_BANK0_SEC5      00085000   00001000  00000000  00001000  RWIX
  FLASH_BANK0_SEC6      00086000   00001000  00000000  00001000  RWIX
  FLASH_BANK0_SEC7      00087000   00001000  00000000  00001000  RWIX
  FLASH_BANK0_SEC8      00088000   00001000  00000000  00001000  RWIX
  FLASH_BANK0_SEC9      00089000   00001000  00000000  00001000  RWIX
  FLASH_BANK0_SEC10     0008a000   00001000  00000000  00001000  RWIX
  FLASH_BANK0_SEC11     0008b000   00001000  00000000  00001000  RWIX
  FLASH_BANK0_SEC12     0008c000   00001000  00000000  00001000  RWIX
  FLASH_BANK0_SEC13     0008d000   00001000  00000000  00001000  RWIX
  FLASH_BANK0_SEC14     0008e000   00001000  00000000  00001000  RWIX
  FLASH_BANK0_SEC15     0008f000   00001000  00000000  00001000  RWIX
  FLASH_BANK1_SEC0      00090000   00001000  00000000  00001000  RWIX
  FLASH_BANK1_SEC1      00091000   00001000  00000000  00001000  RWIX
  FLASH_BANK1_SEC2      00092000   00001000  00000000  00001000  RWIX
  FLASH_BANK1_SEC3      00093000   00001000  00000000  00001000  RWIX
  FLASH_BANK1_SEC4      00094000   00001000  00000000  00001000  RWIX
  FLASH_BANK1_SEC5      00095000   00001000  00000000  00001000  RWIX
  FLASH_BANK1_SEC6      00096000   00001000  00000000  00001000  RWIX
  FLASH_BANK1_SEC7      00097000   00001000  00000000  00001000  RWIX
  FLASH_BANK1_SEC8      00098000   00001000  00000000  00001000  RWIX
  FLASH_BANK1_SEC9      00099000   00001000  00000000  00001000  RWIX
  FLASH_BANK1_SEC10     0009a000   00001000  00000000  00001000  RWIX
  FLASH_BANK1_SEC11     0009b000   00001000  00000000  00001000  RWIX
  FLASH_BANK1_SEC12     0009c000   00001000  00000000  00001000  RWIX
  FLASH_BANK1_SEC13     0009d000   00001000  00000000  00001000  RWIX
  FLASH_BANK1_SEC14     0009e000   00001000  00000000  00001000  RWIX
  FLASH_BANK1_SEC15     0009f000   00001000  00000000  00001000  RWIX
  RESET                 003fffc0   00000002  00000000  00000002  RWIX

PAGE 1:
  BOOT_RSVD             00000002   000000f1  00000000  000000f1  RWIX
  RAMM1                 00000400   000003f8  000003f8  00000000  RWIX
  CLA1_MSGRAMLOW        00001480   00000080  00000008  00000078  RWIX
  CLA1_MSGRAMHIGH       00001500   00000080  0000000a  00000076  RWIX
  RAMLS1                00008800   00000800  00000002  000007fe  RWIX
  RAMLS2                00009000   00000800  00000188  00000678  RWIX
  RAMLS5                0000a800   00000800  00000079  00000787  RWIX
  RAMLS6                0000b000   00000800  000001fa  00000606  RWIX
  RAMGS0                0000c000   00002000  0000009a  00001f66  RWIX
  RAMGS1                0000e000   00002000  00000000  00002000  RWIX
  RAMGS2                00010000   00002000  00000000  00002000  RWIX
  RAMGS3                00012000   00001ff8  00000000  00001ff8  RWIX


SECTION ALLOCATION MAP

 output                                  attributes/
section   page    origin      length       input sections
--------  ----  ----------  ----------   ----------------
codestart 
*          0    00000000    00000002     
                  00000000    00000002     f28004x_codestartbranch.obj (codestart)

.TI.ramfunc 
*          0    000000f6    00000004     
                  000000f6    00000004     sysctl.obj (.TI.ramfunc)

.cinit     0    000000fa    00000066     
                  000000fa    00000029     (.cinit..data.load) [load image, compression = lzss]
                  00000123    00000001     --HOLE-- [fill = 0]
                  00000124    00000006     (__TI_handler_table)
                  0000012a    00000005     (.cinit.Cla1ToCpuMsgRAM.load) [load image, compression = lzss]
                  0000012f    00000005     (.cinit.CpuToCla1MsgRAM.load) [load image, compression = lzss]
                  00000134    00000004     (.cinit..bss.load) [load image, compression = zero_init]
                  00000138    00000004     (.cinit..scratchpad.load) [load image, compression = zero_init]
                  0000013c    00000004     (.cinit.Cla1DataRam.load) [load image, compression = zero_init]
                  00000140    00000004     (.cinit.ramgs0.load) [load image, compression = zero_init]
                  00000144    0000001c     (__TI_cinit_table)

.cinit     0    00082000    00000000     UNINITIALIZED

.reset     0    003fffc0    00000000     DSECT

.stack     1    00000400    000003f8     UNINITIALIZED
                  00000400    000003f8     --HOLE--

.bss       1    0000a800    00000079     UNINITIALIZED
                  0000a800    00000020     transient_det.obj (.bss:io_buff)
                  0000a820    00000020     transient_det.obj (.bss:tr_buff)
                  0000a840    00000020     transient_det.obj (.bss:vo_buff)
                  0000a860    00000008     Controller.obj (.bss:Il_controller)
                  0000a868    00000008     Controller.obj (.bss:Vo_controller)
                  0000a870    00000008     transient_det.obj (.bss)
                  0000a878    00000001     Controller.obj (.bss)

.init_array 
*          0    000000f6    00000000     UNINITIALIZED

.const     1    0000b000    000001a2     
                  0000b000    000000df     <whole-program> (.const:.string)
                  0000b0df    00000001     --HOLE-- [fill = 0]
                  0000b0e0    00000089     board.obj (.const:.string)
                  0000b169    00000001     --HOLE-- [fill = 0]
                  0000b16a    00000038     sysctl.obj (.const:.string)

.data      1    0000b1a2    00000058     UNINITIALIZED
                  0000b1a2    00000006     rts2800_fpu32_eabi.lib : exit.c.obj (.data)
                  0000b1a8    00000002                            : _lock.c.obj (.data:_lock)
                  0000b1aa    00000002     control_functions.obj (.data)
                  0000b1ac    00000014     --HOLE--
                  0000b1c0    0000003a     Controller.obj (.data)

ramgs0     1    0000c000    0000009a     UNINITIALIZED
                  0000c000    0000009a     Controller.obj (ramgs0)

Cla1Prog   0    00008000    00000750     
                  00008000    0000021e     cla_tasks.obj (Cla1Prog:hh1)
                  0000821e    000001d8     cla_tasks.obj (Cla1Prog:hh2)
                  000083f6    00000144     cla_tasks.obj (Cla1Prog:derivatives)
                  0000853a    000000a2     cla_tasks.obj (Cla1Prog:Cla1Task1)
                  000085dc    0000009c     cla_tasks.obj (Cla1Prog:partial_norms)
                  00008678    00000096     cla_tasks.obj (Cla1Prog:back_subs)
                  0000870e    0000003a     cla_tasks.obj (Cla1Prog:pivot)
                  00008748    00000008     cla_tasks.obj (Cla1Prog:Cla1Task2)

.scratchpad 
*          1    00008800    00000002     UNINITIALIZED
                  00008800    00000002     cla_tasks.obj (.scratchpad:Cla1Prog:partial_norms)
                  00008800    00000002     cla_tasks.obj (.scratchpad:Cla1Prog:back_subs)

Cla1ToCpuMsgRAM 
*          1    00001480    00000008     UNINITIALIZED
                  00001480    00000008     Controller.obj (Cla1ToCpuMsgRAM)

CpuToCla1MsgRAM 
*          1    00001500    0000000a     UNINITIALIZED
                  00001500    00000008     Controller.obj (CpuToCla1MsgRAM:uninit)
                  00001508    00000002     Controller.obj (CpuToCla1MsgRAM:init)

Cla1DataRam 
*          1    00009000    00000188     UNINITIALIZED
                  00009000    00000188     cla_tasks.obj (Cla1DataRam)

.text.1    0    00009800    00000800     
                  00009800    0000025b     board.obj (.text:EPWM_init)
                  00009a5b    00000107     sysctl.obj (.text:SysCtl_isPLLValid)
                  00009b62    000000d7     device.obj (.text:Device_enableAllPeripherals)
                  00009c39    000000c3     sysctl.obj (.text:SysCtl_setClock)
                  00009cfc    000000b3     dma.obj (.text:DMA_configMode)
                  00009daf    000000ab     board.obj (.text:MEMCFG_init)
                  00009e5a    0000009a     board.obj (.text:myADC1_init)
                  00009ef4    00000092     memcfg.obj (.text:MemCfg_setProtection)
                  00009f86    00000077     transient_det.obj (.text:transient_detector)
                  00009ffd    00000003     device.obj (.text:__error__)

.text.2    0    0000a000    00000800     
                  0000a000    0000007f     Controller.obj (.text:average_samples)
                  0000a07f    00000073     device.obj (.text:Device_init)
                  0000a0f2    00000071     Controller.obj (.text:INT_ControlPWM_ISR)
                  0000a163    0000006d     sysctl.obj (.text:SysCtl_getClock)
                  0000a1d0    0000006d     board.obj (.text:myADC2_init)
                  0000a23d    00000067     memcfg.obj (.text:MemCfg_setLSRAMControllerSel)
                  0000a2a4    0000005a     board.obj (.text:myDMA0_init)
                  0000a2fe    00000059     board.obj (.text:myDMA3_init)
                  0000a357    00000059     board.obj (.text:myDMA4_init)
                  0000a3b0    00000058     board.obj (.text:EPWM_setActionQualifierAction)
                  0000a408    00000055     gpio.obj (.text:GPIO_setPadConfig)
                  0000a45d    00000054     board.obj (.text:myADC0_init)
                  0000a4b1    0000004e     board.obj (.text:INTERRUPT_init)
                  0000a4ff    0000004d     board.obj (.text:PinMux_init)
                  0000a54c    00000048     dma.obj (.text:DMA_configWrap)
                  0000a594    00000048     board.obj (.text:myDMA1_init)
                  0000a5dc    00000048     board.obj (.text:myDMA2_init)
                  0000a624    00000045     gpio.obj (.text:GPIO_setInterruptPin)
                  0000a669    00000043     sysctl.obj (.text:SysCtl_selectOscSource)
                  0000a6ac    00000041     interrupt.obj (.text:Interrupt_initModule)
                  0000a6ed    0000003f     dma.obj (.text:DMA_configTransfer)
                  0000a72c    0000003d     Controller.obj (.text:INT_transient_det_pin_XINT_ISR)
                  0000a769    0000003b     dma.obj (.text:DMA_configBurst)
                  0000a7a4    00000039     Controller.obj (.text:samples_to_cla)
                  0000a7dd    00000023     board.obj (.text:myCLA0_init)

.text.3    0    0000b800    00000638     
                  0000b800    00000038     gpio.obj (.text:GPIO_setControllerCore)
                  0000b838    00000038     gpio.obj (.text:GPIO_setQualificationMode)
                  0000b870    00000038     Controller.obj (.text:duty_cycle_calculation)
                  0000b8a8    00000037     gpio.obj (.text:GPIO_setAnalogMode)
                  0000b8df    00000036     interrupt.obj (.text:Interrupt_enable)
                  0000b915    00000035     epwm.obj (.text:EPWM_setEmulationMode)
                  0000b94a    00000034     gpio.obj (.text:GPIO_setDirectionMode)
                  0000b97e    00000033     dma.obj (.text:DMA_configAddresses)
                  0000b9b1    00000032     Controller.obj (.text:main)
                  0000b9e3    00000031     board.obj (.text:SYNC_init)
                  0000ba14    00000030     gpio.obj (.text:GPIO_setPinConfig)
                  0000ba44    0000002f     Controller.obj (.text:cla1Isr1)
                  0000ba73    0000002e     rts2800_fpu32_eabi.lib : copy_decompress_lzss.c.obj (.text:decompress:lzss)
                  0000baa1    0000002d     board.obj (.text:Board_init)
                  0000bace    0000002c     Controller.obj (.text:INT_myDMA3_ISR)
                  0000bafa    0000002c     Controller.obj (.text:INT_myDMA4_ISR)
                  0000bb26    0000002b     sysctl.obj (.text:SysCtl_selectXTAL)
                  0000bb51    0000002b     rts2800_fpu32_eabi.lib : autoinit.c.obj (.text:__TI_auto_init_nobinit_nopinit)
                  0000bb7c    00000029                            : exit.c.obj (.text)
                  0000bba5    00000025     board.obj (.text:alg_timer_init)
                  0000bbca    00000024     sysctl.obj (.text:SysCtl_getLowSpeedClock)
                  0000bbee    00000020     Controller.obj (.text:INT_trigger_ls_XINT_ISR)
                  0000bc0e    0000001e     cputimer.obj (.text:CPUTimer_setEmulationMode)
                  0000bc2c    0000001d     interrupt.obj (.text:Interrupt_initVectorTable)
                  0000bc49    0000001d     sysctl.obj (.text:SysCtl_pollX1Counter)
                  0000bc66    0000001d     sysctl.obj (.text:SysCtl_selectXTALSingleEnded)
                  0000bc83    0000001c     cla.obj (.text:CLA_setTriggerSource)
                  0000bc9f    0000001c     rts2800_fpu32_eabi.lib : memcpy.c.obj (.text)
                  0000bcbb    0000001b     adc.obj (.text:ADC_setOffsetTrimAll)
                  0000bcd6    00000019     control_functions.obj (.text:update_PI)
                  0000bcef    00000018     board.obj (.text:CLA_test_init)
                  0000bd07    00000018     Controller.obj (.text:INT_myDMA0_ISR)
                  0000bd1f    00000018     board.obj (.text:transient_det_pin_init)
                  0000bd37    00000018     board.obj (.text:trigger_ls_init)
                  0000bd4f    00000017     board.obj (.text:debug_pin_init)
                  0000bd66    00000017     rts2800_fpu32_eabi.lib : boot28.asm.obj (.text)
                  0000bd7d    00000016     control_functions.obj (.text:duty_cycle_saturation)
                  0000bd93    00000014     board.obj (.text:DMA_init)
                  0000bda7    00000011     board.obj (.text:transient_det_pin_XINT_init)
                  0000bdb8    00000011     board.obj (.text:trigger_ls_XINT_init)
                  0000bdc9    00000010     device.obj (.text:Device_initGPIO)
                  0000bdd9    0000000d     board.obj (.text:ASYSCTL_init)
                  0000bde6    0000000d     rts2800_fpu32_eabi.lib : copy_zero_init.c.obj (.text:decompress:ZI:__TI_zero_init_nomemset)
                  0000bdf3    0000000c                            : args_main.c.obj (.text)
                  0000bdff    0000000b     control_functions.obj (.text:init_PI)
                  0000be0a    00000008     rts2800_fpu32_eabi.lib : copy_decompress_none.c.obj (.text:decompress:none)
                  0000be12    00000007     control_functions.obj (.text:reset_PI)
                  0000be19    00000006     board.obj (.text:myINPUTXBARINPUT0_init)
                  0000be1f    00000006     board.obj (.text:myINPUTXBARINPUT1_init)
                  0000be25    00000006     board.obj (.text:myINPUTXBARINPUT2_init)
                  0000be2b    00000004     interrupt.obj (.text:Interrupt_defaultHandler)
                  0000be2f    00000002     interrupt.obj (.text:Interrupt_illegalOperationHandler)
                  0000be31    00000002     interrupt.obj (.text:Interrupt_nmiHandler)
                  0000be33    00000002     rts2800_fpu32_eabi.lib : pre_init.c.obj (.text)
                  0000be35    00000001     c2000ware_libraries.obj (.text:FFR_init)
                  0000be36    00000001     rts2800_fpu32_eabi.lib : _lock.c.obj (.text)
                  0000be37    00000001                            : startup.c.obj (.text)

MODULE SUMMARY

       Module                                   code   ro data   rw data
       ------                                   ----   -------   -------
    .\
       cla_tasks.obj                            1872   0         396    
       Controller.obj                           655    0         247    
       transient_det.obj                        119    0         104    
       control_functions.obj                    65     0         2      
    +--+----------------------------------------+------+---------+---------+
       Total:                                   2711   0         749    
                                                                        
    .\device\
       device.obj                               349    0         0      
       f28004x_codestartbranch.obj              2      0         0      
    +--+----------------------------------------+------+---------+---------+
       Total:                                   351    0         0      
                                                                        
    .\device\driverlib\
       sysctl.obj                               775    56        0      
       dma.obj                                  424    0         0      
       gpio.obj                                 421    0         0      
       memcfg.obj                               249    0         0      
       interrupt.obj                            156    0         0      
       epwm.obj                                 53     0         0      
       cputimer.obj                             30     0         0      
       cla.obj                                  28     0         0      
       adc.obj                                  27     0         0      
    +--+----------------------------------------+------+---------+---------+
       Total:                                   2163   56        0      
                                                                        
    .\syscfg\
       board.obj                                2122   137       0      
       c2000ware_libraries.obj                  1      0         0      
    +--+----------------------------------------+------+---------+---------+
       Total:                                   2123   137       0      
                                                                        
    C:\Users\mem21\AppData\Local\Temp\
       {5F8056C1-BE4F-43F8-8982-028B36BD6472}   0      223       0      
    +--+----------------------------------------+------+---------+---------+
       Total:                                   0      223       0      
                                                                        
    C:/ti/ccs2040/ccs/tools/compiler/ti-cgt-c2000_22.6.3.LTS/lib/rts2800_fpu32_eabi.lib
       exit.c.obj                               41     0         6      
       copy_decompress_lzss.c.obj               46     0         0      
       autoinit.c.obj                           43     0         0      
       memcpy.c.obj                             28     0         0      
       boot28.asm.obj                           23     0         0      
       copy_zero_init.c.obj                     13     0         0      
       args_main.c.obj                          12     0         0      
       copy_decompress_none.c.obj               8      0         0      
       _lock.c.obj                              1      0         2      
       pre_init.c.obj                           2      0         0      
       startup.c.obj                            1      0         0      
    +--+----------------------------------------+------+---------+---------+
       Total:                                   218    0         8      
                                                                        
       Stack:                                   0      0         1016   
       Linker Generated:                        0      101       0      
    +--+----------------------------------------+------+---------+---------+
       Grand Total:                             7566   517       1773   


LINKER GENERATED COPY TABLES

__TI_cinit_table @ 00000144 records: 7, size/record: 4, table size: 28
	.data: load addr=000000fa, load size=00000029 bytes, run addr=0000b1a2, run size=00000058 bytes, compression=lzss
	Cla1ToCpuMsgRAM: load addr=0000012a, load size=00000005 bytes, run addr=00001480, run size=00000008 bytes, compression=lzss
	CpuToCla1MsgRAM: load addr=0000012f, load size=00000005 bytes, run addr=00001500, run size=0000000a bytes, compression=lzss
	.bss: load addr=00000134, load size=00000004 bytes, run addr=0000a800, run size=00000079 bytes, compression=zero_init
	.scratchpad: load addr=00000138, load size=00000004 bytes, run addr=00008800, run size=00000002 bytes, compression=zero_init
	Cla1DataRam: load addr=0000013c, load size=00000004 bytes, run addr=00009000, run size=00000188 bytes, compression=zero_init
	ramgs0: load addr=00000140, load size=00000004 bytes, run addr=0000c000, run size=0000009a bytes, compression=zero_init


LINKER GENERATED HANDLER TABLE

__TI_handler_table @ 00000124 records: 3, size/record: 2, table size: 6
	index: 0, handler: __TI_zero_init
	index: 1, handler: __TI_decompress_lzss
	index: 2, handler: __TI_decompress_none


GLOBAL DATA SYMBOLS: SORTED BY DATA PAGE

address     data page           name
--------    ----------------    ----
00000400      10 (00000400)     __stack

00001480      52 (00001480)     R_out
00001482      52 (00001480)     L_out
00001484      52 (00001480)     R_err
00001486      52 (00001480)     L_err

00001500      54 (00001500)     vo_sample_test
00001504      54 (00001500)     io_sample_test
00001508      54 (00001500)     s_count
00001509      54 (00001500)     less_smpls

00009000     240 (00009000)     i
00009002     240 (00009000)     vo_smpl_cla

0000904a     241 (00009040)     io_smpl_cla

00009092     242 (00009080)     dio_smpl_cla

000090da     243 (000090c0)     v_h

00009122     244 (00009100)     v2

0000916a     245 (00009140)     n1_partial
0000916c     245 (00009140)     n2_partial
0000916e     245 (00009140)     piv0
0000916f     245 (00009140)     piv1
00009170     245 (00009140)     col0
00009171     245 (00009140)     col1
00009172     245 (00009140)     alpha
00009174     245 (00009140)     beta
00009176     245 (00009140)     vv
00009178     245 (00009140)     dot
0000917a     245 (00009140)     dot1
0000917c     245 (00009140)     alpha2
0000917e     245 (00009140)     beta2

00009180     246 (00009180)     v2v2
00009182     246 (00009180)     dot2
00009184     246 (00009180)     sol

0000a800     2a0 (0000a800)     io_buff
0000a820     2a0 (0000a800)     tr_buff

0000a840     2a1 (0000a840)     vo_buff
0000a860     2a1 (0000a840)     Il_controller
0000a868     2a1 (0000a840)     Vo_controller
0000a870     2a1 (0000a840)     head
0000a872     2a1 (0000a840)     vo_sum
0000a874     2a1 (0000a840)     io_sum
0000a876     2a1 (0000a840)     tr_sum
0000a878     2a1 (0000a840)     transient_det_res

0000b1a2     2c6 (0000b180)     __TI_enable_exit_profile_output
0000b1a4     2c6 (0000b180)     __TI_cleanup_ptr
0000b1a6     2c6 (0000b180)     __TI_dtors_ptr
0000b1a8     2c6 (0000b180)     _lock

0000b1c0     2c7 (0000b1c0)     fixed_duty_cycle
0000b1c1     2c7 (0000b1c0)     avg
0000b1c2     2c7 (0000b1c0)     data_ready
0000b1c3     2c7 (0000b1c0)     ls_alg_trigger
0000b1c4     2c7 (0000b1c0)     ADCC0_results_add
0000b1c6     2c7 (0000b1c0)     ADCC0_Result_base
0000b1c8     2c7 (0000b1c0)     ADCA0_results_add
0000b1ca     2c7 (0000b1c0)     ADCA0_Result_base
0000b1cc     2c7 (0000b1c0)     ADCB0_results_add
0000b1ce     2c7 (0000b1c0)     ADCB0_Result_base
0000b1d0     2c7 (0000b1c0)     d
0000b1d2     2c7 (0000b1c0)     fixed_d
0000b1d4     2c7 (0000b1c0)     Iin_avg
0000b1d6     2c7 (0000b1c0)     Io_avg
0000b1d8     2c7 (0000b1c0)     Il_avg
0000b1da     2c7 (0000b1c0)     Vo_avg
0000b1dc     2c7 (0000b1c0)     Vin_avg
0000b1de     2c7 (0000b1c0)     Vo_error
0000b1e0     2c7 (0000b1c0)     Il_error
0000b1e2     2c7 (0000b1c0)     Vo_ref
0000b1e4     2c7 (0000b1c0)     kpv
0000b1e6     2c7 (0000b1c0)     kiv
0000b1e8     2c7 (0000b1c0)     kpi
0000b1ea     2c7 (0000b1c0)     kii
0000b1ec     2c7 (0000b1c0)     VO_data_dest
0000b1ee     2c7 (0000b1c0)     VO_data_source
0000b1f0     2c7 (0000b1c0)     IO_data_dest
0000b1f2     2c7 (0000b1c0)     IO_data_source
0000b1f4     2c7 (0000b1c0)     get_clk
0000b1f6     2c7 (0000b1c0)     get_ls_clk
0000b1f8     2c7 (0000b1c0)     alg_time

0000c000     300 (0000c000)     ADCA_results
0000c002     300 (0000c000)     ADCB_results
0000c004     300 (0000c000)     ADCC_results
0000c00a     300 (0000c000)     vo_samples
0000c02e     300 (0000c000)     io_samples

0000c052     301 (0000c040)     dio_samples


GLOBAL SYMBOLS: SORTED ALPHABETICALLY BY Name 

page  address   name                           
----  -------   ----                           
1     0000b1ca  ADCA0_Result_base              
1     0000b1c8  ADCA0_results_add              
1     0000c000  ADCA_results                   
1     0000b1ce  ADCB0_Result_base              
1     0000b1cc  ADCB0_results_add              
1     0000c002  ADCB_results                   
1     0000b1c6  ADCC0_Result_base              
1     0000b1c4  ADCC0_results_add              
1     0000c004  ADCC_results                   
0     0000bcbb  ADC_setOffsetTrimAll           
0     0000bdd9  ASYSCTL_init                   
0     0000baa1  Board_init                     
0     0000bb7c  C$$EXIT                        
0     0000be35  C2000Ware_libraries_init       
0     0000a7dd  CLA_init                       
0     0000bc83  CLA_setTriggerSource           
0     0000bcef  CLA_test_init                  
0     0000bba5  CPUTIMER_init                  
0     0000bc0e  CPUTimer_setEmulationMode      
0     0000853a  Cla1Task1                      
0     00008748  Cla1Task2                      
0     0000b97e  DMA_configAddresses            
0     0000a769  DMA_configBurst                
0     00009cfc  DMA_configMode                 
0     0000a6ed  DMA_configTransfer             
0     0000a54c  DMA_configWrap                 
0     0000bd93  DMA_init                       
0     00009b62  Device_enableAllPeripherals    
0     0000a07f  Device_init                    
0     0000bdc9  Device_initGPIO                
0     00009800  EPWM_init                      
0     0000b915  EPWM_setEmulationMode          
0     0000be35  FFR_init                       
0     0000b8a8  GPIO_setAnalogMode             
0     0000b800  GPIO_setControllerCore         
0     0000b94a  GPIO_setDirectionMode          
0     0000a624  GPIO_setInterruptPin           
0     0000a408  GPIO_setPadConfig              
0     0000ba14  GPIO_setPinConfig              
0     0000b838  GPIO_setQualificationMode      
0     0000a4b1  INTERRUPT_init                 
0     0000a0f2  INT_ControlPWM_ISR             
0     0000bd07  INT_myDMA0_ISR                 
0     0000bace  INT_myDMA3_ISR                 
0     0000bafa  INT_myDMA4_ISR                 
0     0000a72c  INT_transient_det_pin_XINT_ISR 
0     0000bbee  INT_trigger_ls_XINT_ISR        
1     0000b1f0  IO_data_dest                   
1     0000b1f2  IO_data_source                 
1     0000b1d4  Iin_avg                        
1     0000b1d8  Il_avg                         
1     0000a860  Il_controller                  
1     0000b1e0  Il_error                       
0     0000b8df  Interrupt_enable               
0     0000a6ac  Interrupt_initModule           
0     0000bc2c  Interrupt_initVectorTable      
1     0000b1d6  Io_avg                         
1     00001486  L_err                          
1     00001482  L_out                          
0     00009daf  MEMCFG_init                    
0     0000a23d  MemCfg_setLSRAMControllerSel   
0     00009ef4  MemCfg_setProtection           
0     0000a4ff  PinMux_init                    
1     00001484  R_err                          
1     00001480  R_out                          
0     0000b9e3  SYNC_init                      
0     000000f6  SysCtl_delay                   
0     0000a163  SysCtl_getClock                
0     0000bbca  SysCtl_getLowSpeedClock        
0     00009a5b  SysCtl_isPLLValid              
0     0000a669  SysCtl_selectOscSource         
0     0000bb26  SysCtl_selectXTAL              
0     0000bc66  SysCtl_selectXTALSingleEnded   
0     00009c39  SysCtl_setClock                
1     0000b1ec  VO_data_dest                   
1     0000b1ee  VO_data_source                 
1     0000b1dc  Vin_avg                        
1     0000b1da  Vo_avg                         
1     0000a868  Vo_controller                  
1     0000b1de  Vo_error                       
1     0000b1e2  Vo_ref                         
0     00000144  __TI_CINIT_Base                
0     00000160  __TI_CINIT_Limit               
0     00000160  __TI_CINIT_Warm                
0     00000124  __TI_Handler_Table_Base        
0     0000012a  __TI_Handler_Table_Limit       
1     000007f8  __TI_STACK_END                 
abs   000003f8  __TI_STACK_SIZE                
0     0000bb51  __TI_auto_init_nobinit_nopinit 
1     0000b1a4  __TI_cleanup_ptr               
0     0000ba73  __TI_decompress_lzss           
0     0000be0a  __TI_decompress_none           
1     0000b1a6  __TI_dtors_ptr                 
1     0000b1a2  __TI_enable_exit_profile_output
abs   ffffffff  __TI_pprof_out_hndl            
abs   ffffffff  __TI_prof_data_size            
abs   ffffffff  __TI_prof_data_start           
0     0000bde6  __TI_zero_init_nomemset        
n/a   UNDEFED   __c_args__                     
0     00009ffd  __error__                      
1     00000400  __stack                        
0     0000bdf3  _args_main                     
0     0000bd66  _c_int00                       
1     0000b1a8  _lock                          
0     0000be36  _nop                           
0     0000be37  _system_post_cinit             
0     0000be33  _system_pre_init               
0     0000bb7c  abort                          
1     0000b1f8  alg_time                       
0     0000bba5  alg_timer_init                 
1     00009172  alpha                          
1     0000917c  alpha2                         
0     0000a000  average_samples                
1     0000b1c1  avg                            
0     00008678  back_subs                      
1     00009174  beta                           
1     0000917e  beta2                          
0     0000ba44  cla1Isr1                       
0     00000000  code_start                     
1     00009170  col0                           
1     00009171  col1                           
1     0000b1d0  d                              
1     0000b1c2  data_ready                     
0     0000bd4f  debug_pin_init                 
0     000083f6  derivatives                    
1     0000c052  dio_samples                    
1     00009092  dio_smpl_cla                   
1     00009178  dot                            
1     0000917a  dot1                           
1     00009182  dot2                           
0     0000b870  duty_cycle_calculation         
0     0000bd7d  duty_cycle_saturation          
0     0000bb7e  exit                           
1     0000b1d2  fixed_d                        
1     0000b1c0  fixed_duty_cycle               
1     0000b1f4  get_clk                        
1     0000b1f6  get_ls_clk                     
1     0000a870  head                           
0     00008000  hh1                            
0     0000821e  hh2                            
1     00009000  i                              
0     0000bdff  init_PI                        
1     0000a800  io_buff                        
1     00001504  io_sample_test                 
1     0000c02e  io_samples                     
1     0000904a  io_smpl_cla                    
1     0000a874  io_sum                         
1     0000b1ea  kii                            
1     0000b1e6  kiv                            
1     0000b1e8  kpi                            
1     0000b1e4  kpv                            
1     00001509  less_smpls                     
1     0000b1c3  ls_alg_trigger                 
0     0000b9b1  main                           
0     0000bc9f  memcpy                         
0     0000a45d  myADC0_init                    
0     00009e5a  myADC1_init                    
0     0000a1d0  myADC2_init                    
0     0000a7dd  myCLA0_init                    
0     0000a2a4  myDMA0_init                    
0     0000a594  myDMA1_init                    
0     0000a5dc  myDMA2_init                    
0     0000a2fe  myDMA3_init                    
0     0000a357  myDMA4_init                    
0     0000be19  myINPUTXBARINPUT0_init         
0     0000be1f  myINPUTXBARINPUT1_init         
0     0000be25  myINPUTXBARINPUT2_init         
1     0000916a  n1_partial                     
1     0000916c  n2_partial                     
0     000085dc  partial_norms                  
1     0000916e  piv0                           
1     0000916f  piv1                           
0     0000870e  pivot                          
0     0000be12  reset_PI                       
1     00001508  s_count                        
0     0000a7a4  samples_to_cla                 
1     00009184  sol                            
1     0000a820  tr_buff                        
1     0000a876  tr_sum                         
0     0000bda7  transient_det_pin_XINT_init    
0     0000bd1f  transient_det_pin_init         
1     0000a878  transient_det_res              
0     00009f86  transient_detector             
0     0000bdb8  trigger_ls_XINT_init           
0     0000bd37  trigger_ls_init                
0     0000bcd6  update_PI                      
1     00009122  v2                             
1     00009180  v2v2                           
1     000090da  v_h                            
1     0000a840  vo_buff                        
1     00001500  vo_sample_test                 
1     0000c00a  vo_samples                     
1     00009002  vo_smpl_cla                    
1     0000a872  vo_sum                         
1     00009176  vv                             


GLOBAL SYMBOLS: SORTED BY Symbol Address 

page  address   name                           
----  -------   ----                           
0     00000000  code_start                     
0     000000f6  SysCtl_delay                   
0     00000124  __TI_Handler_Table_Base        
0     0000012a  __TI_Handler_Table_Limit       
0     00000144  __TI_CINIT_Base                
0     00000160  __TI_CINIT_Limit               
0     00000160  __TI_CINIT_Warm                
0     00008000  hh1                            
0     0000821e  hh2                            
0     000083f6  derivatives                    
0     0000853a  Cla1Task1                      
0     000085dc  partial_norms                  
0     00008678  back_subs                      
0     0000870e  pivot                          
0     00008748  Cla1Task2                      
0     00009800  EPWM_init                      
0     00009a5b  SysCtl_isPLLValid              
0     00009b62  Device_enableAllPeripherals    
0     00009c39  SysCtl_setClock                
0     00009cfc  DMA_configMode                 
0     00009daf  MEMCFG_init                    
0     00009e5a  myADC1_init                    
0     00009ef4  MemCfg_setProtection           
0     00009f86  transient_detector             
0     00009ffd  __error__                      
0     0000a000  average_samples                
0     0000a07f  Device_init                    
0     0000a0f2  INT_ControlPWM_ISR             
0     0000a163  SysCtl_getClock                
0     0000a1d0  myADC2_init                    
0     0000a23d  MemCfg_setLSRAMControllerSel   
0     0000a2a4  myDMA0_init                    
0     0000a2fe  myDMA3_init                    
0     0000a357  myDMA4_init                    
0     0000a408  GPIO_setPadConfig              
0     0000a45d  myADC0_init                    
0     0000a4b1  INTERRUPT_init                 
0     0000a4ff  PinMux_init                    
0     0000a54c  DMA_configWrap                 
0     0000a594  myDMA1_init                    
0     0000a5dc  myDMA2_init                    
0     0000a624  GPIO_setInterruptPin           
0     0000a669  SysCtl_selectOscSource         
0     0000a6ac  Interrupt_initModule           
0     0000a6ed  DMA_configTransfer             
0     0000a72c  INT_transient_det_pin_XINT_ISR 
0     0000a769  DMA_configBurst                
0     0000a7a4  samples_to_cla                 
0     0000a7dd  CLA_init                       
0     0000a7dd  myCLA0_init                    
0     0000b800  GPIO_setControllerCore         
0     0000b838  GPIO_setQualificationMode      
0     0000b870  duty_cycle_calculation         
0     0000b8a8  GPIO_setAnalogMode             
0     0000b8df  Interrupt_enable               
0     0000b915  EPWM_setEmulationMode          
0     0000b94a  GPIO_setDirectionMode          
0     0000b97e  DMA_configAddresses            
0     0000b9b1  main                           
0     0000b9e3  SYNC_init                      
0     0000ba14  GPIO_setPinConfig              
0     0000ba44  cla1Isr1                       
0     0000ba73  __TI_decompress_lzss           
0     0000baa1  Board_init                     
0     0000bace  INT_myDMA3_ISR                 
0     0000bafa  INT_myDMA4_ISR                 
0     0000bb26  SysCtl_selectXTAL              
0     0000bb51  __TI_auto_init_nobinit_nopinit 
0     0000bb7c  C$$EXIT                        
0     0000bb7c  abort                          
0     0000bb7e  exit                           
0     0000bba5  CPUTIMER_init                  
0     0000bba5  alg_timer_init                 
0     0000bbca  SysCtl_getLowSpeedClock        
0     0000bbee  INT_trigger_ls_XINT_ISR        
0     0000bc0e  CPUTimer_setEmulationMode      
0     0000bc2c  Interrupt_initVectorTable      
0     0000bc66  SysCtl_selectXTALSingleEnded   
0     0000bc83  CLA_setTriggerSource           
0     0000bc9f  memcpy                         
0     0000bcbb  ADC_setOffsetTrimAll           
0     0000bcd6  update_PI                      
0     0000bcef  CLA_test_init                  
0     0000bd07  INT_myDMA0_ISR                 
0     0000bd1f  transient_det_pin_init         
0     0000bd37  trigger_ls_init                
0     0000bd4f  debug_pin_init                 
0     0000bd66  _c_int00                       
0     0000bd7d  duty_cycle_saturation          
0     0000bd93  DMA_init                       
0     0000bda7  transient_det_pin_XINT_init    
0     0000bdb8  trigger_ls_XINT_init           
0     0000bdc9  Device_initGPIO                
0     0000bdd9  ASYSCTL_init                   
0     0000bde6  __TI_zero_init_nomemset        
0     0000bdf3  _args_main                     
0     0000bdff  init_PI                        
0     0000be0a  __TI_decompress_none           
0     0000be12  reset_PI                       
0     0000be19  myINPUTXBARINPUT0_init         
0     0000be1f  myINPUTXBARINPUT1_init         
0     0000be25  myINPUTXBARINPUT2_init         
0     0000be33  _system_pre_init               
0     0000be35  C2000Ware_libraries_init       
0     0000be35  FFR_init                       
0     0000be36  _nop                           
0     0000be37  _system_post_cinit             
1     00000400  __stack                        
1     000007f8  __TI_STACK_END                 
1     00001480  R_out                          
1     00001482  L_out                          
1     00001484  R_err                          
1     00001486  L_err                          
1     00001500  vo_sample_test                 
1     00001504  io_sample_test                 
1     00001508  s_count                        
1     00001509  less_smpls                     
1     00009000  i                              
1     00009002  vo_smpl_cla                    
1     0000904a  io_smpl_cla                    
1     00009092  dio_smpl_cla                   
1     000090da  v_h                            
1     00009122  v2                             
1     0000916a  n1_partial                     
1     0000916c  n2_partial                     
1     0000916e  piv0                           
1     0000916f  piv1                           
1     00009170  col0                           
1     00009171  col1                           
1     00009172  alpha                          
1     00009174  beta                           
1     00009176  vv                             
1     00009178  dot                            
1     0000917a  dot1                           
1     0000917c  alpha2                         
1     0000917e  beta2                          
1     00009180  v2v2                           
1     00009182  dot2                           
1     00009184  sol                            
1     0000a800  io_buff                        
1     0000a820  tr_buff                        
1     0000a840  vo_buff                        
1     0000a860  Il_controller                  
1     0000a868  Vo_controller                  
1     0000a870  head                           
1     0000a872  vo_sum                         
1     0000a874  io_sum                         
1     0000a876  tr_sum                         
1     0000a878  transient_det_res              
1     0000b1a2  __TI_enable_exit_profile_output
1     0000b1a4  __TI_cleanup_ptr               
1     0000b1a6  __TI_dtors_ptr                 
1     0000b1a8  _lock                          
1     0000b1c0  fixed_duty_cycle               
1     0000b1c1  avg                            
1     0000b1c2  data_ready                     
1     0000b1c3  ls_alg_trigger                 
1     0000b1c4  ADCC0_results_add              
1     0000b1c6  ADCC0_Result_base              
1     0000b1c8  ADCA0_results_add              
1     0000b1ca  ADCA0_Result_base              
1     0000b1cc  ADCB0_results_add              
1     0000b1ce  ADCB0_Result_base              
1     0000b1d0  d                              
1     0000b1d2  fixed_d                        
1     0000b1d4  Iin_avg                        
1     0000b1d6  Io_avg                         
1     0000b1d8  Il_avg                         
1     0000b1da  Vo_avg                         
1     0000b1dc  Vin_avg                        
1     0000b1de  Vo_error                       
1     0000b1e0  Il_error                       
1     0000b1e2  Vo_ref                         
1     0000b1e4  kpv                            
1     0000b1e6  kiv                            
1     0000b1e8  kpi                            
1     0000b1ea  kii                            
1     0000b1ec  VO_data_dest                   
1     0000b1ee  VO_data_source                 
1     0000b1f0  IO_data_dest                   
1     0000b1f2  IO_data_source                 
1     0000b1f4  get_clk                        
1     0000b1f6  get_ls_clk                     
1     0000b1f8  alg_time                       
1     0000c000  ADCA_results                   
1     0000c002  ADCB_results                   
1     0000c004  ADCC_results                   
1     0000c00a  vo_samples                     
1     0000c02e  io_samples                     
1     0000c052  dio_samples                    
abs   000003f8  __TI_STACK_SIZE                
abs   ffffffff  __TI_pprof_out_hndl            
abs   ffffffff  __TI_prof_data_size            
abs   ffffffff  __TI_prof_data_start           
n/a   UNDEFED   __c_args__                     

[195 symbols]
