******************************************************************************
             TMS320C2000 Linker PC v22.6.3                     
******************************************************************************
>> Linked Tue Apr 28 11:17:08 2026

OUTPUT FILE NAME:   <buck_converter_dma_original.out>
ENTRY POINT SYMBOL: "code_start"  address: 00000000


MEMORY CONFIGURATION

         name            origin    length      used     unused   attr    fill
----------------------  --------  ---------  --------  --------  ----  --------
PAGE 0:
  BEGIN                 00000000   00000002  00000002  00000000  RWIX
  RAMM0                 000000f6   0000030a  00000004  00000306  RWIX
  RAMLS0                00008000   00000800  00000620  000001e0  RWIX
  RAMLS3                00009800   00000800  0000018c  00000674  RWIX
  RAMLS4                0000a000   00000800  00000000  00000800  RWIX
  FLASH_BANK0_SEC0      00080000   00001000  00000000  00001000  RWIX
  FLASH_BANK0_SEC1      00081000   00001000  00000000  00001000  RWIX
  FLASH_BANK0_SEC2      00082000   00001000  00000000  00001000  RWIX
  FLASH_BANK0_SEC3      00083000   00001000  00000000  00001000  RWIX
  FLASH_BANK0_SEC4      00084000   00001000  00000000  00001000  RWIX
  FLASH_BANK0_SEC5      00085000   00001000  00000000  00001000  RWIX
  FLASH_BANK0_SEC6      00086000   00001000  00000000  00001000  RWIX
  FLASH_BANK0_SEC7      00087000   00001000  00000000  00001000  RWIX
  FLASH_BANK0_SEC8      00088000   00001000  00000000  00001000  RWIX
  FLASH_BANK0_SEC9      00089000   00001000  00000000  00001000  RWIX
  FLASH_BANK0_SEC10     0008a000   00001000  00000000  00001000  RWIX
  FLASH_BANK0_SEC11     0008b000   00001000  00000000  00001000  RWIX
  FLASH_BANK0_SEC12     0008c000   00001000  00000000  00001000  RWIX
  FLASH_BANK0_SEC13     0008d000   00001000  00000000  00001000  RWIX
  FLASH_BANK0_SEC14     0008e000   00001000  00000000  00001000  RWIX
  FLASH_BANK0_SEC15     0008f000   00001000  00000000  00001000  RWIX
  FLASH_BANK1_SEC0      00090000   00001000  00000000  00001000  RWIX
  FLASH_BANK1_SEC1      00091000   00001000  00000000  00001000  RWIX
  FLASH_BANK1_SEC2      00092000   00001000  00000000  00001000  RWIX
  FLASH_BANK1_SEC3      00093000   00001000  00000000  00001000  RWIX
  FLASH_BANK1_SEC4      00094000   00001000  00000000  00001000  RWIX
  FLASH_BANK1_SEC5      00095000   00001000  00000000  00001000  RWIX
  FLASH_BANK1_SEC6      00096000   00001000  00000000  00001000  RWIX
  FLASH_BANK1_SEC7      00097000   00001000  00000000  00001000  RWIX
  FLASH_BANK1_SEC8      00098000   00001000  00000000  00001000  RWIX
  FLASH_BANK1_SEC9      00099000   00001000  00000000  00001000  RWIX
  FLASH_BANK1_SEC10     0009a000   00001000  00000000  00001000  RWIX
  FLASH_BANK1_SEC11     0009b000   00001000  00000000  00001000  RWIX
  FLASH_BANK1_SEC12     0009c000   00001000  00000000  00001000  RWIX
  FLASH_BANK1_SEC13     0009d000   00001000  00000000  00001000  RWIX
  FLASH_BANK1_SEC14     0009e000   00001000  00000000  00001000  RWIX
  FLASH_BANK1_SEC15     0009f000   00001000  00000000  00001000  RWIX
  RESET                 003fffc0   00000002  00000000  00000002  RWIX

PAGE 1:
  BOOT_RSVD             00000002   000000f1  00000000  000000f1  RWIX
  RAMM1                 00000400   000003f8  000003f8  00000000  RWIX
  CLA1_MSGRAMLOW        00001480   00000080  00000004  0000007c  RWIX
  CLA1_MSGRAMHIGH       00001500   00000080  0000000a  00000076  RWIX
  RAMLS1                00008800   00000800  00000000  00000800  RWIX
  RAMLS2                00009000   00000800  00000000  00000800  RWIX
  RAMLS5                0000a800   00000800  000000dd  00000723  RWIX
  RAMLS6                0000b000   00000800  000001bc  00000644  RWIX
  RAMLS7                0000b800   00000800  00000000  00000800  RWIX
  RAMGS0                0000c000   00002000  000015de  00000a22  RWIX
  RAMGS1                0000e000   00002000  00000000  00002000  RWIX
  RAMGS2                00010000   00002000  00000000  00002000  RWIX
  RAMGS3                00012000   00001ff8  00000000  00001ff8  RWIX


SECTION ALLOCATION MAP

 output                                  attributes/
section   page    origin      length       input sections
--------  ----  ----------  ----------   ----------------
codestart 
*          0    00000000    00000002     
                  00000000    00000002     f28004x_codestartbranch.obj (codestart)

.TI.ramfunc 
*          0    000000f6    00000004     
                  000000f6    00000004     sysctl.obj (.TI.ramfunc)

.cinit     1    0000a87a    00000064     
                  0000a87a    00000025     (.cinit..data.load) [load image, compression = lzss]
                  0000a89f    00000001     --HOLE-- [fill = 0]
                  0000a8a0    00000006     (__TI_handler_table)
                  0000a8a6    00000005     (.cinit.Cla1ToCpuMsgRAM.load) [load image, compression = lzss]
                  0000a8ab    00000005     (.cinit.CpuToCla1MsgRAM.load) [load image, compression = lzss]
                  0000a8b0    00000005     (.cinit.ramgs0.load) [load image, compression = lzss]
                  0000a8b5    00000001     --HOLE-- [fill = 0]
                  0000a8b6    00000004     (.cinit..bss.load) [load image, compression = zero_init]
                  0000a8ba    00000004     (.cinit..scratchpad.load) [load image, compression = zero_init]
                  0000a8be    00000004     (.cinit.Cla1DataRam.load) [load image, compression = zero_init]
                  0000a8c2    0000001c     (__TI_cinit_table)

.reset     0    003fffc0    00000000     DSECT

.stack     1    00000400    000003f8     UNINITIALIZED
                  00000400    000003f8     --HOLE--

.bss       1    0000a800    00000079     UNINITIALIZED
                  0000a800    00000020     transient_det.obj (.bss:io_buff)
                  0000a820    00000020     transient_det.obj (.bss:tr_buff)
                  0000a840    00000020     transient_det.obj (.bss:vo_buff)
                  0000a860    00000008     Controller.obj (.bss:Il_controller)
                  0000a868    00000008     Controller.obj (.bss:Vo_controller)
                  0000a870    00000008     transient_det.obj (.bss)
                  0000a878    00000001     Controller.obj (.bss)

.init_array 
*          0    000000f6    00000000     UNINITIALIZED

.const     1    0000b000    00000182     
                  0000b000    000000c0     <whole-program> (.const:.string)
                  0000b0c0    00000089     board.obj (.const:.string)
                  0000b149    00000001     --HOLE-- [fill = 0]
                  0000b14a    00000038     sysctl.obj (.const:.string)

.data      1    0000b182    0000003a     UNINITIALIZED
                  0000b182    00000030     Controller.obj (.data)
                  0000b1b2    00000006     rts2800_fpu32_eabi.lib : exit.c.obj (.data)
                  0000b1b8    00000002                            : _lock.c.obj (.data:_lock)
                  0000b1ba    00000002     control_functions.obj (.data)

ramgs0     1    0000c000    0000000e     UNINITIALIZED
                  0000c000    0000000a     Controller.obj (ramgs0:uninit)
                  0000c00a    00000004     Controller.obj (ramgs0:init)

Cla1Prog   0    00008000    00000620     
                  00008000    0000021e     cla_tasks.obj (Cla1Prog:hh1)
                  0000821e    000001d8     cla_tasks.obj (Cla1Prog:hh2)
                  000083f6    000000a6     cla_tasks.obj (Cla1Prog:derivatives)
                  0000849c    00000088     cla_tasks.obj (Cla1Prog:Cla1Task1)
                  00008524    00000072     cla_tasks.obj (Cla1Prog:back_subs)
                  00008596    00000050     cla_tasks.obj (Cla1Prog:partial_norms)
                  000085e6    0000003a     cla_tasks.obj (Cla1Prog:pivot)

.scratchpad 
*          0    00009988    00000004     UNINITIALIZED
                  00009988    00000002     cla_tasks.obj (.scratchpad:Cla1Prog:derivatives)
                  00009988    00000004     cla_tasks.obj (.scratchpad:Cla1Prog:partial_norms)
                  00009988    00000002     cla_tasks.obj (.scratchpad:Cla1Prog:back_subs)

Cla1DataRam 
*          0    00009800    00000188     UNINITIALIZED
                  00009800    00000188     cla_tasks.obj (Cla1DataRam)

Cla1ToCpuMsgRAM 
*          1    00001480    00000004     UNINITIALIZED
                  00001480    00000004     Controller.obj (Cla1ToCpuMsgRAM)

CpuToCla1MsgRAM 
*          1    00001500    0000000a     UNINITIALIZED
                  00001500    00000008     Controller.obj (CpuToCla1MsgRAM:uninit)
                  00001508    00000002     Controller.obj (CpuToCla1MsgRAM:init)

.text      1    0000c00e    000015d0     
                  0000c00e    00000367     board.obj (.text:EPWM_init)
                  0000c375    00000107     sysctl.obj (.text:SysCtl_isPLLValid)
                  0000c47c    000000d7     device.obj (.text:Device_enableAllPeripherals)
                  0000c553    000000c3     sysctl.obj (.text:SysCtl_setClock)
                  0000c616    000000b3     dma.obj (.text:DMA_configMode)
                  0000c6c9    000000ab     board.obj (.text:MEMCFG_init)
                  0000c774    0000009f     transient_det.obj (.text:init_detector)
                  0000c813    00000092     memcfg.obj (.text:MemCfg_setProtection)
                  0000c8a5    00000089     Controller.obj (.text:average_samples)
                  0000c92e    00000081     board.obj (.text:myADC1_init)
                  0000c9af    00000077     transient_det.obj (.text:transient_detector)
                  0000ca26    00000073     device.obj (.text:Device_init)
                  0000ca99    0000006d     sysctl.obj (.text:SysCtl_getClock)
                  0000cb06    00000067     memcfg.obj (.text:MemCfg_setLSRAMControllerSel)
                  0000cb6d    00000064     Controller.obj (.text:INT_ControlPWM_ISR)
                  0000cbd1    0000005f     board.obj (.text:PinMux_init)
                  0000cc30    0000005f     Controller.obj (.text:cla1Isr1)
                  0000cc8f    00000058     board.obj (.text:EPWM_setActionQualifierAction)
                  0000cce7    00000055     gpio.obj (.text:GPIO_setPadConfig)
                  0000cd3c    00000054     board.obj (.text:myADC0_init)
                  0000cd90    00000054     board.obj (.text:myADC2_init)
                  0000cde4    00000048     dma.obj (.text:DMA_configWrap)
                  0000ce2c    00000048     board.obj (.text:myDMA0_init)
                  0000ce74    00000048     board.obj (.text:myDMA1_init)
                  0000cebc    00000048     board.obj (.text:myDMA2_init)
                  0000cf04    00000045     gpio.obj (.text:GPIO_setInterruptPin)
                  0000cf49    00000043     sysctl.obj (.text:SysCtl_selectOscSource)
                  0000cf8c    00000041     interrupt.obj (.text:Interrupt_initModule)
                  0000cfcd    0000003f     dma.obj (.text:DMA_configTransfer)
                  0000d00c    0000003b     dma.obj (.text:DMA_configBurst)
                  0000d047    00000038     gpio.obj (.text:GPIO_setControllerCore)
                  0000d07f    00000038     gpio.obj (.text:GPIO_setQualificationMode)
                  0000d0b7    00000038     Controller.obj (.text:duty_cycle_calculation)
                  0000d0ef    00000037     gpio.obj (.text:GPIO_setAnalogMode)
                  0000d126    00000036     interrupt.obj (.text:Interrupt_enable)
                  0000d15c    00000035     epwm.obj (.text:EPWM_setEmulationMode)
                  0000d191    00000034     gpio.obj (.text:GPIO_setDirectionMode)
                  0000d1c5    00000034     Controller.obj (.text:main)
                  0000d1f9    00000033     dma.obj (.text:DMA_configAddresses)
                  0000d22c    00000031     board.obj (.text:SYNC_init)
                  0000d25d    00000031     Controller.obj (.text:samples_to_cla)
                  0000d28e    00000030     gpio.obj (.text:GPIO_setPinConfig)
                  0000d2be    0000002e     Controller.obj (.text:INT_transient_det_pin_XINT_ISR)
                  0000d2ec    0000002e     rts2800_fpu32_eabi.lib : copy_decompress_lzss.c.obj (.text:decompress:lzss)
                  0000d31a    0000002b     sysctl.obj (.text:SysCtl_selectXTAL)
                  0000d345    0000002b     rts2800_fpu32_eabi.lib : autoinit.c.obj (.text:__TI_auto_init_nobinit_nopinit)
                  0000d370    00000029                            : exit.c.obj (.text)
                  0000d399    00000025     board.obj (.text:Board_init)
                  0000d3be    00000024     sysctl.obj (.text:SysCtl_getLowSpeedClock)
                  0000d3e2    00000022     board.obj (.text:INTERRUPT_init)
                  0000d404    0000001d     interrupt.obj (.text:Interrupt_initVectorTable)
                  0000d421    0000001d     sysctl.obj (.text:SysCtl_pollX1Counter)
                  0000d43e    0000001d     sysctl.obj (.text:SysCtl_selectXTALSingleEnded)
                  0000d45b    0000001c     cla.obj (.text:CLA_setTriggerSource)
                  0000d477    0000001c     rts2800_fpu32_eabi.lib : memcpy.c.obj (.text)
                  0000d493    0000001b     adc.obj (.text:ADC_setOffsetTrimAll)
                  0000d4ae    00000019     control_functions.obj (.text:update_PI)
                  0000d4c7    00000018     board.obj (.text:myCLA0_init)
                  0000d4df    00000018     board.obj (.text:transient_det_pin_init)
                  0000d4f7    00000017     board.obj (.text:debug_pin_init)
                  0000d50e    00000017     rts2800_fpu32_eabi.lib : boot28.asm.obj (.text)
                  0000d525    00000016     control_functions.obj (.text:duty_cycle_saturation)
                  0000d53b    00000011     board.obj (.text:transient_det_pin_XINT_init)
                  0000d54c    00000010     board.obj (.text:DMA_init)
                  0000d55c    00000010     device.obj (.text:Device_initGPIO)
                  0000d56c    00000010     control_functions.obj (.text:set_duty_cycle)
                  0000d57c    0000000d     board.obj (.text:ASYSCTL_init)
                  0000d589    0000000d     rts2800_fpu32_eabi.lib : copy_zero_init.c.obj (.text:decompress:ZI:__TI_zero_init_nomemset)
                  0000d596    0000000c                            : args_main.c.obj (.text)
                  0000d5a2    0000000b     control_functions.obj (.text:init_PI)
                  0000d5ad    00000008     rts2800_fpu32_eabi.lib : copy_decompress_none.c.obj (.text:decompress:none)
                  0000d5b5    00000007     control_functions.obj (.text:reset_PI)
                  0000d5bc    00000006     board.obj (.text:myINPUTXBARINPUT0_init)
                  0000d5c2    00000006     board.obj (.text:myINPUTXBARINPUT1_init)
                  0000d5c8    00000006     board.obj (.text:myINPUTXBARINPUT2_init)
                  0000d5ce    00000004     interrupt.obj (.text:Interrupt_defaultHandler)
                  0000d5d2    00000003     device.obj (.text:__error__)
                  0000d5d5    00000002     interrupt.obj (.text:Interrupt_illegalOperationHandler)
                  0000d5d7    00000002     interrupt.obj (.text:Interrupt_nmiHandler)
                  0000d5d9    00000002     rts2800_fpu32_eabi.lib : pre_init.c.obj (.text)
                  0000d5db    00000001     c2000ware_libraries.obj (.text:FFR_init)
                  0000d5dc    00000001     rts2800_fpu32_eabi.lib : _lock.c.obj (.text)
                  0000d5dd    00000001                            : startup.c.obj (.text)

MODULE SUMMARY

       Module                                   code   ro data   rw data
       ------                                   ----   -------   -------
    .\
       cla_tasks.obj                            1568   0         400    
       Controller.obj                           535    0         93     
       transient_det.obj                        278    0         104    
       control_functions.obj                    81     0         2      
    +--+----------------------------------------+------+---------+---------+
       Total:                                   2462   0         599    
                                                                        
    .\device\
       device.obj                               349    0         0      
       f28004x_codestartbranch.obj              2      0         0      
    +--+----------------------------------------+------+---------+---------+
       Total:                                   351    0         0      
                                                                        
    .\device\driverlib\
       sysctl.obj                               775    56        0      
       dma.obj                                  424    0         0      
       gpio.obj                                 421    0         0      
       memcfg.obj                               249    0         0      
       interrupt.obj                            156    0         0      
       epwm.obj                                 53     0         0      
       cla.obj                                  28     0         0      
       adc.obj                                  27     0         0      
    +--+----------------------------------------+------+---------+---------+
       Total:                                   2133   56        0      
                                                                        
    .\syscfg\
       board.obj                                1993   137       0      
       c2000ware_libraries.obj                  1      0         0      
    +--+----------------------------------------+------+---------+---------+
       Total:                                   1994   137       0      
                                                                        
    C:\Users\mem21\AppData\Local\Temp\
       {636FAE1C-D749-4BD3-9785-007F6458BBC1}   0      192       0      
    +--+----------------------------------------+------+---------+---------+
       Total:                                   0      192       0      
                                                                        
    C:/ti/ccs2040/ccs/tools/compiler/ti-cgt-c2000_22.6.3.LTS/lib/rts2800_fpu32_eabi.lib
       exit.c.obj                               41     0         6      
       copy_decompress_lzss.c.obj               46     0         0      
       autoinit.c.obj                           43     0         0      
       memcpy.c.obj                             28     0         0      
       boot28.asm.obj                           23     0         0      
       copy_zero_init.c.obj                     13     0         0      
       args_main.c.obj                          12     0         0      
       copy_decompress_none.c.obj               8      0         0      
       _lock.c.obj                              1      0         2      
       pre_init.c.obj                           2      0         0      
       startup.c.obj                            1      0         0      
    +--+----------------------------------------+------+---------+---------+
       Total:                                   218    0         8      
                                                                        
       Stack:                                   0      0         1016   
       Linker Generated:                        0      98        0      
    +--+----------------------------------------+------+---------+---------+
       Grand Total:                             7158   483       1623   


LINKER GENERATED COPY TABLES

__TI_cinit_table @ 0000a8c2 records: 7, size/record: 4, table size: 28
	.data: load addr=0000a87a, load size=00000025 bytes, run addr=0000b182, run size=0000003a bytes, compression=lzss
	Cla1ToCpuMsgRAM: load addr=0000a8a6, load size=00000005 bytes, run addr=00001480, run size=00000004 bytes, compression=lzss
	CpuToCla1MsgRAM: load addr=0000a8ab, load size=00000005 bytes, run addr=00001500, run size=0000000a bytes, compression=lzss
	ramgs0: load addr=0000a8b0, load size=00000005 bytes, run addr=0000c000, run size=0000000e bytes, compression=lzss
	.bss: load addr=0000a8b6, load size=00000004 bytes, run addr=0000a800, run size=00000079 bytes, compression=zero_init
	.scratchpad: load addr=0000a8ba, load size=00000004 bytes, run addr=00009988, run size=00000004 bytes, compression=zero_init
	Cla1DataRam: load addr=0000a8be, load size=00000004 bytes, run addr=00009800, run size=00000188 bytes, compression=zero_init


LINKER GENERATED HANDLER TABLE

__TI_handler_table @ 0000a8a0 records: 3, size/record: 2, table size: 6
	index: 0, handler: __TI_zero_init
	index: 1, handler: __TI_decompress_lzss
	index: 2, handler: __TI_decompress_none


GLOBAL DATA SYMBOLS: SORTED BY DATA PAGE

address     data page           name
--------    ----------------    ----
00000400      10 (00000400)     __stack

00001480      52 (00001480)     R_out
00001482      52 (00001480)     L_out

00001500      54 (00001500)     vo_sample_test
00001504      54 (00001500)     io_sample_test
00001508      54 (00001500)     s_count
00001509      54 (00001500)     less_smpls

00009800     260 (00009800)     i
00009802     260 (00009800)     vo_smpl_cla

0000984a     261 (00009840)     io_smpl_cla

00009892     262 (00009880)     dio_smpl_cla

000098da     263 (000098c0)     v_h

00009922     264 (00009900)     v2

0000996a     265 (00009940)     n1_partial
0000996c     265 (00009940)     n2_partial
0000996e     265 (00009940)     piv0
0000996f     265 (00009940)     piv1
00009970     265 (00009940)     col0
00009971     265 (00009940)     col1
00009972     265 (00009940)     alpha
00009974     265 (00009940)     beta
00009976     265 (00009940)     vv
00009978     265 (00009940)     dot
0000997a     265 (00009940)     dot1
0000997c     265 (00009940)     alpha2
0000997e     265 (00009940)     beta2

00009980     266 (00009980)     v2v2
00009982     266 (00009980)     dot2
00009984     266 (00009980)     sol

0000a800     2a0 (0000a800)     io_buff
0000a820     2a0 (0000a800)     tr_buff

0000a840     2a1 (0000a840)     vo_buff
0000a860     2a1 (0000a840)     Il_controller
0000a868     2a1 (0000a840)     Vo_controller
0000a870     2a1 (0000a840)     head
0000a872     2a1 (0000a840)     vo_sum
0000a874     2a1 (0000a840)     io_sum
0000a876     2a1 (0000a840)     tr_sum
0000a878     2a1 (0000a840)     transient_det_res

0000b182     2c6 (0000b180)     fixed_duty_cycle
0000b184     2c6 (0000b180)     ADCC0_results_add
0000b186     2c6 (0000b180)     ADCC0_Result_base
0000b188     2c6 (0000b180)     ADCA0_results_add
0000b18a     2c6 (0000b180)     ADCA0_Result_base
0000b18c     2c6 (0000b180)     ADCB0_results_add
0000b18e     2c6 (0000b180)     ADCB0_Result_base
0000b190     2c6 (0000b180)     d
0000b192     2c6 (0000b180)     fixed_d
0000b194     2c6 (0000b180)     Iin_avg
0000b196     2c6 (0000b180)     Io_avg
0000b198     2c6 (0000b180)     Il_avg
0000b19a     2c6 (0000b180)     Vo_avg
0000b19c     2c6 (0000b180)     Vin_avg
0000b19e     2c6 (0000b180)     Vo_error
0000b1a0     2c6 (0000b180)     Il_error
0000b1a2     2c6 (0000b180)     Vo_ref
0000b1a4     2c6 (0000b180)     kpv
0000b1a6     2c6 (0000b180)     kiv
0000b1a8     2c6 (0000b180)     kpi
0000b1aa     2c6 (0000b180)     kii
0000b1ac     2c6 (0000b180)     get_clk
0000b1ae     2c6 (0000b180)     get_ls_clk
0000b1b0     2c6 (0000b180)     alg_time
0000b1b2     2c6 (0000b180)     __TI_enable_exit_profile_output
0000b1b4     2c6 (0000b180)     __TI_cleanup_ptr
0000b1b6     2c6 (0000b180)     __TI_dtors_ptr
0000b1b8     2c6 (0000b180)     _lock

0000c000     300 (0000c000)     ADCA_results
0000c002     300 (0000c000)     ADCB_results
0000c004     300 (0000c000)     ADCC_results
0000c00a     300 (0000c000)     R_err
0000c00c     300 (0000c000)     L_err


GLOBAL SYMBOLS: SORTED ALPHABETICALLY BY Name 

page  address   name                           
----  -------   ----                           
1     0000b18a  ADCA0_Result_base              
1     0000b188  ADCA0_results_add              
1     0000c000  ADCA_results                   
1     0000b18e  ADCB0_Result_base              
1     0000b18c  ADCB0_results_add              
1     0000c002  ADCB_results                   
1     0000b186  ADCC0_Result_base              
1     0000b184  ADCC0_results_add              
1     0000c004  ADCC_results                   
1     0000d493  ADC_setOffsetTrimAll           
1     0000d57c  ASYSCTL_init                   
1     0000d399  Board_init                     
1     0000d370  C$$EXIT                        
1     0000d5db  C2000Ware_libraries_init       
1     0000d4c7  CLA_init                       
1     0000d45b  CLA_setTriggerSource           
0     0000849c  Cla1Task1                      
1     0000d1f9  DMA_configAddresses            
1     0000d00c  DMA_configBurst                
1     0000c616  DMA_configMode                 
1     0000cfcd  DMA_configTransfer             
1     0000cde4  DMA_configWrap                 
1     0000d54c  DMA_init                       
1     0000c47c  Device_enableAllPeripherals    
1     0000ca26  Device_init                    
1     0000d55c  Device_initGPIO                
1     0000c00e  EPWM_init                      
1     0000d15c  EPWM_setEmulationMode          
1     0000d5db  FFR_init                       
1     0000d0ef  GPIO_setAnalogMode             
1     0000d047  GPIO_setControllerCore         
1     0000d191  GPIO_setDirectionMode          
1     0000cf04  GPIO_setInterruptPin           
1     0000cce7  GPIO_setPadConfig              
1     0000d28e  GPIO_setPinConfig              
1     0000d07f  GPIO_setQualificationMode      
1     0000d3e2  INTERRUPT_init                 
1     0000cb6d  INT_ControlPWM_ISR             
1     0000d2be  INT_transient_det_pin_XINT_ISR 
1     0000b194  Iin_avg                        
1     0000b198  Il_avg                         
1     0000a860  Il_controller                  
1     0000b1a0  Il_error                       
1     0000d126  Interrupt_enable               
1     0000cf8c  Interrupt_initModule           
1     0000d404  Interrupt_initVectorTable      
1     0000b196  Io_avg                         
1     0000c00c  L_err                          
1     00001482  L_out                          
1     0000c6c9  MEMCFG_init                    
1     0000cb06  MemCfg_setLSRAMControllerSel   
1     0000c813  MemCfg_setProtection           
1     0000cbd1  PinMux_init                    
1     0000c00a  R_err                          
1     00001480  R_out                          
1     0000d22c  SYNC_init                      
0     000000f6  SysCtl_delay                   
1     0000ca99  SysCtl_getClock                
1     0000d3be  SysCtl_getLowSpeedClock        
1     0000c375  SysCtl_isPLLValid              
1     0000cf49  SysCtl_selectOscSource         
1     0000d31a  SysCtl_selectXTAL              
1     0000d43e  SysCtl_selectXTALSingleEnded   
1     0000c553  SysCtl_setClock                
1     0000b19c  Vin_avg                        
1     0000b19a  Vo_avg                         
1     0000a868  Vo_controller                  
1     0000b19e  Vo_error                       
1     0000b1a2  Vo_ref                         
1     0000d53b  XINT_init                      
1     0000a8c2  __TI_CINIT_Base                
1     0000a8de  __TI_CINIT_Limit               
1     0000a8de  __TI_CINIT_Warm                
1     0000a8a0  __TI_Handler_Table_Base        
1     0000a8a6  __TI_Handler_Table_Limit       
1     000007f8  __TI_STACK_END                 
abs   000003f8  __TI_STACK_SIZE                
1     0000d345  __TI_auto_init_nobinit_nopinit 
1     0000b1b4  __TI_cleanup_ptr               
1     0000d2ec  __TI_decompress_lzss           
1     0000d5ad  __TI_decompress_none           
1     0000b1b6  __TI_dtors_ptr                 
1     0000b1b2  __TI_enable_exit_profile_output
abs   ffffffff  __TI_pprof_out_hndl            
abs   ffffffff  __TI_prof_data_size            
abs   ffffffff  __TI_prof_data_start           
1     0000d589  __TI_zero_init_nomemset        
n/a   UNDEFED   __c_args__                     
1     0000d5d2  __error__                      
1     00000400  __stack                        
1     0000d596  _args_main                     
1     0000d50e  _c_int00                       
1     0000b1b8  _lock                          
1     0000d5dc  _nop                           
1     0000d5dd  _system_post_cinit             
1     0000d5d9  _system_pre_init               
1     0000d370  abort                          
1     0000b1b0  alg_time                       
0     00009972  alpha                          
0     0000997c  alpha2                         
1     0000c8a5  average_samples                
0     00008524  back_subs                      
0     00009974  beta                           
0     0000997e  beta2                          
1     0000cc30  cla1Isr1                       
0     00000000  code_start                     
0     00009970  col0                           
0     00009971  col1                           
1     0000b190  d                              
1     0000d4f7  debug_pin_init                 
0     000083f6  derivatives                    
0     00009892  dio_smpl_cla                   
0     00009978  dot                            
0     0000997a  dot1                           
0     00009982  dot2                           
1     0000d0b7  duty_cycle_calculation         
1     0000d525  duty_cycle_saturation          
1     0000d372  exit                           
1     0000b192  fixed_d                        
1     0000b182  fixed_duty_cycle               
1     0000b1ac  get_clk                        
1     0000b1ae  get_ls_clk                     
1     0000a870  head                           
0     00008000  hh1                            
0     0000821e  hh2                            
0     00009800  i                              
1     0000d5a2  init_PI                        
1     0000c774  init_detector                  
1     0000a800  io_buff                        
1     00001504  io_sample_test                 
0     0000984a  io_smpl_cla                    
1     0000a874  io_sum                         
1     0000b1aa  kii                            
1     0000b1a6  kiv                            
1     0000b1a8  kpi                            
1     0000b1a4  kpv                            
1     00001509  less_smpls                     
1     0000d1c5  main                           
1     0000d477  memcpy                         
1     0000cd3c  myADC0_init                    
1     0000c92e  myADC1_init                    
1     0000cd90  myADC2_init                    
1     0000d4c7  myCLA0_init                    
1     0000ce2c  myDMA0_init                    
1     0000ce74  myDMA1_init                    
1     0000cebc  myDMA2_init                    
1     0000d5bc  myINPUTXBARINPUT0_init         
1     0000d5c2  myINPUTXBARINPUT1_init         
1     0000d5c8  myINPUTXBARINPUT2_init         
0     0000996a  n1_partial                     
0     0000996c  n2_partial                     
0     00008596  partial_norms                  
0     0000996e  piv0                           
0     0000996f  piv1                           
0     000085e6  pivot                          
1     0000d5b5  reset_PI                       
1     00001508  s_count                        
1     0000d25d  samples_to_cla                 
1     0000d56c  set_duty_cycle                 
0     00009984  sol                            
1     0000a820  tr_buff                        
1     0000a876  tr_sum                         
1     0000d53b  transient_det_pin_XINT_init    
1     0000d4df  transient_det_pin_init         
1     0000a878  transient_det_res              
1     0000c9af  transient_detector             
1     0000d4ae  update_PI                      
0     00009922  v2                             
0     00009980  v2v2                           
0     000098da  v_h                            
1     0000a840  vo_buff                        
1     00001500  vo_sample_test                 
0     00009802  vo_smpl_cla                    
1     0000a872  vo_sum                         
0     00009976  vv                             


GLOBAL SYMBOLS: SORTED BY Symbol Address 

page  address   name                           
----  -------   ----                           
0     00000000  code_start                     
0     000000f6  SysCtl_delay                   
0     00008000  hh1                            
0     0000821e  hh2                            
0     000083f6  derivatives                    
0     0000849c  Cla1Task1                      
0     00008524  back_subs                      
0     00008596  partial_norms                  
0     000085e6  pivot                          
0     00009800  i                              
0     00009802  vo_smpl_cla                    
0     0000984a  io_smpl_cla                    
0     00009892  dio_smpl_cla                   
0     000098da  v_h                            
0     00009922  v2                             
0     0000996a  n1_partial                     
0     0000996c  n2_partial                     
0     0000996e  piv0                           
0     0000996f  piv1                           
0     00009970  col0                           
0     00009971  col1                           
0     00009972  alpha                          
0     00009974  beta                           
0     00009976  vv                             
0     00009978  dot                            
0     0000997a  dot1                           
0     0000997c  alpha2                         
0     0000997e  beta2                          
0     00009980  v2v2                           
0     00009982  dot2                           
0     00009984  sol                            
1     00000400  __stack                        
1     000007f8  __TI_STACK_END                 
1     00001480  R_out                          
1     00001482  L_out                          
1     00001500  vo_sample_test                 
1     00001504  io_sample_test                 
1     00001508  s_count                        
1     00001509  less_smpls                     
1     0000a800  io_buff                        
1     0000a820  tr_buff                        
1     0000a840  vo_buff                        
1     0000a860  Il_controller                  
1     0000a868  Vo_controller                  
1     0000a870  head                           
1     0000a872  vo_sum                         
1     0000a874  io_sum                         
1     0000a876  tr_sum                         
1     0000a878  transient_det_res              
1     0000a8a0  __TI_Handler_Table_Base        
1     0000a8a6  __TI_Handler_Table_Limit       
1     0000a8c2  __TI_CINIT_Base                
1     0000a8de  __TI_CINIT_Limit               
1     0000a8de  __TI_CINIT_Warm                
1     0000b182  fixed_duty_cycle               
1     0000b184  ADCC0_results_add              
1     0000b186  ADCC0_Result_base              
1     0000b188  ADCA0_results_add              
1     0000b18a  ADCA0_Result_base              
1     0000b18c  ADCB0_results_add              
1     0000b18e  ADCB0_Result_base              
1     0000b190  d                              
1     0000b192  fixed_d                        
1     0000b194  Iin_avg                        
1     0000b196  Io_avg                         
1     0000b198  Il_avg                         
1     0000b19a  Vo_avg                         
1     0000b19c  Vin_avg                        
1     0000b19e  Vo_error                       
1     0000b1a0  Il_error                       
1     0000b1a2  Vo_ref                         
1     0000b1a4  kpv                            
1     0000b1a6  kiv                            
1     0000b1a8  kpi                            
1     0000b1aa  kii                            
1     0000b1ac  get_clk                        
1     0000b1ae  get_ls_clk                     
1     0000b1b0  alg_time                       
1     0000b1b2  __TI_enable_exit_profile_output
1     0000b1b4  __TI_cleanup_ptr               
1     0000b1b6  __TI_dtors_ptr                 
1     0000b1b8  _lock                          
1     0000c000  ADCA_results                   
1     0000c002  ADCB_results                   
1     0000c004  ADCC_results                   
1     0000c00a  R_err                          
1     0000c00c  L_err                          
1     0000c00e  EPWM_init                      
1     0000c375  SysCtl_isPLLValid              
1     0000c47c  Device_enableAllPeripherals    
1     0000c553  SysCtl_setClock                
1     0000c616  DMA_configMode                 
1     0000c6c9  MEMCFG_init                    
1     0000c774  init_detector                  
1     0000c813  MemCfg_setProtection           
1     0000c8a5  average_samples                
1     0000c92e  myADC1_init                    
1     0000c9af  transient_detector             
1     0000ca26  Device_init                    
1     0000ca99  SysCtl_getClock                
1     0000cb06  MemCfg_setLSRAMControllerSel   
1     0000cb6d  INT_ControlPWM_ISR             
1     0000cbd1  PinMux_init                    
1     0000cc30  cla1Isr1                       
1     0000cce7  GPIO_setPadConfig              
1     0000cd3c  myADC0_init                    
1     0000cd90  myADC2_init                    
1     0000cde4  DMA_configWrap                 
1     0000ce2c  myDMA0_init                    
1     0000ce74  myDMA1_init                    
1     0000cebc  myDMA2_init                    
1     0000cf04  GPIO_setInterruptPin           
1     0000cf49  SysCtl_selectOscSource         
1     0000cf8c  Interrupt_initModule           
1     0000cfcd  DMA_configTransfer             
1     0000d00c  DMA_configBurst                
1     0000d047  GPIO_setControllerCore         
1     0000d07f  GPIO_setQualificationMode      
1     0000d0b7  duty_cycle_calculation         
1     0000d0ef  GPIO_setAnalogMode             
1     0000d126  Interrupt_enable               
1     0000d15c  EPWM_setEmulationMode          
1     0000d191  GPIO_setDirectionMode          
1     0000d1c5  main                           
1     0000d1f9  DMA_configAddresses            
1     0000d22c  SYNC_init                      
1     0000d25d  samples_to_cla                 
1     0000d28e  GPIO_setPinConfig              
1     0000d2be  INT_transient_det_pin_XINT_ISR 
1     0000d2ec  __TI_decompress_lzss           
1     0000d31a  SysCtl_selectXTAL              
1     0000d345  __TI_auto_init_nobinit_nopinit 
1     0000d370  C$$EXIT                        
1     0000d370  abort                          
1     0000d372  exit                           
1     0000d399  Board_init                     
1     0000d3be  SysCtl_getLowSpeedClock        
1     0000d3e2  INTERRUPT_init                 
1     0000d404  Interrupt_initVectorTable      
1     0000d43e  SysCtl_selectXTALSingleEnded   
1     0000d45b  CLA_setTriggerSource           
1     0000d477  memcpy                         
1     0000d493  ADC_setOffsetTrimAll           
1     0000d4ae  update_PI                      
1     0000d4c7  CLA_init                       
1     0000d4c7  myCLA0_init                    
1     0000d4df  transient_det_pin_init         
1     0000d4f7  debug_pin_init                 
1     0000d50e  _c_int00                       
1     0000d525  duty_cycle_saturation          
1     0000d53b  XINT_init                      
1     0000d53b  transient_det_pin_XINT_init    
1     0000d54c  DMA_init                       
1     0000d55c  Device_initGPIO                
1     0000d56c  set_duty_cycle                 
1     0000d57c  ASYSCTL_init                   
1     0000d589  __TI_zero_init_nomemset        
1     0000d596  _args_main                     
1     0000d5a2  init_PI                        
1     0000d5ad  __TI_decompress_none           
1     0000d5b5  reset_PI                       
1     0000d5bc  myINPUTXBARINPUT0_init         
1     0000d5c2  myINPUTXBARINPUT1_init         
1     0000d5c8  myINPUTXBARINPUT2_init         
1     0000d5d2  __error__                      
1     0000d5d9  _system_pre_init               
1     0000d5db  C2000Ware_libraries_init       
1     0000d5db  FFR_init                       
1     0000d5dc  _nop                           
1     0000d5dd  _system_post_cinit             
abs   000003f8  __TI_STACK_SIZE                
abs   ffffffff  __TI_pprof_out_hndl            
abs   ffffffff  __TI_prof_data_size            
abs   ffffffff  __TI_prof_data_start           
n/a   UNDEFED   __c_args__                     

[175 symbols]
