******************************************************************************
             TMS320C2000 Linker PC v22.6.3                     
******************************************************************************
>> Linked Thu Mar 26 10:42:03 2026

OUTPUT FILE NAME:   <buck_converter_dma_orig 1.out>
ENTRY POINT SYMBOL: "code_start"  address: 00000000


MEMORY CONFIGURATION

         name            origin    length      used     unused   attr    fill
----------------------  --------  ---------  --------  --------  ----  --------
PAGE 0:
  BEGIN                 00000000   00000002  00000002  00000000  RWIX
  RAMM0                 000000f6   0000030a  00000040  000002ca  RWIX
  RAMLS0                00008000   00000800  00000800  00000000  RWIX
  RAMLS1                00008800   00000800  00000800  00000000  RWIX
  RAMLS2                00009000   00000800  000002b8  00000548  RWIX
  RAMLS3                00009800   00000800  00000000  00000800  RWIX
  RAMLS4                0000a000   00000800  00000000  00000800  RWIX
  FLASH_BANK0_SEC0      00080000   00001000  00000000  00001000  RWIX
  FLASH_BANK0_SEC1      00081000   00001000  00000000  00001000  RWIX
  FLASH_BANK0_SEC2      00082000   00001000  00000000  00001000  RWIX
  FLASH_BANK0_SEC3      00083000   00001000  00000000  00001000  RWIX
  FLASH_BANK0_SEC4      00084000   00001000  00000000  00001000  RWIX
  FLASH_BANK0_SEC5      00085000   00001000  00000000  00001000  RWIX
  FLASH_BANK0_SEC6      00086000   00001000  00000000  00001000  RWIX
  FLASH_BANK0_SEC7      00087000   00001000  00000000  00001000  RWIX
  FLASH_BANK0_SEC8      00088000   00001000  00000000  00001000  RWIX
  FLASH_BANK0_SEC9      00089000   00001000  00000000  00001000  RWIX
  FLASH_BANK0_SEC10     0008a000   00001000  00000000  00001000  RWIX
  FLASH_BANK0_SEC11     0008b000   00001000  00000000  00001000  RWIX
  FLASH_BANK0_SEC12     0008c000   00001000  00000000  00001000  RWIX
  FLASH_BANK0_SEC13     0008d000   00001000  00000000  00001000  RWIX
  FLASH_BANK0_SEC14     0008e000   00001000  00000000  00001000  RWIX
  FLASH_BANK0_SEC15     0008f000   00001000  00000000  00001000  RWIX
  FLASH_BANK1_SEC0      00090000   00001000  00000000  00001000  RWIX
  FLASH_BANK1_SEC1      00091000   00001000  00000000  00001000  RWIX
  FLASH_BANK1_SEC2      00092000   00001000  00000000  00001000  RWIX
  FLASH_BANK1_SEC3      00093000   00001000  00000000  00001000  RWIX
  FLASH_BANK1_SEC4      00094000   00001000  00000000  00001000  RWIX
  FLASH_BANK1_SEC5      00095000   00001000  00000000  00001000  RWIX
  FLASH_BANK1_SEC6      00096000   00001000  00000000  00001000  RWIX
  FLASH_BANK1_SEC7      00097000   00001000  00000000  00001000  RWIX
  FLASH_BANK1_SEC8      00098000   00001000  00000000  00001000  RWIX
  FLASH_BANK1_SEC9      00099000   00001000  00000000  00001000  RWIX
  FLASH_BANK1_SEC10     0009a000   00001000  00000000  00001000  RWIX
  FLASH_BANK1_SEC11     0009b000   00001000  00000000  00001000  RWIX
  FLASH_BANK1_SEC12     0009c000   00001000  00000000  00001000  RWIX
  FLASH_BANK1_SEC13     0009d000   00001000  00000000  00001000  RWIX
  FLASH_BANK1_SEC14     0009e000   00001000  00000000  00001000  RWIX
  FLASH_BANK1_SEC15     0009f000   00001000  00000000  00001000  RWIX
  RESET                 003fffc0   00000002  00000000  00000002  RWIX

PAGE 1:
  BOOT_RSVD             00000002   000000f1  00000000  000000f1  RWIX
  RAMM1                 00000400   000003f8  000003f8  00000000  RWIX
  RAMLS5                0000a800   00000800  000001ba  00000646  RWIX
  RAMLS6                0000b000   00000800  00000000  00000800  RWIX
  RAMLS7                0000b800   00000800  00000000  00000800  RWIX
  RAMGS0                0000c000   00002000  0000000a  00001ff6  RWIX
  RAMGS1                0000e000   00002000  00000000  00002000  RWIX
  RAMGS2                00010000   00002000  00000000  00002000  RWIX
  RAMGS3                00012000   00001ff8  00000000  00001ff8  RWIX


SECTION ALLOCATION MAP

 output                                  attributes/
section   page    origin      length       input sections
--------  ----  ----------  ----------   ----------------
codestart 
*          0    00000000    00000002     
                  00000000    00000002     f28004x_codestartbranch.obj (codestart)

.TI.ramfunc 
*          0    000000f6    00000004     
                  000000f6    00000004     sysctl.obj (.TI.ramfunc)

.cinit     0    000000fa    0000003c     
                  000000fa    00000021     (.cinit..data.load) [load image, compression = lzss]
                  0000011b    00000001     --HOLE-- [fill = 0]
                  0000011c    00000006     (__TI_handler_table)
                  00000122    00000004     (.cinit..bss.load) [load image, compression = zero_init]
                  00000126    00000004     (.cinit.ramgs0.load) [load image, compression = zero_init]
                  0000012a    0000000c     (__TI_cinit_table)

.reset     0    003fffc0    00000000     DSECT

.stack     1    00000400    000003f8     UNINITIALIZED
                  00000400    000003f8     --HOLE--

.bss       1    0000a9aa    00000010     UNINITIALIZED
                  0000a9aa    00000010     Controller.obj (.bss)

.init_array 
*          0    000000f6    00000000     UNINITIALIZED

.const     1    0000a800    00000166     
                  0000a800    000000a4     <whole-program> (.const:.string)
                  0000a8a4    00000089     board.obj (.const:.string)
                  0000a92d    00000001     --HOLE-- [fill = 0]
                  0000a92e    00000038     sysctl.obj (.const:.string)

.data      1    0000a966    00000044     UNINITIALIZED
                  0000a966    00000006     rts2800_fpu32_eabi.lib : exit.c.obj (.data)
                  0000a96c    00000002                            : _lock.c.obj (.data:_lock)
                  0000a96e    00000002     control_functions.obj (.data)
                  0000a970    00000010     --HOLE--
                  0000a980    0000002a     Controller.obj (.data)

ramgs0     1    0000c000    0000000a     UNINITIALIZED
                  0000c000    0000000a     Controller.obj (ramgs0)

.text.1    0    00008000    00000800     
                  00008000    00000246     board.obj (.text:EPWM_init)
                  00008246    00000107     sysctl.obj (.text:SysCtl_isPLLValid)
                  0000834d    000000d7     device.obj (.text:Device_enableAllPeripherals)
                  00008424    000000c3     sysctl.obj (.text:SysCtl_setClock)
                  000084e7    000000b3     dma.obj (.text:DMA_configMode)
                  0000859a    000000ab     board.obj (.text:MEMCFG_init)
                  00008645    00000092     memcfg.obj (.text:MemCfg_setProtection)
                  000086d7    00000081     board.obj (.text:myADC1_init)
                  00008758    0000007f     Controller.obj (.text:average_samples)
                  000087d7    00000029     rts2800_fpu32_eabi.lib : exit.c.obj (.text)

.text.2    0    00008800    00000800     
                  00008800    00000073     device.obj (.text:Device_init)
                  00008873    00000072     memcfg.obj (.text:MemCfg_getInitStatus)
                  000088e5    0000006d     sysctl.obj (.text:SysCtl_getClock)
                  00008952    00000067     memcfg.obj (.text:MemCfg_setLSRAMControllerSel)
                  000089b9    00000060     memcfg.obj (.text:MemCfg_initSections)
                  00008a19    0000005a     board.obj (.text:myDMA0_init)
                  00008a73    00000058     board.obj (.text:EPWM_setActionQualifierAction)
                  00008acb    00000055     gpio.obj (.text:GPIO_setPadConfig)
                  00008b20    00000054     Controller.obj (.text:INT_ControlPWM_ISR)
                  00008b74    00000054     board.obj (.text:myADC0_init)
                  00008bc8    00000054     board.obj (.text:myADC2_init)
                  00008c1c    00000048     dma.obj (.text:DMA_configWrap)
                  00008c64    00000048     board.obj (.text:myDMA1_init)
                  00008cac    00000048     board.obj (.text:myDMA2_init)
                  00008cf4    00000043     sysctl.obj (.text:SysCtl_selectOscSource)
                  00008d37    00000041     interrupt.obj (.text:Interrupt_initModule)
                  00008d78    0000003f     dma.obj (.text:DMA_configTransfer)
                  00008db7    0000003e     board.obj (.text:PinMux_init)
                  00008df5    0000003b     dma.obj (.text:DMA_configBurst)
                  00008e30    00000038     gpio.obj (.text:GPIO_setControllerCore)
                  00008e68    00000038     gpio.obj (.text:GPIO_setQualificationMode)
                  00008ea0    00000038     Controller.obj (.text:duty_cycle_calculation)
                  00008ed8    00000037     gpio.obj (.text:GPIO_setAnalogMode)
                  00008f0f    00000036     interrupt.obj (.text:Interrupt_enable)
                  00008f45    00000035     epwm.obj (.text:EPWM_setEmulationMode)
                  00008f7a    00000034     gpio.obj (.text:GPIO_setDirectionMode)
                  00008fae    00000033     dma.obj (.text:DMA_configAddresses)
                  00008fe1    00000001     c2000ware_libraries.obj (.text:FFR_init)
                  00008fe2    0000001d     interrupt.obj (.text:Interrupt_initVectorTable)
                  00008fff    00000001     rts2800_fpu32_eabi.lib : _lock.c.obj (.text)

.text.3    0    00009000    000002b8     
                  00009000    00000031     board.obj (.text:SYNC_init)
                  00009031    00000030     gpio.obj (.text:GPIO_setPinConfig)
                  00009061    0000002e     rts2800_fpu32_eabi.lib : copy_decompress_lzss.c.obj (.text:decompress:lzss)
                  0000908f    0000002b     sysctl.obj (.text:SysCtl_selectXTAL)
                  000090ba    0000002b     rts2800_fpu32_eabi.lib : autoinit.c.obj (.text:__TI_auto_init_nobinit_nopinit)
                  000090e5    00000024     sysctl.obj (.text:SysCtl_getLowSpeedClock)
                  00009109    00000023     Controller.obj (.text:main)
                  0000912c    0000001d     sysctl.obj (.text:SysCtl_pollX1Counter)
                  00009149    0000001d     sysctl.obj (.text:SysCtl_selectXTALSingleEnded)
                  00009166    0000001c     rts2800_fpu32_eabi.lib : memcpy.c.obj (.text)
                  00009182    0000001b     adc.obj (.text:ADC_setOffsetTrimAll)
                  0000919d    00000019     board.obj (.text:Board_init)
                  000091b6    00000019     control_functions.obj (.text:update_PI)
                  000091cf    00000018     Controller.obj (.text:INT_myDMA0_ISR)
                  000091e7    00000017     board.obj (.text:INTERRUPT_init)
                  000091fe    00000017     board.obj (.text:debug_pin_init)
                  00009215    00000017     rts2800_fpu32_eabi.lib : boot28.asm.obj (.text)
                  0000922c    00000016     control_functions.obj (.text:duty_cycle_saturation)
                  00009242    00000010     board.obj (.text:DMA_init)
                  00009252    00000010     device.obj (.text:Device_initGPIO)
                  00009262    0000000d     board.obj (.text:ASYSCTL_init)
                  0000926f    0000000d     rts2800_fpu32_eabi.lib : copy_zero_init.c.obj (.text:decompress:ZI:__TI_zero_init_nomemset)
                  0000927c    0000000c                            : args_main.c.obj (.text)
                  00009288    0000000b     control_functions.obj (.text:init_PI)
                  00009293    00000008     rts2800_fpu32_eabi.lib : copy_decompress_none.c.obj (.text:decompress:none)
                  0000929b    00000008     f28004x_codestartbranch.obj (.text)
                  000092a3    00000007     control_functions.obj (.text:reset_PI)
                  000092aa    00000004     interrupt.obj (.text:Interrupt_defaultHandler)
                  000092ae    00000003     device.obj (.text:__error__)
                  000092b1    00000002     interrupt.obj (.text:Interrupt_illegalOperationHandler)
                  000092b3    00000002     interrupt.obj (.text:Interrupt_nmiHandler)
                  000092b5    00000002     rts2800_fpu32_eabi.lib : pre_init.c.obj (.text)
                  000092b7    00000001                            : startup.c.obj (.text)

MODULE SUMMARY

       Module                                   code   ro data   rw data
       ------                                   ----   -------   -------
    .\
       Controller.obj                           326    0         68     
       control_functions.obj                    65     0         2      
    +--+----------------------------------------+------+---------+---------+
       Total:                                   391    0         70     
                                                                        
    .\device\
       device.obj                               349    0         0      
       f28004x_codestartbranch.obj              10     0         0      
    +--+----------------------------------------+------+---------+---------+
       Total:                                   359    0         0      
                                                                        
    .\device\driverlib\
       sysctl.obj                               775    56        0      
       memcfg.obj                               459    0         0      
       dma.obj                                  424    0         0      
       gpio.obj                                 352    0         0      
       interrupt.obj                            156    0         0      
       epwm.obj                                 53     0         0      
       adc.obj                                  27     0         0      
    +--+----------------------------------------+------+---------+---------+
       Total:                                   2246   56        0      
                                                                        
    .\syscfg\
       board.obj                                1583   137       0      
       c2000ware_libraries.obj                  1      0         0      
    +--+----------------------------------------+------+---------+---------+
       Total:                                   1584   137       0      
                                                                        
    C:\Users\mem21\AppData\Local\Temp\
       {543C1E7C-2BB1-4B85-B051-79A7EE88B44D}   0      164       0      
    +--+----------------------------------------+------+---------+---------+
       Total:                                   0      164       0      
                                                                        
    C:/ti/ccs2040/ccs/tools/compiler/ti-cgt-c2000_22.6.3.LTS/lib/rts2800_fpu32_eabi.lib
       exit.c.obj                               41     0         6      
       copy_decompress_lzss.c.obj               46     0         0      
       autoinit.c.obj                           43     0         0      
       memcpy.c.obj                             28     0         0      
       boot28.asm.obj                           23     0         0      
       copy_zero_init.c.obj                     13     0         0      
       args_main.c.obj                          12     0         0      
       copy_decompress_none.c.obj               8      0         0      
       _lock.c.obj                              1      0         2      
       pre_init.c.obj                           2      0         0      
       startup.c.obj                            1      0         0      
    +--+----------------------------------------+------+---------+---------+
       Total:                                   218    0         8      
                                                                        
       Stack:                                   0      0         1016   
       Linker Generated:                        0      59        0      
    +--+----------------------------------------+------+---------+---------+
       Grand Total:                             4798   416       1094   


LINKER GENERATED COPY TABLES

__TI_cinit_table @ 0000012a records: 3, size/record: 4, table size: 12
	.data: load addr=000000fa, load size=00000021 bytes, run addr=0000a966, run size=00000044 bytes, compression=lzss
	.bss: load addr=00000122, load size=00000004 bytes, run addr=0000a9aa, run size=00000010 bytes, compression=zero_init
	ramgs0: load addr=00000126, load size=00000004 bytes, run addr=0000c000, run size=0000000a bytes, compression=zero_init


LINKER GENERATED HANDLER TABLE

__TI_handler_table @ 0000011c records: 3, size/record: 2, table size: 6
	index: 0, handler: __TI_zero_init
	index: 1, handler: __TI_decompress_lzss
	index: 2, handler: __TI_decompress_none


GLOBAL DATA SYMBOLS: SORTED BY DATA PAGE

address     data page           name
--------    ----------------    ----
00000400      10 (00000400)     __stack

0000a966     2a5 (0000a940)     __TI_enable_exit_profile_output
0000a968     2a5 (0000a940)     __TI_cleanup_ptr
0000a96a     2a5 (0000a940)     __TI_dtors_ptr
0000a96c     2a5 (0000a940)     _lock

0000a980     2a6 (0000a980)     fixed_duty_cycle
0000a981     2a6 (0000a980)     avg
0000a982     2a6 (0000a980)     d
0000a984     2a6 (0000a980)     fixed_d
0000a986     2a6 (0000a980)     ADCC0_results_add
0000a988     2a6 (0000a980)     ADCC0_Result_base
0000a98a     2a6 (0000a980)     ADCA0_results_add
0000a98c     2a6 (0000a980)     ADCA0_Result_base
0000a98e     2a6 (0000a980)     ADCB0_results_add
0000a990     2a6 (0000a980)     ADCB0_Result_base
0000a992     2a6 (0000a980)     Iin_avg
0000a994     2a6 (0000a980)     Io_avg
0000a996     2a6 (0000a980)     Il_avg
0000a998     2a6 (0000a980)     Vo_avg
0000a99a     2a6 (0000a980)     Vin_avg
0000a99c     2a6 (0000a980)     Vo_error
0000a99e     2a6 (0000a980)     Il_error
0000a9a0     2a6 (0000a980)     Vo_ref
0000a9a2     2a6 (0000a980)     kpv
0000a9a4     2a6 (0000a980)     kiv
0000a9a6     2a6 (0000a980)     kpi
0000a9a8     2a6 (0000a980)     kii
0000a9aa     2a6 (0000a980)     Vo_controller
0000a9b2     2a6 (0000a980)     Il_controller

0000c000     300 (0000c000)     ADCA_results
0000c002     300 (0000c000)     ADCB_results
0000c004     300 (0000c000)     ADCC_results


GLOBAL SYMBOLS: SORTED ALPHABETICALLY BY Name 

page  address   name                           
----  -------   ----                           
1     0000a98c  ADCA0_Result_base              
1     0000a98a  ADCA0_results_add              
1     0000c000  ADCA_results                   
1     0000a990  ADCB0_Result_base              
1     0000a98e  ADCB0_results_add              
1     0000c002  ADCB_results                   
1     0000a988  ADCC0_Result_base              
1     0000a986  ADCC0_results_add              
1     0000c004  ADCC_results                   
0     00009182  ADC_setOffsetTrimAll           
0     00009262  ASYSCTL_init                   
0     0000919d  Board_init                     
0     000087d7  C$$EXIT                        
0     00008fe1  C2000Ware_libraries_init       
0     00008fae  DMA_configAddresses            
0     00008df5  DMA_configBurst                
0     000084e7  DMA_configMode                 
0     00008d78  DMA_configTransfer             
0     00008c1c  DMA_configWrap                 
0     00009242  DMA_init                       
0     0000834d  Device_enableAllPeripherals    
0     00008800  Device_init                    
0     00009252  Device_initGPIO                
0     00008000  EPWM_init                      
0     00008f45  EPWM_setEmulationMode          
0     00008fe1  FFR_init                       
0     000091fe  GPIO_init                      
0     00008ed8  GPIO_setAnalogMode             
0     00008e30  GPIO_setControllerCore         
0     00008f7a  GPIO_setDirectionMode          
0     00008acb  GPIO_setPadConfig              
0     00009031  GPIO_setPinConfig              
0     00008e68  GPIO_setQualificationMode      
0     000091e7  INTERRUPT_init                 
0     00008b20  INT_ControlPWM_ISR             
0     000091cf  INT_myDMA0_ISR                 
1     0000a992  Iin_avg                        
1     0000a996  Il_avg                         
1     0000a9b2  Il_controller                  
1     0000a99e  Il_error                       
0     00008f0f  Interrupt_enable               
0     00008d37  Interrupt_initModule           
0     00008fe2  Interrupt_initVectorTable      
1     0000a994  Io_avg                         
0     0000859a  MEMCFG_init                    
0     00008873  MemCfg_getInitStatus           
0     000089b9  MemCfg_initSections            
0     00008952  MemCfg_setLSRAMControllerSel   
0     00008645  MemCfg_setProtection           
0     00008db7  PinMux_init                    
0     00009000  SYNC_init                      
0     000000f6  SysCtl_delay                   
0     000088e5  SysCtl_getClock                
0     000090e5  SysCtl_getLowSpeedClock        
0     00008246  SysCtl_isPLLValid              
0     00008cf4  SysCtl_selectOscSource         
0     0000908f  SysCtl_selectXTAL              
0     00009149  SysCtl_selectXTALSingleEnded   
0     00008424  SysCtl_setClock                
1     0000a99a  Vin_avg                        
1     0000a998  Vo_avg                         
1     0000a9aa  Vo_controller                  
1     0000a99c  Vo_error                       
1     0000a9a0  Vo_ref                         
0     0000012a  __TI_CINIT_Base                
0     00000136  __TI_CINIT_Limit               
0     00000136  __TI_CINIT_Warm                
0     0000011c  __TI_Handler_Table_Base        
0     00000122  __TI_Handler_Table_Limit       
1     000007f8  __TI_STACK_END                 
abs   000003f8  __TI_STACK_SIZE                
0     000090ba  __TI_auto_init_nobinit_nopinit 
1     0000a968  __TI_cleanup_ptr               
0     00009061  __TI_decompress_lzss           
0     00009293  __TI_decompress_none           
1     0000a96a  __TI_dtors_ptr                 
1     0000a966  __TI_enable_exit_profile_output
abs   ffffffff  __TI_pprof_out_hndl            
abs   ffffffff  __TI_prof_data_size            
abs   ffffffff  __TI_prof_data_start           
0     0000926f  __TI_zero_init_nomemset        
n/a   UNDEFED   __c_args__                     
0     000092ae  __error__                      
1     00000400  __stack                        
0     0000927c  _args_main                     
0     00009215  _c_int00                       
1     0000a96c  _lock                          
0     00008fff  _nop                           
0     000092b7  _system_post_cinit             
0     000092b5  _system_pre_init               
0     000087d7  abort                          
0     00008758  average_samples                
1     0000a981  avg                            
0     00000000  code_start                     
1     0000a982  d                              
0     000091fe  debug_pin_init                 
0     00008ea0  duty_cycle_calculation         
0     0000922c  duty_cycle_saturation          
0     000087d9  exit                           
1     0000a984  fixed_d                        
1     0000a980  fixed_duty_cycle               
0     00009288  init_PI                        
1     0000a9a8  kii                            
1     0000a9a4  kiv                            
1     0000a9a6  kpi                            
1     0000a9a2  kpv                            
0     00009109  main                           
0     00009166  memcpy                         
0     00008b74  myADC0_init                    
0     000086d7  myADC1_init                    
0     00008bc8  myADC2_init                    
0     00008a19  myDMA0_init                    
0     00008c64  myDMA1_init                    
0     00008cac  myDMA2_init                    
0     000092a3  reset_PI                       
0     000091b6  update_PI                      


GLOBAL SYMBOLS: SORTED BY Symbol Address 

page  address   name                           
----  -------   ----                           
0     00000000  code_start                     
0     000000f6  SysCtl_delay                   
0     0000011c  __TI_Handler_Table_Base        
0     00000122  __TI_Handler_Table_Limit       
0     0000012a  __TI_CINIT_Base                
0     00000136  __TI_CINIT_Limit               
0     00000136  __TI_CINIT_Warm                
0     00008000  EPWM_init                      
0     00008246  SysCtl_isPLLValid              
0     0000834d  Device_enableAllPeripherals    
0     00008424  SysCtl_setClock                
0     000084e7  DMA_configMode                 
0     0000859a  MEMCFG_init                    
0     00008645  MemCfg_setProtection           
0     000086d7  myADC1_init                    
0     00008758  average_samples                
0     000087d7  C$$EXIT                        
0     000087d7  abort                          
0     000087d9  exit                           
0     00008800  Device_init                    
0     00008873  MemCfg_getInitStatus           
0     000088e5  SysCtl_getClock                
0     00008952  MemCfg_setLSRAMControllerSel   
0     000089b9  MemCfg_initSections            
0     00008a19  myDMA0_init                    
0     00008acb  GPIO_setPadConfig              
0     00008b20  INT_ControlPWM_ISR             
0     00008b74  myADC0_init                    
0     00008bc8  myADC2_init                    
0     00008c1c  DMA_configWrap                 
0     00008c64  myDMA1_init                    
0     00008cac  myDMA2_init                    
0     00008cf4  SysCtl_selectOscSource         
0     00008d37  Interrupt_initModule           
0     00008d78  DMA_configTransfer             
0     00008db7  PinMux_init                    
0     00008df5  DMA_configBurst                
0     00008e30  GPIO_setControllerCore         
0     00008e68  GPIO_setQualificationMode      
0     00008ea0  duty_cycle_calculation         
0     00008ed8  GPIO_setAnalogMode             
0     00008f0f  Interrupt_enable               
0     00008f45  EPWM_setEmulationMode          
0     00008f7a  GPIO_setDirectionMode          
0     00008fae  DMA_configAddresses            
0     00008fe1  C2000Ware_libraries_init       
0     00008fe1  FFR_init                       
0     00008fe2  Interrupt_initVectorTable      
0     00008fff  _nop                           
0     00009000  SYNC_init                      
0     00009031  GPIO_setPinConfig              
0     00009061  __TI_decompress_lzss           
0     0000908f  SysCtl_selectXTAL              
0     000090ba  __TI_auto_init_nobinit_nopinit 
0     000090e5  SysCtl_getLowSpeedClock        
0     00009109  main                           
0     00009149  SysCtl_selectXTALSingleEnded   
0     00009166  memcpy                         
0     00009182  ADC_setOffsetTrimAll           
0     0000919d  Board_init                     
0     000091b6  update_PI                      
0     000091cf  INT_myDMA0_ISR                 
0     000091e7  INTERRUPT_init                 
0     000091fe  GPIO_init                      
0     000091fe  debug_pin_init                 
0     00009215  _c_int00                       
0     0000922c  duty_cycle_saturation          
0     00009242  DMA_init                       
0     00009252  Device_initGPIO                
0     00009262  ASYSCTL_init                   
0     0000926f  __TI_zero_init_nomemset        
0     0000927c  _args_main                     
0     00009288  init_PI                        
0     00009293  __TI_decompress_none           
0     000092a3  reset_PI                       
0     000092ae  __error__                      
0     000092b5  _system_pre_init               
0     000092b7  _system_post_cinit             
1     00000400  __stack                        
1     000007f8  __TI_STACK_END                 
1     0000a966  __TI_enable_exit_profile_output
1     0000a968  __TI_cleanup_ptr               
1     0000a96a  __TI_dtors_ptr                 
1     0000a96c  _lock                          
1     0000a980  fixed_duty_cycle               
1     0000a981  avg                            
1     0000a982  d                              
1     0000a984  fixed_d                        
1     0000a986  ADCC0_results_add              
1     0000a988  ADCC0_Result_base              
1     0000a98a  ADCA0_results_add              
1     0000a98c  ADCA0_Result_base              
1     0000a98e  ADCB0_results_add              
1     0000a990  ADCB0_Result_base              
1     0000a992  Iin_avg                        
1     0000a994  Io_avg                         
1     0000a996  Il_avg                         
1     0000a998  Vo_avg                         
1     0000a99a  Vin_avg                        
1     0000a99c  Vo_error                       
1     0000a99e  Il_error                       
1     0000a9a0  Vo_ref                         
1     0000a9a2  kpv                            
1     0000a9a4  kiv                            
1     0000a9a6  kpi                            
1     0000a9a8  kii                            
1     0000a9aa  Vo_controller                  
1     0000a9b2  Il_controller                  
1     0000c000  ADCA_results                   
1     0000c002  ADCB_results                   
1     0000c004  ADCC_results                   
abs   000003f8  __TI_STACK_SIZE                
abs   ffffffff  __TI_pprof_out_hndl            
abs   ffffffff  __TI_prof_data_size            
abs   ffffffff  __TI_prof_data_start           
n/a   UNDEFED   __c_args__                     

[116 symbols]
