******************************************************************************
             TMS320C2000 Linker PC v22.6.3                     
******************************************************************************
>> Linked Mon May  4 16:39:13 2026

OUTPUT FILE NAME:   <buck_converter_dma_original.out>
ENTRY POINT SYMBOL: "code_start"  address: 00000000


MEMORY CONFIGURATION

         name            origin    length      used     unused   attr    fill
----------------------  --------  ---------  --------  --------  ----  --------
PAGE 0:
  BEGIN                 00000000   00000002  00000002  00000000  RWIX
  RAMM0                 000000f6   0000030a  00000004  00000306  RWIX
  RAMLS0                00008000   00000800  00000630  000001d0  RWIX
  RAMLS3                00009800   00000800  000002f4  0000050c  RWIX
  RAMLS4                0000a000   00000800  00000000  00000800  RWIX
  FLASH_BANK0_SEC0      00080000   00001000  00000000  00001000  RWIX
  FLASH_BANK0_SEC1      00081000   00001000  00000000  00001000  RWIX
  FLASH_BANK0_SEC2      00082000   00001000  00000000  00001000  RWIX
  FLASH_BANK0_SEC3      00083000   00001000  00000000  00001000  RWIX
  FLASH_BANK0_SEC4      00084000   00001000  00000000  00001000  RWIX
  FLASH_BANK0_SEC5      00085000   00001000  00000000  00001000  RWIX
  FLASH_BANK0_SEC6      00086000   00001000  00000000  00001000  RWIX
  FLASH_BANK0_SEC7      00087000   00001000  00000000  00001000  RWIX
  FLASH_BANK0_SEC8      00088000   00001000  00000000  00001000  RWIX
  FLASH_BANK0_SEC9      00089000   00001000  00000000  00001000  RWIX
  FLASH_BANK0_SEC10     0008a000   00001000  00000000  00001000  RWIX
  FLASH_BANK0_SEC11     0008b000   00001000  00000000  00001000  RWIX
  FLASH_BANK0_SEC12     0008c000   00001000  00000000  00001000  RWIX
  FLASH_BANK0_SEC13     0008d000   00001000  00000000  00001000  RWIX
  FLASH_BANK0_SEC14     0008e000   00001000  00000000  00001000  RWIX
  FLASH_BANK0_SEC15     0008f000   00001000  00000000  00001000  RWIX
  FLASH_BANK1_SEC0      00090000   00001000  00000000  00001000  RWIX
  FLASH_BANK1_SEC1      00091000   00001000  00000000  00001000  RWIX
  FLASH_BANK1_SEC2      00092000   00001000  00000000  00001000  RWIX
  FLASH_BANK1_SEC3      00093000   00001000  00000000  00001000  RWIX
  FLASH_BANK1_SEC4      00094000   00001000  00000000  00001000  RWIX
  FLASH_BANK1_SEC5      00095000   00001000  00000000  00001000  RWIX
  FLASH_BANK1_SEC6      00096000   00001000  00000000  00001000  RWIX
  FLASH_BANK1_SEC7      00097000   00001000  00000000  00001000  RWIX
  FLASH_BANK1_SEC8      00098000   00001000  00000000  00001000  RWIX
  FLASH_BANK1_SEC9      00099000   00001000  00000000  00001000  RWIX
  FLASH_BANK1_SEC10     0009a000   00001000  00000000  00001000  RWIX
  FLASH_BANK1_SEC11     0009b000   00001000  00000000  00001000  RWIX
  FLASH_BANK1_SEC12     0009c000   00001000  00000000  00001000  RWIX
  FLASH_BANK1_SEC13     0009d000   00001000  00000000  00001000  RWIX
  FLASH_BANK1_SEC14     0009e000   00001000  00000000  00001000  RWIX
  FLASH_BANK1_SEC15     0009f000   00001000  00000000  00001000  RWIX
  RESET                 003fffc0   00000002  00000000  00000002  RWIX

PAGE 1:
  BOOT_RSVD             00000002   000000f1  00000000  000000f1  RWIX
  RAMM1                 00000400   000003f8  000003f8  00000000  RWIX
  CLA1_MSGRAMLOW        00001480   00000080  00000004  0000007c  RWIX
  CLA1_MSGRAMHIGH       00001500   00000080  00000011  0000006f  RWIX
  RAMLS1                00008800   00000800  00000000  00000800  RWIX
  RAMLS2                00009000   00000800  00000000  00000800  RWIX
  RAMLS5                0000a800   00000800  000000dc  00000724  RWIX
  RAMLS6                0000b000   00000800  00000374  0000048c  RWIX
  RAMLS7                0000b800   00000800  00000000  00000800  RWIX
  RAMGS0                0000c000   00002000  00001773  0000088d  RWIX
  RAMGS1                0000e000   00002000  00000000  00002000  RWIX
  RAMGS2                00010000   00002000  00000000  00002000  RWIX
  RAMGS3                00012000   00001ff8  00000000  00001ff8  RWIX


SECTION ALLOCATION MAP

 output                                  attributes/
section   page    origin      length       input sections
--------  ----  ----------  ----------   ----------------
codestart 
*          0    00000000    00000002     
                  00000000    00000002     f28004x_codestartbranch.obj (codestart)

.TI.ramfunc 
*          0    000000f6    00000004     
                  000000f6    00000004     driverlib_eabi.lib : sysctl.obj (.TI.ramfunc)

.cinit     1    0000a87a    00000062     
                  0000a87a    00000023     (.cinit..data.load) [load image, compression = lzss]
                  0000a89d    00000006     (.cinit.ramgs0.load) [load image, compression = lzss]
                  0000a8a3    00000001     --HOLE-- [fill = 0]
                  0000a8a4    00000006     (__TI_handler_table)
                  0000a8aa    00000005     (.cinit.Cla1ToCpuMsgRAM.load) [load image, compression = lzss]
                  0000a8af    00000005     (.cinit.CpuToCla1MsgRAM.load) [load image, compression = lzss]
                  0000a8b4    00000004     (.cinit..bss.load) [load image, compression = zero_init]
                  0000a8b8    00000004     (.cinit..scratchpad.load) [load image, compression = zero_init]
                  0000a8bc    00000004     (.cinit.Cla1DataRam.load) [load image, compression = zero_init]
                  0000a8c0    0000001c     (__TI_cinit_table)

.reset     0    003fffc0    00000000     DSECT

.stack     1    00000400    000003f8     UNINITIALIZED
                  00000400    000003f8     --HOLE--

.bss       1    0000a800    0000007a     UNINITIALIZED
                  0000a800    00000020     transient_det.obj (.bss:io_buff)
                  0000a820    00000020     transient_det.obj (.bss:tr_buff)
                  0000a840    00000020     transient_det.obj (.bss:vo_buff)
                  0000a860    00000008     main.obj (.bss:Il_controller)
                  0000a868    00000008     main.obj (.bss:Vo_controller)
                  0000a870    00000008     transient_det.obj (.bss)
                  0000a878    00000002     main.obj (.bss)

.init_array 
*          0    000000f6    00000000     UNINITIALIZED

.const     1    0000b000    0000033a     
                  0000b000    0000009a     driverlib_eabi.lib : sysctl.obj (.const:.string)
                  0000b09a    00000098                        : epwm.obj (.const:.string)
                  0000b132    00000098                        : gpio.obj (.const:.string)
                  0000b1ca    00000097                        : dma.obj (.const:.string)
                  0000b261    00000001     --HOLE-- [fill = 0]
                  0000b262    00000089     board.obj (.const:.string)
                  0000b2eb    00000001     --HOLE-- [fill = 0]
                  0000b2ec    0000004e     driverlib_eabi.lib : memcfg.obj (.const:.string)

.data      1    0000b33a    0000003a     UNINITIALIZED
                  0000b33a    00000006     rts2800_fpu32_eabi.lib : exit.c.obj (.data)
                  0000b340    00000030     main.obj (.data)
                  0000b370    00000002     rts2800_fpu32_eabi.lib : _lock.c.obj (.data:_lock)
                  0000b372    00000002     control_functions.obj (.data)

ramgs0     1    0000c000    00000012     UNINITIALIZED
                  0000c000    0000000e     main.obj (ramgs0:uninit)
                  0000c00e    00000004     main.obj (ramgs0:init)

Cla1Prog   0    00008000    00000630     
                  00008000    0000021e     cla_tasks.obj (Cla1Prog:hh1)
                  0000821e    000001d8     cla_tasks.obj (Cla1Prog:hh2)
                  000083f6    000000a6     cla_tasks.obj (Cla1Prog:derivatives)
                  0000849c    00000098     cla_tasks.obj (Cla1Prog:Cla1Task1)
                  00008534    00000072     cla_tasks.obj (Cla1Prog:back_subs)
                  000085a6    00000050     cla_tasks.obj (Cla1Prog:partial_norms)
                  000085f6    0000003a     cla_tasks.obj (Cla1Prog:pivot)

.scratchpad 
*          0    00009af0    00000004     UNINITIALIZED
                  00009af0    00000002     cla_tasks.obj (.scratchpad:Cla1Prog:derivatives)
                  00009af0    00000004     cla_tasks.obj (.scratchpad:Cla1Prog:partial_norms)
                  00009af0    00000002     cla_tasks.obj (.scratchpad:Cla1Prog:back_subs)

Cla1DataRam 
*          0    00009800    000002f0     UNINITIALIZED
                  00009800    000002f0     cla_tasks.obj (Cla1DataRam)

Cla1ToCpuMsgRAM 
*          1    00001480    00000004     UNINITIALIZED
                  00001480    00000004     main.obj (Cla1ToCpuMsgRAM)

CpuToCla1MsgRAM 
*          1    00001500    00000011     UNINITIALIZED
                  00001500    00000010     main.obj (CpuToCla1MsgRAM:uninit)
                  00001510    00000001     main.obj (CpuToCla1MsgRAM:init)

.text      1    0000c012    00001761     
                  0000c012    000003ae     board.obj (.text:EPWM_init)
                  0000c3c0    000000d7     device.obj (.text:Device_enableAllPeripherals)
                  0000c497    000000c5     driverlib_eabi.lib : sysctl.obj (.text:SysCtl_setClock)
                  0000c55c    000000bd                        : sysctl.obj (.text:SysCtl_isPLLValid)
                  0000c619    000000ab     board.obj (.text:MEMCFG_init)
                  0000c6c4    0000009f     transient_det.obj (.text:init_detector)
                  0000c763    0000009d     driverlib_eabi.lib : dma.obj (.text:DMA_configMode)
                  0000c800    00000089     main.obj (.text:average_samples)
                  0000c889    00000077     transient_det.obj (.text:transient_detector)
                  0000c900    00000073     driverlib_eabi.lib : sysctl.obj (.text:DCC_setCounterSeeds)
                  0000c973    00000073     device.obj (.text:Device_init)
                  0000c9e6    00000072     driverlib_eabi.lib : memcfg.obj (.text:MemCfg_setProtection)
                  0000ca58    0000006b     board.obj (.text:myADC1_init)
                  0000cac3    00000069     main.obj (.text:samples_to_cla)
                  0000cb2c    00000064     main.obj (.text:INT_ControlPWM_ISR)
                  0000cb90    0000005f     board.obj (.text:PinMux_init)
                  0000cbef    0000005f     main.obj (.text:cla1Isr1)
                  0000cc4e    0000005e     driverlib_eabi.lib : sysctl.obj (.text:SysCtl_getClock)
                  0000ccac    00000058     board.obj (.text:EPWM_setActionQualifierAction)
                  0000cd04    00000054     board.obj (.text:myADC0_init)
                  0000cd58    00000054     board.obj (.text:myADC2_init)
                  0000cdac    00000052     driverlib_eabi.lib : gpio.obj (.text:GPIO_setPadConfig)
                  0000cdfe    00000049                        : sysctl.obj (.text:SysCtl_selectOscSource)
                  0000ce47    00000048     board.obj (.text:myDMA1_init)
                  0000ce8f    00000047     board.obj (.text:myDMA0_init)
                  0000ced6    00000047     board.obj (.text:myDMA2_init)
                  0000cf1d    0000003d     driverlib_eabi.lib : interrupt.obj (.text:Interrupt_initModule)
                  0000cf5a    0000003a                        : gpio.obj (.text:GPIO_setAnalogMode)
                  0000cf94    00000038     main.obj (.text:duty_cycle_calculation)
                  0000cfcc    00000037     driverlib_eabi.lib : gpio.obj (.text:GPIO_setControllerCore)
                  0000d003    00000037                        : gpio.obj (.text:GPIO_setPinConfig)
                  0000d03a    00000037                        : gpio.obj (.text:GPIO_setQualificationMode)
                  0000d071    00000037                        : interrupt.obj (.text:Interrupt_enable)
                  0000d0a8    00000037                        : memcfg.obj (.text:MemCfg_setLSRAMControllerSel)
                  0000d0df    00000034                        : gpio.obj (.text:GPIO_setInterruptPin)
                  0000d113    00000034     main.obj (.text:main)
                  0000d147    00000033     driverlib_eabi.lib : dma.obj (.text:DMA_configWrap)
                  0000d17a    00000031                        : gpio.obj (.text:GPIO_setDirectionMode)
                  0000d1ab    00000031     board.obj (.text:SYNC_init)
                  0000d1dc    0000002e     main.obj (.text:INT_transient_det_pin_XINT_ISR)
                  0000d20a    0000002e     rts2800_fpu32_eabi.lib : copy_decompress_lzss.c.obj (.text:decompress:lzss)
                  0000d238    0000002b     driverlib_eabi.lib : epwm.obj (.text:EPWM_isBaseValid)
                  0000d263    0000002b     rts2800_fpu32_eabi.lib : autoinit.c.obj (.text:__TI_auto_init_nobinit_nopinit)
                  0000d28e    00000029     driverlib_eabi.lib : dma.obj (.text:DMA_configTransfer)
                  0000d2b7    00000029     rts2800_fpu32_eabi.lib : exit.c.obj (.text)
                  0000d2e0    00000028     driverlib_eabi.lib : adc.obj (.text:ADC_setOffsetTrimAll)
                  0000d308    00000026                        : cla.obj (.text:CLA_setTriggerSource)
                  0000d32e    00000025     board.obj (.text:Board_init)
                  0000d353    00000025     driverlib_eabi.lib : dma.obj (.text:DMA_configAddresses)
                  0000d378    00000024                        : sysctl.obj (.text:DCC_enableSingleShotMode)
                  0000d39c    00000024                        : dma.obj (.text:DMA_configBurst)
                  0000d3c0    00000024                        : sysctl.obj (.text:SysCtl_selectXTAL)
                  0000d3e4    00000023                        : dma.obj (.text:DMA_isBaseValid)
                  0000d407    00000023                        : sysctl.obj (.text:SysCtl_pollX1Counter)
                  0000d42a    00000022     board.obj (.text:INTERRUPT_init)
                  0000d44c    00000020     driverlib_eabi.lib : gpio.obj (.text:XBAR_setInputPin)
                  0000d46c    0000001e                        : sysctl.obj (.text:DCC_setCounter1ClkSource)
                  0000d48a    0000001e                        : interrupt.obj (.text:Interrupt_initVectorTable)
                  0000d4a8    0000001c                        : sysctl.obj (.text:DCC_setCounter0ClkSource)
                  0000d4c4    0000001c     rts2800_fpu32_eabi.lib : memcpy.c.obj (.text)
                  0000d4e0    0000001a     driverlib_eabi.lib : sysctl.obj (.text:SysCtl_getLowSpeedClock)
                  0000d4fa    0000001a                        : sysctl.obj (.text:SysCtl_selectXTALSingleEnded)
                  0000d514    00000019     control_functions.obj (.text:update_PI)
                  0000d52d    00000018     board.obj (.text:myCLA0_init)
                  0000d545    00000018     board.obj (.text:transient_det_pin_init)
                  0000d55d    00000017     driverlib_eabi.lib : sysctl.obj (.text:SysCtl_enablePeripheral)
                  0000d574    00000017     board.obj (.text:debug_pin_init)
                  0000d58b    00000017     rts2800_fpu32_eabi.lib : boot28.asm.obj (.text)
                  0000d5a2    00000016     driverlib_eabi.lib : sysctl.obj (.text:DCC_disableDoneSignal)
                  0000d5b8    00000016                        : sysctl.obj (.text:DCC_enableDoneSignal)
                  0000d5ce    00000016                        : epwm.obj (.text:EPWM_setEmulationMode)
                  0000d5e4    00000016     control_functions.obj (.text:duty_cycle_saturation)
                  0000d5fa    00000015     driverlib_eabi.lib : sysctl.obj (.text:DCC_clearDoneFlag)
                  0000d60f    00000015                        : sysctl.obj (.text:DCC_clearErrorFlag)
                  0000d624    00000015                        : sysctl.obj (.text:DCC_disableErrorSignal)
                  0000d639    00000015                        : sysctl.obj (.text:DCC_enableErrorSignal)
                  0000d64e    00000014                        : sysctl.obj (.text:DCC_disableModule)
                  0000d662    00000014                        : sysctl.obj (.text:DCC_enableModule)
                  0000d676    00000014                        : gpio.obj (.text:GPIO_isPinValid)
                  0000d68a    00000011     board.obj (.text:transient_det_pin_XINT_init)
                  0000d69b    00000010     driverlib_eabi.lib : sysctl.obj (.text:DCC_isBaseValid)
                  0000d6ab    00000010     board.obj (.text:DMA_init)
                  0000d6bb    00000010     device.obj (.text:Device_initGPIO)
                  0000d6cb    00000010     control_functions.obj (.text:set_duty_cycle)
                  0000d6db    0000000e     driverlib_eabi.lib : interrupt.obj (.text:Interrupt_defaultHandler)
                  0000d6e9    0000000d     board.obj (.text:ASYSCTL_init)
                  0000d6f6    0000000d     driverlib_eabi.lib : interrupt.obj (.text:Interrupt_disableGlobal)
                  0000d703    0000000d                        : interrupt.obj (.text:Interrupt_enableGlobal)
                  0000d710    0000000d     rts2800_fpu32_eabi.lib : copy_zero_init.c.obj (.text:decompress:ZI:__TI_zero_init_nomemset)
                  0000d71d    0000000c                            : args_main.c.obj (.text)
                  0000d729    0000000b     driverlib_eabi.lib : sysctl.obj (.text:SysCtl_isMCDClockFailureDetected)
                  0000d734    0000000b     control_functions.obj (.text:init_PI)
                  0000d73f    00000008     rts2800_fpu32_eabi.lib : copy_decompress_none.c.obj (.text:decompress:none)
                  0000d747    00000007     driverlib_eabi.lib : sysctl.obj (.text:SysCtl_resetMCD)
                  0000d74e    00000007     control_functions.obj (.text:reset_PI)
                  0000d755    00000006     board.obj (.text:myINPUTXBARINPUT0_init)
                  0000d75b    00000006     board.obj (.text:myINPUTXBARINPUT1_init)
                  0000d761    00000006     board.obj (.text:myINPUTXBARINPUT2_init)
                  0000d767    00000003     device.obj (.text:__error__)
                  0000d76a    00000002     driverlib_eabi.lib : interrupt.obj (.text:Interrupt_illegalOperationHandler)
                  0000d76c    00000002                        : interrupt.obj (.text:Interrupt_nmiHandler)
                  0000d76e    00000002     rts2800_fpu32_eabi.lib : pre_init.c.obj (.text)
                  0000d770    00000001     c2000ware_libraries.obj (.text:FFR_init)
                  0000d771    00000001     rts2800_fpu32_eabi.lib : _lock.c.obj (.text)
                  0000d772    00000001                            : startup.c.obj (.text)

MODULE SUMMARY

       Module                        code   ro data   rw data
       ------                        ----   -------   -------
    .\
       cla_tasks.obj                 1584   0         760    
       main.obj                      591    0         105    
       transient_det.obj             278    0         104    
       control_functions.obj         81     0         2      
    +--+-----------------------------+------+---------+---------+
       Total:                        2534   0         971    
                                                             
    .\device\
       device.obj                    349    0         0      
       f28004x_codestartbranch.obj   2      0         0      
    +--+-----------------------------+------+---------+---------+
       Total:                        351    0         0      
                                                             
    .\syscfg\
       board.obj                     2040   137       0      
       c2000ware_libraries.obj       1      0         0      
    +--+-----------------------------+------+---------+---------+
       Total:                        2041   137       0      
                                                             
    C:/ti/ccs2040/ccs/tools/compiler/ti-cgt-c2000_22.6.3.LTS/lib/rts2800_fpu32_eabi.lib
       exit.c.obj                    41     0         6      
       copy_decompress_lzss.c.obj    46     0         0      
       autoinit.c.obj                43     0         0      
       memcpy.c.obj                  28     0         0      
       boot28.asm.obj                23     0         0      
       copy_zero_init.c.obj          13     0         0      
       args_main.c.obj               12     0         0      
       copy_decompress_none.c.obj    8      0         0      
       _lock.c.obj                   1      0         2      
       pre_init.c.obj                2      0         0      
       startup.c.obj                 1      0         0      
    +--+-----------------------------+------+---------+---------+
       Total:                        218    0         8      
                                                             
    C:\ti\c2000\C2000Ware_4_03_00_00\driverlib\f28004x\driverlib\ccs\Debug\driverlib_eabi.lib
       sysctl.obj                    1114   154       0      
       gpio.obj                      458    152       0      
       dma.obj                       357    151       0      
       memcfg.obj                    169    78        0      
       epwm.obj                      65     152       0      
       interrupt.obj                 190    0         0      
       adc.obj                       40     0         0      
       cla.obj                       38     0         0      
    +--+-----------------------------+------+---------+---------+
       Total:                        2431   687       0      
                                                             
       Stack:                        0      0         1016   
       Linker Generated:             0      97        0      
    +--+-----------------------------+------+---------+---------+
       Grand Total:                  7575   921       1995   


LINKER GENERATED COPY TABLES

__TI_cinit_table @ 0000a8c0 records: 7, size/record: 4, table size: 28
	.data: load addr=0000a87a, load size=00000023 bytes, run addr=0000b33a, run size=0000003a bytes, compression=lzss
	ramgs0: load addr=0000a89d, load size=00000006 bytes, run addr=0000c000, run size=00000012 bytes, compression=lzss
	Cla1ToCpuMsgRAM: load addr=0000a8aa, load size=00000005 bytes, run addr=00001480, run size=00000004 bytes, compression=lzss
	CpuToCla1MsgRAM: load addr=0000a8af, load size=00000005 bytes, run addr=00001500, run size=00000011 bytes, compression=lzss
	.bss: load addr=0000a8b4, load size=00000004 bytes, run addr=0000a800, run size=0000007a bytes, compression=zero_init
	.scratchpad: load addr=0000a8b8, load size=00000004 bytes, run addr=00009af0, run size=00000004 bytes, compression=zero_init
	Cla1DataRam: load addr=0000a8bc, load size=00000004 bytes, run addr=00009800, run size=000002f0 bytes, compression=zero_init


LINKER GENERATED HANDLER TABLE

__TI_handler_table @ 0000a8a4 records: 3, size/record: 2, table size: 6
	index: 0, handler: __TI_zero_init
	index: 1, handler: __TI_decompress_lzss
	index: 2, handler: __TI_decompress_none


GLOBAL DATA SYMBOLS: SORTED BY DATA PAGE

address     data page           name
--------    ----------------    ----
00000400      10 (00000400)     __stack

00001480      52 (00001480)     R_out
00001482      52 (00001480)     L_out

00001500      54 (00001500)     vo_sample_test
00001508      54 (00001500)     io_sample_test
00001510      54 (00001500)     s_count

00009800     260 (00009800)     i
00009802     260 (00009800)     vo_smpl_cla

00009892     262 (00009880)     io_smpl_cla

00009922     264 (00009900)     dio_smpl_cla

000099b2     266 (00009980)     v_h

00009a42     269 (00009a40)     v2

00009ad2     26b (00009ac0)     n1_partial
00009ad4     26b (00009ac0)     n2_partial
00009ad6     26b (00009ac0)     piv0
00009ad7     26b (00009ac0)     piv1
00009ad8     26b (00009ac0)     col0
00009ad9     26b (00009ac0)     col1
00009ada     26b (00009ac0)     alpha
00009adc     26b (00009ac0)     beta
00009ade     26b (00009ac0)     vv
00009ae0     26b (00009ac0)     dot
00009ae2     26b (00009ac0)     dot1
00009ae4     26b (00009ac0)     alpha2
00009ae6     26b (00009ac0)     beta2
00009ae8     26b (00009ac0)     v2v2
00009aea     26b (00009ac0)     dot2
00009aec     26b (00009ac0)     sol

0000a800     2a0 (0000a800)     io_buff
0000a820     2a0 (0000a800)     tr_buff

0000a840     2a1 (0000a840)     vo_buff
0000a860     2a1 (0000a840)     Il_controller
0000a868     2a1 (0000a840)     Vo_controller
0000a870     2a1 (0000a840)     head
0000a872     2a1 (0000a840)     vo_sum
0000a874     2a1 (0000a840)     io_sum
0000a876     2a1 (0000a840)     tr_sum
0000a878     2a1 (0000a840)     transient_det_res
0000a879     2a1 (0000a840)     k

0000b33a     2cc (0000b300)     __TI_enable_exit_profile_output
0000b33c     2cc (0000b300)     __TI_cleanup_ptr
0000b33e     2cc (0000b300)     __TI_dtors_ptr

0000b340     2cd (0000b340)     fixed_duty_cycle
0000b342     2cd (0000b340)     ADCA0_results_add
0000b344     2cd (0000b340)     ADCA0_Result_base
0000b346     2cd (0000b340)     ADCB0_results_add
0000b348     2cd (0000b340)     ADCB0_Result_base
0000b34a     2cd (0000b340)     ADCC0_results_add
0000b34c     2cd (0000b340)     ADCC0_Result_base
0000b34e     2cd (0000b340)     d
0000b350     2cd (0000b340)     fixed_d
0000b352     2cd (0000b340)     Iin_avg
0000b354     2cd (0000b340)     Io_avg
0000b356     2cd (0000b340)     Il_avg
0000b358     2cd (0000b340)     Vo_avg
0000b35a     2cd (0000b340)     Vin_avg
0000b35c     2cd (0000b340)     Vo_error
0000b35e     2cd (0000b340)     Il_error
0000b360     2cd (0000b340)     Vo_ref
0000b362     2cd (0000b340)     kpv
0000b364     2cd (0000b340)     kiv
0000b366     2cd (0000b340)     kpi
0000b368     2cd (0000b340)     kii
0000b36a     2cd (0000b340)     get_clk
0000b36c     2cd (0000b340)     get_ls_clk
0000b36e     2cd (0000b340)     alg_time
0000b370     2cd (0000b340)     _lock

0000c000     300 (0000c000)     ADCA_results
0000c002     300 (0000c000)     ADCB_results
0000c006     300 (0000c000)     ADCC_results
0000c00e     300 (0000c000)     R_err
0000c010     300 (0000c000)     L_err


GLOBAL SYMBOLS: SORTED ALPHABETICALLY BY Name 

page  address   name                           
----  -------   ----                           
1     0000b344  ADCA0_Result_base              
1     0000b342  ADCA0_results_add              
1     0000c000  ADCA_results                   
1     0000b348  ADCB0_Result_base              
1     0000b346  ADCB0_results_add              
1     0000c002  ADCB_results                   
1     0000b34c  ADCC0_Result_base              
1     0000b34a  ADCC0_results_add              
1     0000c006  ADCC_results                   
1     0000d2e0  ADC_setOffsetTrimAll           
1     0000d6e9  ASYSCTL_init                   
1     0000d32e  Board_init                     
1     0000d2b7  C$$EXIT                        
1     0000d770  C2000Ware_libraries_init       
1     0000d52d  CLA_init                       
1     0000d308  CLA_setTriggerSource           
0     0000849c  Cla1Task1                      
1     0000d353  DMA_configAddresses            
1     0000d39c  DMA_configBurst                
1     0000c763  DMA_configMode                 
1     0000d28e  DMA_configTransfer             
1     0000d147  DMA_configWrap                 
1     0000d6ab  DMA_init                       
1     0000c3c0  Device_enableAllPeripherals    
1     0000c973  Device_init                    
1     0000d6bb  Device_initGPIO                
1     0000c012  EPWM_init                      
1     0000d5ce  EPWM_setEmulationMode          
1     0000d770  FFR_init                       
1     0000cf5a  GPIO_setAnalogMode             
1     0000cfcc  GPIO_setControllerCore         
1     0000d17a  GPIO_setDirectionMode          
1     0000d0df  GPIO_setInterruptPin           
1     0000cdac  GPIO_setPadConfig              
1     0000d003  GPIO_setPinConfig              
1     0000d03a  GPIO_setQualificationMode      
1     0000d42a  INTERRUPT_init                 
1     0000cb2c  INT_ControlPWM_ISR             
1     0000d1dc  INT_transient_det_pin_XINT_ISR 
1     0000b352  Iin_avg                        
1     0000b356  Il_avg                         
1     0000a860  Il_controller                  
1     0000b35e  Il_error                       
1     0000d071  Interrupt_enable               
1     0000cf1d  Interrupt_initModule           
1     0000d48a  Interrupt_initVectorTable      
1     0000b354  Io_avg                         
1     0000c010  L_err                          
1     00001482  L_out                          
1     0000c619  MEMCFG_init                    
1     0000d0a8  MemCfg_setLSRAMControllerSel   
1     0000c9e6  MemCfg_setProtection           
1     0000cb90  PinMux_init                    
1     0000c00e  R_err                          
1     00001480  R_out                          
1     0000d1ab  SYNC_init                      
0     000000f6  SysCtl_delay                   
1     0000cc4e  SysCtl_getClock                
1     0000d4e0  SysCtl_getLowSpeedClock        
1     0000c55c  SysCtl_isPLLValid              
1     0000cdfe  SysCtl_selectOscSource         
1     0000d3c0  SysCtl_selectXTAL              
1     0000d4fa  SysCtl_selectXTALSingleEnded   
1     0000c497  SysCtl_setClock                
1     0000b35a  Vin_avg                        
1     0000b358  Vo_avg                         
1     0000a868  Vo_controller                  
1     0000b35c  Vo_error                       
1     0000b360  Vo_ref                         
1     0000d68a  XINT_init                      
1     0000a8c0  __TI_CINIT_Base                
1     0000a8dc  __TI_CINIT_Limit               
1     0000a8dc  __TI_CINIT_Warm                
1     0000a8a4  __TI_Handler_Table_Base        
1     0000a8aa  __TI_Handler_Table_Limit       
1     000007f8  __TI_STACK_END                 
abs   000003f8  __TI_STACK_SIZE                
1     0000d263  __TI_auto_init_nobinit_nopinit 
1     0000b33c  __TI_cleanup_ptr               
1     0000d20a  __TI_decompress_lzss           
1     0000d73f  __TI_decompress_none           
1     0000b33e  __TI_dtors_ptr                 
1     0000b33a  __TI_enable_exit_profile_output
abs   ffffffff  __TI_pprof_out_hndl            
abs   ffffffff  __TI_prof_data_size            
abs   ffffffff  __TI_prof_data_start           
1     0000d710  __TI_zero_init_nomemset        
n/a   UNDEFED   __c_args__                     
1     0000d767  __error__                      
1     00000400  __stack                        
1     0000d71d  _args_main                     
1     0000d58b  _c_int00                       
1     0000b370  _lock                          
1     0000d771  _nop                           
1     0000d772  _system_post_cinit             
1     0000d76e  _system_pre_init               
1     0000d2b7  abort                          
1     0000b36e  alg_time                       
0     00009ada  alpha                          
0     00009ae4  alpha2                         
1     0000c800  average_samples                
0     00008534  back_subs                      
0     00009adc  beta                           
0     00009ae6  beta2                          
1     0000cbef  cla1Isr1                       
0     00000000  code_start                     
0     00009ad8  col0                           
0     00009ad9  col1                           
1     0000b34e  d                              
1     0000d574  debug_pin_init                 
0     000083f6  derivatives                    
0     00009922  dio_smpl_cla                   
0     00009ae0  dot                            
0     00009ae2  dot1                           
0     00009aea  dot2                           
1     0000cf94  duty_cycle_calculation         
1     0000d5e4  duty_cycle_saturation          
1     0000d2b9  exit                           
1     0000b350  fixed_d                        
1     0000b340  fixed_duty_cycle               
1     0000b36a  get_clk                        
1     0000b36c  get_ls_clk                     
1     0000a870  head                           
0     00008000  hh1                            
0     0000821e  hh2                            
0     00009800  i                              
1     0000d734  init_PI                        
1     0000c6c4  init_detector                  
1     0000a800  io_buff                        
1     00001508  io_sample_test                 
0     00009892  io_smpl_cla                    
1     0000a874  io_sum                         
1     0000a879  k                              
1     0000b368  kii                            
1     0000b364  kiv                            
1     0000b366  kpi                            
1     0000b362  kpv                            
1     0000d113  main                           
1     0000d4c4  memcpy                         
1     0000cd04  myADC0_init                    
1     0000ca58  myADC1_init                    
1     0000cd58  myADC2_init                    
1     0000d52d  myCLA0_init                    
1     0000ce8f  myDMA0_init                    
1     0000ce47  myDMA1_init                    
1     0000ced6  myDMA2_init                    
1     0000d755  myINPUTXBARINPUT0_init         
1     0000d75b  myINPUTXBARINPUT1_init         
1     0000d761  myINPUTXBARINPUT2_init         
0     00009ad2  n1_partial                     
0     00009ad4  n2_partial                     
0     000085a6  partial_norms                  
0     00009ad6  piv0                           
0     00009ad7  piv1                           
0     000085f6  pivot                          
1     0000d74e  reset_PI                       
1     00001510  s_count                        
1     0000cac3  samples_to_cla                 
1     0000d6cb  set_duty_cycle                 
0     00009aec  sol                            
1     0000a820  tr_buff                        
1     0000a876  tr_sum                         
1     0000d68a  transient_det_pin_XINT_init    
1     0000d545  transient_det_pin_init         
1     0000a878  transient_det_res              
1     0000c889  transient_detector             
1     0000d514  update_PI                      
0     00009a42  v2                             
0     00009ae8  v2v2                           
0     000099b2  v_h                            
1     0000a840  vo_buff                        
1     00001500  vo_sample_test                 
0     00009802  vo_smpl_cla                    
1     0000a872  vo_sum                         
0     00009ade  vv                             


GLOBAL SYMBOLS: SORTED BY Symbol Address 

page  address   name                           
----  -------   ----                           
0     00000000  code_start                     
0     000000f6  SysCtl_delay                   
0     00008000  hh1                            
0     0000821e  hh2                            
0     000083f6  derivatives                    
0     0000849c  Cla1Task1                      
0     00008534  back_subs                      
0     000085a6  partial_norms                  
0     000085f6  pivot                          
0     00009800  i                              
0     00009802  vo_smpl_cla                    
0     00009892  io_smpl_cla                    
0     00009922  dio_smpl_cla                   
0     000099b2  v_h                            
0     00009a42  v2                             
0     00009ad2  n1_partial                     
0     00009ad4  n2_partial                     
0     00009ad6  piv0                           
0     00009ad7  piv1                           
0     00009ad8  col0                           
0     00009ad9  col1                           
0     00009ada  alpha                          
0     00009adc  beta                           
0     00009ade  vv                             
0     00009ae0  dot                            
0     00009ae2  dot1                           
0     00009ae4  alpha2                         
0     00009ae6  beta2                          
0     00009ae8  v2v2                           
0     00009aea  dot2                           
0     00009aec  sol                            
1     00000400  __stack                        
1     000007f8  __TI_STACK_END                 
1     00001480  R_out                          
1     00001482  L_out                          
1     00001500  vo_sample_test                 
1     00001508  io_sample_test                 
1     00001510  s_count                        
1     0000a800  io_buff                        
1     0000a820  tr_buff                        
1     0000a840  vo_buff                        
1     0000a860  Il_controller                  
1     0000a868  Vo_controller                  
1     0000a870  head                           
1     0000a872  vo_sum                         
1     0000a874  io_sum                         
1     0000a876  tr_sum                         
1     0000a878  transient_det_res              
1     0000a879  k                              
1     0000a8a4  __TI_Handler_Table_Base        
1     0000a8aa  __TI_Handler_Table_Limit       
1     0000a8c0  __TI_CINIT_Base                
1     0000a8dc  __TI_CINIT_Limit               
1     0000a8dc  __TI_CINIT_Warm                
1     0000b33a  __TI_enable_exit_profile_output
1     0000b33c  __TI_cleanup_ptr               
1     0000b33e  __TI_dtors_ptr                 
1     0000b340  fixed_duty_cycle               
1     0000b342  ADCA0_results_add              
1     0000b344  ADCA0_Result_base              
1     0000b346  ADCB0_results_add              
1     0000b348  ADCB0_Result_base              
1     0000b34a  ADCC0_results_add              
1     0000b34c  ADCC0_Result_base              
1     0000b34e  d                              
1     0000b350  fixed_d                        
1     0000b352  Iin_avg                        
1     0000b354  Io_avg                         
1     0000b356  Il_avg                         
1     0000b358  Vo_avg                         
1     0000b35a  Vin_avg                        
1     0000b35c  Vo_error                       
1     0000b35e  Il_error                       
1     0000b360  Vo_ref                         
1     0000b362  kpv                            
1     0000b364  kiv                            
1     0000b366  kpi                            
1     0000b368  kii                            
1     0000b36a  get_clk                        
1     0000b36c  get_ls_clk                     
1     0000b36e  alg_time                       
1     0000b370  _lock                          
1     0000c000  ADCA_results                   
1     0000c002  ADCB_results                   
1     0000c006  ADCC_results                   
1     0000c00e  R_err                          
1     0000c010  L_err                          
1     0000c012  EPWM_init                      
1     0000c3c0  Device_enableAllPeripherals    
1     0000c497  SysCtl_setClock                
1     0000c55c  SysCtl_isPLLValid              
1     0000c619  MEMCFG_init                    
1     0000c6c4  init_detector                  
1     0000c763  DMA_configMode                 
1     0000c800  average_samples                
1     0000c889  transient_detector             
1     0000c973  Device_init                    
1     0000c9e6  MemCfg_setProtection           
1     0000ca58  myADC1_init                    
1     0000cac3  samples_to_cla                 
1     0000cb2c  INT_ControlPWM_ISR             
1     0000cb90  PinMux_init                    
1     0000cbef  cla1Isr1                       
1     0000cc4e  SysCtl_getClock                
1     0000cd04  myADC0_init                    
1     0000cd58  myADC2_init                    
1     0000cdac  GPIO_setPadConfig              
1     0000cdfe  SysCtl_selectOscSource         
1     0000ce47  myDMA1_init                    
1     0000ce8f  myDMA0_init                    
1     0000ced6  myDMA2_init                    
1     0000cf1d  Interrupt_initModule           
1     0000cf5a  GPIO_setAnalogMode             
1     0000cf94  duty_cycle_calculation         
1     0000cfcc  GPIO_setControllerCore         
1     0000d003  GPIO_setPinConfig              
1     0000d03a  GPIO_setQualificationMode      
1     0000d071  Interrupt_enable               
1     0000d0a8  MemCfg_setLSRAMControllerSel   
1     0000d0df  GPIO_setInterruptPin           
1     0000d113  main                           
1     0000d147  DMA_configWrap                 
1     0000d17a  GPIO_setDirectionMode          
1     0000d1ab  SYNC_init                      
1     0000d1dc  INT_transient_det_pin_XINT_ISR 
1     0000d20a  __TI_decompress_lzss           
1     0000d263  __TI_auto_init_nobinit_nopinit 
1     0000d28e  DMA_configTransfer             
1     0000d2b7  C$$EXIT                        
1     0000d2b7  abort                          
1     0000d2b9  exit                           
1     0000d2e0  ADC_setOffsetTrimAll           
1     0000d308  CLA_setTriggerSource           
1     0000d32e  Board_init                     
1     0000d353  DMA_configAddresses            
1     0000d39c  DMA_configBurst                
1     0000d3c0  SysCtl_selectXTAL              
1     0000d42a  INTERRUPT_init                 
1     0000d48a  Interrupt_initVectorTable      
1     0000d4c4  memcpy                         
1     0000d4e0  SysCtl_getLowSpeedClock        
1     0000d4fa  SysCtl_selectXTALSingleEnded   
1     0000d514  update_PI                      
1     0000d52d  CLA_init                       
1     0000d52d  myCLA0_init                    
1     0000d545  transient_det_pin_init         
1     0000d574  debug_pin_init                 
1     0000d58b  _c_int00                       
1     0000d5ce  EPWM_setEmulationMode          
1     0000d5e4  duty_cycle_saturation          
1     0000d68a  XINT_init                      
1     0000d68a  transient_det_pin_XINT_init    
1     0000d6ab  DMA_init                       
1     0000d6bb  Device_initGPIO                
1     0000d6cb  set_duty_cycle                 
1     0000d6e9  ASYSCTL_init                   
1     0000d710  __TI_zero_init_nomemset        
1     0000d71d  _args_main                     
1     0000d734  init_PI                        
1     0000d73f  __TI_decompress_none           
1     0000d74e  reset_PI                       
1     0000d755  myINPUTXBARINPUT0_init         
1     0000d75b  myINPUTXBARINPUT1_init         
1     0000d761  myINPUTXBARINPUT2_init         
1     0000d767  __error__                      
1     0000d76e  _system_pre_init               
1     0000d770  C2000Ware_libraries_init       
1     0000d770  FFR_init                       
1     0000d771  _nop                           
1     0000d772  _system_post_cinit             
abs   000003f8  __TI_STACK_SIZE                
abs   ffffffff  __TI_pprof_out_hndl            
abs   ffffffff  __TI_prof_data_size            
abs   ffffffff  __TI_prof_data_start           
n/a   UNDEFED   __c_args__                     

[175 symbols]
