******************************************************************************
             TMS320C2000 Linker PC v22.6.3                     
******************************************************************************
>> Linked Wed May 20 10:19:05 2026

OUTPUT FILE NAME:   <buck_converter_dma_original.out>
ENTRY POINT SYMBOL: "code_start"  address: 00000000


MEMORY CONFIGURATION

         name            origin    length      used     unused   attr    fill
----------------------  --------  ---------  --------  --------  ----  --------
PAGE 0:
  BEGIN                 00000000   00000002  00000002  00000000  RWIX
  RAMM0                 000000f6   0000030a  00000004  00000306  RWIX
  RAMLS0                00008000   00000800  00000686  0000017a  RWIX
  RAMLS3                00009800   00000800  000002f2  0000050e  RWIX
  RAMLS4                0000a000   00000800  00000000  00000800  RWIX
  FLASH_BANK0_SEC0      00080000   00001000  00000000  00001000  RWIX
  FLASH_BANK0_SEC1      00081000   00001000  00000000  00001000  RWIX
  FLASH_BANK0_SEC2      00082000   00001000  00000000  00001000  RWIX
  FLASH_BANK0_SEC3      00083000   00001000  00000000  00001000  RWIX
  FLASH_BANK0_SEC4      00084000   00001000  00000000  00001000  RWIX
  FLASH_BANK0_SEC5      00085000   00001000  00000000  00001000  RWIX
  FLASH_BANK0_SEC6      00086000   00001000  00000000  00001000  RWIX
  FLASH_BANK0_SEC7      00087000   00001000  00000000  00001000  RWIX
  FLASH_BANK0_SEC8      00088000   00001000  00000000  00001000  RWIX
  FLASH_BANK0_SEC9      00089000   00001000  00000000  00001000  RWIX
  FLASH_BANK0_SEC10     0008a000   00001000  00000000  00001000  RWIX
  FLASH_BANK0_SEC11     0008b000   00001000  00000000  00001000  RWIX
  FLASH_BANK0_SEC12     0008c000   00001000  00000000  00001000  RWIX
  FLASH_BANK0_SEC13     0008d000   00001000  00000000  00001000  RWIX
  FLASH_BANK0_SEC14     0008e000   00001000  00000000  00001000  RWIX
  FLASH_BANK0_SEC15     0008f000   00001000  00000000  00001000  RWIX
  FLASH_BANK1_SEC0      00090000   00001000  00000000  00001000  RWIX
  FLASH_BANK1_SEC1      00091000   00001000  00000000  00001000  RWIX
  FLASH_BANK1_SEC2      00092000   00001000  00000000  00001000  RWIX
  FLASH_BANK1_SEC3      00093000   00001000  00000000  00001000  RWIX
  FLASH_BANK1_SEC4      00094000   00001000  00000000  00001000  RWIX
  FLASH_BANK1_SEC5      00095000   00001000  00000000  00001000  RWIX
  FLASH_BANK1_SEC6      00096000   00001000  00000000  00001000  RWIX
  FLASH_BANK1_SEC7      00097000   00001000  00000000  00001000  RWIX
  FLASH_BANK1_SEC8      00098000   00001000  00000000  00001000  RWIX
  FLASH_BANK1_SEC9      00099000   00001000  00000000  00001000  RWIX
  FLASH_BANK1_SEC10     0009a000   00001000  00000000  00001000  RWIX
  FLASH_BANK1_SEC11     0009b000   00001000  00000000  00001000  RWIX
  FLASH_BANK1_SEC12     0009c000   00001000  00000000  00001000  RWIX
  FLASH_BANK1_SEC13     0009d000   00001000  00000000  00001000  RWIX
  FLASH_BANK1_SEC14     0009e000   00001000  00000000  00001000  RWIX
  FLASH_BANK1_SEC15     0009f000   00001000  00000000  00001000  RWIX
  RESET                 003fffc0   00000002  00000000  00000002  RWIX

PAGE 1:
  BOOT_RSVD             00000002   000000f1  00000000  000000f1  RWIX
  RAMM1                 00000400   000003f8  000003f8  00000000  RWIX
  CLA1_MSGRAMLOW        00001480   00000080  00000004  0000007c  RWIX
  CLA1_MSGRAMHIGH       00001500   00000080  00000011  0000006f  RWIX
  RAMLS1                00008800   00000800  00000000  00000800  RWIX
  RAMLS2                00009000   00000800  00000000  00000800  RWIX
  RAMLS5                0000a800   00000800  000000dc  00000724  RWIX
  RAMLS6                0000b000   00000800  00000432  000003ce  RWIX
  RAMLS7                0000b800   00000800  00000000  00000800  RWIX
  RAMGS0                0000c000   00002000  0000197f  00000681  RWIX
  RAMGS1                0000e000   00002000  00000000  00002000  RWIX
  RAMGS2                00010000   00002000  00000000  00002000  RWIX
  RAMGS3                00012000   00001ff8  00000000  00001ff8  RWIX


SECTION ALLOCATION MAP

 output                                  attributes/
section   page    origin      length       input sections
--------  ----  ----------  ----------   ----------------
codestart 
*          0    00000000    00000002     
                  00000000    00000002     f28004x_codestartbranch.obj (codestart)

.TI.ramfunc 
*          0    000000f6    00000004     
                  000000f6    00000004     driverlib_eabi.lib : sysctl.obj (.TI.ramfunc)

.cinit     1    0000a87a    00000062     
                  0000a87a    00000024     (.cinit..data.load) [load image, compression = lzss]
                  0000a89e    00000006     (.cinit.ramgs0.load) [load image, compression = lzss]
                  0000a8a4    00000006     (__TI_handler_table)
                  0000a8aa    00000005     (.cinit.Cla1ToCpuMsgRAM.load) [load image, compression = lzss]
                  0000a8af    00000005     (.cinit.CpuToCla1MsgRAM.load) [load image, compression = lzss]
                  0000a8b4    00000004     (.cinit..bss.load) [load image, compression = zero_init]
                  0000a8b8    00000004     (.cinit..scratchpad.load) [load image, compression = zero_init]
                  0000a8bc    00000004     (.cinit.Cla1DataRam.load) [load image, compression = zero_init]
                  0000a8c0    0000001c     (__TI_cinit_table)

.reset     0    003fffc0    00000000     DSECT

.stack     1    00000400    000003f8     UNINITIALIZED
                  00000400    000003f8     --HOLE--

.bss       1    0000a800    0000007a     UNINITIALIZED
                  0000a800    00000020     transient_det.obj (.bss:io_buff)
                  0000a820    00000020     transient_det.obj (.bss:tr_buff)
                  0000a840    00000020     transient_det.obj (.bss:vo_buff)
                  0000a860    00000008     main.obj (.bss:Il_controller)
                  0000a868    00000008     main.obj (.bss:Vo_controller)
                  0000a870    00000008     transient_det.obj (.bss)
                  0000a878    00000002     main.obj (.bss)

.init_array 
*          0    000000f6    00000000     UNINITIALIZED

.const     1    0000b000    000003dc     
                  0000b000    0000009a     driverlib_eabi.lib : sysctl.obj (.const:.string)
                  0000b09a    00000098                        : epwm.obj (.const:.string)
                  0000b132    00000098                        : gpio.obj (.const:.string)
                  0000b1ca    00000097                        : dma.obj (.const:.string)
                  0000b261    00000001     --HOLE-- [fill = 0]
                  0000b262    00000089     board.obj (.const:.string)
                  0000b2eb    00000001     --HOLE-- [fill = 0]
                  0000b2ec    00000051     driverlib_eabi.lib : interrupt.obj (.const:.string)
                  0000b33d    00000001     --HOLE-- [fill = 0]
                  0000b33e    00000050                        : cputimer.obj (.const:.string)
                  0000b38e    0000004e                        : memcfg.obj (.const:.string)

.data      1    0000b3dc    00000056     UNINITIALIZED
                  0000b3dc    00000006     rts2800_fpu32_eabi.lib : exit.c.obj (.data)
                  0000b3e2    00000002                            : _lock.c.obj (.data:_lock)
                  0000b3e4    00000002     control_functions.obj (.data)
                  0000b3e6    0000001a     --HOLE--
                  0000b400    00000032     main.obj (.data)

ramgs0     1    0000c000    00000012     UNINITIALIZED
                  0000c000    0000000e     main.obj (ramgs0:uninit)
                  0000c00e    00000004     main.obj (ramgs0:init)

Cla1Prog   0    00008000    00000686     
                  00008000    0000021e     cla_tasks.obj (Cla1Prog:hh1)
                  0000821e    000001d8     cla_tasks.obj (Cla1Prog:hh2)
                  000083f6    000000a6     cla_tasks.obj (Cla1Prog:Cla1Task1)
                  0000849c    000000a2     cla_tasks.obj (Cla1Prog:derivatives)
                  0000853e    0000009c     cla_tasks.obj (Cla1Prog:partial_norms)
                  000085da    00000072     cla_tasks.obj (Cla1Prog:back_subs)
                  0000864c    0000003a     cla_tasks.obj (Cla1Prog:pivot)

.scratchpad 
*          0    00009af0    00000002     UNINITIALIZED
                  00009af0    00000002     cla_tasks.obj (.scratchpad:Cla1Prog:partial_norms)
                  00009af0    00000002     cla_tasks.obj (.scratchpad:Cla1Prog:back_subs)

Cla1DataRam 
*          0    00009800    000002f0     UNINITIALIZED
                  00009800    000002f0     cla_tasks.obj (Cla1DataRam)

Cla1ToCpuMsgRAM 
*          1    00001480    00000004     UNINITIALIZED
                  00001480    00000004     main.obj (Cla1ToCpuMsgRAM)

CpuToCla1MsgRAM 
*          1    00001500    00000011     UNINITIALIZED
                  00001500    00000010     main.obj (CpuToCla1MsgRAM:uninit)
                  00001510    00000001     main.obj (CpuToCla1MsgRAM:init)

.text      1    0000c012    0000196d     
                  0000c012    000003c9     board.obj (.text:EPWM_init)
                  0000c3db    000000d7     device.obj (.text:Device_enableAllPeripherals)
                  0000c4b2    000000c5     driverlib_eabi.lib : sysctl.obj (.text:SysCtl_setClock)
                  0000c577    000000bd                        : sysctl.obj (.text:SysCtl_isPLLValid)
                  0000c634    000000ab     board.obj (.text:MEMCFG_init)
                  0000c6df    0000009f     transient_det.obj (.text:init_detector)
                  0000c77e    0000009d     driverlib_eabi.lib : dma.obj (.text:DMA_configMode)
                  0000c81b    00000087     main.obj (.text:average_samples)
                  0000c8a2    0000007f     driverlib_eabi.lib : interrupt.obj (.text:Interrupt_clearIFR)
                  0000c921    00000077     transient_det.obj (.text:transient_detector)
                  0000c998    00000073     driverlib_eabi.lib : sysctl.obj (.text:DCC_setCounterSeeds)
                  0000ca0b    00000073     device.obj (.text:Device_init)
                  0000ca7e    00000072     driverlib_eabi.lib : memcfg.obj (.text:MemCfg_setProtection)
                  0000caf0    0000006b     board.obj (.text:myADC1_init)
                  0000cb5b    00000069     main.obj (.text:samples_to_cla)
                  0000cbc4    00000066     main.obj (.text:INT_ControlPWM_ISR)
                  0000cc2a    00000064     board.obj (.text:PinMux_init)
                  0000cc8e    0000005e     driverlib_eabi.lib : sysctl.obj (.text:SysCtl_getClock)
                  0000ccec    00000058     board.obj (.text:EPWM_setActionQualifierAction)
                  0000cd44    00000054     board.obj (.text:myADC0_init)
                  0000cd98    00000054     board.obj (.text:myADC2_init)
                  0000cdec    00000053     main.obj (.text:cla1Isr1)
                  0000ce3f    00000052     driverlib_eabi.lib : gpio.obj (.text:GPIO_setPadConfig)
                  0000ce91    0000004e                        : interrupt.obj (.text:Interrupt_disable)
                  0000cedf    00000049                        : sysctl.obj (.text:SysCtl_selectOscSource)
                  0000cf28    00000048     board.obj (.text:myDMA1_init)
                  0000cf70    00000047     board.obj (.text:myDMA0_init)
                  0000cfb7    00000047     board.obj (.text:myDMA2_init)
                  0000cffe    00000045     main.obj (.text:err_calc)
                  0000d043    0000003d     main.obj (.text:INT_transient_det_pin_XINT_ISR)
                  0000d080    0000003d     driverlib_eabi.lib : interrupt.obj (.text:Interrupt_initModule)
                  0000d0bd    0000003a                        : gpio.obj (.text:GPIO_setAnalogMode)
                  0000d0f7    0000003a     main.obj (.text:main)
                  0000d131    00000038     board.obj (.text:INTERRUPT_init)
                  0000d169    00000038     main.obj (.text:duty_cycle_calculation)
                  0000d1a1    00000037     driverlib_eabi.lib : gpio.obj (.text:GPIO_setControllerCore)
                  0000d1d8    00000037                        : gpio.obj (.text:GPIO_setPinConfig)
                  0000d20f    00000037                        : gpio.obj (.text:GPIO_setQualificationMode)
                  0000d246    00000037                        : interrupt.obj (.text:Interrupt_enable)
                  0000d27d    00000037                        : memcfg.obj (.text:MemCfg_setLSRAMControllerSel)
                  0000d2b4    00000034                        : gpio.obj (.text:GPIO_setInterruptPin)
                  0000d2e8    00000033                        : dma.obj (.text:DMA_configWrap)
                  0000d31b    00000031                        : gpio.obj (.text:GPIO_setDirectionMode)
                  0000d34c    00000031     board.obj (.text:SYNC_init)
                  0000d37d    0000002e     rts2800_fpu32_eabi.lib : copy_decompress_lzss.c.obj (.text:decompress:lzss)
                  0000d3ab    0000002b     board.obj (.text:Board_init)
                  0000d3d6    0000002b     driverlib_eabi.lib : epwm.obj (.text:EPWM_isBaseValid)
                  0000d401    0000002b     rts2800_fpu32_eabi.lib : autoinit.c.obj (.text:__TI_auto_init_nobinit_nopinit)
                  0000d42c    00000029     driverlib_eabi.lib : dma.obj (.text:DMA_configTransfer)
                  0000d455    00000029     rts2800_fpu32_eabi.lib : exit.c.obj (.text)
                  0000d47e    00000028     driverlib_eabi.lib : adc.obj (.text:ADC_setOffsetTrimAll)
                  0000d4a6    00000026                        : cla.obj (.text:CLA_setTriggerSource)
                  0000d4cc    00000025                        : dma.obj (.text:DMA_configAddresses)
                  0000d4f1    00000025     board.obj (.text:myCPUTIMER0_init)
                  0000d516    00000024     driverlib_eabi.lib : sysctl.obj (.text:DCC_enableSingleShotMode)
                  0000d53a    00000024                        : dma.obj (.text:DMA_configBurst)
                  0000d55e    00000024                        : sysctl.obj (.text:SysCtl_selectXTAL)
                  0000d582    00000023                        : dma.obj (.text:DMA_isBaseValid)
                  0000d5a5    00000023                        : sysctl.obj (.text:SysCtl_pollX1Counter)
                  0000d5c8    00000020                        : gpio.obj (.text:XBAR_setInputPin)
                  0000d5e8    0000001f     main.obj (.text:INT_tz_pin_XINT_ISR)
                  0000d607    0000001e     driverlib_eabi.lib : sysctl.obj (.text:DCC_setCounter1ClkSource)
                  0000d625    0000001e                        : interrupt.obj (.text:Interrupt_initVectorTable)
                  0000d643    0000001c                        : sysctl.obj (.text:DCC_setCounter0ClkSource)
                  0000d65f    0000001c     rts2800_fpu32_eabi.lib : memcpy.c.obj (.text)
                  0000d67b    0000001a     driverlib_eabi.lib : sysctl.obj (.text:SysCtl_getLowSpeedClock)
                  0000d695    0000001a                        : sysctl.obj (.text:SysCtl_selectXTALSingleEnded)
                  0000d6af    00000019     control_functions.obj (.text:update_PI)
                  0000d6c8    00000018     main.obj (.text:INT_ControlPWM_TZ_ISR)
                  0000d6e0    00000018     board.obj (.text:myCLA0_init)
                  0000d6f8    00000018     board.obj (.text:transient_det_pin_init)
                  0000d710    00000018     board.obj (.text:tz_pin_init)
                  0000d728    00000017     driverlib_eabi.lib : cputimer.obj (.text:CPUTimer_isBaseValid)
                  0000d73f    00000017                        : sysctl.obj (.text:SysCtl_enablePeripheral)
                  0000d756    00000017     board.obj (.text:debug_pin_init)
                  0000d76d    00000017     rts2800_fpu32_eabi.lib : boot28.asm.obj (.text)
                  0000d784    00000016     driverlib_eabi.lib : sysctl.obj (.text:DCC_disableDoneSignal)
                  0000d79a    00000016                        : sysctl.obj (.text:DCC_enableDoneSignal)
                  0000d7b0    00000016                        : epwm.obj (.text:EPWM_setEmulationMode)
                  0000d7c6    00000016     control_functions.obj (.text:duty_cycle_saturation)
                  0000d7dc    00000015     driverlib_eabi.lib : sysctl.obj (.text:DCC_clearDoneFlag)
                  0000d7f1    00000015                        : sysctl.obj (.text:DCC_clearErrorFlag)
                  0000d806    00000015                        : sysctl.obj (.text:DCC_disableErrorSignal)
                  0000d81b    00000015                        : sysctl.obj (.text:DCC_enableErrorSignal)
                  0000d830    00000014                        : sysctl.obj (.text:DCC_disableModule)
                  0000d844    00000014                        : sysctl.obj (.text:DCC_enableModule)
                  0000d858    00000014                        : gpio.obj (.text:GPIO_isPinValid)
                  0000d86c    00000013                        : cputimer.obj (.text:CPUTimer_setEmulationMode)
                  0000d87f    00000011     board.obj (.text:transient_det_pin_XINT_init)
                  0000d890    00000011     board.obj (.text:tz_pin_XINT_init)
                  0000d8a1    00000010     driverlib_eabi.lib : sysctl.obj (.text:DCC_isBaseValid)
                  0000d8b1    00000010     board.obj (.text:DMA_init)
                  0000d8c1    00000010     device.obj (.text:Device_initGPIO)
                  0000d8d1    00000010     control_functions.obj (.text:set_duty_cycle)
                  0000d8e1    0000000e     driverlib_eabi.lib : interrupt.obj (.text:Interrupt_defaultHandler)
                  0000d8ef    0000000d     board.obj (.text:ASYSCTL_init)
                  0000d8fc    0000000d     driverlib_eabi.lib : interrupt.obj (.text:Interrupt_disableGlobal)
                  0000d909    0000000d                        : interrupt.obj (.text:Interrupt_enableGlobal)
                  0000d916    0000000d     rts2800_fpu32_eabi.lib : copy_zero_init.c.obj (.text:decompress:ZI:__TI_zero_init_nomemset)
                  0000d923    0000000c                            : args_main.c.obj (.text)
                  0000d92f    0000000b     driverlib_eabi.lib : sysctl.obj (.text:SysCtl_isMCDClockFailureDetected)
                  0000d93a    0000000b     control_functions.obj (.text:init_PI)
                  0000d945    00000009     board.obj (.text:myINPUTXBARINPUT1_init)
                  0000d94e    00000009     board.obj (.text:myINPUTXBARINPUT4_init)
                  0000d957    00000008     rts2800_fpu32_eabi.lib : copy_decompress_none.c.obj (.text:decompress:none)
                  0000d95f    00000007     driverlib_eabi.lib : sysctl.obj (.text:SysCtl_resetMCD)
                  0000d966    00000007     control_functions.obj (.text:reset_PI)
                  0000d96d    00000006     board.obj (.text:myINPUTXBARINPUT0_init)
                  0000d973    00000003     device.obj (.text:__error__)
                  0000d976    00000002     driverlib_eabi.lib : interrupt.obj (.text:Interrupt_illegalOperationHandler)
                  0000d978    00000002                        : interrupt.obj (.text:Interrupt_nmiHandler)
                  0000d97a    00000002     rts2800_fpu32_eabi.lib : pre_init.c.obj (.text)
                  0000d97c    00000001     c2000ware_libraries.obj (.text:FFR_init)
                  0000d97d    00000001     rts2800_fpu32_eabi.lib : _lock.c.obj (.text)
                  0000d97e    00000001                            : startup.c.obj (.text)

MODULE SUMMARY

       Module                        code   ro data   rw data
       ------                        ----   -------   -------
    .\
       cla_tasks.obj                 1670   0         756    
       main.obj                      724    0         107    
       transient_det.obj             278    0         104    
       control_functions.obj         81     0         2      
    +--+-----------------------------+------+---------+---------+
       Total:                        2753   0         969    
                                                             
    .\device\
       device.obj                    349    0         0      
       f28004x_codestartbranch.obj   2      0         0      
    +--+-----------------------------+------+---------+---------+
       Total:                        351    0         0      
                                                             
    .\syscfg\
       board.obj                     2184   137       0      
       c2000ware_libraries.obj       1      0         0      
    +--+-----------------------------+------+---------+---------+
       Total:                        2185   137       0      
                                                             
    C:/ti/ccs2040/ccs/tools/compiler/ti-cgt-c2000_22.6.3.LTS/lib/rts2800_fpu32_eabi.lib
       exit.c.obj                    41     0         6      
       copy_decompress_lzss.c.obj    46     0         0      
       autoinit.c.obj                43     0         0      
       memcpy.c.obj                  28     0         0      
       boot28.asm.obj                23     0         0      
       copy_zero_init.c.obj          13     0         0      
       args_main.c.obj               12     0         0      
       copy_decompress_none.c.obj    8      0         0      
       _lock.c.obj                   1      0         2      
       pre_init.c.obj                2      0         0      
       startup.c.obj                 1      0         0      
    +--+-----------------------------+------+---------+---------+
       Total:                        218    0         8      
                                                             
    C:\ti\c2000\C2000Ware_4_03_00_00\driverlib\f28004x\driverlib\ccs\Debug\driverlib_eabi.lib
       sysctl.obj                    1114   154       0      
       gpio.obj                      458    152       0      
       dma.obj                       357    151       0      
       interrupt.obj                 395    81        0      
       memcfg.obj                    169    78        0      
       epwm.obj                      65     152       0      
       cputimer.obj                  42     80        0      
       adc.obj                       40     0         0      
       cla.obj                       38     0         0      
    +--+-----------------------------+------+---------+---------+
       Total:                        2678   848       0      
                                                             
       Stack:                        0      0         1016   
       Linker Generated:             0      98        0      
    +--+-----------------------------+------+---------+---------+
       Grand Total:                  8185   1083      1993   


LINKER GENERATED COPY TABLES

__TI_cinit_table @ 0000a8c0 records: 7, size/record: 4, table size: 28
	.data: load addr=0000a87a, load size=00000024 bytes, run addr=0000b3dc, run size=00000056 bytes, compression=lzss
	ramgs0: load addr=0000a89e, load size=00000006 bytes, run addr=0000c000, run size=00000012 bytes, compression=lzss
	Cla1ToCpuMsgRAM: load addr=0000a8aa, load size=00000005 bytes, run addr=00001480, run size=00000004 bytes, compression=lzss
	CpuToCla1MsgRAM: load addr=0000a8af, load size=00000005 bytes, run addr=00001500, run size=00000011 bytes, compression=lzss
	.bss: load addr=0000a8b4, load size=00000004 bytes, run addr=0000a800, run size=0000007a bytes, compression=zero_init
	.scratchpad: load addr=0000a8b8, load size=00000004 bytes, run addr=00009af0, run size=00000002 bytes, compression=zero_init
	Cla1DataRam: load addr=0000a8bc, load size=00000004 bytes, run addr=00009800, run size=000002f0 bytes, compression=zero_init


LINKER GENERATED HANDLER TABLE

__TI_handler_table @ 0000a8a4 records: 3, size/record: 2, table size: 6
	index: 0, handler: __TI_zero_init
	index: 1, handler: __TI_decompress_lzss
	index: 2, handler: __TI_decompress_none


GLOBAL DATA SYMBOLS: SORTED BY DATA PAGE

address     data page           name
--------    ----------------    ----
00000400      10 (00000400)     __stack

00001480      52 (00001480)     R_out
00001482      52 (00001480)     L_out

00001500      54 (00001500)     vo_sample_test
00001508      54 (00001500)     io_sample_test
00001510      54 (00001500)     s_count

00009800     260 (00009800)     i
00009802     260 (00009800)     vo_smpl_cla

00009892     262 (00009880)     io_smpl_cla

00009922     264 (00009900)     dio_smpl_cla

000099b2     266 (00009980)     v_h

00009a42     269 (00009a40)     v2

00009ad2     26b (00009ac0)     n1_partial
00009ad4     26b (00009ac0)     n2_partial
00009ad6     26b (00009ac0)     piv0
00009ad7     26b (00009ac0)     piv1
00009ad8     26b (00009ac0)     col0
00009ad9     26b (00009ac0)     col1
00009ada     26b (00009ac0)     alpha
00009adc     26b (00009ac0)     beta
00009ade     26b (00009ac0)     vv
00009ae0     26b (00009ac0)     dot
00009ae2     26b (00009ac0)     dot1
00009ae4     26b (00009ac0)     alpha2
00009ae6     26b (00009ac0)     beta2
00009ae8     26b (00009ac0)     v2v2
00009aea     26b (00009ac0)     dot2
00009aec     26b (00009ac0)     sol

0000a800     2a0 (0000a800)     io_buff
0000a820     2a0 (0000a800)     tr_buff

0000a840     2a1 (0000a840)     vo_buff
0000a860     2a1 (0000a840)     Il_controller
0000a868     2a1 (0000a840)     Vo_controller
0000a870     2a1 (0000a840)     head
0000a872     2a1 (0000a840)     vo_sum
0000a874     2a1 (0000a840)     io_sum
0000a876     2a1 (0000a840)     tr_sum
0000a878     2a1 (0000a840)     transient_det_res
0000a879     2a1 (0000a840)     k

0000b3dc     2cf (0000b3c0)     __TI_enable_exit_profile_output
0000b3de     2cf (0000b3c0)     __TI_cleanup_ptr
0000b3e0     2cf (0000b3c0)     __TI_dtors_ptr
0000b3e2     2cf (0000b3c0)     _lock

0000b400     2d0 (0000b400)     fixed_duty_cycle
0000b402     2d0 (0000b400)     ADCA0_results_add
0000b404     2d0 (0000b400)     ADCA0_Result_base
0000b406     2d0 (0000b400)     ADCB0_results_add
0000b408     2d0 (0000b400)     ADCB0_Result_base
0000b40a     2d0 (0000b400)     ADCC0_results_add
0000b40c     2d0 (0000b400)     ADCC0_Result_base
0000b40e     2d0 (0000b400)     d
0000b410     2d0 (0000b400)     fixed_d
0000b412     2d0 (0000b400)     Iin_avg
0000b414     2d0 (0000b400)     Io_avg
0000b416     2d0 (0000b400)     Il_avg
0000b418     2d0 (0000b400)     Vo_avg
0000b41a     2d0 (0000b400)     Vin_avg
0000b41c     2d0 (0000b400)     Vo_error
0000b41e     2d0 (0000b400)     Il_error
0000b420     2d0 (0000b400)     Vo_ref
0000b422     2d0 (0000b400)     kpv
0000b424     2d0 (0000b400)     kiv
0000b426     2d0 (0000b400)     kpi
0000b428     2d0 (0000b400)     kii
0000b42a     2d0 (0000b400)     get_clk
0000b42c     2d0 (0000b400)     get_ls_clk
0000b42e     2d0 (0000b400)     timer_count
0000b430     2d0 (0000b400)     alg_time

0000c000     300 (0000c000)     ADCA_results
0000c002     300 (0000c000)     ADCB_results
0000c006     300 (0000c000)     ADCC_results
0000c00e     300 (0000c000)     R_err
0000c010     300 (0000c000)     L_err


GLOBAL SYMBOLS: SORTED ALPHABETICALLY BY Name 

page  address   name                           
----  -------   ----                           
1     0000b404  ADCA0_Result_base              
1     0000b402  ADCA0_results_add              
1     0000c000  ADCA_results                   
1     0000b408  ADCB0_Result_base              
1     0000b406  ADCB0_results_add              
1     0000c002  ADCB_results                   
1     0000b40c  ADCC0_Result_base              
1     0000b40a  ADCC0_results_add              
1     0000c006  ADCC_results                   
1     0000d47e  ADC_setOffsetTrimAll           
1     0000d8ef  ASYSCTL_init                   
1     0000d3ab  Board_init                     
1     0000d455  C$$EXIT                        
1     0000d97c  C2000Ware_libraries_init       
1     0000d6e0  CLA_init                       
1     0000d4a6  CLA_setTriggerSource           
1     0000d4f1  CPUTIMER_init                  
1     0000d86c  CPUTimer_setEmulationMode      
0     000083f6  Cla1Task1                      
1     0000d4cc  DMA_configAddresses            
1     0000d53a  DMA_configBurst                
1     0000c77e  DMA_configMode                 
1     0000d42c  DMA_configTransfer             
1     0000d2e8  DMA_configWrap                 
1     0000d8b1  DMA_init                       
1     0000c3db  Device_enableAllPeripherals    
1     0000ca0b  Device_init                    
1     0000d8c1  Device_initGPIO                
1     0000c012  EPWM_init                      
1     0000d7b0  EPWM_setEmulationMode          
1     0000d97c  FFR_init                       
1     0000d0bd  GPIO_setAnalogMode             
1     0000d1a1  GPIO_setControllerCore         
1     0000d31b  GPIO_setDirectionMode          
1     0000d2b4  GPIO_setInterruptPin           
1     0000ce3f  GPIO_setPadConfig              
1     0000d1d8  GPIO_setPinConfig              
1     0000d20f  GPIO_setQualificationMode      
1     0000d131  INTERRUPT_init                 
1     0000cbc4  INT_ControlPWM_ISR             
1     0000d6c8  INT_ControlPWM_TZ_ISR          
1     0000d043  INT_transient_det_pin_XINT_ISR 
1     0000d5e8  INT_tz_pin_XINT_ISR            
1     0000b412  Iin_avg                        
1     0000b416  Il_avg                         
1     0000a860  Il_controller                  
1     0000b41e  Il_error                       
1     0000ce91  Interrupt_disable              
1     0000d246  Interrupt_enable               
1     0000d080  Interrupt_initModule           
1     0000d625  Interrupt_initVectorTable      
1     0000b414  Io_avg                         
1     0000c010  L_err                          
1     00001482  L_out                          
1     0000c634  MEMCFG_init                    
1     0000d27d  MemCfg_setLSRAMControllerSel   
1     0000ca7e  MemCfg_setProtection           
1     0000cc2a  PinMux_init                    
1     0000c00e  R_err                          
1     00001480  R_out                          
1     0000d34c  SYNC_init                      
0     000000f6  SysCtl_delay                   
1     0000cc8e  SysCtl_getClock                
1     0000d67b  SysCtl_getLowSpeedClock        
1     0000c577  SysCtl_isPLLValid              
1     0000cedf  SysCtl_selectOscSource         
1     0000d55e  SysCtl_selectXTAL              
1     0000d695  SysCtl_selectXTALSingleEnded   
1     0000c4b2  SysCtl_setClock                
1     0000b41a  Vin_avg                        
1     0000b418  Vo_avg                         
1     0000a868  Vo_controller                  
1     0000b41c  Vo_error                       
1     0000b420  Vo_ref                         
1     0000a8c0  __TI_CINIT_Base                
1     0000a8dc  __TI_CINIT_Limit               
1     0000a8dc  __TI_CINIT_Warm                
1     0000a8a4  __TI_Handler_Table_Base        
1     0000a8aa  __TI_Handler_Table_Limit       
1     000007f8  __TI_STACK_END                 
abs   000003f8  __TI_STACK_SIZE                
1     0000d401  __TI_auto_init_nobinit_nopinit 
1     0000b3de  __TI_cleanup_ptr               
1     0000d37d  __TI_decompress_lzss           
1     0000d957  __TI_decompress_none           
1     0000b3e0  __TI_dtors_ptr                 
1     0000b3dc  __TI_enable_exit_profile_output
abs   ffffffff  __TI_pprof_out_hndl            
abs   ffffffff  __TI_prof_data_size            
abs   ffffffff  __TI_prof_data_start           
1     0000d916  __TI_zero_init_nomemset        
n/a   UNDEFED   __c_args__                     
1     0000d973  __error__                      
1     00000400  __stack                        
1     0000d923  _args_main                     
1     0000d76d  _c_int00                       
1     0000b3e2  _lock                          
1     0000d97d  _nop                           
1     0000d97e  _system_post_cinit             
1     0000d97a  _system_pre_init               
1     0000d455  abort                          
1     0000b430  alg_time                       
0     00009ada  alpha                          
0     00009ae4  alpha2                         
1     0000c81b  average_samples                
0     000085da  back_subs                      
0     00009adc  beta                           
0     00009ae6  beta2                          
1     0000cdec  cla1Isr1                       
0     00000000  code_start                     
0     00009ad8  col0                           
0     00009ad9  col1                           
1     0000b40e  d                              
1     0000d756  debug_pin_init                 
0     0000849c  derivatives                    
0     00009922  dio_smpl_cla                   
0     00009ae0  dot                            
0     00009ae2  dot1                           
0     00009aea  dot2                           
1     0000d169  duty_cycle_calculation         
1     0000d7c6  duty_cycle_saturation          
1     0000cffe  err_calc                       
1     0000d457  exit                           
1     0000b410  fixed_d                        
1     0000b400  fixed_duty_cycle               
1     0000b42a  get_clk                        
1     0000b42c  get_ls_clk                     
1     0000a870  head                           
0     00008000  hh1                            
0     0000821e  hh2                            
0     00009800  i                              
1     0000d93a  init_PI                        
1     0000c6df  init_detector                  
1     0000a800  io_buff                        
1     00001508  io_sample_test                 
0     00009892  io_smpl_cla                    
1     0000a874  io_sum                         
1     0000a879  k                              
1     0000b428  kii                            
1     0000b424  kiv                            
1     0000b426  kpi                            
1     0000b422  kpv                            
1     0000d0f7  main                           
1     0000d65f  memcpy                         
1     0000cd44  myADC0_init                    
1     0000caf0  myADC1_init                    
1     0000cd98  myADC2_init                    
1     0000d6e0  myCLA0_init                    
1     0000d4f1  myCPUTIMER0_init               
1     0000cf70  myDMA0_init                    
1     0000cf28  myDMA1_init                    
1     0000cfb7  myDMA2_init                    
1     0000d96d  myINPUTXBARINPUT0_init         
1     0000d945  myINPUTXBARINPUT1_init         
1     0000d94e  myINPUTXBARINPUT4_init         
0     00009ad2  n1_partial                     
0     00009ad4  n2_partial                     
0     0000853e  partial_norms                  
0     00009ad6  piv0                           
0     00009ad7  piv1                           
0     0000864c  pivot                          
1     0000d966  reset_PI                       
1     00001510  s_count                        
1     0000cb5b  samples_to_cla                 
1     0000d8d1  set_duty_cycle                 
0     00009aec  sol                            
1     0000b42e  timer_count                    
1     0000a820  tr_buff                        
1     0000a876  tr_sum                         
1     0000d87f  transient_det_pin_XINT_init    
1     0000d6f8  transient_det_pin_init         
1     0000a878  transient_det_res              
1     0000c921  transient_detector             
1     0000d890  tz_pin_XINT_init               
1     0000d710  tz_pin_init                    
1     0000d6af  update_PI                      
0     00009a42  v2                             
0     00009ae8  v2v2                           
0     000099b2  v_h                            
1     0000a840  vo_buff                        
1     00001500  vo_sample_test                 
0     00009802  vo_smpl_cla                    
1     0000a872  vo_sum                         
0     00009ade  vv                             


GLOBAL SYMBOLS: SORTED BY Symbol Address 

page  address   name                           
----  -------   ----                           
0     00000000  code_start                     
0     000000f6  SysCtl_delay                   
0     00008000  hh1                            
0     0000821e  hh2                            
0     000083f6  Cla1Task1                      
0     0000849c  derivatives                    
0     0000853e  partial_norms                  
0     000085da  back_subs                      
0     0000864c  pivot                          
0     00009800  i                              
0     00009802  vo_smpl_cla                    
0     00009892  io_smpl_cla                    
0     00009922  dio_smpl_cla                   
0     000099b2  v_h                            
0     00009a42  v2                             
0     00009ad2  n1_partial                     
0     00009ad4  n2_partial                     
0     00009ad6  piv0                           
0     00009ad7  piv1                           
0     00009ad8  col0                           
0     00009ad9  col1                           
0     00009ada  alpha                          
0     00009adc  beta                           
0     00009ade  vv                             
0     00009ae0  dot                            
0     00009ae2  dot1                           
0     00009ae4  alpha2                         
0     00009ae6  beta2                          
0     00009ae8  v2v2                           
0     00009aea  dot2                           
0     00009aec  sol                            
1     00000400  __stack                        
1     000007f8  __TI_STACK_END                 
1     00001480  R_out                          
1     00001482  L_out                          
1     00001500  vo_sample_test                 
1     00001508  io_sample_test                 
1     00001510  s_count                        
1     0000a800  io_buff                        
1     0000a820  tr_buff                        
1     0000a840  vo_buff                        
1     0000a860  Il_controller                  
1     0000a868  Vo_controller                  
1     0000a870  head                           
1     0000a872  vo_sum                         
1     0000a874  io_sum                         
1     0000a876  tr_sum                         
1     0000a878  transient_det_res              
1     0000a879  k                              
1     0000a8a4  __TI_Handler_Table_Base        
1     0000a8aa  __TI_Handler_Table_Limit       
1     0000a8c0  __TI_CINIT_Base                
1     0000a8dc  __TI_CINIT_Limit               
1     0000a8dc  __TI_CINIT_Warm                
1     0000b3dc  __TI_enable_exit_profile_output
1     0000b3de  __TI_cleanup_ptr               
1     0000b3e0  __TI_dtors_ptr                 
1     0000b3e2  _lock                          
1     0000b400  fixed_duty_cycle               
1     0000b402  ADCA0_results_add              
1     0000b404  ADCA0_Result_base              
1     0000b406  ADCB0_results_add              
1     0000b408  ADCB0_Result_base              
1     0000b40a  ADCC0_results_add              
1     0000b40c  ADCC0_Result_base              
1     0000b40e  d                              
1     0000b410  fixed_d                        
1     0000b412  Iin_avg                        
1     0000b414  Io_avg                         
1     0000b416  Il_avg                         
1     0000b418  Vo_avg                         
1     0000b41a  Vin_avg                        
1     0000b41c  Vo_error                       
1     0000b41e  Il_error                       
1     0000b420  Vo_ref                         
1     0000b422  kpv                            
1     0000b424  kiv                            
1     0000b426  kpi                            
1     0000b428  kii                            
1     0000b42a  get_clk                        
1     0000b42c  get_ls_clk                     
1     0000b42e  timer_count                    
1     0000b430  alg_time                       
1     0000c000  ADCA_results                   
1     0000c002  ADCB_results                   
1     0000c006  ADCC_results                   
1     0000c00e  R_err                          
1     0000c010  L_err                          
1     0000c012  EPWM_init                      
1     0000c3db  Device_enableAllPeripherals    
1     0000c4b2  SysCtl_setClock                
1     0000c577  SysCtl_isPLLValid              
1     0000c634  MEMCFG_init                    
1     0000c6df  init_detector                  
1     0000c77e  DMA_configMode                 
1     0000c81b  average_samples                
1     0000c921  transient_detector             
1     0000ca0b  Device_init                    
1     0000ca7e  MemCfg_setProtection           
1     0000caf0  myADC1_init                    
1     0000cb5b  samples_to_cla                 
1     0000cbc4  INT_ControlPWM_ISR             
1     0000cc2a  PinMux_init                    
1     0000cc8e  SysCtl_getClock                
1     0000cd44  myADC0_init                    
1     0000cd98  myADC2_init                    
1     0000cdec  cla1Isr1                       
1     0000ce3f  GPIO_setPadConfig              
1     0000ce91  Interrupt_disable              
1     0000cedf  SysCtl_selectOscSource         
1     0000cf28  myDMA1_init                    
1     0000cf70  myDMA0_init                    
1     0000cfb7  myDMA2_init                    
1     0000cffe  err_calc                       
1     0000d043  INT_transient_det_pin_XINT_ISR 
1     0000d080  Interrupt_initModule           
1     0000d0bd  GPIO_setAnalogMode             
1     0000d0f7  main                           
1     0000d131  INTERRUPT_init                 
1     0000d169  duty_cycle_calculation         
1     0000d1a1  GPIO_setControllerCore         
1     0000d1d8  GPIO_setPinConfig              
1     0000d20f  GPIO_setQualificationMode      
1     0000d246  Interrupt_enable               
1     0000d27d  MemCfg_setLSRAMControllerSel   
1     0000d2b4  GPIO_setInterruptPin           
1     0000d2e8  DMA_configWrap                 
1     0000d31b  GPIO_setDirectionMode          
1     0000d34c  SYNC_init                      
1     0000d37d  __TI_decompress_lzss           
1     0000d3ab  Board_init                     
1     0000d401  __TI_auto_init_nobinit_nopinit 
1     0000d42c  DMA_configTransfer             
1     0000d455  C$$EXIT                        
1     0000d455  abort                          
1     0000d457  exit                           
1     0000d47e  ADC_setOffsetTrimAll           
1     0000d4a6  CLA_setTriggerSource           
1     0000d4cc  DMA_configAddresses            
1     0000d4f1  CPUTIMER_init                  
1     0000d4f1  myCPUTIMER0_init               
1     0000d53a  DMA_configBurst                
1     0000d55e  SysCtl_selectXTAL              
1     0000d5e8  INT_tz_pin_XINT_ISR            
1     0000d625  Interrupt_initVectorTable      
1     0000d65f  memcpy                         
1     0000d67b  SysCtl_getLowSpeedClock        
1     0000d695  SysCtl_selectXTALSingleEnded   
1     0000d6af  update_PI                      
1     0000d6c8  INT_ControlPWM_TZ_ISR          
1     0000d6e0  CLA_init                       
1     0000d6e0  myCLA0_init                    
1     0000d6f8  transient_det_pin_init         
1     0000d710  tz_pin_init                    
1     0000d756  debug_pin_init                 
1     0000d76d  _c_int00                       
1     0000d7b0  EPWM_setEmulationMode          
1     0000d7c6  duty_cycle_saturation          
1     0000d86c  CPUTimer_setEmulationMode      
1     0000d87f  transient_det_pin_XINT_init    
1     0000d890  tz_pin_XINT_init               
1     0000d8b1  DMA_init                       
1     0000d8c1  Device_initGPIO                
1     0000d8d1  set_duty_cycle                 
1     0000d8ef  ASYSCTL_init                   
1     0000d916  __TI_zero_init_nomemset        
1     0000d923  _args_main                     
1     0000d93a  init_PI                        
1     0000d945  myINPUTXBARINPUT1_init         
1     0000d94e  myINPUTXBARINPUT4_init         
1     0000d957  __TI_decompress_none           
1     0000d966  reset_PI                       
1     0000d96d  myINPUTXBARINPUT0_init         
1     0000d973  __error__                      
1     0000d97a  _system_pre_init               
1     0000d97c  C2000Ware_libraries_init       
1     0000d97c  FFR_init                       
1     0000d97d  _nop                           
1     0000d97e  _system_post_cinit             
abs   000003f8  __TI_STACK_SIZE                
abs   ffffffff  __TI_pprof_out_hndl            
abs   ffffffff  __TI_prof_data_size            
abs   ffffffff  __TI_prof_data_start           
n/a   UNDEFED   __c_args__                     

[184 symbols]
