<?xml version="1.0" encoding="ISO-8859-1" ?>
<link_info>
   <banner>TMS320C2000 Linker PC v22.6.3.LTS</banner>
   <copyright>Copyright (c) 1996-2018 Texas Instruments Incorporated</copyright>
   <link_time>0x6aaaef72</link_time>
   <link_errors>0x0</link_errors>
   <output_file>buck_converter_dma_original.out</output_file>
   <entry_point>
      <name>code_start</name>
      <address>0x0</address>
   </entry_point>
   <input_file_list>
      <input_file id="fl-3">
         <path>.\syscfg\</path>
         <kind>object</kind>
         <file>c2000ware_libraries.obj</file>
         <name>c2000ware_libraries.obj</name>
      </input_file>
      <input_file id="fl-5">
         <path>.\</path>
         <kind>object</kind>
         <file>control_functions.obj</file>
         <name>control_functions.obj</name>
      </input_file>
      <input_file id="fl-7">
         <path>.\</path>
         <kind>object</kind>
         <file>moving_avg.obj</file>
         <name>moving_avg.obj</name>
      </input_file>
      <input_file id="fl-8">
         <path>.\</path>
         <kind>object</kind>
         <file>transient_det.obj</file>
         <name>transient_det.obj</name>
      </input_file>
      <input_file id="fl-b">
         <path>.\device\driverlib\</path>
         <kind>object</kind>
         <file>adc.obj</file>
         <name>adc.obj</name>
      </input_file>
      <input_file id="fl-c">
         <path>.\device\driverlib\</path>
         <kind>object</kind>
         <file>asysctl.obj</file>
         <name>asysctl.obj</name>
      </input_file>
      <input_file id="fl-d">
         <path>.\device\driverlib\</path>
         <kind>object</kind>
         <file>can.obj</file>
         <name>can.obj</name>
      </input_file>
      <input_file id="fl-e">
         <path>.\device\driverlib\</path>
         <kind>object</kind>
         <file>cla.obj</file>
         <name>cla.obj</name>
      </input_file>
      <input_file id="fl-f">
         <path>.\device\driverlib\</path>
         <kind>object</kind>
         <file>clapromcrc.obj</file>
         <name>clapromcrc.obj</name>
      </input_file>
      <input_file id="fl-10">
         <path>.\device\driverlib\</path>
         <kind>object</kind>
         <file>clb.obj</file>
         <name>clb.obj</name>
      </input_file>
      <input_file id="fl-11">
         <path>.\device\driverlib\</path>
         <kind>object</kind>
         <file>cmpss.obj</file>
         <name>cmpss.obj</name>
      </input_file>
      <input_file id="fl-12">
         <path>.\device\driverlib\</path>
         <kind>object</kind>
         <file>cputimer.obj</file>
         <name>cputimer.obj</name>
      </input_file>
      <input_file id="fl-13">
         <path>.\device\driverlib\</path>
         <kind>object</kind>
         <file>dac.obj</file>
         <name>dac.obj</name>
      </input_file>
      <input_file id="fl-14">
         <path>.\device\driverlib\</path>
         <kind>object</kind>
         <file>dcc.obj</file>
         <name>dcc.obj</name>
      </input_file>
      <input_file id="fl-15">
         <path>.\device\driverlib\</path>
         <kind>object</kind>
         <file>dcsm.obj</file>
         <name>dcsm.obj</name>
      </input_file>
      <input_file id="fl-16">
         <path>.\device\driverlib\</path>
         <kind>object</kind>
         <file>dma.obj</file>
         <name>dma.obj</name>
      </input_file>
      <input_file id="fl-17">
         <path>.\device\driverlib\</path>
         <kind>object</kind>
         <file>ecap.obj</file>
         <name>ecap.obj</name>
      </input_file>
      <input_file id="fl-18">
         <path>.\device\driverlib\</path>
         <kind>object</kind>
         <file>epwm.obj</file>
         <name>epwm.obj</name>
      </input_file>
      <input_file id="fl-19">
         <path>.\device\driverlib\</path>
         <kind>object</kind>
         <file>eqep.obj</file>
         <name>eqep.obj</name>
      </input_file>
      <input_file id="fl-1a">
         <path>.\device\driverlib\</path>
         <kind>object</kind>
         <file>erad.obj</file>
         <name>erad.obj</name>
      </input_file>
      <input_file id="fl-1c">
         <path>.\device\driverlib\</path>
         <kind>object</kind>
         <file>fsi.obj</file>
         <name>fsi.obj</name>
      </input_file>
      <input_file id="fl-1d">
         <path>.\device\driverlib\</path>
         <kind>object</kind>
         <file>gpio.obj</file>
         <name>gpio.obj</name>
      </input_file>
      <input_file id="fl-1e">
         <path>.\device\driverlib\</path>
         <kind>object</kind>
         <file>hrcap.obj</file>
         <name>hrcap.obj</name>
      </input_file>
      <input_file id="fl-1f">
         <path>.\device\driverlib\</path>
         <kind>object</kind>
         <file>hrpwm.obj</file>
         <name>hrpwm.obj</name>
      </input_file>
      <input_file id="fl-20">
         <path>.\device\driverlib\</path>
         <kind>object</kind>
         <file>i2c.obj</file>
         <name>i2c.obj</name>
      </input_file>
      <input_file id="fl-22">
         <path>.\device\driverlib\</path>
         <kind>object</kind>
         <file>lin.obj</file>
         <name>lin.obj</name>
      </input_file>
      <input_file id="fl-23">
         <path>.\device\driverlib\</path>
         <kind>object</kind>
         <file>memcfg.obj</file>
         <name>memcfg.obj</name>
      </input_file>
      <input_file id="fl-24">
         <path>.\device\driverlib\</path>
         <kind>object</kind>
         <file>pga.obj</file>
         <name>pga.obj</name>
      </input_file>
      <input_file id="fl-25">
         <path>.\device\driverlib\</path>
         <kind>object</kind>
         <file>pmbus.obj</file>
         <name>pmbus.obj</name>
      </input_file>
      <input_file id="fl-26">
         <path>.\device\driverlib\</path>
         <kind>object</kind>
         <file>sci.obj</file>
         <name>sci.obj</name>
      </input_file>
      <input_file id="fl-27">
         <path>.\device\driverlib\</path>
         <kind>object</kind>
         <file>sdfm.obj</file>
         <name>sdfm.obj</name>
      </input_file>
      <input_file id="fl-28">
         <path>.\device\driverlib\</path>
         <kind>object</kind>
         <file>spi.obj</file>
         <name>spi.obj</name>
      </input_file>
      <input_file id="fl-2a">
         <path>.\device\driverlib\</path>
         <kind>object</kind>
         <file>version.obj</file>
         <name>version.obj</name>
      </input_file>
      <input_file id="fl-2b">
         <path>.\device\driverlib\</path>
         <kind>object</kind>
         <file>xbar.obj</file>
         <name>xbar.obj</name>
      </input_file>
      <input_file id="fl-43">
         <path>C:\ti\ccs2040\ccs\tools\compiler\ti-cgt-c2000_22.6.3.LTS\lib\</path>
         <kind>archive</kind>
         <file>rts2800_fpu32_eabi.lib</file>
         <name>pre_init.c.obj</name>
      </input_file>
      <input_file id="fl-45">
         <path>C:\ti\ccs2040\ccs\tools\compiler\ti-cgt-c2000_22.6.3.LTS\lib\</path>
         <kind>archive</kind>
         <file>rts2800_fpu32_eabi.lib</file>
         <name>copy_zero_init.c.obj</name>
      </input_file>
      <input_file id="fl-46">
         <path>C:\ti\ccs2040\ccs\tools\compiler\ti-cgt-c2000_22.6.3.LTS\lib\</path>
         <kind>archive</kind>
         <file>rts2800_fpu32_eabi.lib</file>
         <name>copy_decompress_none.c.obj</name>
      </input_file>
      <input_file id="fl-47">
         <path>C:\ti\ccs2040\ccs\tools\compiler\ti-cgt-c2000_22.6.3.LTS\lib\</path>
         <kind>archive</kind>
         <file>rts2800_fpu32_eabi.lib</file>
         <name>copy_decompress_lzss.c.obj</name>
      </input_file>
      <input_file id="fl-49">
         <path>C:\ti\ccs2040\ccs\tools\compiler\ti-cgt-c2000_22.6.3.LTS\lib\</path>
         <kind>archive</kind>
         <file>rts2800_fpu32_eabi.lib</file>
         <name>_lock.c.obj</name>
      </input_file>
      <input_file id="fl-4b">
         <path>C:\ti\ccs2040\ccs\tools\compiler\ti-cgt-c2000_22.6.3.LTS\lib\</path>
         <kind>archive</kind>
         <file>rts2800_fpu32_eabi.lib</file>
         <name>memset.c.obj</name>
      </input_file>
      <input_file id="fl-4c">
         <path>C:\ti\ccs2040\ccs\tools\compiler\ti-cgt-c2000_22.6.3.LTS\lib\</path>
         <kind>archive</kind>
         <file>rts2800_fpu32_eabi.lib</file>
         <name>cpy_tbl.c.obj</name>
      </input_file>
      <input_file id="fl-4d">
         <path>C:\ti\ccs2040\ccs\tools\compiler\ti-cgt-c2000_22.6.3.LTS\lib\</path>
         <kind>archive</kind>
         <file>rts2800_fpu32_eabi.lib</file>
         <name>memcpy.c.obj</name>
      </input_file>
      <input_file id="fl-4f">
         <path>C:\Users\mem21\AppData\Local\Temp\</path>
         <kind>object</kind>
         <file>{C933209C-6202-47B8-A9D3-867E46891BF8}</file>
         <name>{C933209C-6202-47B8-A9D3-867E46891BF8}</name>
      </input_file>
      <input_file id="fl-2">
         <path>.\syscfg\</path>
         <kind>object</kind>
         <file>board.obj</file>
         <name>board.obj</name>
      </input_file>
      <input_file id="fl-4">
         <path>.\</path>
         <kind>object</kind>
         <file>cla_tasks.obj</file>
         <name>cla_tasks.obj</name>
      </input_file>
      <input_file id="fl-6">
         <path>.\</path>
         <kind>object</kind>
         <file>main.obj</file>
         <name>main.obj</name>
      </input_file>
      <input_file id="fl-9">
         <path>.\device\</path>
         <kind>object</kind>
         <file>device.obj</file>
         <name>device.obj</name>
      </input_file>
      <input_file id="fl-a">
         <path>.\device\</path>
         <kind>object</kind>
         <file>f28004x_codestartbranch.obj</file>
         <name>f28004x_codestartbranch.obj</name>
      </input_file>
      <input_file id="fl-1b">
         <path>.\device\driverlib\</path>
         <kind>object</kind>
         <file>flash.obj</file>
         <name>flash.obj</name>
      </input_file>
      <input_file id="fl-21">
         <path>.\device\driverlib\</path>
         <kind>object</kind>
         <file>interrupt.obj</file>
         <name>interrupt.obj</name>
      </input_file>
      <input_file id="fl-29">
         <path>.\device\driverlib\</path>
         <kind>object</kind>
         <file>sysctl.obj</file>
         <name>sysctl.obj</name>
      </input_file>
      <input_file id="fl-37">
         <kind>object</kind>
         <file>&lt;internal&gt;</file>
         <name>&lt;internal&gt;</name>
      </input_file>
      <input_file id="fl-41">
         <path>C:\ti\ccs2040\ccs\tools\compiler\ti-cgt-c2000_22.6.3.LTS\lib\</path>
         <kind>archive</kind>
         <file>rts2800_fpu32_eabi.lib</file>
         <name>boot28.asm.obj</name>
      </input_file>
      <input_file id="fl-42">
         <path>C:\ti\ccs2040\ccs\tools\compiler\ti-cgt-c2000_22.6.3.LTS\lib\</path>
         <kind>archive</kind>
         <file>rts2800_fpu32_eabi.lib</file>
         <name>ll_cmp28.asm.obj</name>
      </input_file>
      <input_file id="fl-44">
         <path>C:\ti\ccs2040\ccs\tools\compiler\ti-cgt-c2000_22.6.3.LTS\lib\</path>
         <kind>archive</kind>
         <file>rts2800_fpu32_eabi.lib</file>
         <name>autoinit.c.obj</name>
      </input_file>
      <input_file id="fl-48">
         <path>C:\ti\ccs2040\ccs\tools\compiler\ti-cgt-c2000_22.6.3.LTS\lib\</path>
         <kind>archive</kind>
         <file>rts2800_fpu32_eabi.lib</file>
         <name>exit.c.obj</name>
      </input_file>
      <input_file id="fl-4a">
         <path>C:\ti\ccs2040\ccs\tools\compiler\ti-cgt-c2000_22.6.3.LTS\lib\</path>
         <kind>archive</kind>
         <file>rts2800_fpu32_eabi.lib</file>
         <name>args_main.c.obj</name>
      </input_file>
      <input_file id="fl-4e">
         <path>C:\ti\ccs2040\ccs\tools\compiler\ti-cgt-c2000_22.6.3.LTS\lib\</path>
         <kind>archive</kind>
         <file>rts2800_fpu32_eabi.lib</file>
         <name>startup.c.obj</name>
      </input_file>
   </input_file_list>
   <object_component_list>
      <object_component id="oc-2a">
         <name>codestart</name>
         <load_address>0x0</load_address>
         <run_address>0x0</run_address>
         <size>0x2</size>
         <input_file_ref idref="fl-a"/>
      </object_component>
      <object_component id="oc-1f1">
         <name>.TI.ramfunc</name>
         <load_address>0xf6</load_address>
         <run_address>0xf6</run_address>
         <size>0x4</size>
         <input_file_ref idref="fl-29"/>
      </object_component>
      <object_component id="oc-25c">
         <name>.text:EPWM_init</name>
         <load_address>0xc012</load_address>
         <run_address>0xc012</run_address>
         <size>0x468</size>
         <input_file_ref idref="fl-2"/>
      </object_component>
      <object_component id="oc-28b">
         <name>.text:SysCtl_isPLLValid</name>
         <load_address>0xc47a</load_address>
         <run_address>0xc47a</run_address>
         <size>0x107</size>
         <input_file_ref idref="fl-29"/>
      </object_component>
      <object_component id="oc-1eb">
         <name>.text:Device_enableAllPeripherals</name>
         <load_address>0xc581</load_address>
         <run_address>0xc581</run_address>
         <size>0xd7</size>
         <input_file_ref idref="fl-9"/>
      </object_component>
      <object_component id="oc-1df">
         <name>.text:SysCtl_setClock</name>
         <load_address>0xc658</load_address>
         <run_address>0xc658</run_address>
         <size>0xc3</size>
         <input_file_ref idref="fl-29"/>
      </object_component>
      <object_component id="oc-365">
         <name>.text:DMA_configMode</name>
         <load_address>0xc71b</load_address>
         <run_address>0xc71b</run_address>
         <size>0xb3</size>
         <input_file_ref idref="fl-16"/>
      </object_component>
      <object_component id="oc-238">
         <name>.text:MEMCFG_init</name>
         <load_address>0xc7ce</load_address>
         <run_address>0xc7ce</run_address>
         <size>0xb3</size>
         <input_file_ref idref="fl-2"/>
      </object_component>
      <object_component id="oc-8e">
         <name>.text:average_samples</name>
         <load_address>0xc881</load_address>
         <run_address>0xc881</run_address>
         <size>0xb1</size>
         <input_file_ref idref="fl-6"/>
      </object_component>
      <object_component id="oc-94">
         <name>.text:samples_to_cla</name>
         <load_address>0xc932</load_address>
         <run_address>0xc932</run_address>
         <size>0xab</size>
         <input_file_ref idref="fl-6"/>
      </object_component>
      <object_component id="oc-2be">
         <name>.text:MemCfg_setProtection</name>
         <load_address>0xc9dd</load_address>
         <run_address>0xc9dd</run_address>
         <size>0x92</size>
         <input_file_ref idref="fl-23"/>
      </object_component>
      <object_component id="oc-21a">
         <name>.text:PinMux_init</name>
         <load_address>0xca6f</load_address>
         <run_address>0xca6f</run_address>
         <size>0x7b</size>
         <input_file_ref idref="fl-2"/>
      </object_component>
      <object_component id="oc-a0">
         <name>.text:transient_detector</name>
         <load_address>0xcaea</load_address>
         <run_address>0xcaea</run_address>
         <size>0x77</size>
         <input_file_ref idref="fl-8"/>
      </object_component>
      <object_component id="oc-4d">
         <name>.text:INT_ControlPWM_fixed_fsw_ISR</name>
         <load_address>0xcb61</load_address>
         <run_address>0xcb61</run_address>
         <size>0x76</size>
         <input_file_ref idref="fl-6"/>
      </object_component>
      <object_component id="oc-189">
         <name>.text:Device_init</name>
         <load_address>0xcbd7</load_address>
         <run_address>0xcbd7</run_address>
         <size>0x73</size>
         <input_file_ref idref="fl-9"/>
      </object_component>
      <object_component id="oc-1bf">
         <name>.text:SysCtl_getClock</name>
         <load_address>0xcc4a</load_address>
         <run_address>0xcc4a</run_address>
         <size>0x6d</size>
         <input_file_ref idref="fl-29"/>
      </object_component>
      <object_component id="oc-23e">
         <name>.text:myADC0_init</name>
         <load_address>0xccb7</load_address>
         <run_address>0xccb7</run_address>
         <size>0x69</size>
         <input_file_ref idref="fl-2"/>
      </object_component>
      <object_component id="oc-2f">
         <name>.text:cla1Isr1</name>
         <load_address>0xcd20</load_address>
         <run_address>0xcd20</run_address>
         <size>0x68</size>
         <input_file_ref idref="fl-6"/>
      </object_component>
      <object_component id="oc-2b8">
         <name>.text:MemCfg_setLSRAMControllerSel</name>
         <load_address>0xcd88</load_address>
         <run_address>0xcd88</run_address>
         <size>0x67</size>
         <input_file_ref idref="fl-23"/>
      </object_component>
      <object_component id="oc-244">
         <name>.text:myADC1_init</name>
         <load_address>0xcdef</load_address>
         <run_address>0xcdef</run_address>
         <size>0x60</size>
         <input_file_ref idref="fl-2"/>
      </object_component>
      <object_component id="oc-a6">
         <name>.text:err_calc</name>
         <load_address>0xce4f</load_address>
         <run_address>0xce4f</run_address>
         <size>0x59</size>
         <input_file_ref idref="fl-6"/>
      </object_component>
      <object_component id="oc-2db">
         <name>.text:myDMA1_init</name>
         <load_address>0xcea8</load_address>
         <run_address>0xcea8</run_address>
         <size>0x59</size>
         <input_file_ref idref="fl-2"/>
      </object_component>
      <object_component id="oc-2e8">
         <name>.text:EPWM_setActionQualifierAction</name>
         <load_address>0xcf01</load_address>
         <run_address>0xcf01</run_address>
         <size>0x58</size>
         <input_file_ref idref="fl-2"/>
      </object_component>
      <object_component id="oc-1b3">
         <name>.text:init_detector</name>
         <load_address>0xcf59</load_address>
         <run_address>0xcf59</run_address>
         <size>0x57</size>
         <input_file_ref idref="fl-8"/>
      </object_component>
      <object_component id="oc-1f2">
         <name>.text:GPIO_setPadConfig</name>
         <load_address>0xcfb0</load_address>
         <run_address>0xcfb0</run_address>
         <size>0x55</size>
         <input_file_ref idref="fl-1d"/>
      </object_component>
      <object_component id="oc-35f">
         <name>.text:DMA_configWrap</name>
         <load_address>0xd005</load_address>
         <run_address>0xd005</run_address>
         <size>0x48</size>
         <input_file_ref idref="fl-16"/>
      </object_component>
      <object_component id="oc-2d5">
         <name>.text:myDMA0_init</name>
         <load_address>0xd04d</load_address>
         <run_address>0xd04d</run_address>
         <size>0x47</size>
         <input_file_ref idref="fl-2"/>
      </object_component>
      <object_component id="oc-2f7">
         <name>.text:GPIO_setInterruptPin</name>
         <load_address>0xd094</load_address>
         <run_address>0xd094</run_address>
         <size>0x45</size>
         <input_file_ref idref="fl-1d"/>
      </object_component>
      <object_component id="oc-285">
         <name>.text:SysCtl_selectOscSource</name>
         <load_address>0xd0d9</load_address>
         <run_address>0xd0d9</run_address>
         <size>0x43</size>
         <input_file_ref idref="fl-29"/>
      </object_component>
      <object_component id="oc-195">
         <name>.text:Interrupt_initModule</name>
         <load_address>0xd11c</load_address>
         <run_address>0xd11c</run_address>
         <size>0x41</size>
         <input_file_ref idref="fl-21"/>
      </object_component>
      <object_component id="oc-359">
         <name>.text:DMA_configTransfer</name>
         <load_address>0xd15d</load_address>
         <run_address>0xd15d</run_address>
         <size>0x3f</size>
         <input_file_ref idref="fl-16"/>
      </object_component>
      <object_component id="oc-3b">
         <name>.text:INT_transient_det_pin_XINT_ISR</name>
         <load_address>0xd19c</load_address>
         <run_address>0xd19c</run_address>
         <size>0x3d</size>
         <input_file_ref idref="fl-6"/>
      </object_component>
      <object_component id="oc-47">
         <name>.text:INT_fault_sw_ISR</name>
         <load_address>0xd1d9</load_address>
         <run_address>0xd1d9</run_address>
         <size>0x3c</size>
         <input_file_ref idref="fl-6"/>
      </object_component>
      <object_component id="oc-149">
         <name>.text:main</name>
         <load_address>0xd215</load_address>
         <run_address>0xd215</run_address>
         <size>0x3c</size>
         <input_file_ref idref="fl-6"/>
      </object_component>
      <object_component id="oc-353">
         <name>.text:DMA_configBurst</name>
         <load_address>0xd251</load_address>
         <run_address>0xd251</run_address>
         <size>0x3b</size>
         <input_file_ref idref="fl-16"/>
      </object_component>
      <object_component id="oc-2ef">
         <name>.text:GPIO_setControllerCore</name>
         <load_address>0xd28c</load_address>
         <run_address>0xd28c</run_address>
         <size>0x38</size>
         <input_file_ref idref="fl-1d"/>
      </object_component>
      <object_component id="oc-2a1">
         <name>.text:GPIO_setQualificationMode</name>
         <load_address>0xd2c4</load_address>
         <run_address>0xd2c4</run_address>
         <size>0x38</size>
         <input_file_ref idref="fl-1d"/>
      </object_component>
      <object_component id="oc-30">
         <name>.text:INTERRUPT_init</name>
         <load_address>0xd2fc</load_address>
         <run_address>0xd2fc</run_address>
         <size>0x38</size>
         <input_file_ref idref="fl-2"/>
      </object_component>
      <object_component id="oc-9a">
         <name>.text:duty_cycle_calculation</name>
         <load_address>0xd334</load_address>
         <run_address>0xd334</run_address>
         <size>0x38</size>
         <input_file_ref idref="fl-6"/>
      </object_component>
      <object_component id="oc-1fe">
         <name>.text:GPIO_setAnalogMode</name>
         <load_address>0xd36c</load_address>
         <run_address>0xd36c</run_address>
         <size>0x37</size>
         <input_file_ref idref="fl-1d"/>
      </object_component>
      <object_component id="oc-7e">
         <name>.text:Interrupt_enable</name>
         <load_address>0xd3a3</load_address>
         <run_address>0xd3a3</run_address>
         <size>0x36</size>
         <input_file_ref idref="fl-21"/>
      </object_component>
      <object_component id="oc-2e2">
         <name>.text:EPWM_setEmulationMode</name>
         <load_address>0xd3d9</load_address>
         <run_address>0xd3d9</run_address>
         <size>0x35</size>
         <input_file_ref idref="fl-18"/>
      </object_component>
      <object_component id="oc-1f8">
         <name>.text:GPIO_setDirectionMode</name>
         <load_address>0xd40e</load_address>
         <run_address>0xd40e</run_address>
         <size>0x34</size>
         <input_file_ref idref="fl-1d"/>
      </object_component>
      <object_component id="oc-34d">
         <name>.text:DMA_configAddresses</name>
         <load_address>0xd442</load_address>
         <run_address>0xd442</run_address>
         <size>0x33</size>
         <input_file_ref idref="fl-16"/>
      </object_component>
      <object_component id="oc-226">
         <name>.text:SYNC_init</name>
         <load_address>0xd475</load_address>
         <run_address>0xd475</run_address>
         <size>0x31</size>
         <input_file_ref idref="fl-2"/>
      </object_component>
      <object_component id="oc-29b">
         <name>.text:GPIO_setPinConfig</name>
         <load_address>0xd4a6</load_address>
         <run_address>0xd4a6</run_address>
         <size>0x30</size>
         <input_file_ref idref="fl-1d"/>
      </object_component>
      <object_component id="oc-1d">
         <name>.text:decompress:lzss</name>
         <load_address>0xd4d6</load_address>
         <run_address>0xd4d6</run_address>
         <size>0x2e</size>
         <input_file_ref idref="fl-47"/>
      </object_component>
      <object_component id="oc-30c">
         <name>.text:SysCtl_selectXTAL</name>
         <load_address>0xd504</load_address>
         <run_address>0xd504</run_address>
         <size>0x2b</size>
         <input_file_ref idref="fl-29"/>
      </object_component>
      <object_component id="oc-119">
         <name>.text:__TI_auto_init_nobinit_nopinit</name>
         <load_address>0xd52f</load_address>
         <run_address>0xd52f</run_address>
         <size>0x2b</size>
         <input_file_ref idref="fl-44"/>
      </object_component>
      <object_component id="oc-c6">
         <name>.text</name>
         <load_address>0xd55a</load_address>
         <run_address>0xd55a</run_address>
         <size>0x29</size>
         <input_file_ref idref="fl-48"/>
      </object_component>
      <object_component id="oc-78">
         <name>.text:calculate_DAC_val</name>
         <load_address>0xd583</load_address>
         <run_address>0xd583</run_address>
         <size>0x26</size>
         <input_file_ref idref="fl-6"/>
      </object_component>
      <object_component id="oc-24a">
         <name>.text:myCPUTIMER0_init</name>
         <load_address>0xd5a9</load_address>
         <run_address>0xd5a9</run_address>
         <size>0x25</size>
         <input_file_ref idref="fl-2"/>
      </object_component>
      <object_component id="oc-1e5">
         <name>.text:SysCtl_getLowSpeedClock</name>
         <load_address>0xd5ce</load_address>
         <run_address>0xd5ce</run_address>
         <size>0x24</size>
         <input_file_ref idref="fl-29"/>
      </object_component>
      <object_component id="oc-1a1">
         <name>.text:Board_init</name>
         <load_address>0xd5f2</load_address>
         <run_address>0xd5f2</run_address>
         <size>0x23</size>
         <input_file_ref idref="fl-2"/>
      </object_component>
      <object_component id="oc-250">
         <name>.text:L_out_val_init</name>
         <load_address>0xd615</load_address>
         <run_address>0xd615</run_address>
         <size>0x23</size>
         <input_file_ref idref="fl-2"/>
      </object_component>
      <object_component id="oc-2cd">
         <name>.text:CPUTimer_setEmulationMode</name>
         <load_address>0xd638</load_address>
         <run_address>0xd638</run_address>
         <size>0x1e</size>
         <input_file_ref idref="fl-12"/>
      </object_component>
      <object_component id="oc-19b">
         <name>.text:Interrupt_initVectorTable</name>
         <load_address>0xd656</load_address>
         <run_address>0xd656</run_address>
         <size>0x1d</size>
         <input_file_ref idref="fl-21"/>
      </object_component>
      <object_component id="oc-372">
         <name>.text:SysCtl_pollX1Counter</name>
         <load_address>0xd673</load_address>
         <run_address>0xd673</run_address>
         <size>0x1d</size>
         <input_file_ref idref="fl-29"/>
      </object_component>
      <object_component id="oc-306">
         <name>.text:SysCtl_selectXTALSingleEnded</name>
         <load_address>0xd690</load_address>
         <run_address>0xd690</run_address>
         <size>0x1d</size>
         <input_file_ref idref="fl-29"/>
      </object_component>
      <object_component id="oc-2b1">
         <name>.text:CLA_setTriggerSource</name>
         <load_address>0xd6ad</load_address>
         <run_address>0xd6ad</run_address>
         <size>0x1c</size>
         <input_file_ref idref="fl-e"/>
      </object_component>
      <object_component id="oc-41">
         <name>.text:INT_myDMA1_ISR</name>
         <load_address>0xd6c9</load_address>
         <run_address>0xd6c9</run_address>
         <size>0x1c</size>
         <input_file_ref idref="fl-6"/>
      </object_component>
      <object_component id="oc-56">
         <name>.text</name>
         <load_address>0xd6e5</load_address>
         <run_address>0xd6e5</run_address>
         <size>0x1c</size>
         <input_file_ref idref="fl-4d"/>
      </object_component>
      <object_component id="oc-2c5">
         <name>.text:ADC_setOffsetTrimAll</name>
         <load_address>0xd701</load_address>
         <run_address>0xd701</run_address>
         <size>0x1b</size>
         <input_file_ref idref="fl-b"/>
      </object_component>
      <object_component id="oc-f3">
         <name>.text:update_PI</name>
         <load_address>0xd71c</load_address>
         <run_address>0xd71c</run_address>
         <size>0x19</size>
         <input_file_ref idref="fl-5"/>
      </object_component>
      <object_component id="oc-232">
         <name>.text:myCLA0_init</name>
         <load_address>0xd735</load_address>
         <run_address>0xd735</run_address>
         <size>0x18</size>
         <input_file_ref idref="fl-2"/>
      </object_component>
      <object_component id="oc-268">
         <name>.text:transient_det_pin_init</name>
         <load_address>0xd74d</load_address>
         <run_address>0xd74d</run_address>
         <size>0x18</size>
         <input_file_ref idref="fl-2"/>
      </object_component>
      <object_component id="oc-262">
         <name>.text:debug_pin_init</name>
         <load_address>0xd765</load_address>
         <run_address>0xd765</run_address>
         <size>0x17</size>
         <input_file_ref idref="fl-2"/>
      </object_component>
      <object_component id="oc-69">
         <name>.text</name>
         <load_address>0xd77c</load_address>
         <run_address>0xd77c</run_address>
         <size>0x17</size>
         <input_file_ref idref="fl-41"/>
      </object_component>
      <object_component id="oc-f9">
         <name>.text:duty_cycle_saturation</name>
         <load_address>0xd793</load_address>
         <run_address>0xd793</run_address>
         <size>0x16</size>
         <input_file_ref idref="fl-5"/>
      </object_component>
      <object_component id="oc-1a7">
         <name>.text:FFR_init</name>
         <load_address>0xd7a9</load_address>
         <run_address>0xd7a9</run_address>
         <size>0x1</size>
         <input_file_ref idref="fl-3"/>
      </object_component>
      <object_component id="oc-1b9">
         <name>.text:init_filter</name>
         <load_address>0xd7aa</load_address>
         <run_address>0xd7aa</run_address>
         <size>0x16</size>
         <input_file_ref idref="fl-7"/>
      </object_component>
      <object_component id="oc-26e">
         <name>.text:transient_det_pin_XINT_init</name>
         <load_address>0xd7c0</load_address>
         <run_address>0xd7c0</run_address>
         <size>0x11</size>
         <input_file_ref idref="fl-2"/>
      </object_component>
      <object_component id="oc-18f">
         <name>.text:Device_initGPIO</name>
         <load_address>0xd7d1</load_address>
         <run_address>0xd7d1</run_address>
         <size>0x10</size>
         <input_file_ref idref="fl-9"/>
      </object_component>
      <object_component id="oc-256">
         <name>.text:DMA_init</name>
         <load_address>0xd7e1</load_address>
         <run_address>0xd7e1</run_address>
         <size>0xe</size>
         <input_file_ref idref="fl-2"/>
      </object_component>
      <object_component id="oc-22c">
         <name>.text:ASYSCTL_init</name>
         <load_address>0xd7ef</load_address>
         <run_address>0xd7ef</run_address>
         <size>0xd</size>
         <input_file_ref idref="fl-2"/>
      </object_component>
      <object_component id="oc-c0">
         <name>.text</name>
         <load_address>0xd7fc</load_address>
         <run_address>0xd7fc</run_address>
         <size>0xc</size>
         <input_file_ref idref="fl-4a"/>
      </object_component>
      <object_component id="oc-ac">
         <name>.text:set_duty_cycle</name>
         <load_address>0xd808</load_address>
         <run_address>0xd808</run_address>
         <size>0xc</size>
         <input_file_ref idref="fl-5"/>
      </object_component>
      <object_component id="oc-1ad">
         <name>.text:init_PI</name>
         <load_address>0xd814</load_address>
         <run_address>0xd814</run_address>
         <size>0xb</size>
         <input_file_ref idref="fl-5"/>
      </object_component>
      <object_component id="oc-23">
         <name>.text:decompress:none</name>
         <load_address>0xd81f</load_address>
         <run_address>0xd81f</run_address>
         <size>0x8</size>
         <input_file_ref idref="fl-46"/>
      </object_component>
      <object_component id="oc-ff">
         <name>.text:reset_PI</name>
         <load_address>0xd827</load_address>
         <run_address>0xd827</run_address>
         <size>0x7</size>
         <input_file_ref idref="fl-5"/>
      </object_component>
      <object_component id="oc-63">
         <name>.text:decompress:ZI</name>
         <load_address>0xd82e</load_address>
         <run_address>0xd82e</run_address>
         <size>0x6</size>
         <input_file_ref idref="fl-45"/>
      </object_component>
      <object_component id="oc-220">
         <name>.text:myINPUTXBARINPUT0_init</name>
         <load_address>0xd834</load_address>
         <run_address>0xd834</run_address>
         <size>0x6</size>
         <input_file_ref idref="fl-2"/>
      </object_component>
      <object_component id="oc-207">
         <name>.text:Interrupt_defaultHandler</name>
         <load_address>0xd83a</load_address>
         <run_address>0xd83a</run_address>
         <size>0x4</size>
         <input_file_ref idref="fl-21"/>
      </object_component>
      <object_component id="oc-d7">
         <name>.text:__error__</name>
         <load_address>0xd83e</load_address>
         <run_address>0xd83e</run_address>
         <size>0x3</size>
         <input_file_ref idref="fl-9"/>
      </object_component>
      <object_component id="oc-213">
         <name>.text:Interrupt_illegalOperationHandler</name>
         <load_address>0xd841</load_address>
         <run_address>0xd841</run_address>
         <size>0x2</size>
         <input_file_ref idref="fl-21"/>
      </object_component>
      <object_component id="oc-20d">
         <name>.text:Interrupt_nmiHandler</name>
         <load_address>0xd843</load_address>
         <run_address>0xd843</run_address>
         <size>0x2</size>
         <input_file_ref idref="fl-21"/>
      </object_component>
      <object_component id="oc-b9">
         <name>.text</name>
         <load_address>0xd845</load_address>
         <run_address>0xd845</run_address>
         <size>0x2</size>
         <input_file_ref idref="fl-43"/>
      </object_component>
      <object_component id="oc-1cb">
         <name>.text</name>
         <load_address>0xd847</load_address>
         <run_address>0xd847</run_address>
         <size>0x1</size>
         <input_file_ref idref="fl-49"/>
      </object_component>
      <object_component id="oc-174">
         <name>.text</name>
         <load_address>0xd848</load_address>
         <run_address>0xd848</run_address>
         <size>0x1</size>
         <input_file_ref idref="fl-4e"/>
      </object_component>
      <object_component id="oc-3c7">
         <name>.cinit..data.load</name>
         <load_address>0xa8b2</load_address>
         <run_address>0xa8b2</run_address>
         <size>0x20</size>
      </object_component>
      <object_component id="oc-3c8">
         <name>.cinit.ramgs0.load</name>
         <load_address>0xa8d2</load_address>
         <run_address>0xa8d2</run_address>
         <size>0x6</size>
      </object_component>
      <object_component id="oc-3c4">
         <name>__TI_handler_table</name>
         <load_address>0xa8d8</load_address>
         <run_address>0xa8d8</run_address>
         <size>0x6</size>
      </object_component>
      <object_component id="oc-3cc">
         <name>.cinit.Cla1ToCpuMsgRAM.load</name>
         <load_address>0xa8de</load_address>
         <run_address>0xa8de</run_address>
         <size>0x5</size>
      </object_component>
      <object_component id="oc-3cd">
         <name>.cinit.CpuToCla1MsgRAM.load</name>
         <load_address>0xa8e3</load_address>
         <run_address>0xa8e3</run_address>
         <size>0x5</size>
      </object_component>
      <object_component id="oc-3c6">
         <name>.cinit..bss.load</name>
         <load_address>0xa8e8</load_address>
         <run_address>0xa8e8</run_address>
         <size>0x4</size>
      </object_component>
      <object_component id="oc-3ca">
         <name>.cinit..bss_cla.load</name>
         <load_address>0xa8ec</load_address>
         <run_address>0xa8ec</run_address>
         <size>0x4</size>
      </object_component>
      <object_component id="oc-3c9">
         <name>.cinit..scratchpad.load</name>
         <load_address>0xa8f0</load_address>
         <run_address>0xa8f0</run_address>
         <size>0x4</size>
      </object_component>
      <object_component id="oc-3cb">
         <name>.cinit.Cla1DataRam.load</name>
         <load_address>0xa8f4</load_address>
         <run_address>0xa8f4</run_address>
         <size>0x4</size>
      </object_component>
      <object_component id="oc-3c5">
         <name>__TI_cinit_table</name>
         <load_address>0xa8f8</load_address>
         <run_address>0xa8f8</run_address>
         <size>0x20</size>
      </object_component>
      <object_component id="oc-53">
         <name>.stack</name>
         <uninitialized>true</uninitialized>
         <run_address>0x400</run_address>
         <size>0x0</size>
         <input_file_ref idref="fl-41"/>
      </object_component>
      <object_component id="oc-3ce">
         <name>.stack</name>
         <uninitialized>true</uninitialized>
         <run_address>0x400</run_address>
         <size>0x0</size>
      </object_component>
      <object_component id="oc-88">
         <name>.bss</name>
         <uninitialized>true</uninitialized>
         <run_address>0xa8b0</run_address>
         <size>0x2</size>
         <input_file_ref idref="fl-6"/>
      </object_component>
      <object_component id="oc-ed">
         <name>.bss:Vo_controller</name>
         <uninitialized>true</uninitialized>
         <run_address>0xa89c</run_address>
         <size>0x8</size>
         <input_file_ref idref="fl-6"/>
      </object_component>
      <object_component id="oc-f0">
         <name>.bss:Il_controller</name>
         <uninitialized>true</uninitialized>
         <run_address>0xa894</run_address>
         <size>0x8</size>
         <input_file_ref idref="fl-6"/>
      </object_component>
      <object_component id="oc-27b">
         <name>.bss</name>
         <uninitialized>true</uninitialized>
         <run_address>0xa8ac</run_address>
         <size>0x4</size>
         <input_file_ref idref="fl-7"/>
      </object_component>
      <object_component id="oc-106">
         <name>.bss</name>
         <uninitialized>true</uninitialized>
         <run_address>0xa8a4</run_address>
         <size>0x8</size>
         <input_file_ref idref="fl-8"/>
      </object_component>
      <object_component id="oc-10c">
         <name>.bss:vo_buff</name>
         <uninitialized>true</uninitialized>
         <run_address>0xa884</run_address>
         <size>0x10</size>
         <input_file_ref idref="fl-8"/>
      </object_component>
      <object_component id="oc-10f">
         <name>.bss:io_buff</name>
         <uninitialized>true</uninitialized>
         <run_address>0xa864</run_address>
         <size>0x10</size>
         <input_file_ref idref="fl-8"/>
      </object_component>
      <object_component id="oc-109">
         <name>.bss:tr_buff</name>
         <uninitialized>true</uninitialized>
         <run_address>0xa874</run_address>
         <size>0x10</size>
         <input_file_ref idref="fl-8"/>
      </object_component>
      <object_component id="oc-278">
         <name>.bss:io_filter_buff</name>
         <uninitialized>true</uninitialized>
         <run_address>0xa800</run_address>
         <size>0x64</size>
         <input_file_ref idref="fl-7"/>
      </object_component>
      <object_component id="oc-294">
         <name>.const:.string</name>
         <load_address>0xb000</load_address>
         <run_address>0xb000</run_address>
         <size>0xdf</size>
         <input_file_ref idref="fl-4f"/>
      </object_component>
      <object_component id="oc-36e">
         <name>.const:.string</name>
         <load_address>0xb0e0</load_address>
         <run_address>0xb0e0</run_address>
         <size>0x89</size>
         <input_file_ref idref="fl-2"/>
      </object_component>
      <object_component id="oc-d6">
         <name>.const:.string</name>
         <load_address>0xb16a</load_address>
         <run_address>0xb16a</run_address>
         <size>0x43</size>
         <input_file_ref idref="fl-6"/>
      </object_component>
      <object_component id="oc-305">
         <name>.const:.string</name>
         <load_address>0xb1ae</load_address>
         <run_address>0xb1ae</run_address>
         <size>0x38</size>
         <input_file_ref idref="fl-29"/>
      </object_component>
      <object_component id="oc-72">
         <name>.data</name>
         <load_address>0xb200</load_address>
         <run_address>0xb200</run_address>
         <size>0x36</size>
         <input_file_ref idref="fl-6"/>
      </object_component>
      <object_component id="oc-151">
         <name>.data</name>
         <load_address>0xb1e6</load_address>
         <run_address>0xb1e6</run_address>
         <size>0x6</size>
         <input_file_ref idref="fl-48"/>
      </object_component>
      <object_component id="oc-167">
         <name>.data</name>
         <load_address>0xb1ee</load_address>
         <run_address>0xb1ee</run_address>
         <size>0x2</size>
         <input_file_ref idref="fl-5"/>
      </object_component>
      <object_component id="oc-154">
         <name>.data:_lock</name>
         <load_address>0xb1ec</load_address>
         <run_address>0xb1ec</run_address>
         <size>0x2</size>
         <input_file_ref idref="fl-49"/>
      </object_component>
      <object_component id="oc-113">
         <name>ramgs0:init</name>
         <load_address>0xc00e</load_address>
         <run_address>0xc00e</run_address>
         <size>0x4</size>
         <input_file_ref idref="fl-6"/>
      </object_component>
      <object_component id="oc-cf">
         <name>ramgs0:uninit</name>
         <load_address>0xc000</load_address>
         <run_address>0xc000</run_address>
         <size>0xe</size>
         <input_file_ref idref="fl-6"/>
      </object_component>
      <object_component id="oc-2ab">
         <name>Cla1Prog:Cla1Task1</name>
         <load_address>0x8000</load_address>
         <run_address>0x8000</run_address>
         <size>0x2ac</size>
         <input_file_ref idref="fl-4"/>
      </object_component>
      <object_component id="oc-32e">
         <name>Cla1Prog:hh1</name>
         <load_address>0x82ac</load_address>
         <run_address>0x82ac</run_address>
         <size>0x21e</size>
         <input_file_ref idref="fl-4"/>
      </object_component>
      <object_component id="oc-334">
         <name>Cla1Prog:hh2</name>
         <load_address>0x84ca</load_address>
         <run_address>0x84ca</run_address>
         <size>0x1d8</size>
         <input_file_ref idref="fl-4"/>
      </object_component>
      <object_component id="oc-322">
         <name>Cla1Prog:partial_norms</name>
         <load_address>0x86a2</load_address>
         <run_address>0x86a2</run_address>
         <size>0x9c</size>
         <input_file_ref idref="fl-4"/>
      </object_component>
      <object_component id="oc-33a">
         <name>Cla1Prog:back_subs</name>
         <load_address>0x873e</load_address>
         <run_address>0x873e</run_address>
         <size>0x72</size>
         <input_file_ref idref="fl-4"/>
      </object_component>
      <object_component id="oc-328">
         <name>Cla1Prog:pivot</name>
         <load_address>0x87b0</load_address>
         <run_address>0x87b0</run_address>
         <size>0x3a</size>
         <input_file_ref idref="fl-4"/>
      </object_component>
      <object_component id="oc-31c">
         <name>Cla1Prog:derivatives</name>
         <load_address>0xa000</load_address>
         <run_address>0xa000</run_address>
         <size>0x1d6</size>
         <input_file_ref idref="fl-4"/>
      </object_component>
      <object_component id="oc-380">
         <name>.scratchpad:Cla1Prog:partial_norms</name>
         <uninitialized>true</uninitialized>
         <run_address>0x9c1a</run_address>
         <size>0x2</size>
         <input_file_ref idref="fl-4"/>
      </object_component>
      <object_component id="oc-37e">
         <name>.scratchpad:Cla1Prog:derivatives</name>
         <uninitialized>true</uninitialized>
         <run_address>0x9c1a</run_address>
         <size>0x6</size>
         <input_file_ref idref="fl-4"/>
      </object_component>
      <object_component id="oc-385">
         <name>.scratchpad:Cla1Prog:back_subs</name>
         <uninitialized>true</uninitialized>
         <run_address>0x9c1a</run_address>
         <size>0x2</size>
         <input_file_ref idref="fl-4"/>
      </object_component>
      <object_component id="oc-316">
         <name>.bss_cla</name>
         <uninitialized>true</uninitialized>
         <run_address>0x9c10</run_address>
         <size>0xa</size>
         <input_file_ref idref="fl-4"/>
      </object_component>
      <object_component id="oc-340">
         <name>.bss_cla:valid_smpl_val_v</name>
         <uninitialized>true</uninitialized>
         <run_address>0x9b80</run_address>
         <size>0x90</size>
         <input_file_ref idref="fl-4"/>
      </object_component>
      <object_component id="oc-343">
         <name>.bss_cla:valid_smpl_val_i</name>
         <uninitialized>true</uninitialized>
         <run_address>0x9af0</run_address>
         <size>0x90</size>
         <input_file_ref idref="fl-4"/>
      </object_component>
      <object_component id="oc-319">
         <name>Cla1DataRam</name>
         <uninitialized>true</uninitialized>
         <run_address>0x9800</run_address>
         <size>0x2f0</size>
         <input_file_ref idref="fl-4"/>
      </object_component>
      <object_component id="oc-75">
         <name>Cla1ToCpuMsgRAM</name>
         <load_address>0x1480</load_address>
         <run_address>0x1480</run_address>
         <size>0x4</size>
         <input_file_ref idref="fl-6"/>
      </object_component>
      <object_component id="oc-6f">
         <name>CpuToCla1MsgRAM:init</name>
         <load_address>0x1510</load_address>
         <run_address>0x1510</run_address>
         <size>0x1</size>
         <input_file_ref idref="fl-6"/>
      </object_component>
      <object_component id="oc-e9">
         <name>CpuToCla1MsgRAM:uninit</name>
         <load_address>0x1500</load_address>
         <run_address>0x1500</run_address>
         <size>0x10</size>
         <input_file_ref idref="fl-6"/>
      </object_component>
      <object_component id="oc-85">
         <name>.debug_types</name>
         <load_address>0x0</load_address>
         <run_address>0x0</run_address>
         <size>0x46de</size>
         <input_file_ref idref="fl-2"/>
      </object_component>
      <object_component id="oc-347">
         <name>.debug_types</name>
         <load_address>0x46de</load_address>
         <run_address>0x46de</run_address>
         <size>0x2ff</size>
         <input_file_ref idref="fl-4"/>
      </object_component>
      <object_component id="oc-87">
         <name>.debug_types</name>
         <load_address>0x49dd</load_address>
         <run_address>0x49dd</run_address>
         <size>0x9f6</size>
         <input_file_ref idref="fl-6"/>
      </object_component>
      <object_component id="oc-15c">
         <name>.debug_types</name>
         <load_address>0x53d3</load_address>
         <run_address>0x53d3</run_address>
         <size>0x413</size>
         <input_file_ref idref="fl-9"/>
      </object_component>
      <object_component id="oc-df">
         <name>.debug_types</name>
         <load_address>0x0</load_address>
         <run_address>0x0</run_address>
         <size>0x0</size>
         <input_file_ref idref="fl-21"/>
      </object_component>
      <object_component id="oc-280">
         <name>.debug_types</name>
         <load_address>0x57e6</load_address>
         <run_address>0x57e6</run_address>
         <size>0x1d4</size>
         <input_file_ref idref="fl-29"/>
      </object_component>
      <object_component id="oc-17b">
         <name>.debug_types</name>
         <load_address>0x59ba</load_address>
         <run_address>0x59ba</run_address>
         <size>0x4b9</size>
         <input_file_ref idref="fl-44"/>
      </object_component>
      <object_component id="oc-158">
         <name>.debug_types</name>
         <load_address>0x5e73</load_address>
         <run_address>0x5e73</run_address>
         <size>0xbf</size>
         <input_file_ref idref="fl-48"/>
      </object_component>
      <object_component id="oc-150">
         <name>.debug_types</name>
         <load_address>0x5f32</load_address>
         <run_address>0x5f32</run_address>
         <size>0xe1</size>
         <input_file_ref idref="fl-4a"/>
      </object_component>
      <object_component id="oc-1da">
         <name>.debug_types</name>
         <load_address>0x0</load_address>
         <run_address>0x0</run_address>
         <size>0x0</size>
         <input_file_ref idref="fl-4e"/>
      </object_component>
      <object_component id="oc-55">
         <name>.debug_types</name>
         <load_address>0x6013</load_address>
         <run_address>0x6013</run_address>
         <size>0x67f5</size>
         <input_file_ref idref="fl-4f"/>
      </object_component>
      <object_component id="oc-269">
         <name>.debug_info</name>
         <load_address>0x0</load_address>
         <run_address>0x0</run_address>
         <size>0x1fd</size>
         <input_file_ref idref="fl-2"/>
      </object_component>
      <object_component id="oc-26f">
         <name>.debug_info</name>
         <load_address>0x1fd</load_address>
         <run_address>0x1fd</run_address>
         <size>0x1b4</size>
         <input_file_ref idref="fl-2"/>
      </object_component>
      <object_component id="oc-221">
         <name>.debug_info</name>
         <load_address>0x3b1</load_address>
         <run_address>0x3b1</run_address>
         <size>0x190</size>
         <input_file_ref idref="fl-2"/>
      </object_component>
      <object_component id="oc-2dc">
         <name>.debug_info</name>
         <load_address>0x541</load_address>
         <run_address>0x541</run_address>
         <size>0x1e8</size>
         <input_file_ref idref="fl-2"/>
      </object_component>
      <object_component id="oc-2d6">
         <name>.debug_info</name>
         <load_address>0x729</load_address>
         <run_address>0x729</run_address>
         <size>0x1e8</size>
         <input_file_ref idref="fl-2"/>
      </object_component>
      <object_component id="oc-24b">
         <name>.debug_info</name>
         <load_address>0x911</load_address>
         <run_address>0x911</run_address>
         <size>0x1cb</size>
         <input_file_ref idref="fl-2"/>
      </object_component>
      <object_component id="oc-233">
         <name>.debug_info</name>
         <load_address>0xadc</load_address>
         <run_address>0xadc</run_address>
         <size>0x194</size>
         <input_file_ref idref="fl-2"/>
      </object_component>
      <object_component id="oc-245">
         <name>.debug_info</name>
         <load_address>0xc70</load_address>
         <run_address>0xc70</run_address>
         <size>0x1a5</size>
         <input_file_ref idref="fl-2"/>
      </object_component>
      <object_component id="oc-23f">
         <name>.debug_info</name>
         <load_address>0xe15</load_address>
         <run_address>0xe15</run_address>
         <size>0x1a4</size>
         <input_file_ref idref="fl-2"/>
      </object_component>
      <object_component id="oc-2e9">
         <name>.debug_info</name>
         <load_address>0xfb9</load_address>
         <run_address>0xfb9</run_address>
         <size>0x291</size>
         <input_file_ref idref="fl-2"/>
      </object_component>
      <object_component id="oc-263">
         <name>.debug_info</name>
         <load_address>0x124a</load_address>
         <run_address>0x124a</run_address>
         <size>0x1ed</size>
         <input_file_ref idref="fl-2"/>
      </object_component>
      <object_component id="oc-227">
         <name>.debug_info</name>
         <load_address>0x1437</load_address>
         <run_address>0x1437</run_address>
         <size>0x176</size>
         <input_file_ref idref="fl-2"/>
      </object_component>
      <object_component id="oc-21b">
         <name>.debug_info</name>
         <load_address>0x15ad</load_address>
         <run_address>0x15ad</run_address>
         <size>0x40e</size>
         <input_file_ref idref="fl-2"/>
      </object_component>
      <object_component id="oc-239">
         <name>.debug_info</name>
         <load_address>0x19bb</load_address>
         <run_address>0x19bb</run_address>
         <size>0x3c2</size>
         <input_file_ref idref="fl-2"/>
      </object_component>
      <object_component id="oc-251">
         <name>.debug_info</name>
         <load_address>0x1d7d</load_address>
         <run_address>0x1d7d</run_address>
         <size>0x192</size>
         <input_file_ref idref="fl-2"/>
      </object_component>
      <object_component id="oc-31">
         <name>.debug_info</name>
         <load_address>0x1f0f</load_address>
         <run_address>0x1f0f</run_address>
         <size>0x1ee</size>
         <input_file_ref idref="fl-2"/>
      </object_component>
      <object_component id="oc-25e">
         <name>.debug_info</name>
         <load_address>0x20fd</load_address>
         <run_address>0x20fd</run_address>
         <size>0x921</size>
         <input_file_ref idref="fl-2"/>
      </object_component>
      <object_component id="oc-258">
         <name>.debug_info</name>
         <load_address>0x2a1e</load_address>
         <run_address>0x2a1e</run_address>
         <size>0x196</size>
         <input_file_ref idref="fl-2"/>
      </object_component>
      <object_component id="oc-22f">
         <name>.debug_info</name>
         <load_address>0x2bb4</load_address>
         <run_address>0x2bb4</run_address>
         <size>0x17c</size>
         <input_file_ref idref="fl-2"/>
      </object_component>
      <object_component id="oc-1a3">
         <name>.debug_info</name>
         <load_address>0x2d30</load_address>
         <run_address>0x2d30</run_address>
         <size>0x2b4</size>
         <input_file_ref idref="fl-2"/>
      </object_component>
      <object_component id="oc-31a">
         <name>.debug_info</name>
         <load_address>0x2fe4</load_address>
         <run_address>0x2fe4</run_address>
         <size>0x3eb</size>
         <input_file_ref idref="fl-4"/>
      </object_component>
      <object_component id="oc-317">
         <name>.debug_info</name>
         <load_address>0x33cf</load_address>
         <run_address>0x33cf</run_address>
         <size>0x213</size>
         <input_file_ref idref="fl-4"/>
      </object_component>
      <object_component id="oc-341">
         <name>.debug_info</name>
         <load_address>0x35e2</load_address>
         <run_address>0x35e2</run_address>
         <size>0x17f</size>
         <input_file_ref idref="fl-4"/>
      </object_component>
      <object_component id="oc-344">
         <name>.debug_info</name>
         <load_address>0x3761</load_address>
         <run_address>0x3761</run_address>
         <size>0x17f</size>
         <input_file_ref idref="fl-4"/>
      </object_component>
      <object_component id="oc-32b">
         <name>.debug_info</name>
         <load_address>0x38e0</load_address>
         <run_address>0x38e0</run_address>
         <size>0x189</size>
         <input_file_ref idref="fl-4"/>
      </object_component>
      <object_component id="oc-324">
         <name>.debug_info</name>
         <load_address>0x3a69</load_address>
         <run_address>0x3a69</run_address>
         <size>0x199</size>
         <input_file_ref idref="fl-4"/>
      </object_component>
      <object_component id="oc-338">
         <name>.debug_info</name>
         <load_address>0x3c02</load_address>
         <run_address>0x3c02</run_address>
         <size>0x1cf</size>
         <input_file_ref idref="fl-4"/>
      </object_component>
      <object_component id="oc-332">
         <name>.debug_info</name>
         <load_address>0x3dd1</load_address>
         <run_address>0x3dd1</run_address>
         <size>0x1cf</size>
         <input_file_ref idref="fl-4"/>
      </object_component>
      <object_component id="oc-31f">
         <name>.debug_info</name>
         <load_address>0x3fa0</load_address>
         <run_address>0x3fa0</run_address>
         <size>0x1eb</size>
         <input_file_ref idref="fl-4"/>
      </object_component>
      <object_component id="oc-33e">
         <name>.debug_info</name>
         <load_address>0x418b</load_address>
         <run_address>0x418b</run_address>
         <size>0x1cd</size>
         <input_file_ref idref="fl-4"/>
      </object_component>
      <object_component id="oc-2ae">
         <name>.debug_info</name>
         <load_address>0x4358</load_address>
         <run_address>0x4358</run_address>
         <size>0x1e2</size>
         <input_file_ref idref="fl-4"/>
      </object_component>
      <object_component id="oc-73">
         <name>.debug_info</name>
         <load_address>0x453a</load_address>
         <run_address>0x453a</run_address>
         <size>0x55f</size>
         <input_file_ref idref="fl-6"/>
      </object_component>
      <object_component id="oc-89">
         <name>.debug_info</name>
         <load_address>0x4a99</load_address>
         <run_address>0x4a99</run_address>
         <size>0x177</size>
         <input_file_ref idref="fl-6"/>
      </object_component>
      <object_component id="oc-70">
         <name>.debug_info</name>
         <load_address>0x4c10</load_address>
         <run_address>0x4c10</run_address>
         <size>0x14d</size>
         <input_file_ref idref="fl-6"/>
      </object_component>
      <object_component id="oc-76">
         <name>.debug_info</name>
         <load_address>0x4d5d</load_address>
         <run_address>0x4d5d</run_address>
         <size>0x167</size>
         <input_file_ref idref="fl-6"/>
      </object_component>
      <object_component id="oc-114">
         <name>.debug_info</name>
         <load_address>0x4ec4</load_address>
         <run_address>0x4ec4</run_address>
         <size>0x167</size>
         <input_file_ref idref="fl-6"/>
      </object_component>
      <object_component id="oc-d0">
         <name>.debug_info</name>
         <load_address>0x502b</load_address>
         <run_address>0x502b</run_address>
         <size>0x183</size>
         <input_file_ref idref="fl-6"/>
      </object_component>
      <object_component id="oc-ee">
         <name>.debug_info</name>
         <load_address>0x51ae</load_address>
         <run_address>0x51ae</run_address>
         <size>0x159</size>
         <input_file_ref idref="fl-6"/>
      </object_component>
      <object_component id="oc-f1">
         <name>.debug_info</name>
         <load_address>0x5307</load_address>
         <run_address>0x5307</run_address>
         <size>0x159</size>
         <input_file_ref idref="fl-6"/>
      </object_component>
      <object_component id="oc-ea">
         <name>.debug_info</name>
         <load_address>0x5460</load_address>
         <run_address>0x5460</run_address>
         <size>0x18b</size>
         <input_file_ref idref="fl-6"/>
      </object_component>
      <object_component id="oc-96">
         <name>.debug_info</name>
         <load_address>0x55eb</load_address>
         <run_address>0x55eb</run_address>
         <size>0x174</size>
         <input_file_ref idref="fl-6"/>
      </object_component>
      <object_component id="oc-14b">
         <name>.debug_info</name>
         <load_address>0x575f</load_address>
         <run_address>0x575f</run_address>
         <size>0x23b</size>
         <input_file_ref idref="fl-6"/>
      </object_component>
      <object_component id="oc-a8">
         <name>.debug_info</name>
         <load_address>0x599a</load_address>
         <run_address>0x599a</run_address>
         <size>0x168</size>
         <input_file_ref idref="fl-6"/>
      </object_component>
      <object_component id="oc-9b">
         <name>.debug_info</name>
         <load_address>0x5b02</load_address>
         <run_address>0x5b02</run_address>
         <size>0x1de</size>
         <input_file_ref idref="fl-6"/>
      </object_component>
      <object_component id="oc-79">
         <name>.debug_info</name>
         <load_address>0x5ce0</load_address>
         <run_address>0x5ce0</run_address>
         <size>0x1b7</size>
         <input_file_ref idref="fl-6"/>
      </object_component>
      <object_component id="oc-36">
         <name>.debug_info</name>
         <load_address>0x5e97</load_address>
         <run_address>0x5e97</run_address>
         <size>0x195</size>
         <input_file_ref idref="fl-6"/>
      </object_component>
      <object_component id="oc-8f">
         <name>.debug_info</name>
         <load_address>0x602c</load_address>
         <run_address>0x602c</run_address>
         <size>0x176</size>
         <input_file_ref idref="fl-6"/>
      </object_component>
      <object_component id="oc-3c">
         <name>.debug_info</name>
         <load_address>0x61a2</load_address>
         <run_address>0x61a2</run_address>
         <size>0x1aa</size>
         <input_file_ref idref="fl-6"/>
      </object_component>
      <object_component id="oc-42">
         <name>.debug_info</name>
         <load_address>0x634c</load_address>
         <run_address>0x634c</run_address>
         <size>0x176</size>
         <input_file_ref idref="fl-6"/>
      </object_component>
      <object_component id="oc-48">
         <name>.debug_info</name>
         <load_address>0x64c2</load_address>
         <run_address>0x64c2</run_address>
         <size>0x17a</size>
         <input_file_ref idref="fl-6"/>
      </object_component>
      <object_component id="oc-4e">
         <name>.debug_info</name>
         <load_address>0x663c</load_address>
         <run_address>0x663c</run_address>
         <size>0x210</size>
         <input_file_ref idref="fl-6"/>
      </object_component>
      <object_component id="oc-d9">
         <name>.debug_info</name>
         <load_address>0x684c</load_address>
         <run_address>0x684c</run_address>
         <size>0x1a2</size>
         <input_file_ref idref="fl-9"/>
      </object_component>
      <object_component id="oc-191">
         <name>.debug_info</name>
         <load_address>0x69ee</load_address>
         <run_address>0x69ee</run_address>
         <size>0x189</size>
         <input_file_ref idref="fl-9"/>
      </object_component>
      <object_component id="oc-1ed">
         <name>.debug_info</name>
         <load_address>0x6b77</load_address>
         <run_address>0x6b77</run_address>
         <size>0x1a0</size>
         <input_file_ref idref="fl-9"/>
      </object_component>
      <object_component id="oc-18b">
         <name>.debug_info</name>
         <load_address>0x6d17</load_address>
         <run_address>0x6d17</run_address>
         <size>0x2b1</size>
         <input_file_ref idref="fl-9"/>
      </object_component>
      <object_component id="oc-2c">
         <name>.debug_info</name>
         <load_address>0x6fc8</load_address>
         <run_address>0x6fc8</run_address>
         <size>0x17c</size>
         <input_file_ref idref="fl-a"/>
      </object_component>
      <object_component id="oc-20f">
         <name>.debug_info</name>
         <load_address>0x7144</load_address>
         <run_address>0x7144</run_address>
         <size>0x1a2</size>
         <input_file_ref idref="fl-21"/>
      </object_component>
      <object_component id="oc-19c">
         <name>.debug_info</name>
         <load_address>0x72e6</load_address>
         <run_address>0x72e6</run_address>
         <size>0x1b6</size>
         <input_file_ref idref="fl-21"/>
      </object_component>
      <object_component id="oc-196">
         <name>.debug_info</name>
         <load_address>0x749c</load_address>
         <run_address>0x749c</run_address>
         <size>0x1ac</size>
         <input_file_ref idref="fl-21"/>
      </object_component>
      <object_component id="oc-215">
         <name>.debug_info</name>
         <load_address>0x7648</load_address>
         <run_address>0x7648</run_address>
         <size>0x1bc</size>
         <input_file_ref idref="fl-21"/>
      </object_component>
      <object_component id="oc-80">
         <name>.debug_info</name>
         <load_address>0x7804</load_address>
         <run_address>0x7804</run_address>
         <size>0x1f3</size>
         <input_file_ref idref="fl-21"/>
      </object_component>
      <object_component id="oc-208">
         <name>.debug_info</name>
         <load_address>0x79f7</load_address>
         <run_address>0x79f7</run_address>
         <size>0x1aa</size>
         <input_file_ref idref="fl-21"/>
      </object_component>
      <object_component id="oc-373">
         <name>.debug_info</name>
         <load_address>0x7ba1</load_address>
         <run_address>0x7ba1</run_address>
         <size>0x1b8</size>
         <input_file_ref idref="fl-29"/>
      </object_component>
      <object_component id="oc-30a">
         <name>.debug_info</name>
         <load_address>0x7d59</load_address>
         <run_address>0x7d59</run_address>
         <size>0x1d2</size>
         <input_file_ref idref="fl-29"/>
      </object_component>
      <object_component id="oc-30d">
         <name>.debug_info</name>
         <load_address>0x7f2b</load_address>
         <run_address>0x7f2b</run_address>
         <size>0x1d6</size>
         <input_file_ref idref="fl-29"/>
      </object_component>
      <object_component id="oc-289">
         <name>.debug_info</name>
         <load_address>0x8101</load_address>
         <run_address>0x8101</run_address>
         <size>0x21e</size>
         <input_file_ref idref="fl-29"/>
      </object_component>
      <object_component id="oc-28f">
         <name>.debug_info</name>
         <load_address>0x831f</load_address>
         <run_address>0x831f</run_address>
         <size>0x262</size>
         <input_file_ref idref="fl-29"/>
      </object_component>
      <object_component id="oc-1e0">
         <name>.debug_info</name>
         <load_address>0x8581</load_address>
         <run_address>0x8581</run_address>
         <size>0x2bd</size>
         <input_file_ref idref="fl-29"/>
      </object_component>
      <object_component id="oc-1c3">
         <name>.debug_info</name>
         <load_address>0x883e</load_address>
         <run_address>0x883e</run_address>
         <size>0x202</size>
         <input_file_ref idref="fl-29"/>
      </object_component>
      <object_component id="oc-1e8">
         <name>.debug_info</name>
         <load_address>0x8a40</load_address>
         <run_address>0x8a40</run_address>
         <size>0x1f4</size>
         <input_file_ref idref="fl-29"/>
      </object_component>
      <object_component id="oc-6a">
         <name>.debug_info</name>
         <load_address>0x8c34</load_address>
         <run_address>0x8c34</run_address>
         <size>0x140</size>
         <input_file_ref idref="fl-41"/>
      </object_component>
      <object_component id="oc-11b">
         <name>.debug_info</name>
         <load_address>0x8d74</load_address>
         <run_address>0x8d74</run_address>
         <size>0x1a7</size>
         <input_file_ref idref="fl-44"/>
      </object_component>
      <object_component id="oc-152">
         <name>.debug_info</name>
         <load_address>0x8f1b</load_address>
         <run_address>0x8f1b</run_address>
         <size>0x186</size>
         <input_file_ref idref="fl-48"/>
      </object_component>
      <object_component id="oc-c9">
         <name>.debug_info</name>
         <load_address>0x90a1</load_address>
         <run_address>0x90a1</run_address>
         <size>0x191</size>
         <input_file_ref idref="fl-48"/>
      </object_component>
      <object_component id="oc-c1">
         <name>.debug_info</name>
         <load_address>0x9232</load_address>
         <run_address>0x9232</run_address>
         <size>0x145</size>
         <input_file_ref idref="fl-4a"/>
      </object_component>
      <object_component id="oc-176">
         <name>.debug_info</name>
         <load_address>0x9377</load_address>
         <run_address>0x9377</run_address>
         <size>0x12f</size>
         <input_file_ref idref="fl-4e"/>
      </object_component>
      <object_component id="oc-27c">
         <name>.debug_info</name>
         <load_address>0x94a6</load_address>
         <run_address>0x94a6</run_address>
         <size>0x179</size>
         <input_file_ref idref="fl-4f"/>
      </object_component>
      <object_component id="oc-107">
         <name>.debug_info</name>
         <load_address>0x961f</load_address>
         <run_address>0x961f</run_address>
         <size>0x19d</size>
         <input_file_ref idref="fl-4f"/>
      </object_component>
      <object_component id="oc-155">
         <name>.debug_info</name>
         <load_address>0x97bc</load_address>
         <run_address>0x97bc</run_address>
         <size>0x13f</size>
         <input_file_ref idref="fl-4f"/>
      </object_component>
      <object_component id="oc-10d">
         <name>.debug_info</name>
         <load_address>0x98fb</load_address>
         <run_address>0x98fb</run_address>
         <size>0x143</size>
         <input_file_ref idref="fl-4f"/>
      </object_component>
      <object_component id="oc-110">
         <name>.debug_info</name>
         <load_address>0x9a3e</load_address>
         <run_address>0x9a3e</run_address>
         <size>0x143</size>
         <input_file_ref idref="fl-4f"/>
      </object_component>
      <object_component id="oc-10a">
         <name>.debug_info</name>
         <load_address>0x9b81</load_address>
         <run_address>0x9b81</run_address>
         <size>0x143</size>
         <input_file_ref idref="fl-4f"/>
      </object_component>
      <object_component id="oc-279">
         <name>.debug_info</name>
         <load_address>0x9cc4</load_address>
         <run_address>0x9cc4</run_address>
         <size>0x151</size>
         <input_file_ref idref="fl-4f"/>
      </object_component>
      <object_component id="oc-f5">
         <name>.debug_info</name>
         <load_address>0x9e15</load_address>
         <run_address>0x9e15</run_address>
         <size>0x1bd</size>
         <input_file_ref idref="fl-4f"/>
      </object_component>
      <object_component id="oc-a2">
         <name>.debug_info</name>
         <load_address>0x9fd2</load_address>
         <run_address>0x9fd2</run_address>
         <size>0x1e6</size>
         <input_file_ref idref="fl-4f"/>
      </object_component>
      <object_component id="oc-ae">
         <name>.debug_info</name>
         <load_address>0xa1b8</load_address>
         <run_address>0xa1b8</run_address>
         <size>0x199</size>
         <input_file_ref idref="fl-4f"/>
      </object_component>
      <object_component id="oc-101">
         <name>.debug_info</name>
         <load_address>0xa351</load_address>
         <run_address>0xa351</run_address>
         <size>0x197</size>
         <input_file_ref idref="fl-4f"/>
      </object_component>
      <object_component id="oc-1bb">
         <name>.debug_info</name>
         <load_address>0xa4e8</load_address>
         <run_address>0xa4e8</run_address>
         <size>0x16a</size>
         <input_file_ref idref="fl-4f"/>
      </object_component>
      <object_component id="oc-1b5">
         <name>.debug_info</name>
         <load_address>0xa652</load_address>
         <run_address>0xa652</run_address>
         <size>0x171</size>
         <input_file_ref idref="fl-4f"/>
      </object_component>
      <object_component id="oc-1af">
         <name>.debug_info</name>
         <load_address>0xa7c3</load_address>
         <run_address>0xa7c3</run_address>
         <size>0x1d1</size>
         <input_file_ref idref="fl-4f"/>
      </object_component>
      <object_component id="oc-fb">
         <name>.debug_info</name>
         <load_address>0xa994</load_address>
         <run_address>0xa994</run_address>
         <size>0x1d4</size>
         <input_file_ref idref="fl-4f"/>
      </object_component>
      <object_component id="oc-58">
         <name>.debug_info</name>
         <load_address>0xab68</load_address>
         <run_address>0xab68</run_address>
         <size>0x1c7</size>
         <input_file_ref idref="fl-4f"/>
      </object_component>
      <object_component id="oc-1cd">
         <name>.debug_info</name>
         <load_address>0xad2f</load_address>
         <run_address>0xad2f</run_address>
         <size>0x154</size>
         <input_file_ref idref="fl-4f"/>
      </object_component>
      <object_component id="oc-bb">
         <name>.debug_info</name>
         <load_address>0xae83</load_address>
         <run_address>0xae83</run_address>
         <size>0x177</size>
         <input_file_ref idref="fl-4f"/>
      </object_component>
      <object_component id="oc-66">
         <name>.debug_info</name>
         <load_address>0xaffa</load_address>
         <run_address>0xaffa</run_address>
         <size>0x1c4</size>
         <input_file_ref idref="fl-4f"/>
      </object_component>
      <object_component id="oc-26">
         <name>.debug_info</name>
         <load_address>0xb1be</load_address>
         <run_address>0xb1be</run_address>
         <size>0x1d5</size>
         <input_file_ref idref="fl-4f"/>
      </object_component>
      <object_component id="oc-20">
         <name>.debug_info</name>
         <load_address>0xb393</load_address>
         <run_address>0xb393</run_address>
         <size>0x22a</size>
         <input_file_ref idref="fl-4f"/>
      </object_component>
      <object_component id="oc-2c1">
         <name>.debug_info</name>
         <load_address>0xb5bd</load_address>
         <run_address>0xb5bd</run_address>
         <size>0x25a</size>
         <input_file_ref idref="fl-4f"/>
      </object_component>
      <object_component id="oc-2bb">
         <name>.debug_info</name>
         <load_address>0xb817</load_address>
         <run_address>0xb817</run_address>
         <size>0x22c</size>
         <input_file_ref idref="fl-4f"/>
      </object_component>
      <object_component id="oc-2a4">
         <name>.debug_info</name>
         <load_address>0xba43</load_address>
         <run_address>0xba43</run_address>
         <size>0x1f2</size>
         <input_file_ref idref="fl-4f"/>
      </object_component>
      <object_component id="oc-29e">
         <name>.debug_info</name>
         <load_address>0xbc35</load_address>
         <run_address>0xbc35</run_address>
         <size>0x1ad</size>
         <input_file_ref idref="fl-4f"/>
      </object_component>
      <object_component id="oc-1f5">
         <name>.debug_info</name>
         <load_address>0xbde2</load_address>
         <run_address>0xbde2</run_address>
         <size>0x200</size>
         <input_file_ref idref="fl-4f"/>
      </object_component>
      <object_component id="oc-2fa">
         <name>.debug_info</name>
         <load_address>0xbfe2</load_address>
         <run_address>0xbfe2</run_address>
         <size>0x1fe</size>
         <input_file_ref idref="fl-4f"/>
      </object_component>
      <object_component id="oc-1fb">
         <name>.debug_info</name>
         <load_address>0xc1e0</load_address>
         <run_address>0xc1e0</run_address>
         <size>0x1eb</size>
         <input_file_ref idref="fl-4f"/>
      </object_component>
      <object_component id="oc-2f2">
         <name>.debug_info</name>
         <load_address>0xc3cb</load_address>
         <run_address>0xc3cb</run_address>
         <size>0x1da</size>
         <input_file_ref idref="fl-4f"/>
      </object_component>
      <object_component id="oc-201">
         <name>.debug_info</name>
         <load_address>0xc5a5</load_address>
         <run_address>0xc5a5</run_address>
         <size>0x1e5</size>
         <input_file_ref idref="fl-4f"/>
      </object_component>
      <object_component id="oc-2e5">
         <name>.debug_info</name>
         <load_address>0xc78a</load_address>
         <run_address>0xc78a</run_address>
         <size>0x1ea</size>
         <input_file_ref idref="fl-4f"/>
      </object_component>
      <object_component id="oc-362">
         <name>.debug_info</name>
         <load_address>0xc974</load_address>
         <run_address>0xc974</run_address>
         <size>0x268</size>
         <input_file_ref idref="fl-4f"/>
      </object_component>
      <object_component id="oc-35c">
         <name>.debug_info</name>
         <load_address>0xcbdc</load_address>
         <run_address>0xcbdc</run_address>
         <size>0x241</size>
         <input_file_ref idref="fl-4f"/>
      </object_component>
      <object_component id="oc-368">
         <name>.debug_info</name>
         <load_address>0xce1d</load_address>
         <run_address>0xce1d</run_address>
         <size>0x1f5</size>
         <input_file_ref idref="fl-4f"/>
      </object_component>
      <object_component id="oc-356">
         <name>.debug_info</name>
         <load_address>0xd012</load_address>
         <run_address>0xd012</run_address>
         <size>0x22a</size>
         <input_file_ref idref="fl-4f"/>
      </object_component>
      <object_component id="oc-350">
         <name>.debug_info</name>
         <load_address>0xd23c</load_address>
         <run_address>0xd23c</run_address>
         <size>0x201</size>
         <input_file_ref idref="fl-4f"/>
      </object_component>
      <object_component id="oc-2d0">
         <name>.debug_info</name>
         <load_address>0xd43d</load_address>
         <run_address>0xd43d</run_address>
         <size>0x1e4</size>
         <input_file_ref idref="fl-4f"/>
      </object_component>
      <object_component id="oc-2b4">
         <name>.debug_info</name>
         <load_address>0xd621</load_address>
         <run_address>0xd621</run_address>
         <size>0x201</size>
         <input_file_ref idref="fl-4f"/>
      </object_component>
      <object_component id="oc-1aa">
         <name>.debug_info</name>
         <load_address>0xd822</load_address>
         <run_address>0xd822</run_address>
         <size>0x171</size>
         <input_file_ref idref="fl-4f"/>
      </object_component>
      <object_component id="oc-2c8">
         <name>.debug_info</name>
         <load_address>0xd993</load_address>
         <run_address>0xd993</run_address>
         <size>0x1de</size>
         <input_file_ref idref="fl-4f"/>
      </object_component>
      <object_component id="oc-3d2">
         <name>.debug_info</name>
         <load_address>0xdb71</load_address>
         <run_address>0xdb71</run_address>
         <size>0x11b</size>
      </object_component>
      <object_component id="oc-26d">
         <name>.debug_line</name>
         <load_address>0x0</load_address>
         <run_address>0x0</run_address>
         <size>0xb0</size>
         <input_file_ref idref="fl-2"/>
      </object_component>
      <object_component id="oc-273">
         <name>.debug_line</name>
         <load_address>0xb0</load_address>
[...]
         <value>0xd475</value>
         <object_component_ref idref="oc-226"/>
      </symbol>
      <symbol id="sm-283">
         <name>myADC1_init</name>
         <value>0xcdef</value>
         <object_component_ref idref="oc-244"/>
      </symbol>
      <symbol id="sm-284">
         <name>CLA_init</name>
         <value>0xd735</value>
         <object_component_ref idref="oc-232"/>
      </symbol>
      <symbol id="sm-285">
         <name>L_out_val_init</name>
         <value>0xd615</value>
         <object_component_ref idref="oc-250"/>
      </symbol>
      <symbol id="sm-286">
         <name>EPWM_init</name>
         <value>0xc012</value>
         <object_component_ref idref="oc-25c"/>
      </symbol>
      <symbol id="sm-287">
         <name>transient_det_pin_XINT_init</name>
         <value>0xd7c0</value>
         <object_component_ref idref="oc-26e"/>
      </symbol>
      <symbol id="sm-288">
         <name>CPUTIMER_init</name>
         <value>0xd5a9</value>
         <object_component_ref idref="oc-24a"/>
      </symbol>
      <symbol id="sm-289">
         <name>myCLA0_init</name>
         <value>0xd735</value>
         <object_component_ref idref="oc-232"/>
      </symbol>
      <symbol id="sm-28a">
         <name>ASYSCTL_init</name>
         <value>0xd7ef</value>
         <object_component_ref idref="oc-22c"/>
      </symbol>
      <symbol id="sm-28b">
         <name>DMA_init</name>
         <value>0xd7e1</value>
         <object_component_ref idref="oc-256"/>
      </symbol>
      <symbol id="sm-28c">
         <name>myCPUTIMER0_init</name>
         <value>0xd5a9</value>
         <object_component_ref idref="oc-24a"/>
      </symbol>
      <symbol id="sm-28d">
         <name>transient_det_pin_init</name>
         <value>0xd74d</value>
         <object_component_ref idref="oc-268"/>
      </symbol>
      <symbol id="sm-30a">
         <name>dot</name>
         <value>0x9ae0</value>
         <object_component_ref idref="oc-319"/>
      </symbol>
      <symbol id="sm-30b">
         <name>beta</name>
         <value>0x9adc</value>
         <object_component_ref idref="oc-319"/>
      </symbol>
      <symbol id="sm-30c">
         <name>hh2</name>
         <value>0x84ca</value>
         <object_component_ref idref="oc-334"/>
      </symbol>
      <symbol id="sm-30d">
         <name>hh1</name>
         <value>0x82ac</value>
         <object_component_ref idref="oc-32e"/>
      </symbol>
      <symbol id="sm-30e">
         <name>n1_partial</name>
         <value>0x9ad2</value>
         <object_component_ref idref="oc-319"/>
      </symbol>
      <symbol id="sm-30f">
         <name>beta2</name>
         <value>0x9ae6</value>
         <object_component_ref idref="oc-319"/>
      </symbol>
      <symbol id="sm-310">
         <name>back_subs</name>
         <value>0x873e</value>
         <object_component_ref idref="oc-33a"/>
      </symbol>
      <symbol id="sm-311">
         <name>sat_smpl</name>
         <value>0x9c12</value>
         <object_component_ref idref="oc-316"/>
      </symbol>
      <symbol id="sm-312">
         <name>pivot</name>
         <value>0x87b0</value>
         <object_component_ref idref="oc-328"/>
      </symbol>
      <symbol id="sm-313">
         <name>ef_index</name>
         <value>0x9c16</value>
         <object_component_ref idref="oc-316"/>
      </symbol>
      <symbol id="sm-314">
         <name>alpha2</name>
         <value>0x9ae4</value>
         <object_component_ref idref="oc-319"/>
      </symbol>
      <symbol id="sm-315">
         <name>vv</name>
         <value>0x9ade</value>
         <object_component_ref idref="oc-319"/>
      </symbol>
      <symbol id="sm-316">
         <name>v2</name>
         <value>0x9a42</value>
         <object_component_ref idref="oc-319"/>
      </symbol>
      <symbol id="sm-317">
         <name>i</name>
         <value>0x9800</value>
         <object_component_ref idref="oc-319"/>
      </symbol>
      <symbol id="sm-318">
         <name>col1</name>
         <value>0x9ad9</value>
         <object_component_ref idref="oc-319"/>
      </symbol>
      <symbol id="sm-319">
         <name>col0</name>
         <value>0x9ad8</value>
         <object_component_ref idref="oc-319"/>
      </symbol>
      <symbol id="sm-31a">
         <name>Cla1Task1</name>
         <value>0x8000</value>
         <object_component_ref idref="oc-2ab"/>
      </symbol>
      <symbol id="sm-31b">
         <name>n2_partial</name>
         <value>0x9ad4</value>
         <object_component_ref idref="oc-319"/>
      </symbol>
      <symbol id="sm-31c">
         <name>piv1</name>
         <value>0x9ad7</value>
         <object_component_ref idref="oc-319"/>
      </symbol>
      <symbol id="sm-31d">
         <name>piv0</name>
         <value>0x9ad6</value>
         <object_component_ref idref="oc-319"/>
      </symbol>
      <symbol id="sm-31e">
         <name>v_h</name>
         <value>0x99b2</value>
         <object_component_ref idref="oc-319"/>
      </symbol>
      <symbol id="sm-31f">
         <name>v2v2</name>
         <value>0x9ae8</value>
         <object_component_ref idref="oc-319"/>
      </symbol>
      <symbol id="sm-320">
         <name>single_smpl</name>
         <value>0x9c18</value>
         <object_component_ref idref="oc-316"/>
      </symbol>
      <symbol id="sm-321">
         <name>derivatives</name>
         <value>0xa000</value>
         <object_component_ref idref="oc-31c"/>
      </symbol>
      <symbol id="sm-322">
         <name>dio_smpl_cla</name>
         <value>0x9922</value>
         <object_component_ref idref="oc-319"/>
      </symbol>
      <symbol id="sm-323">
         <name>alpha</name>
         <value>0x9ada</value>
         <object_component_ref idref="oc-319"/>
      </symbol>
      <symbol id="sm-324">
         <name>nsat_smpl</name>
         <value>0x9c10</value>
         <object_component_ref idref="oc-316"/>
      </symbol>
      <symbol id="sm-325">
         <name>sol</name>
         <value>0x9aec</value>
         <object_component_ref idref="oc-319"/>
      </symbol>
      <symbol id="sm-326">
         <name>nsat_smpl_prev</name>
         <value>0x9c14</value>
         <object_component_ref idref="oc-316"/>
      </symbol>
      <symbol id="sm-327">
         <name>partial_norms</name>
         <value>0x86a2</value>
         <object_component_ref idref="oc-322"/>
      </symbol>
      <symbol id="sm-328">
         <name>vo_smpl_cla</name>
         <value>0x9802</value>
         <object_component_ref idref="oc-319"/>
      </symbol>
      <symbol id="sm-329">
         <name>valid_smpl_val_v</name>
         <value>0x9b80</value>
         <object_component_ref idref="oc-340"/>
      </symbol>
      <symbol id="sm-32a">
         <name>valid_smpl_val_i</name>
         <value>0x9af0</value>
         <object_component_ref idref="oc-343"/>
      </symbol>
      <symbol id="sm-32b">
         <name>io_smpl_cla</name>
         <value>0x9892</value>
         <object_component_ref idref="oc-319"/>
      </symbol>
      <symbol id="sm-32c">
         <name>dot2</name>
         <value>0x9aea</value>
         <object_component_ref idref="oc-319"/>
      </symbol>
      <symbol id="sm-32d">
         <name>dot1</name>
         <value>0x9ae2</value>
         <object_component_ref idref="oc-319"/>
      </symbol>
      <symbol id="sm-3bd">
         <name>Il_avg</name>
         <value>0xb214</value>
         <object_component_ref idref="oc-72"/>
      </symbol>
      <symbol id="sm-3be">
         <name>Il_error</name>
         <value>0xb21c</value>
         <object_component_ref idref="oc-72"/>
      </symbol>
      <symbol id="sm-3bf">
         <name>Vo_controller</name>
         <value>0xa89c</value>
         <object_component_ref idref="oc-ed"/>
      </symbol>
      <symbol id="sm-3c0">
         <name>R_out</name>
         <value>0x1480</value>
         <object_component_ref idref="oc-75"/>
      </symbol>
      <symbol id="sm-3c1">
         <name>Il_controller</name>
         <value>0xa894</value>
         <object_component_ref idref="oc-f0"/>
      </symbol>
      <symbol id="sm-3c2">
         <name>L_out</name>
         <value>0x1482</value>
         <object_component_ref idref="oc-75"/>
      </symbol>
      <symbol id="sm-3c3">
         <name>kpv</name>
         <value>0xb220</value>
         <object_component_ref idref="oc-72"/>
      </symbol>
      <symbol id="sm-3c4">
         <name>kpi</name>
         <value>0xb224</value>
         <object_component_ref idref="oc-72"/>
      </symbol>
      <symbol id="sm-3c5">
         <name>adc_io</name>
         <value>0xb232</value>
         <object_component_ref idref="oc-72"/>
      </symbol>
      <symbol id="sm-3c6">
         <name>Vo_ref</name>
         <value>0xb21e</value>
         <object_component_ref idref="oc-72"/>
      </symbol>
      <symbol id="sm-3c7">
         <name>timer_count</name>
         <value>0xb22c</value>
         <object_component_ref idref="oc-72"/>
      </symbol>
      <symbol id="sm-3c8">
         <name>INT_fault_sw_ISR</name>
         <value>0xd1d9</value>
         <object_component_ref idref="oc-47"/>
      </symbol>
      <symbol id="sm-3c9">
         <name>fixed_duty_cycle</name>
         <value>0xb200</value>
         <object_component_ref idref="oc-72"/>
      </symbol>
      <symbol id="sm-3ca">
         <name>err_calc</name>
         <value>0xce4f</value>
         <object_component_ref idref="oc-a6"/>
      </symbol>
      <symbol id="sm-3cb">
         <name>ADCA0_results_add</name>
         <value>0xb204</value>
         <object_component_ref idref="oc-72"/>
      </symbol>
      <symbol id="sm-3cc">
         <name>INT_transient_det_pin_XINT_ISR</name>
         <value>0xd19c</value>
         <object_component_ref idref="oc-3b"/>
      </symbol>
      <symbol id="sm-3cd">
         <name>ADCC_results</name>
         <value>0xc000</value>
         <object_component_ref idref="oc-cf"/>
      </symbol>
      <symbol id="sm-3ce">
         <name>kiv</name>
         <value>0xb222</value>
         <object_component_ref idref="oc-72"/>
      </symbol>
      <symbol id="sm-3cf">
         <name>kii</name>
         <value>0xb226</value>
         <object_component_ref idref="oc-72"/>
      </symbol>
      <symbol id="sm-3d0">
         <name>calculate_DAC_val</name>
         <value>0xd583</value>
         <object_component_ref idref="oc-78"/>
      </symbol>
      <symbol id="sm-3d1">
         <name>dma_done</name>
         <value>0xb201</value>
         <object_component_ref idref="oc-72"/>
      </symbol>
      <symbol id="sm-3d2">
         <name>Vo_avg</name>
         <value>0xb216</value>
         <object_component_ref idref="oc-72"/>
      </symbol>
      <symbol id="sm-3d3">
         <name>Io_avg</name>
         <value>0xb212</value>
         <object_component_ref idref="oc-72"/>
      </symbol>
      <symbol id="sm-3d4">
         <name>ADCC0_results_add</name>
         <value>0xb208</value>
         <object_component_ref idref="oc-72"/>
      </symbol>
      <symbol id="sm-3d5">
         <name>k</name>
         <value>0xa8b1</value>
         <object_component_ref idref="oc-88"/>
      </symbol>
      <symbol id="sm-3d6">
         <name>d</name>
         <value>0xb20c</value>
         <object_component_ref idref="oc-72"/>
      </symbol>
      <symbol id="sm-3d7">
         <name>average_samples</name>
         <value>0xc881</value>
         <object_component_ref idref="oc-8e"/>
      </symbol>
      <symbol id="sm-3d8">
         <name>transient_det_res</name>
         <value>0xa8b0</value>
         <object_component_ref idref="oc-88"/>
      </symbol>
      <symbol id="sm-3d9">
         <name>ADCA_results</name>
         <value>0xc006</value>
         <object_component_ref idref="oc-cf"/>
      </symbol>
      <symbol id="sm-3da">
         <name>samples_to_cla</name>
         <value>0xc932</value>
         <object_component_ref idref="oc-94"/>
      </symbol>
      <symbol id="sm-3db">
         <name>Vo_error</name>
         <value>0xb21a</value>
         <object_component_ref idref="oc-72"/>
      </symbol>
      <symbol id="sm-3dc">
         <name>vo_sample_test</name>
         <value>0x1500</value>
         <object_component_ref idref="oc-e9"/>
      </symbol>
      <symbol id="sm-3dd">
         <name>fixed_d</name>
         <value>0xb20e</value>
         <object_component_ref idref="oc-72"/>
      </symbol>
      <symbol id="sm-3de">
         <name>io_sample_test</name>
         <value>0x1508</value>
         <object_component_ref idref="oc-e9"/>
      </symbol>
      <symbol id="sm-3df">
         <name>ADCA0_Result_base</name>
         <value>0xb206</value>
         <object_component_ref idref="oc-72"/>
      </symbol>
      <symbol id="sm-3e0">
         <name>main</name>
         <value>0xd215</value>
         <object_component_ref idref="oc-149"/>
      </symbol>
      <symbol id="sm-3e1">
         <name>s_count</name>
         <value>0x1510</value>
         <object_component_ref idref="oc-6f"/>
      </symbol>
      <symbol id="sm-3e2">
         <name>DAC_val</name>
         <value>0xb203</value>
         <object_component_ref idref="oc-72"/>
      </symbol>
      <symbol id="sm-3e3">
         <name>ADCC0_Result_base</name>
         <value>0xb20a</value>
         <object_component_ref idref="oc-72"/>
      </symbol>
      <symbol id="sm-3e4">
         <name>Iin_avg</name>
         <value>0xb210</value>
         <object_component_ref idref="oc-72"/>
      </symbol>
      <symbol id="sm-3e5">
         <name>duty_cycle_calculation</name>
         <value>0xd334</value>
         <object_component_ref idref="oc-9a"/>
      </symbol>
      <symbol id="sm-3e6">
         <name>Vin_avg</name>
         <value>0xb218</value>
         <object_component_ref idref="oc-72"/>
      </symbol>
      <symbol id="sm-3e7">
         <name>INT_ControlPWM_fixed_fsw_ISR</name>
         <value>0xcb61</value>
         <object_component_ref idref="oc-4d"/>
      </symbol>
      <symbol id="sm-3e8">
         <name>INT_myDMA1_ISR</name>
         <value>0xd6c9</value>
         <object_component_ref idref="oc-41"/>
      </symbol>
      <symbol id="sm-3e9">
         <name>fault_sw_val</name>
         <value>0xb230</value>
         <object_component_ref idref="oc-72"/>
      </symbol>
      <symbol id="sm-3ea">
         <name>turn_off_conv</name>
         <value>0xb202</value>
         <object_component_ref idref="oc-72"/>
      </symbol>
      <symbol id="sm-3eb">
         <name>cla1Isr1</name>
         <value>0xcd20</value>
         <object_component_ref idref="oc-2f"/>
      </symbol>
      <symbol id="sm-3ec">
         <name>dac_test</name>
         <value>0xb234</value>
         <object_component_ref idref="oc-72"/>
      </symbol>
      <symbol id="sm-3ed">
         <name>R_err</name>
         <value>0xc00e</value>
         <object_component_ref idref="oc-113"/>
      </symbol>
      <symbol id="sm-3ee">
         <name>alg_time</name>
         <value>0xb22e</value>
         <object_component_ref idref="oc-72"/>
      </symbol>
      <symbol id="sm-3ef">
         <name>L_err</name>
         <value>0xc010</value>
         <object_component_ref idref="oc-113"/>
      </symbol>
      <symbol id="sm-3f0">
         <name>get_clk</name>
         <value>0xb228</value>
         <object_component_ref idref="oc-72"/>
      </symbol>
      <symbol id="sm-3f1">
         <name>get_ls_clk</name>
         <value>0xb22a</value>
         <object_component_ref idref="oc-72"/>
      </symbol>
      <symbol id="sm-415">
         <name>Device_enableAllPeripherals</name>
         <value>0xc581</value>
         <object_component_ref idref="oc-1eb"/>
      </symbol>
      <symbol id="sm-416">
         <name>Device_initGPIO</name>
         <value>0xd7d1</value>
         <object_component_ref idref="oc-18f"/>
      </symbol>
      <symbol id="sm-417">
         <name>Device_init</name>
         <value>0xcbd7</value>
         <object_component_ref idref="oc-189"/>
      </symbol>
      <symbol id="sm-418">
         <name>__error__</name>
         <value>0xd83e</value>
         <object_component_ref idref="oc-d7"/>
      </symbol>
      <symbol id="sm-420">
         <name>code_start</name>
         <value>0x0</value>
         <object_component_ref idref="oc-2a"/>
      </symbol>
      <symbol id="sm-45d">
         <name>Interrupt_initModule</name>
         <value>0xd11c</value>
         <object_component_ref idref="oc-195"/>
      </symbol>
      <symbol id="sm-45e">
         <name>Interrupt_enable</name>
         <value>0xd3a3</value>
         <object_component_ref idref="oc-7e"/>
      </symbol>
      <symbol id="sm-45f">
         <name>Interrupt_initVectorTable</name>
         <value>0xd656</value>
         <object_component_ref idref="oc-19b"/>
      </symbol>
      <symbol id="sm-4c9">
         <name>SysCtl_isPLLValid</name>
         <value>0xc47a</value>
         <object_component_ref idref="oc-28b"/>
      </symbol>
      <symbol id="sm-4ca">
         <name>SysCtl_delay</name>
         <value>0xf6</value>
         <object_component_ref idref="oc-1f1"/>
      </symbol>
      <symbol id="sm-4cb">
         <name>SysCtl_selectXTALSingleEnded</name>
         <value>0xd690</value>
         <object_component_ref idref="oc-306"/>
      </symbol>
      <symbol id="sm-4cc">
         <name>SysCtl_selectXTAL</name>
         <value>0xd504</value>
         <object_component_ref idref="oc-30c"/>
      </symbol>
      <symbol id="sm-4cd">
         <name>SysCtl_selectOscSource</name>
         <value>0xd0d9</value>
         <object_component_ref idref="oc-285"/>
      </symbol>
      <symbol id="sm-4ce">
         <name>SysCtl_getLowSpeedClock</name>
         <value>0xd5ce</value>
         <object_component_ref idref="oc-1e5"/>
      </symbol>
      <symbol id="sm-4cf">
         <name>SysCtl_setClock</name>
         <value>0xc658</value>
         <object_component_ref idref="oc-1df"/>
      </symbol>
      <symbol id="sm-4d0">
         <name>SysCtl_getClock</name>
         <value>0xcc4a</value>
         <object_component_ref idref="oc-1bf"/>
      </symbol>
      <symbol id="sm-4da">
         <name>_c_int00</name>
         <value>0xd77c</value>
         <object_component_ref idref="oc-69"/>
      </symbol>
      <symbol id="sm-4db">
         <name>__stack</name>
         <value>0x400</value>
         <object_component_ref idref="oc-53"/>
      </symbol>
      <symbol id="sm-4eb">
         <name>__TI_auto_init_nobinit_nopinit</name>
         <value>0xd52f</value>
         <object_component_ref idref="oc-119"/>
      </symbol>
      <symbol id="sm-501">
         <name>C$$EXIT</name>
         <value>0xd55a</value>
         <object_component_ref idref="oc-c6"/>
      </symbol>
      <symbol id="sm-502">
         <name>abort</name>
         <value>0xd55a</value>
         <object_component_ref idref="oc-c6"/>
      </symbol>
      <symbol id="sm-503">
         <name>exit</name>
         <value>0xd55c</value>
         <object_component_ref idref="oc-c6"/>
      </symbol>
      <symbol id="sm-504">
         <name>__TI_dtors_ptr</name>
         <value>0xb1ea</value>
         <object_component_ref idref="oc-151"/>
      </symbol>
      <symbol id="sm-505">
         <name>__TI_cleanup_ptr</name>
         <value>0xb1e8</value>
         <object_component_ref idref="oc-151"/>
      </symbol>
      <symbol id="sm-506">
         <name>__TI_enable_exit_profile_output</name>
         <value>0xb1e6</value>
         <object_component_ref idref="oc-151"/>
      </symbol>
      <symbol id="sm-515">
         <name>_args_main</name>
         <value>0xd7fc</value>
         <object_component_ref idref="oc-c0"/>
      </symbol>
      <symbol id="sm-522">
         <name>_system_post_cinit</name>
         <value>0xd848</value>
         <object_component_ref idref="oc-174"/>
      </symbol>
      <symbol id="sm-524">
         <name>__c_args__</name>
         <value>0x0</value>
      </symbol>
   </symbol_table>
   <title>Link successful</title>
</link_info>
