******************************************************************************
             TMS320C2000 Linker PC v22.6.3                     
******************************************************************************
>> Linked Mon Jun 15 12:06:20 2026

OUTPUT FILE NAME:   <buck_converter_dma_original.out>
ENTRY POINT SYMBOL: "code_start"  address: 00000000


MEMORY CONFIGURATION

         name            origin    length      used     unused   attr    fill
----------------------  --------  ---------  --------  --------  ----  --------
PAGE 0:
  BEGIN                 00000000   00000002  00000002  00000000  RWIX
  RAMM0                 000000f6   0000030a  00000004  00000306  RWIX
  RAMLS0                00008000   00000800  000007a2  0000005e  RWIX
  RAMLS3                00009800   00000800  00000420  000003e0  RWIX
  RAMLS4                0000a000   00000800  000001d6  0000062a  RWIX
  FLASH_BANK0_SEC0      00080000   00001000  00000000  00001000  RWIX
  FLASH_BANK0_SEC1      00081000   00001000  00000000  00001000  RWIX
  FLASH_BANK0_SEC2      00082000   00001000  00000000  00001000  RWIX
  FLASH_BANK0_SEC3      00083000   00001000  00000000  00001000  RWIX
  FLASH_BANK0_SEC4      00084000   00001000  00000000  00001000  RWIX
  FLASH_BANK0_SEC5      00085000   00001000  00000000  00001000  RWIX
  FLASH_BANK0_SEC6      00086000   00001000  00000000  00001000  RWIX
  FLASH_BANK0_SEC7      00087000   00001000  00000000  00001000  RWIX
  FLASH_BANK0_SEC8      00088000   00001000  00000000  00001000  RWIX
  FLASH_BANK0_SEC9      00089000   00001000  00000000  00001000  RWIX
  FLASH_BANK0_SEC10     0008a000   00001000  00000000  00001000  RWIX
  FLASH_BANK0_SEC11     0008b000   00001000  00000000  00001000  RWIX
  FLASH_BANK0_SEC12     0008c000   00001000  00000000  00001000  RWIX
  FLASH_BANK0_SEC13     0008d000   00001000  00000000  00001000  RWIX
  FLASH_BANK0_SEC14     0008e000   00001000  00000000  00001000  RWIX
  FLASH_BANK0_SEC15     0008f000   00001000  00000000  00001000  RWIX
  FLASH_BANK1_SEC0      00090000   00001000  00000000  00001000  RWIX
  FLASH_BANK1_SEC1      00091000   00001000  00000000  00001000  RWIX
  FLASH_BANK1_SEC2      00092000   00001000  00000000  00001000  RWIX
  FLASH_BANK1_SEC3      00093000   00001000  00000000  00001000  RWIX
  FLASH_BANK1_SEC4      00094000   00001000  00000000  00001000  RWIX
  FLASH_BANK1_SEC5      00095000   00001000  00000000  00001000  RWIX
  FLASH_BANK1_SEC6      00096000   00001000  00000000  00001000  RWIX
  FLASH_BANK1_SEC7      00097000   00001000  00000000  00001000  RWIX
  FLASH_BANK1_SEC8      00098000   00001000  00000000  00001000  RWIX
  FLASH_BANK1_SEC9      00099000   00001000  00000000  00001000  RWIX
  FLASH_BANK1_SEC10     0009a000   00001000  00000000  00001000  RWIX
  FLASH_BANK1_SEC11     0009b000   00001000  00000000  00001000  RWIX
  FLASH_BANK1_SEC12     0009c000   00001000  00000000  00001000  RWIX
  FLASH_BANK1_SEC13     0009d000   00001000  00000000  00001000  RWIX
  FLASH_BANK1_SEC14     0009e000   00001000  00000000  00001000  RWIX
  FLASH_BANK1_SEC15     0009f000   00001000  00000000  00001000  RWIX
  RESET                 003fffc0   00000002  00000000  00000002  RWIX

PAGE 1:
  BOOT_RSVD             00000002   000000f1  00000000  000000f1  RWIX
  RAMM1                 00000400   000003f8  000003f8  00000000  RWIX
  CLA1_MSGRAMLOW        00001480   00000080  00000004  0000007c  RWIX
  CLA1_MSGRAMHIGH       00001500   00000080  00000011  0000006f  RWIX
  RAMLS1                00008800   00000800  00000000  00000800  RWIX
  RAMLS2                00009000   00000800  00000000  00000800  RWIX
  RAMLS5                0000a800   00000800  000000b0  00000750  RWIX
  RAMLS6                0000b000   00000800  000001f0  00000610  RWIX
  RAMLS7                0000b800   00000800  00000000  00000800  RWIX
  RAMGS0                0000c000   00002000  000016a2  0000095e  RWIX
  RAMGS1                0000e000   00002000  00000000  00002000  RWIX
  RAMGS2                00010000   00002000  00000000  00002000  RWIX
  RAMGS3                00012000   00001ff8  00000000  00001ff8  RWIX


SECTION ALLOCATION MAP

 output                                  attributes/
section   page    origin      length       input sections
--------  ----  ----------  ----------   ----------------
codestart 
*          0    00000000    00000002     
                  00000000    00000002     f28004x_codestartbranch.obj (codestart)

.TI.ramfunc 
*          0    000000f6    00000004     
                  000000f6    00000004     sysctl.obj (.TI.ramfunc)

.cinit     1    0000a84a    00000066     
                  0000a84a    00000020     (.cinit..data.load) [load image, compression = lzss]
                  0000a86a    00000006     (.cinit.ramgs0.load) [load image, compression = lzss]
                  0000a870    00000006     (__TI_handler_table)
                  0000a876    00000005     (.cinit.Cla1ToCpuMsgRAM.load) [load image, compression = lzss]
                  0000a87b    00000005     (.cinit.CpuToCla1MsgRAM.load) [load image, compression = lzss]
                  0000a880    00000004     (.cinit..bss.load) [load image, compression = zero_init]
                  0000a884    00000004     (.cinit..bss_cla.load) [load image, compression = zero_init]
                  0000a888    00000004     (.cinit..scratchpad.load) [load image, compression = zero_init]
                  0000a88c    00000004     (.cinit.Cla1DataRam.load) [load image, compression = zero_init]
                  0000a890    00000020     (__TI_cinit_table)

.reset     0    003fffc0    00000000     DSECT

.stack     1    00000400    000003f8     UNINITIALIZED
                  00000400    000003f8     --HOLE--

.bss       1    0000a800    0000004a     UNINITIALIZED
                  0000a800    00000010     transient_det.obj (.bss:io_buff)
                  0000a810    00000010     transient_det.obj (.bss:tr_buff)
                  0000a820    00000010     transient_det.obj (.bss:vo_buff)
                  0000a830    00000008     main.obj (.bss:Il_controller)
                  0000a838    00000008     main.obj (.bss:Vo_controller)
                  0000a840    00000008     transient_det.obj (.bss)
                  0000a848    00000002     main.obj (.bss)

.init_array 
*          0    000000f6    00000000     UNINITIALIZED

.const     1    0000b000    000001a2     
                  0000b000    000000df     <whole-program> (.const:.string)
                  0000b0df    00000001     --HOLE-- [fill = 0]
                  0000b0e0    00000089     board.obj (.const:.string)
                  0000b169    00000001     --HOLE-- [fill = 0]
                  0000b16a    00000038     sysctl.obj (.const:.string)

.data      1    0000b1a2    0000004e     UNINITIALIZED
                  0000b1a2    00000006     rts2800_fpu32_eabi.lib : exit.c.obj (.data)
                  0000b1a8    00000002                            : _lock.c.obj (.data:_lock)
                  0000b1aa    00000002     control_functions.obj (.data)
                  0000b1ac    00000014     --HOLE--
                  0000b1c0    00000030     main.obj (.data)

.bss_cla   0    00009af0    0000012a     UNINITIALIZED
                  00009af0    00000090     cla_tasks.obj (.bss_cla:valid_smpl_val_i)
                  00009b80    00000090     cla_tasks.obj (.bss_cla:valid_smpl_val_v)
                  00009c10    0000000a     cla_tasks.obj (.bss_cla)

ramgs0     1    0000c000    00000012     UNINITIALIZED
                  0000c000    0000000e     main.obj (ramgs0:uninit)
                  0000c00e    00000004     main.obj (ramgs0:init)

.scratchpad 
*          0    00009c1a    00000006     UNINITIALIZED
                  00009c1a    00000006     cla_tasks.obj (.scratchpad:Cla1Prog:derivatives)
                  00009c1a    00000002     cla_tasks.obj (.scratchpad:Cla1Prog:partial_norms)
                  00009c1a    00000002     cla_tasks.obj (.scratchpad:Cla1Prog:back_subs)

Cla1DataRam 
*          0    00009800    000002f0     UNINITIALIZED
                  00009800    000002f0     cla_tasks.obj (Cla1DataRam)

Cla1ToCpuMsgRAM 
*          1    00001480    00000004     UNINITIALIZED
                  00001480    00000004     main.obj (Cla1ToCpuMsgRAM)

CpuToCla1MsgRAM 
*          1    00001500    00000011     UNINITIALIZED
                  00001500    00000010     main.obj (CpuToCla1MsgRAM:uninit)
                  00001510    00000001     main.obj (CpuToCla1MsgRAM:init)

Cla1Prog.1 
*          0    00008000    000007a2     
                  00008000    00000264     cla_tasks.obj (Cla1Prog:Cla1Task1)
                  00008264    0000021e     cla_tasks.obj (Cla1Prog:hh1)
                  00008482    000001d8     cla_tasks.obj (Cla1Prog:hh2)
                  0000865a    0000009c     cla_tasks.obj (Cla1Prog:partial_norms)
                  000086f6    00000072     cla_tasks.obj (Cla1Prog:back_subs)
                  00008768    0000003a     cla_tasks.obj (Cla1Prog:pivot)

Cla1Prog.2 
*          0    0000a000    000001d6     
                  0000a000    000001d6     cla_tasks.obj (Cla1Prog:derivatives)

.text      1    0000c012    00001690     
                  0000c012    00000369     board.obj (.text:EPWM_init)
                  0000c37b    00000107     sysctl.obj (.text:SysCtl_isPLLValid)
                  0000c482    000000d7     device.obj (.text:Device_enableAllPeripherals)
                  0000c559    000000c3     sysctl.obj (.text:SysCtl_setClock)
                  0000c61c    000000b3     dma.obj (.text:DMA_configMode)
                  0000c6cf    000000b3     board.obj (.text:MEMCFG_init)
                  0000c782    00000092     memcfg.obj (.text:MemCfg_setProtection)
                  0000c814    00000083     main.obj (.text:average_samples)
                  0000c897    00000077     transient_det.obj (.text:transient_detector)
                  0000c90e    00000073     device.obj (.text:Device_init)
                  0000c981    0000006d     sysctl.obj (.text:SysCtl_getClock)
                  0000c9ee    0000006a     main.obj (.text:INT_ControlPWM_fixed_fsw_ISR)
                  0000ca58    00000069     board.obj (.text:PinMux_init)
                  0000cac1    00000069     board.obj (.text:myADC0_init)
                  0000cb2a    00000069     main.obj (.text:samples_to_cla)
                  0000cb93    00000067     memcfg.obj (.text:MemCfg_setLSRAMControllerSel)
                  0000cbfa    00000060     board.obj (.text:myADC1_init)
                  0000cc5a    00000059     board.obj (.text:myDMA1_init)
                  0000ccb3    00000058     board.obj (.text:EPWM_setActionQualifierAction)
                  0000cd0b    00000057     transient_det.obj (.text:init_detector)
                  0000cd62    00000055     gpio.obj (.text:GPIO_setPadConfig)
                  0000cdb7    00000053     main.obj (.text:cla1Isr1)
                  0000ce0a    00000048     dma.obj (.text:DMA_configWrap)
                  0000ce52    00000047     board.obj (.text:myDMA0_init)
                  0000ce99    00000045     gpio.obj (.text:GPIO_setInterruptPin)
                  0000cede    00000044     main.obj (.text:err_calc)
                  0000cf22    00000043     board.obj (.text:INTERRUPT_init)
                  0000cf65    00000043     sysctl.obj (.text:SysCtl_selectOscSource)
                  0000cfa8    00000041     interrupt.obj (.text:Interrupt_initModule)
                  0000cfe9    0000003f     dma.obj (.text:DMA_configTransfer)
                  0000d028    0000003d     main.obj (.text:INT_transient_det_pin_XINT_ISR)
                  0000d065    0000003b     dma.obj (.text:DMA_configBurst)
                  0000d0a0    0000003a     main.obj (.text:main)
                  0000d0da    00000038     gpio.obj (.text:GPIO_setControllerCore)
                  0000d112    00000038     gpio.obj (.text:GPIO_setQualificationMode)
                  0000d14a    00000038     main.obj (.text:duty_cycle_calculation)
                  0000d182    00000037     gpio.obj (.text:GPIO_setAnalogMode)
                  0000d1b9    00000036     interrupt.obj (.text:Interrupt_enable)
                  0000d1ef    00000035     epwm.obj (.text:EPWM_setEmulationMode)
                  0000d224    00000034     gpio.obj (.text:GPIO_setDirectionMode)
                  0000d258    00000033     dma.obj (.text:DMA_configAddresses)
                  0000d28b    00000031     board.obj (.text:SYNC_init)
                  0000d2bc    00000030     gpio.obj (.text:GPIO_setPinConfig)
                  0000d2ec    0000002e     rts2800_fpu32_eabi.lib : copy_decompress_lzss.c.obj (.text:decompress:lzss)
                  0000d31a    0000002d     board.obj (.text:Board_init)
                  0000d347    0000002b     sysctl.obj (.text:SysCtl_selectXTAL)
                  0000d372    0000002b     rts2800_fpu32_eabi.lib : autoinit.c.obj (.text:__TI_auto_init_nobinit_nopinit)
                  0000d39d    00000029                            : exit.c.obj (.text)
                  0000d3c6    00000025     board.obj (.text:myCPUTIMER0_init)
                  0000d3eb    00000024     sysctl.obj (.text:SysCtl_getLowSpeedClock)
                  0000d40f    00000020     main.obj (.text:INT_tz_clear_pin_XINT_ISR)
                  0000d42f    0000001e     cputimer.obj (.text:CPUTimer_setEmulationMode)
                  0000d44d    00000001     c2000ware_libraries.obj (.text:FFR_init)
                  0000d44e    0000001d     interrupt.obj (.text:Interrupt_initVectorTable)
                  0000d46b    0000001d     sysctl.obj (.text:SysCtl_pollX1Counter)
                  0000d488    0000001d     sysctl.obj (.text:SysCtl_selectXTALSingleEnded)
                  0000d4a5    0000001c     cla.obj (.text:CLA_setTriggerSource)
                  0000d4c1    0000001c     main.obj (.text:INT_myDMA1_ISR)
                  0000d4dd    0000001c     rts2800_fpu32_eabi.lib : memcpy.c.obj (.text)
                  0000d4f9    0000001b     adc.obj (.text:ADC_setOffsetTrimAll)
                  0000d514    00000019     control_functions.obj (.text:update_PI)
                  0000d52d    00000018     main.obj (.text:INT_ControlPWM_TZ_ISR)
                  0000d545    00000018     board.obj (.text:myCLA0_init)
                  0000d55d    00000018     board.obj (.text:transient_det_pin_init)
                  0000d575    00000018     board.obj (.text:tz_clear_pin_init)
                  0000d58d    00000018     board.obj (.text:tz_pin_init)
                  0000d5a5    00000017     board.obj (.text:debug_pin_init)
                  0000d5bc    00000017     rts2800_fpu32_eabi.lib : boot28.asm.obj (.text)
                  0000d5d3    00000016     control_functions.obj (.text:duty_cycle_saturation)
                  0000d5e9    00000011     board.obj (.text:transient_det_pin_XINT_init)
                  0000d5fa    00000011     board.obj (.text:tz_clear_pin_XINT_init)
                  0000d60b    00000010     device.obj (.text:Device_initGPIO)
                  0000d61b    00000010     control_functions.obj (.text:set_duty_cycle)
                  0000d62b    0000000e     board.obj (.text:DMA_init)
                  0000d639    0000000d     board.obj (.text:ASYSCTL_init)
                  0000d646    0000000c     rts2800_fpu32_eabi.lib : args_main.c.obj (.text)
                  0000d652    0000000b     control_functions.obj (.text:init_PI)
                  0000d65d    00000009     board.obj (.text:myINPUTXBARINPUT1_init)
                  0000d666    00000009     board.obj (.text:myINPUTXBARINPUT2_init)
                  0000d66f    00000009     board.obj (.text:myINPUTXBARINPUT3_init)
                  0000d678    00000008     rts2800_fpu32_eabi.lib : copy_decompress_none.c.obj (.text:decompress:none)
                  0000d680    00000007     control_functions.obj (.text:reset_PI)
                  0000d687    00000006     rts2800_fpu32_eabi.lib : copy_zero_init.c.obj (.text:decompress:ZI)
                  0000d68d    00000006     board.obj (.text:myINPUTXBARINPUT0_init)
                  0000d693    00000004     interrupt.obj (.text:Interrupt_defaultHandler)
                  0000d697    00000003     device.obj (.text:__error__)
                  0000d69a    00000002     interrupt.obj (.text:Interrupt_illegalOperationHandler)
                  0000d69c    00000002     interrupt.obj (.text:Interrupt_nmiHandler)
                  0000d69e    00000002     rts2800_fpu32_eabi.lib : pre_init.c.obj (.text)
                  0000d6a0    00000001                            : _lock.c.obj (.text)
                  0000d6a1    00000001                            : startup.c.obj (.text)

MODULE SUMMARY

       Module                                   code   ro data   rw data
       ------                                   ----   -------   -------
    .\
       cla_tasks.obj                            2424   0         1060   
       main.obj                                 752    0         105    
       transient_det.obj                        206    0         56     
       control_functions.obj                    81     0         2      
    +--+----------------------------------------+------+---------+---------+
       Total:                                   3463   0         1223   
                                                                        
    .\device\
       device.obj                               349    0         0      
       f28004x_codestartbranch.obj              2      0         0      
    +--+----------------------------------------+------+---------+---------+
       Total:                                   351    0         0      
                                                                        
    .\device\driverlib\
       sysctl.obj                               775    56        0      
       dma.obj                                  424    0         0      
       gpio.obj                                 421    0         0      
       memcfg.obj                               249    0         0      
       interrupt.obj                            156    0         0      
       epwm.obj                                 53     0         0      
       cputimer.obj                             30     0         0      
       cla.obj                                  28     0         0      
       adc.obj                                  27     0         0      
    +--+----------------------------------------+------+---------+---------+
       Total:                                   2163   56        0      
                                                                        
    .\syscfg\
       board.obj                                2017   137       0      
       c2000ware_libraries.obj                  1      0         0      
    +--+----------------------------------------+------+---------+---------+
       Total:                                   2018   137       0      
                                                                        
    C:\Users\mem21\AppData\Local\Temp\
       {D127D071-18CF-4E20-BC41-3407EC5038F9}   0      223       0      
    +--+----------------------------------------+------+---------+---------+
       Total:                                   0      223       0      
                                                                        
    C:/ti/ccs2040/ccs/tools/compiler/ti-cgt-c2000_22.6.3.LTS/lib/rts2800_fpu32_eabi.lib
       exit.c.obj                               41     0         6      
       copy_decompress_lzss.c.obj               46     0         0      
       autoinit.c.obj                           43     0         0      
       memcpy.c.obj                             28     0         0      
       boot28.asm.obj                           23     0         0      
       args_main.c.obj                          12     0         0      
       copy_decompress_none.c.obj               8      0         0      
       copy_zero_init.c.obj                     6      0         0      
       _lock.c.obj                              1      0         2      
       pre_init.c.obj                           2      0         0      
       startup.c.obj                            1      0         0      
    +--+----------------------------------------+------+---------+---------+
       Total:                                   211    0         8      
                                                                        
       Stack:                                   0      0         1016   
       Linker Generated:                        0      102       0      
    +--+----------------------------------------+------+---------+---------+
       Grand Total:                             8206   518       2247   


LINKER GENERATED COPY TABLES

__TI_cinit_table @ 0000a890 records: 8, size/record: 4, table size: 32
	.data: load addr=0000a84a, load size=00000020 bytes, run addr=0000b1a2, run size=0000004e bytes, compression=lzss
	ramgs0: load addr=0000a86a, load size=00000006 bytes, run addr=0000c000, run size=00000012 bytes, compression=lzss
	Cla1ToCpuMsgRAM: load addr=0000a876, load size=00000005 bytes, run addr=00001480, run size=00000004 bytes, compression=lzss
	CpuToCla1MsgRAM: load addr=0000a87b, load size=00000005 bytes, run addr=00001500, run size=00000011 bytes, compression=lzss
	.bss: load addr=0000a880, load size=00000004 bytes, run addr=0000a800, run size=0000004a bytes, compression=zero_init
	.bss_cla: load addr=0000a884, load size=00000004 bytes, run addr=00009af0, run size=0000012a bytes, compression=zero_init
	.scratchpad: load addr=0000a888, load size=00000004 bytes, run addr=00009c1a, run size=00000006 bytes, compression=zero_init
	Cla1DataRam: load addr=0000a88c, load size=00000004 bytes, run addr=00009800, run size=000002f0 bytes, compression=zero_init


LINKER GENERATED HANDLER TABLE

__TI_handler_table @ 0000a870 records: 3, size/record: 2, table size: 6
	index: 0, handler: __TI_zero_init
	index: 1, handler: __TI_decompress_lzss
	index: 2, handler: __TI_decompress_none


GLOBAL DATA SYMBOLS: SORTED BY DATA PAGE

address     data page           name
--------    ----------------    ----
00000400      10 (00000400)     __stack

00001480      52 (00001480)     R_out
00001482      52 (00001480)     L_out

00001500      54 (00001500)     vo_sample_test
00001508      54 (00001500)     io_sample_test
00001510      54 (00001500)     s_count

00009800     260 (00009800)     i
00009802     260 (00009800)     vo_smpl_cla

00009892     262 (00009880)     io_smpl_cla

00009922     264 (00009900)     dio_smpl_cla

000099b2     266 (00009980)     v_h

00009a42     269 (00009a40)     v2

00009ad2     26b (00009ac0)     n1_partial
00009ad4     26b (00009ac0)     n2_partial
00009ad6     26b (00009ac0)     piv0
00009ad7     26b (00009ac0)     piv1
00009ad8     26b (00009ac0)     col0
00009ad9     26b (00009ac0)     col1
00009ada     26b (00009ac0)     alpha
00009adc     26b (00009ac0)     beta
00009ade     26b (00009ac0)     vv
00009ae0     26b (00009ac0)     dot
00009ae2     26b (00009ac0)     dot1
00009ae4     26b (00009ac0)     alpha2
00009ae6     26b (00009ac0)     beta2
00009ae8     26b (00009ac0)     v2v2
00009aea     26b (00009ac0)     dot2
00009aec     26b (00009ac0)     sol
00009af0     26b (00009ac0)     valid_smpl_val_i

00009b80     26e (00009b80)     valid_smpl_val_v

00009c10     270 (00009c00)     nsat_smpl
00009c12     270 (00009c00)     sat_smpl
00009c14     270 (00009c00)     nsat_smpl_prev
00009c16     270 (00009c00)     ef_index
00009c18     270 (00009c00)     single_smpl

0000a800     2a0 (0000a800)     io_buff
0000a810     2a0 (0000a800)     tr_buff
0000a820     2a0 (0000a800)     vo_buff
0000a830     2a0 (0000a800)     Il_controller
0000a838     2a0 (0000a800)     Vo_controller

0000a840     2a1 (0000a840)     head
0000a842     2a1 (0000a840)     vo_sum
0000a844     2a1 (0000a840)     io_sum
0000a846     2a1 (0000a840)     tr_sum
0000a848     2a1 (0000a840)     transient_det_res
0000a849     2a1 (0000a840)     k

0000b1a2     2c6 (0000b180)     __TI_enable_exit_profile_output
0000b1a4     2c6 (0000b180)     __TI_cleanup_ptr
0000b1a6     2c6 (0000b180)     __TI_dtors_ptr
0000b1a8     2c6 (0000b180)     _lock

0000b1c0     2c7 (0000b1c0)     fixed_duty_cycle
0000b1c1     2c7 (0000b1c0)     dma_done
0000b1c2     2c7 (0000b1c0)     ADCA0_results_add
0000b1c4     2c7 (0000b1c0)     ADCA0_Result_base
0000b1c6     2c7 (0000b1c0)     ADCC0_results_add
0000b1c8     2c7 (0000b1c0)     ADCC0_Result_base
0000b1ca     2c7 (0000b1c0)     d
0000b1cc     2c7 (0000b1c0)     fixed_d
0000b1ce     2c7 (0000b1c0)     Iin_avg
0000b1d0     2c7 (0000b1c0)     Io_avg
0000b1d2     2c7 (0000b1c0)     Il_avg
0000b1d4     2c7 (0000b1c0)     Vo_avg
0000b1d6     2c7 (0000b1c0)     Vin_avg
0000b1d8     2c7 (0000b1c0)     Vo_error
0000b1da     2c7 (0000b1c0)     Il_error
0000b1dc     2c7 (0000b1c0)     Vo_ref
0000b1de     2c7 (0000b1c0)     kpv
0000b1e0     2c7 (0000b1c0)     kiv
0000b1e2     2c7 (0000b1c0)     kpi
0000b1e4     2c7 (0000b1c0)     kii
0000b1e6     2c7 (0000b1c0)     get_clk
0000b1e8     2c7 (0000b1c0)     get_ls_clk
0000b1ea     2c7 (0000b1c0)     timer_count
0000b1ec     2c7 (0000b1c0)     alg_time
0000b1ee     2c7 (0000b1c0)     clear_tz

0000c000     300 (0000c000)     ADCC_results
0000c006     300 (0000c000)     ADCA_results
0000c00e     300 (0000c000)     R_err
0000c010     300 (0000c000)     L_err


GLOBAL SYMBOLS: SORTED ALPHABETICALLY BY Name 

page  address   name                           
----  -------   ----                           
1     0000b1c4  ADCA0_Result_base              
1     0000b1c2  ADCA0_results_add              
1     0000c006  ADCA_results                   
1     0000b1c8  ADCC0_Result_base              
1     0000b1c6  ADCC0_results_add              
1     0000c000  ADCC_results                   
1     0000d4f9  ADC_setOffsetTrimAll           
1     0000d639  ASYSCTL_init                   
1     0000d31a  Board_init                     
1     0000d39d  C$$EXIT                        
1     0000d44d  C2000Ware_libraries_init       
1     0000d545  CLA_init                       
1     0000d4a5  CLA_setTriggerSource           
1     0000d3c6  CPUTIMER_init                  
1     0000d42f  CPUTimer_setEmulationMode      
0     00008000  Cla1Task1                      
1     0000d258  DMA_configAddresses            
1     0000d065  DMA_configBurst                
1     0000c61c  DMA_configMode                 
1     0000cfe9  DMA_configTransfer             
1     0000ce0a  DMA_configWrap                 
1     0000d62b  DMA_init                       
1     0000c482  Device_enableAllPeripherals    
1     0000c90e  Device_init                    
1     0000d60b  Device_initGPIO                
1     0000c012  EPWM_init                      
1     0000d1ef  EPWM_setEmulationMode          
1     0000d44d  FFR_init                       
1     0000d182  GPIO_setAnalogMode             
1     0000d0da  GPIO_setControllerCore         
1     0000d224  GPIO_setDirectionMode          
1     0000ce99  GPIO_setInterruptPin           
1     0000cd62  GPIO_setPadConfig              
1     0000d2bc  GPIO_setPinConfig              
1     0000d112  GPIO_setQualificationMode      
1     0000cf22  INTERRUPT_init                 
1     0000d52d  INT_ControlPWM_TZ_ISR          
1     0000c9ee  INT_ControlPWM_fixed_fsw_ISR   
1     0000d4c1  INT_myDMA1_ISR                 
1     0000d028  INT_transient_det_pin_XINT_ISR 
1     0000d40f  INT_tz_clear_pin_XINT_ISR      
1     0000b1ce  Iin_avg                        
1     0000b1d2  Il_avg                         
1     0000a830  Il_controller                  
1     0000b1da  Il_error                       
1     0000d1b9  Interrupt_enable               
1     0000cfa8  Interrupt_initModule           
1     0000d44e  Interrupt_initVectorTable      
1     0000b1d0  Io_avg                         
1     0000c010  L_err                          
1     00001482  L_out                          
1     0000c6cf  MEMCFG_init                    
1     0000cb93  MemCfg_setLSRAMControllerSel   
1     0000c782  MemCfg_setProtection           
1     0000ca58  PinMux_init                    
1     0000c00e  R_err                          
1     00001480  R_out                          
1     0000d28b  SYNC_init                      
0     000000f6  SysCtl_delay                   
1     0000c981  SysCtl_getClock                
1     0000d3eb  SysCtl_getLowSpeedClock        
1     0000c37b  SysCtl_isPLLValid              
1     0000cf65  SysCtl_selectOscSource         
1     0000d347  SysCtl_selectXTAL              
1     0000d488  SysCtl_selectXTALSingleEnded   
1     0000c559  SysCtl_setClock                
1     0000b1d6  Vin_avg                        
1     0000b1d4  Vo_avg                         
1     0000a838  Vo_controller                  
1     0000b1d8  Vo_error                       
1     0000b1dc  Vo_ref                         
1     0000a890  __TI_CINIT_Base                
1     0000a8b0  __TI_CINIT_Limit               
1     0000a8b0  __TI_CINIT_Warm                
1     0000a870  __TI_Handler_Table_Base        
1     0000a876  __TI_Handler_Table_Limit       
1     000007f8  __TI_STACK_END                 
abs   000003f8  __TI_STACK_SIZE                
1     0000d372  __TI_auto_init_nobinit_nopinit 
1     0000b1a4  __TI_cleanup_ptr               
1     0000d2ec  __TI_decompress_lzss           
1     0000d678  __TI_decompress_none           
1     0000b1a6  __TI_dtors_ptr                 
1     0000b1a2  __TI_enable_exit_profile_output
abs   ffffffff  __TI_pprof_out_hndl            
abs   ffffffff  __TI_prof_data_size            
abs   ffffffff  __TI_prof_data_start           
1     0000d687  __TI_zero_init                 
n/a   UNDEFED   __c_args__                     
1     0000d697  __error__                      
1     00000400  __stack                        
1     0000d646  _args_main                     
1     0000d5bc  _c_int00                       
1     0000b1a8  _lock                          
1     0000d6a0  _nop                           
1     0000d6a1  _system_post_cinit             
1     0000d69e  _system_pre_init               
1     0000d39d  abort                          
1     0000b1ec  alg_time                       
0     00009ada  alpha                          
0     00009ae4  alpha2                         
1     0000c814  average_samples                
0     000086f6  back_subs                      
0     00009adc  beta                           
0     00009ae6  beta2                          
1     0000cdb7  cla1Isr1                       
1     0000b1ee  clear_tz                       
0     00000000  code_start                     
0     00009ad8  col0                           
0     00009ad9  col1                           
1     0000b1ca  d                              
1     0000d5a5  debug_pin_init                 
0     0000a000  derivatives                    
0     00009922  dio_smpl_cla                   
1     0000b1c1  dma_done                       
0     00009ae0  dot                            
0     00009ae2  dot1                           
0     00009aea  dot2                           
1     0000d14a  duty_cycle_calculation         
1     0000d5d3  duty_cycle_saturation          
0     00009c16  ef_index                       
1     0000cede  err_calc                       
1     0000d39f  exit                           
1     0000b1cc  fixed_d                        
1     0000b1c0  fixed_duty_cycle               
1     0000b1e6  get_clk                        
1     0000b1e8  get_ls_clk                     
1     0000a840  head                           
0     00008264  hh1                            
0     00008482  hh2                            
0     00009800  i                              
1     0000d652  init_PI                        
1     0000cd0b  init_detector                  
1     0000a800  io_buff                        
1     00001508  io_sample_test                 
0     00009892  io_smpl_cla                    
1     0000a844  io_sum                         
1     0000a849  k                              
1     0000b1e4  kii                            
1     0000b1e0  kiv                            
1     0000b1e2  kpi                            
1     0000b1de  kpv                            
1     0000d0a0  main                           
1     0000d4dd  memcpy                         
1     0000cac1  myADC0_init                    
1     0000cbfa  myADC1_init                    
1     0000d545  myCLA0_init                    
1     0000d3c6  myCPUTIMER0_init               
1     0000ce52  myDMA0_init                    
1     0000cc5a  myDMA1_init                    
1     0000d68d  myINPUTXBARINPUT0_init         
1     0000d65d  myINPUTXBARINPUT1_init         
1     0000d666  myINPUTXBARINPUT2_init         
1     0000d66f  myINPUTXBARINPUT3_init         
0     00009ad2  n1_partial                     
0     00009ad4  n2_partial                     
0     00009c10  nsat_smpl                      
0     00009c14  nsat_smpl_prev                 
0     0000865a  partial_norms                  
0     00009ad6  piv0                           
0     00009ad7  piv1                           
0     00008768  pivot                          
1     0000d680  reset_PI                       
1     00001510  s_count                        
1     0000cb2a  samples_to_cla                 
0     00009c12  sat_smpl                       
1     0000d61b  set_duty_cycle                 
0     00009c18  single_smpl                    
0     00009aec  sol                            
1     0000b1ea  timer_count                    
1     0000a810  tr_buff                        
1     0000a846  tr_sum                         
1     0000d5e9  transient_det_pin_XINT_init    
1     0000d55d  transient_det_pin_init         
1     0000a848  transient_det_res              
1     0000c897  transient_detector             
1     0000d5fa  tz_clear_pin_XINT_init         
1     0000d575  tz_clear_pin_init              
1     0000d58d  tz_pin_init                    
1     0000d514  update_PI                      
0     00009a42  v2                             
0     00009ae8  v2v2                           
0     000099b2  v_h                            
0     00009af0  valid_smpl_val_i               
0     00009b80  valid_smpl_val_v               
1     0000a820  vo_buff                        
1     00001500  vo_sample_test                 
0     00009802  vo_smpl_cla                    
1     0000a842  vo_sum                         
0     00009ade  vv                             


GLOBAL SYMBOLS: SORTED BY Symbol Address 

page  address   name                           
----  -------   ----                           
0     00000000  code_start                     
0     000000f6  SysCtl_delay                   
0     00008000  Cla1Task1                      
0     00008264  hh1                            
0     00008482  hh2                            
0     0000865a  partial_norms                  
0     000086f6  back_subs                      
0     00008768  pivot                          
0     00009800  i                              
0     00009802  vo_smpl_cla                    
0     00009892  io_smpl_cla                    
0     00009922  dio_smpl_cla                   
0     000099b2  v_h                            
0     00009a42  v2                             
0     00009ad2  n1_partial                     
0     00009ad4  n2_partial                     
0     00009ad6  piv0                           
0     00009ad7  piv1                           
0     00009ad8  col0                           
0     00009ad9  col1                           
0     00009ada  alpha                          
0     00009adc  beta                           
0     00009ade  vv                             
0     00009ae0  dot                            
0     00009ae2  dot1                           
0     00009ae4  alpha2                         
0     00009ae6  beta2                          
0     00009ae8  v2v2                           
0     00009aea  dot2                           
0     00009aec  sol                            
0     00009af0  valid_smpl_val_i               
0     00009b80  valid_smpl_val_v               
0     00009c10  nsat_smpl                      
0     00009c12  sat_smpl                       
0     00009c14  nsat_smpl_prev                 
0     00009c16  ef_index                       
0     00009c18  single_smpl                    
0     0000a000  derivatives                    
1     00000400  __stack                        
1     000007f8  __TI_STACK_END                 
1     00001480  R_out                          
1     00001482  L_out                          
1     00001500  vo_sample_test                 
1     00001508  io_sample_test                 
1     00001510  s_count                        
1     0000a800  io_buff                        
1     0000a810  tr_buff                        
1     0000a820  vo_buff                        
1     0000a830  Il_controller                  
1     0000a838  Vo_controller                  
1     0000a840  head                           
1     0000a842  vo_sum                         
1     0000a844  io_sum                         
1     0000a846  tr_sum                         
1     0000a848  transient_det_res              
1     0000a849  k                              
1     0000a870  __TI_Handler_Table_Base        
1     0000a876  __TI_Handler_Table_Limit       
1     0000a890  __TI_CINIT_Base                
1     0000a8b0  __TI_CINIT_Limit               
1     0000a8b0  __TI_CINIT_Warm                
1     0000b1a2  __TI_enable_exit_profile_output
1     0000b1a4  __TI_cleanup_ptr               
1     0000b1a6  __TI_dtors_ptr                 
1     0000b1a8  _lock                          
1     0000b1c0  fixed_duty_cycle               
1     0000b1c1  dma_done                       
1     0000b1c2  ADCA0_results_add              
1     0000b1c4  ADCA0_Result_base              
1     0000b1c6  ADCC0_results_add              
1     0000b1c8  ADCC0_Result_base              
1     0000b1ca  d                              
1     0000b1cc  fixed_d                        
1     0000b1ce  Iin_avg                        
1     0000b1d0  Io_avg                         
1     0000b1d2  Il_avg                         
1     0000b1d4  Vo_avg                         
1     0000b1d6  Vin_avg                        
1     0000b1d8  Vo_error                       
1     0000b1da  Il_error                       
1     0000b1dc  Vo_ref                         
1     0000b1de  kpv                            
1     0000b1e0  kiv                            
1     0000b1e2  kpi                            
1     0000b1e4  kii                            
1     0000b1e6  get_clk                        
1     0000b1e8  get_ls_clk                     
1     0000b1ea  timer_count                    
1     0000b1ec  alg_time                       
1     0000b1ee  clear_tz                       
1     0000c000  ADCC_results                   
1     0000c006  ADCA_results                   
1     0000c00e  R_err                          
1     0000c010  L_err                          
1     0000c012  EPWM_init                      
1     0000c37b  SysCtl_isPLLValid              
1     0000c482  Device_enableAllPeripherals    
1     0000c559  SysCtl_setClock                
1     0000c61c  DMA_configMode                 
1     0000c6cf  MEMCFG_init                    
1     0000c782  MemCfg_setProtection           
1     0000c814  average_samples                
1     0000c897  transient_detector             
1     0000c90e  Device_init                    
1     0000c981  SysCtl_getClock                
1     0000c9ee  INT_ControlPWM_fixed_fsw_ISR   
1     0000ca58  PinMux_init                    
1     0000cac1  myADC0_init                    
1     0000cb2a  samples_to_cla                 
1     0000cb93  MemCfg_setLSRAMControllerSel   
1     0000cbfa  myADC1_init                    
1     0000cc5a  myDMA1_init                    
1     0000cd0b  init_detector                  
1     0000cd62  GPIO_setPadConfig              
1     0000cdb7  cla1Isr1                       
1     0000ce0a  DMA_configWrap                 
1     0000ce52  myDMA0_init                    
1     0000ce99  GPIO_setInterruptPin           
1     0000cede  err_calc                       
1     0000cf22  INTERRUPT_init                 
1     0000cf65  SysCtl_selectOscSource         
1     0000cfa8  Interrupt_initModule           
1     0000cfe9  DMA_configTransfer             
1     0000d028  INT_transient_det_pin_XINT_ISR 
1     0000d065  DMA_configBurst                
1     0000d0a0  main                           
1     0000d0da  GPIO_setControllerCore         
1     0000d112  GPIO_setQualificationMode      
1     0000d14a  duty_cycle_calculation         
1     0000d182  GPIO_setAnalogMode             
1     0000d1b9  Interrupt_enable               
1     0000d1ef  EPWM_setEmulationMode          
1     0000d224  GPIO_setDirectionMode          
1     0000d258  DMA_configAddresses            
1     0000d28b  SYNC_init                      
1     0000d2bc  GPIO_setPinConfig              
1     0000d2ec  __TI_decompress_lzss           
1     0000d31a  Board_init                     
1     0000d347  SysCtl_selectXTAL              
1     0000d372  __TI_auto_init_nobinit_nopinit 
1     0000d39d  C$$EXIT                        
1     0000d39d  abort                          
1     0000d39f  exit                           
1     0000d3c6  CPUTIMER_init                  
1     0000d3c6  myCPUTIMER0_init               
1     0000d3eb  SysCtl_getLowSpeedClock        
1     0000d40f  INT_tz_clear_pin_XINT_ISR      
1     0000d42f  CPUTimer_setEmulationMode      
1     0000d44d  C2000Ware_libraries_init       
1     0000d44d  FFR_init                       
1     0000d44e  Interrupt_initVectorTable      
1     0000d488  SysCtl_selectXTALSingleEnded   
1     0000d4a5  CLA_setTriggerSource           
1     0000d4c1  INT_myDMA1_ISR                 
1     0000d4dd  memcpy                         
1     0000d4f9  ADC_setOffsetTrimAll           
1     0000d514  update_PI                      
1     0000d52d  INT_ControlPWM_TZ_ISR          
1     0000d545  CLA_init                       
1     0000d545  myCLA0_init                    
1     0000d55d  transient_det_pin_init         
1     0000d575  tz_clear_pin_init              
1     0000d58d  tz_pin_init                    
1     0000d5a5  debug_pin_init                 
1     0000d5bc  _c_int00                       
1     0000d5d3  duty_cycle_saturation          
1     0000d5e9  transient_det_pin_XINT_init    
1     0000d5fa  tz_clear_pin_XINT_init         
1     0000d60b  Device_initGPIO                
1     0000d61b  set_duty_cycle                 
1     0000d62b  DMA_init                       
1     0000d639  ASYSCTL_init                   
1     0000d646  _args_main                     
1     0000d652  init_PI                        
1     0000d65d  myINPUTXBARINPUT1_init         
1     0000d666  myINPUTXBARINPUT2_init         
1     0000d66f  myINPUTXBARINPUT3_init         
1     0000d678  __TI_decompress_none           
1     0000d680  reset_PI                       
1     0000d687  __TI_zero_init                 
1     0000d68d  myINPUTXBARINPUT0_init         
1     0000d697  __error__                      
1     0000d69e  _system_pre_init               
1     0000d6a0  _nop                           
1     0000d6a1  _system_post_cinit             
abs   000003f8  __TI_STACK_SIZE                
abs   ffffffff  __TI_pprof_out_hndl            
abs   ffffffff  __TI_prof_data_size            
abs   ffffffff  __TI_prof_data_start           
n/a   UNDEFED   __c_args__                     

[190 symbols]
