******************************************************************************
             TMS320C2000 Linker PC v22.6.3                     
******************************************************************************
>> Linked Tue Jun  2 15:01:33 2026

OUTPUT FILE NAME:   <buck_converter_dma_original.out>
ENTRY POINT SYMBOL: "code_start"  address: 00000000


MEMORY CONFIGURATION

         name            origin    length      used     unused   attr    fill
----------------------  --------  ---------  --------  --------  ----  --------
PAGE 0:
  BEGIN                 00000000   00000002  00000002  00000000  RWIX
  RAMM0                 000000f6   0000030a  00000004  00000306  RWIX
  RAMLS0                00008000   00000800  000007a2  0000005e  RWIX
  RAMLS3                00009800   00000800  00000490  00000370  RWIX
  RAMLS4                0000a000   00000800  000001d6  0000062a  RWIX
  FLASH_BANK0_SEC0      00080000   00001000  00000000  00001000  RWIX
  FLASH_BANK0_SEC1      00081000   00001000  00000000  00001000  RWIX
  FLASH_BANK0_SEC2      00082000   00001000  00000000  00001000  RWIX
  FLASH_BANK0_SEC3      00083000   00001000  00000000  00001000  RWIX
  FLASH_BANK0_SEC4      00084000   00001000  00000000  00001000  RWIX
  FLASH_BANK0_SEC5      00085000   00001000  00000000  00001000  RWIX
  FLASH_BANK0_SEC6      00086000   00001000  00000000  00001000  RWIX
  FLASH_BANK0_SEC7      00087000   00001000  00000000  00001000  RWIX
  FLASH_BANK0_SEC8      00088000   00001000  00000000  00001000  RWIX
  FLASH_BANK0_SEC9      00089000   00001000  00000000  00001000  RWIX
  FLASH_BANK0_SEC10     0008a000   00001000  00000000  00001000  RWIX
  FLASH_BANK0_SEC11     0008b000   00001000  00000000  00001000  RWIX
  FLASH_BANK0_SEC12     0008c000   00001000  00000000  00001000  RWIX
  FLASH_BANK0_SEC13     0008d000   00001000  00000000  00001000  RWIX
  FLASH_BANK0_SEC14     0008e000   00001000  00000000  00001000  RWIX
  FLASH_BANK0_SEC15     0008f000   00001000  00000000  00001000  RWIX
  FLASH_BANK1_SEC0      00090000   00001000  00000000  00001000  RWIX
  FLASH_BANK1_SEC1      00091000   00001000  00000000  00001000  RWIX
  FLASH_BANK1_SEC2      00092000   00001000  00000000  00001000  RWIX
  FLASH_BANK1_SEC3      00093000   00001000  00000000  00001000  RWIX
  FLASH_BANK1_SEC4      00094000   00001000  00000000  00001000  RWIX
  FLASH_BANK1_SEC5      00095000   00001000  00000000  00001000  RWIX
  FLASH_BANK1_SEC6      00096000   00001000  00000000  00001000  RWIX
  FLASH_BANK1_SEC7      00097000   00001000  00000000  00001000  RWIX
  FLASH_BANK1_SEC8      00098000   00001000  00000000  00001000  RWIX
  FLASH_BANK1_SEC9      00099000   00001000  00000000  00001000  RWIX
  FLASH_BANK1_SEC10     0009a000   00001000  00000000  00001000  RWIX
  FLASH_BANK1_SEC11     0009b000   00001000  00000000  00001000  RWIX
  FLASH_BANK1_SEC12     0009c000   00001000  00000000  00001000  RWIX
  FLASH_BANK1_SEC13     0009d000   00001000  00000000  00001000  RWIX
  FLASH_BANK1_SEC14     0009e000   00001000  00000000  00001000  RWIX
  FLASH_BANK1_SEC15     0009f000   00001000  00000000  00001000  RWIX
  RESET                 003fffc0   00000002  00000000  00000002  RWIX

PAGE 1:
  BOOT_RSVD             00000002   000000f1  00000000  000000f1  RWIX
  RAMM1                 00000400   000003f8  000003f8  00000000  RWIX
  CLA1_MSGRAMLOW        00001480   00000080  00000004  0000007c  RWIX
  CLA1_MSGRAMHIGH       00001500   00000080  00000011  0000006f  RWIX
  RAMLS1                00008800   00000800  00000000  00000800  RWIX
  RAMLS2                00009000   00000800  00000000  00000800  RWIX
  RAMLS5                0000a800   00000800  000000b4  0000074c  RWIX
  RAMLS6                0000b000   00000800  00000432  000003ce  RWIX
  RAMLS7                0000b800   00000800  00000000  00000800  RWIX
  RAMGS0                0000c000   00002000  00001956  000006aa  RWIX
  RAMGS1                0000e000   00002000  00000000  00002000  RWIX
  RAMGS2                00010000   00002000  00000000  00002000  RWIX
  RAMGS3                00012000   00001ff8  00000000  00001ff8  RWIX


SECTION ALLOCATION MAP

 output                                  attributes/
section   page    origin      length       input sections
--------  ----  ----------  ----------   ----------------
codestart 
*          0    00000000    00000002     
                  00000000    00000002     f28004x_codestartbranch.obj (codestart)

.TI.ramfunc 
*          0    000000f6    00000004     
                  000000f6    00000004     driverlib_eabi.lib : sysctl.obj (.TI.ramfunc)

.cinit     1    0000a84a    0000006a     
                  0000a84a    00000024     (.cinit..data.load) [load image, compression = lzss]
                  0000a86e    00000006     (.cinit.ramgs0.load) [load image, compression = lzss]
                  0000a874    00000006     (__TI_handler_table)
                  0000a87a    00000005     (.cinit.Cla1ToCpuMsgRAM.load) [load image, compression = lzss]
                  0000a87f    00000005     (.cinit.CpuToCla1MsgRAM.load) [load image, compression = lzss]
                  0000a884    00000004     (.cinit..bss.load) [load image, compression = zero_init]
                  0000a888    00000004     (.cinit..bss_cla.load) [load image, compression = zero_init]
                  0000a88c    00000004     (.cinit..scratchpad.load) [load image, compression = zero_init]
                  0000a890    00000004     (.cinit.Cla1DataRam.load) [load image, compression = zero_init]
                  0000a894    00000020     (__TI_cinit_table)

.reset     0    003fffc0    00000000     DSECT

.stack     1    00000400    000003f8     UNINITIALIZED
                  00000400    000003f8     --HOLE--

.bss       1    0000a800    0000004a     UNINITIALIZED
                  0000a800    00000010     transient_det.obj (.bss:io_buff)
                  0000a810    00000010     transient_det.obj (.bss:tr_buff)
                  0000a820    00000010     transient_det.obj (.bss:vo_buff)
                  0000a830    00000008     main.obj (.bss:Il_controller)
                  0000a838    00000008     main.obj (.bss:Vo_controller)
                  0000a840    00000008     transient_det.obj (.bss)
                  0000a848    00000002     main.obj (.bss)

.init_array 
*          0    000000f6    00000000     UNINITIALIZED

.const     1    0000b000    000003dc     
                  0000b000    0000009a     driverlib_eabi.lib : sysctl.obj (.const:.string)
                  0000b09a    00000098                        : epwm.obj (.const:.string)
                  0000b132    00000098                        : gpio.obj (.const:.string)
                  0000b1ca    00000097                        : dma.obj (.const:.string)
                  0000b261    00000001     --HOLE-- [fill = 0]
                  0000b262    00000089     board.obj (.const:.string)
                  0000b2eb    00000001     --HOLE-- [fill = 0]
                  0000b2ec    00000051     driverlib_eabi.lib : interrupt.obj (.const:.string)
                  0000b33d    00000001     --HOLE-- [fill = 0]
                  0000b33e    00000050                        : cputimer.obj (.const:.string)
                  0000b38e    0000004e                        : memcfg.obj (.const:.string)

.data      1    0000b3dc    00000056     UNINITIALIZED
                  0000b3dc    00000006     rts2800_fpu32_eabi.lib : exit.c.obj (.data)
                  0000b3e2    00000002                            : _lock.c.obj (.data:_lock)
                  0000b3e4    00000002     control_functions.obj (.data)
                  0000b3e6    0000001a     --HOLE--
                  0000b400    00000032     main.obj (.data)

.bss_cla   0    00009b40    0000014a     UNINITIALIZED
                  00009b40    000000a0     cla_tasks.obj (.bss_cla:valid_smpl_val_i)
                  00009be0    000000a0     cla_tasks.obj (.bss_cla:valid_smpl_val_v)
                  00009c80    0000000a     cla_tasks.obj (.bss_cla)

ramgs0     1    0000c000    00000012     UNINITIALIZED
                  0000c000    0000000e     main.obj (ramgs0:uninit)
                  0000c00e    00000004     main.obj (ramgs0:init)

.scratchpad 
*          0    00009c8a    00000006     UNINITIALIZED
                  00009c8a    00000006     cla_tasks.obj (.scratchpad:Cla1Prog:derivatives)
                  00009c8a    00000002     cla_tasks.obj (.scratchpad:Cla1Prog:partial_norms)
                  00009c8a    00000002     cla_tasks.obj (.scratchpad:Cla1Prog:back_subs)

Cla1DataRam 
*          0    00009800    00000340     UNINITIALIZED
                  00009800    00000340     cla_tasks.obj (Cla1DataRam)

Cla1ToCpuMsgRAM 
*          1    00001480    00000004     UNINITIALIZED
                  00001480    00000004     main.obj (Cla1ToCpuMsgRAM)

CpuToCla1MsgRAM 
*          1    00001500    00000011     UNINITIALIZED
                  00001500    00000010     main.obj (CpuToCla1MsgRAM:uninit)
                  00001510    00000001     main.obj (CpuToCla1MsgRAM:init)

Cla1Prog.1 
*          0    00008000    000007a2     
                  00008000    00000264     cla_tasks.obj (Cla1Prog:Cla1Task1)
                  00008264    0000021e     cla_tasks.obj (Cla1Prog:hh1)
                  00008482    000001d8     cla_tasks.obj (Cla1Prog:hh2)
                  0000865a    0000009c     cla_tasks.obj (Cla1Prog:partial_norms)
                  000086f6    00000072     cla_tasks.obj (Cla1Prog:back_subs)
                  00008768    0000003a     cla_tasks.obj (Cla1Prog:pivot)

Cla1Prog.2 
*          0    0000a000    000001d6     
                  0000a000    000001d6     cla_tasks.obj (Cla1Prog:derivatives)

.text      1    0000c012    00001944     
                  0000c012    000003c9     board.obj (.text:EPWM_init)
                  0000c3db    000000d7     device.obj (.text:Device_enableAllPeripherals)
                  0000c4b2    000000c5     driverlib_eabi.lib : sysctl.obj (.text:SysCtl_setClock)
                  0000c577    000000bd                        : sysctl.obj (.text:SysCtl_isPLLValid)
                  0000c634    000000b3     board.obj (.text:MEMCFG_init)
                  0000c6e7    0000009d     driverlib_eabi.lib : dma.obj (.text:DMA_configMode)
                  0000c784    00000095     main.obj (.text:average_samples)
                  0000c819    0000007f     driverlib_eabi.lib : interrupt.obj (.text:Interrupt_clearIFR)
                  0000c898    00000079     main.obj (.text:samples_to_cla)
                  0000c911    00000077     transient_det.obj (.text:transient_detector)
                  0000c988    00000073     driverlib_eabi.lib : sysctl.obj (.text:DCC_setCounterSeeds)
                  0000c9fb    00000073     device.obj (.text:Device_init)
                  0000ca6e    00000072     driverlib_eabi.lib : memcfg.obj (.text:MemCfg_setProtection)
                  0000cae0    0000006b     board.obj (.text:myADC1_init)
                  0000cb4b    00000066     main.obj (.text:INT_ControlPWM_ISR)
                  0000cbb1    00000064     board.obj (.text:PinMux_init)
                  0000cc15    0000005e     driverlib_eabi.lib : sysctl.obj (.text:SysCtl_getClock)
                  0000cc73    00000058     board.obj (.text:EPWM_setActionQualifierAction)
                  0000cccb    00000057     transient_det.obj (.text:init_detector)
                  0000cd22    00000054     board.obj (.text:myADC0_init)
                  0000cd76    00000054     board.obj (.text:myADC2_init)
                  0000cdca    00000053     main.obj (.text:cla1Isr1)
                  0000ce1d    00000052     driverlib_eabi.lib : gpio.obj (.text:GPIO_setPadConfig)
                  0000ce6f    0000004e                        : interrupt.obj (.text:Interrupt_disable)
                  0000cebd    00000049                        : sysctl.obj (.text:SysCtl_selectOscSource)
                  0000cf06    00000048     board.obj (.text:myDMA1_init)
                  0000cf4e    00000047     board.obj (.text:myDMA0_init)
                  0000cf95    00000047     board.obj (.text:myDMA2_init)
                  0000cfdc    00000045     main.obj (.text:err_calc)
                  0000d021    0000003d     main.obj (.text:INT_transient_det_pin_XINT_ISR)
                  0000d05e    0000003d     driverlib_eabi.lib : interrupt.obj (.text:Interrupt_initModule)
                  0000d09b    0000003a                        : gpio.obj (.text:GPIO_setAnalogMode)
                  0000d0d5    0000003a     main.obj (.text:main)
                  0000d10f    00000038     board.obj (.text:INTERRUPT_init)
                  0000d147    00000038     main.obj (.text:duty_cycle_calculation)
                  0000d17f    00000037     driverlib_eabi.lib : gpio.obj (.text:GPIO_setControllerCore)
                  0000d1b6    00000037                        : gpio.obj (.text:GPIO_setPinConfig)
                  0000d1ed    00000037                        : gpio.obj (.text:GPIO_setQualificationMode)
                  0000d224    00000037                        : interrupt.obj (.text:Interrupt_enable)
                  0000d25b    00000037                        : memcfg.obj (.text:MemCfg_setLSRAMControllerSel)
                  0000d292    00000034                        : gpio.obj (.text:GPIO_setInterruptPin)
                  0000d2c6    00000033                        : dma.obj (.text:DMA_configWrap)
                  0000d2f9    00000031                        : gpio.obj (.text:GPIO_setDirectionMode)
                  0000d32a    00000031     board.obj (.text:SYNC_init)
                  0000d35b    0000002e     rts2800_fpu32_eabi.lib : copy_decompress_lzss.c.obj (.text:decompress:lzss)
                  0000d389    0000002b     board.obj (.text:Board_init)
                  0000d3b4    0000002b     driverlib_eabi.lib : epwm.obj (.text:EPWM_isBaseValid)
                  0000d3df    0000002b     rts2800_fpu32_eabi.lib : autoinit.c.obj (.text:__TI_auto_init_nobinit_nopinit)
                  0000d40a    00000029     driverlib_eabi.lib : dma.obj (.text:DMA_configTransfer)
                  0000d433    00000029     rts2800_fpu32_eabi.lib : exit.c.obj (.text)
                  0000d45c    00000028     driverlib_eabi.lib : adc.obj (.text:ADC_setOffsetTrimAll)
                  0000d484    00000026                        : cla.obj (.text:CLA_setTriggerSource)
                  0000d4aa    00000025                        : dma.obj (.text:DMA_configAddresses)
                  0000d4cf    00000025     board.obj (.text:myCPUTIMER0_init)
                  0000d4f4    00000024     driverlib_eabi.lib : sysctl.obj (.text:DCC_enableSingleShotMode)
                  0000d518    00000024                        : dma.obj (.text:DMA_configBurst)
                  0000d53c    00000024                        : sysctl.obj (.text:SysCtl_selectXTAL)
                  0000d560    00000023                        : dma.obj (.text:DMA_isBaseValid)
                  0000d583    00000023                        : sysctl.obj (.text:SysCtl_pollX1Counter)
                  0000d5a6    00000020                        : gpio.obj (.text:XBAR_setInputPin)
                  0000d5c6    0000001f     main.obj (.text:INT_tz_pin_XINT_ISR)
                  0000d5e5    0000001e     driverlib_eabi.lib : sysctl.obj (.text:DCC_setCounter1ClkSource)
                  0000d603    0000001e                        : interrupt.obj (.text:Interrupt_initVectorTable)
                  0000d621    0000001c                        : sysctl.obj (.text:DCC_setCounter0ClkSource)
                  0000d63d    0000001c     rts2800_fpu32_eabi.lib : memcpy.c.obj (.text)
                  0000d659    0000001a     driverlib_eabi.lib : sysctl.obj (.text:SysCtl_getLowSpeedClock)
                  0000d673    0000001a                        : sysctl.obj (.text:SysCtl_selectXTALSingleEnded)
                  0000d68d    00000019     control_functions.obj (.text:update_PI)
                  0000d6a6    00000018     main.obj (.text:INT_ControlPWM_TZ_ISR)
                  0000d6be    00000018     board.obj (.text:myCLA0_init)
                  0000d6d6    00000018     board.obj (.text:transient_det_pin_init)
                  0000d6ee    00000018     board.obj (.text:tz_pin_init)
                  0000d706    00000017     driverlib_eabi.lib : cputimer.obj (.text:CPUTimer_isBaseValid)
                  0000d71d    00000017                        : sysctl.obj (.text:SysCtl_enablePeripheral)
                  0000d734    00000017     board.obj (.text:debug_pin_init)
                  0000d74b    00000017     rts2800_fpu32_eabi.lib : boot28.asm.obj (.text)
                  0000d762    00000016     driverlib_eabi.lib : sysctl.obj (.text:DCC_disableDoneSignal)
                  0000d778    00000016                        : sysctl.obj (.text:DCC_enableDoneSignal)
                  0000d78e    00000016                        : epwm.obj (.text:EPWM_setEmulationMode)
                  0000d7a4    00000016     control_functions.obj (.text:duty_cycle_saturation)
                  0000d7ba    00000015     driverlib_eabi.lib : sysctl.obj (.text:DCC_clearDoneFlag)
                  0000d7cf    00000015                        : sysctl.obj (.text:DCC_clearErrorFlag)
                  0000d7e4    00000015                        : sysctl.obj (.text:DCC_disableErrorSignal)
                  0000d7f9    00000015                        : sysctl.obj (.text:DCC_enableErrorSignal)
                  0000d80e    00000014                        : sysctl.obj (.text:DCC_disableModule)
                  0000d822    00000014                        : sysctl.obj (.text:DCC_enableModule)
                  0000d836    00000014                        : gpio.obj (.text:GPIO_isPinValid)
                  0000d84a    00000013                        : cputimer.obj (.text:CPUTimer_setEmulationMode)
                  0000d85d    00000011     board.obj (.text:transient_det_pin_XINT_init)
                  0000d86e    00000011     board.obj (.text:tz_pin_XINT_init)
                  0000d87f    00000010     driverlib_eabi.lib : sysctl.obj (.text:DCC_isBaseValid)
                  0000d88f    00000010     board.obj (.text:DMA_init)
                  0000d89f    00000010     device.obj (.text:Device_initGPIO)
                  0000d8af    00000010     control_functions.obj (.text:set_duty_cycle)
                  0000d8bf    0000000e     driverlib_eabi.lib : interrupt.obj (.text:Interrupt_defaultHandler)
                  0000d8cd    0000000d     board.obj (.text:ASYSCTL_init)
                  0000d8da    0000000d     driverlib_eabi.lib : interrupt.obj (.text:Interrupt_disableGlobal)
                  0000d8e7    0000000d                        : interrupt.obj (.text:Interrupt_enableGlobal)
                  0000d8f4    0000000c     rts2800_fpu32_eabi.lib : args_main.c.obj (.text)
                  0000d900    0000000b     driverlib_eabi.lib : sysctl.obj (.text:SysCtl_isMCDClockFailureDetected)
                  0000d90b    0000000b     control_functions.obj (.text:init_PI)
                  0000d916    00000009     board.obj (.text:myINPUTXBARINPUT1_init)
                  0000d91f    00000009     board.obj (.text:myINPUTXBARINPUT4_init)
                  0000d928    00000008     rts2800_fpu32_eabi.lib : copy_decompress_none.c.obj (.text:decompress:none)
                  0000d930    00000007     driverlib_eabi.lib : sysctl.obj (.text:SysCtl_resetMCD)
                  0000d937    00000007     control_functions.obj (.text:reset_PI)
                  0000d93e    00000006     rts2800_fpu32_eabi.lib : copy_zero_init.c.obj (.text:decompress:ZI)
                  0000d944    00000006     board.obj (.text:myINPUTXBARINPUT0_init)
                  0000d94a    00000003     device.obj (.text:__error__)
                  0000d94d    00000002     driverlib_eabi.lib : interrupt.obj (.text:Interrupt_illegalOperationHandler)
                  0000d94f    00000002                        : interrupt.obj (.text:Interrupt_nmiHandler)
                  0000d951    00000002     rts2800_fpu32_eabi.lib : pre_init.c.obj (.text)
                  0000d953    00000001     c2000ware_libraries.obj (.text:FFR_init)
                  0000d954    00000001     rts2800_fpu32_eabi.lib : _lock.c.obj (.text)
                  0000d955    00000001                            : startup.c.obj (.text)

MODULE SUMMARY

       Module                        code   ro data   rw data
       ------                        ----   -------   -------
    .\
       cla_tasks.obj                 2424   0         1172   
       main.obj                      754    0         107    
       transient_det.obj             206    0         56     
       control_functions.obj         81     0         2      
    +--+-----------------------------+------+---------+---------+
       Total:                        3465   0         1337   
                                                             
    .\device\
       device.obj                    349    0         0      
       f28004x_codestartbranch.obj   2      0         0      
    +--+-----------------------------+------+---------+---------+
       Total:                        351    0         0      
                                                             
    .\syscfg\
       board.obj                     2192   137       0      
       c2000ware_libraries.obj       1      0         0      
    +--+-----------------------------+------+---------+---------+
       Total:                        2193   137       0      
                                                             
    C:/ti/ccs2040/ccs/tools/compiler/ti-cgt-c2000_22.6.3.LTS/lib/rts2800_fpu32_eabi.lib
       exit.c.obj                    41     0         6      
       copy_decompress_lzss.c.obj    46     0         0      
       autoinit.c.obj                43     0         0      
       memcpy.c.obj                  28     0         0      
       boot28.asm.obj                23     0         0      
       args_main.c.obj               12     0         0      
       copy_decompress_none.c.obj    8      0         0      
       copy_zero_init.c.obj          6      0         0      
       _lock.c.obj                   1      0         2      
       pre_init.c.obj                2      0         0      
       startup.c.obj                 1      0         0      
    +--+-----------------------------+------+---------+---------+
       Total:                        211    0         8      
                                                             
    C:\ti\c2000\C2000Ware_4_03_00_00\driverlib\f28004x\driverlib\ccs\Debug\driverlib_eabi.lib
       sysctl.obj                    1114   154       0      
       gpio.obj                      458    152       0      
       dma.obj                       357    151       0      
       interrupt.obj                 395    81        0      
       memcfg.obj                    169    78        0      
       epwm.obj                      65     152       0      
       cputimer.obj                  42     80        0      
       adc.obj                       40     0         0      
       cla.obj                       38     0         0      
    +--+-----------------------------+------+---------+---------+
       Total:                        2678   848       0      
                                                             
       Stack:                        0      0         1016   
       Linker Generated:             0      106       0      
    +--+-----------------------------+------+---------+---------+
       Grand Total:                  8898   1091      2361   


LINKER GENERATED COPY TABLES

__TI_cinit_table @ 0000a894 records: 8, size/record: 4, table size: 32
	.data: load addr=0000a84a, load size=00000024 bytes, run addr=0000b3dc, run size=00000056 bytes, compression=lzss
	ramgs0: load addr=0000a86e, load size=00000006 bytes, run addr=0000c000, run size=00000012 bytes, compression=lzss
	Cla1ToCpuMsgRAM: load addr=0000a87a, load size=00000005 bytes, run addr=00001480, run size=00000004 bytes, compression=lzss
	CpuToCla1MsgRAM: load addr=0000a87f, load size=00000005 bytes, run addr=00001500, run size=00000011 bytes, compression=lzss
	.bss: load addr=0000a884, load size=00000004 bytes, run addr=0000a800, run size=0000004a bytes, compression=zero_init
	.bss_cla: load addr=0000a888, load size=00000004 bytes, run addr=00009b40, run size=0000014a bytes, compression=zero_init
	.scratchpad: load addr=0000a88c, load size=00000004 bytes, run addr=00009c8a, run size=00000006 bytes, compression=zero_init
	Cla1DataRam: load addr=0000a890, load size=00000004 bytes, run addr=00009800, run size=00000340 bytes, compression=zero_init


LINKER GENERATED HANDLER TABLE

__TI_handler_table @ 0000a874 records: 3, size/record: 2, table size: 6
	index: 0, handler: __TI_zero_init
	index: 1, handler: __TI_decompress_lzss
	index: 2, handler: __TI_decompress_none


GLOBAL DATA SYMBOLS: SORTED BY DATA PAGE

address     data page           name
--------    ----------------    ----
00000400      10 (00000400)     __stack

00001480      52 (00001480)     R_out
00001482      52 (00001480)     L_out

00001500      54 (00001500)     vo_sample_test
00001508      54 (00001500)     io_sample_test
00001510      54 (00001500)     s_count

00009800     260 (00009800)     i
00009802     260 (00009800)     vo_smpl_cla

000098a2     262 (00009880)     io_smpl_cla

00009942     265 (00009940)     dio_smpl_cla

000099e2     267 (000099c0)     v_h

00009a82     26a (00009a80)     v2

00009b22     26c (00009b00)     n1_partial
00009b24     26c (00009b00)     n2_partial
00009b26     26c (00009b00)     piv0
00009b27     26c (00009b00)     piv1
00009b28     26c (00009b00)     col0
00009b29     26c (00009b00)     col1
00009b2a     26c (00009b00)     alpha
00009b2c     26c (00009b00)     beta
00009b2e     26c (00009b00)     vv
00009b30     26c (00009b00)     dot
00009b32     26c (00009b00)     dot1
00009b34     26c (00009b00)     alpha2
00009b36     26c (00009b00)     beta2
00009b38     26c (00009b00)     v2v2
00009b3a     26c (00009b00)     dot2
00009b3c     26c (00009b00)     sol

00009b40     26d (00009b40)     valid_smpl_val_i

00009be0     26f (00009bc0)     valid_smpl_val_v

00009c80     272 (00009c80)     nsat_smpl
00009c82     272 (00009c80)     sat_smpl
00009c84     272 (00009c80)     nsat_smpl_prev
00009c86     272 (00009c80)     ef_index
00009c88     272 (00009c80)     single_smpl

0000a800     2a0 (0000a800)     io_buff
0000a810     2a0 (0000a800)     tr_buff
0000a820     2a0 (0000a800)     vo_buff
0000a830     2a0 (0000a800)     Il_controller
0000a838     2a0 (0000a800)     Vo_controller

0000a840     2a1 (0000a840)     head
0000a842     2a1 (0000a840)     vo_sum
0000a844     2a1 (0000a840)     io_sum
0000a846     2a1 (0000a840)     tr_sum
0000a848     2a1 (0000a840)     transient_det_res
0000a849     2a1 (0000a840)     k

0000b3dc     2cf (0000b3c0)     __TI_enable_exit_profile_output
0000b3de     2cf (0000b3c0)     __TI_cleanup_ptr
0000b3e0     2cf (0000b3c0)     __TI_dtors_ptr
0000b3e2     2cf (0000b3c0)     _lock

0000b400     2d0 (0000b400)     fixed_duty_cycle
0000b402     2d0 (0000b400)     ADCA0_results_add
0000b404     2d0 (0000b400)     ADCA0_Result_base
0000b406     2d0 (0000b400)     ADCB0_results_add
0000b408     2d0 (0000b400)     ADCB0_Result_base
0000b40a     2d0 (0000b400)     ADCC0_results_add
0000b40c     2d0 (0000b400)     ADCC0_Result_base
0000b40e     2d0 (0000b400)     d
0000b410     2d0 (0000b400)     fixed_d
0000b412     2d0 (0000b400)     Iin_avg
0000b414     2d0 (0000b400)     Io_avg
0000b416     2d0 (0000b400)     Il_avg
0000b418     2d0 (0000b400)     Vo_avg
0000b41a     2d0 (0000b400)     Vin_avg
0000b41c     2d0 (0000b400)     Vo_error
0000b41e     2d0 (0000b400)     Il_error
0000b420     2d0 (0000b400)     Vo_ref
0000b422     2d0 (0000b400)     kpv
0000b424     2d0 (0000b400)     kiv
0000b426     2d0 (0000b400)     kpi
0000b428     2d0 (0000b400)     kii
0000b42a     2d0 (0000b400)     get_clk
0000b42c     2d0 (0000b400)     get_ls_clk
0000b42e     2d0 (0000b400)     timer_count
0000b430     2d0 (0000b400)     alg_time

0000c000     300 (0000c000)     ADCA_results
0000c002     300 (0000c000)     ADCB_results
0000c006     300 (0000c000)     ADCC_results
0000c00e     300 (0000c000)     R_err
0000c010     300 (0000c000)     L_err


GLOBAL SYMBOLS: SORTED ALPHABETICALLY BY Name 

page  address   name                           
----  -------   ----                           
1     0000b404  ADCA0_Result_base              
1     0000b402  ADCA0_results_add              
1     0000c000  ADCA_results                   
1     0000b408  ADCB0_Result_base              
1     0000b406  ADCB0_results_add              
1     0000c002  ADCB_results                   
1     0000b40c  ADCC0_Result_base              
1     0000b40a  ADCC0_results_add              
1     0000c006  ADCC_results                   
1     0000d45c  ADC_setOffsetTrimAll           
1     0000d8cd  ASYSCTL_init                   
1     0000d389  Board_init                     
1     0000d433  C$$EXIT                        
1     0000d953  C2000Ware_libraries_init       
1     0000d6be  CLA_init                       
1     0000d484  CLA_setTriggerSource           
1     0000d4cf  CPUTIMER_init                  
1     0000d84a  CPUTimer_setEmulationMode      
0     00008000  Cla1Task1                      
1     0000d4aa  DMA_configAddresses            
1     0000d518  DMA_configBurst                
1     0000c6e7  DMA_configMode                 
1     0000d40a  DMA_configTransfer             
1     0000d2c6  DMA_configWrap                 
1     0000d88f  DMA_init                       
1     0000c3db  Device_enableAllPeripherals    
1     0000c9fb  Device_init                    
1     0000d89f  Device_initGPIO                
1     0000c012  EPWM_init                      
1     0000d78e  EPWM_setEmulationMode          
1     0000d953  FFR_init                       
1     0000d09b  GPIO_setAnalogMode             
1     0000d17f  GPIO_setControllerCore         
1     0000d2f9  GPIO_setDirectionMode          
1     0000d292  GPIO_setInterruptPin           
1     0000ce1d  GPIO_setPadConfig              
1     0000d1b6  GPIO_setPinConfig              
1     0000d1ed  GPIO_setQualificationMode      
1     0000d10f  INTERRUPT_init                 
1     0000cb4b  INT_ControlPWM_ISR             
1     0000d6a6  INT_ControlPWM_TZ_ISR          
1     0000d021  INT_transient_det_pin_XINT_ISR 
1     0000d5c6  INT_tz_pin_XINT_ISR            
1     0000b412  Iin_avg                        
1     0000b416  Il_avg                         
1     0000a830  Il_controller                  
1     0000b41e  Il_error                       
1     0000ce6f  Interrupt_disable              
1     0000d224  Interrupt_enable               
1     0000d05e  Interrupt_initModule           
1     0000d603  Interrupt_initVectorTable      
1     0000b414  Io_avg                         
1     0000c010  L_err                          
1     00001482  L_out                          
1     0000c634  MEMCFG_init                    
1     0000d25b  MemCfg_setLSRAMControllerSel   
1     0000ca6e  MemCfg_setProtection           
1     0000cbb1  PinMux_init                    
1     0000c00e  R_err                          
1     00001480  R_out                          
1     0000d32a  SYNC_init                      
0     000000f6  SysCtl_delay                   
1     0000cc15  SysCtl_getClock                
1     0000d659  SysCtl_getLowSpeedClock        
1     0000c577  SysCtl_isPLLValid              
1     0000cebd  SysCtl_selectOscSource         
1     0000d53c  SysCtl_selectXTAL              
1     0000d673  SysCtl_selectXTALSingleEnded   
1     0000c4b2  SysCtl_setClock                
1     0000b41a  Vin_avg                        
1     0000b418  Vo_avg                         
1     0000a838  Vo_controller                  
1     0000b41c  Vo_error                       
1     0000b420  Vo_ref                         
1     0000a894  __TI_CINIT_Base                
1     0000a8b4  __TI_CINIT_Limit               
1     0000a8b4  __TI_CINIT_Warm                
1     0000a874  __TI_Handler_Table_Base        
1     0000a87a  __TI_Handler_Table_Limit       
1     000007f8  __TI_STACK_END                 
abs   000003f8  __TI_STACK_SIZE                
1     0000d3df  __TI_auto_init_nobinit_nopinit 
1     0000b3de  __TI_cleanup_ptr               
1     0000d35b  __TI_decompress_lzss           
1     0000d928  __TI_decompress_none           
1     0000b3e0  __TI_dtors_ptr                 
1     0000b3dc  __TI_enable_exit_profile_output
abs   ffffffff  __TI_pprof_out_hndl            
abs   ffffffff  __TI_prof_data_size            
abs   ffffffff  __TI_prof_data_start           
1     0000d93e  __TI_zero_init                 
n/a   UNDEFED   __c_args__                     
1     0000d94a  __error__                      
1     00000400  __stack                        
1     0000d8f4  _args_main                     
1     0000d74b  _c_int00                       
1     0000b3e2  _lock                          
1     0000d954  _nop                           
1     0000d955  _system_post_cinit             
1     0000d951  _system_pre_init               
1     0000d433  abort                          
1     0000b430  alg_time                       
0     00009b2a  alpha                          
0     00009b34  alpha2                         
1     0000c784  average_samples                
0     000086f6  back_subs                      
0     00009b2c  beta                           
0     00009b36  beta2                          
1     0000cdca  cla1Isr1                       
0     00000000  code_start                     
0     00009b28  col0                           
0     00009b29  col1                           
1     0000b40e  d                              
1     0000d734  debug_pin_init                 
0     0000a000  derivatives                    
0     00009942  dio_smpl_cla                   
0     00009b30  dot                            
0     00009b32  dot1                           
0     00009b3a  dot2                           
1     0000d147  duty_cycle_calculation         
1     0000d7a4  duty_cycle_saturation          
0     00009c86  ef_index                       
1     0000cfdc  err_calc                       
1     0000d435  exit                           
1     0000b410  fixed_d                        
1     0000b400  fixed_duty_cycle               
1     0000b42a  get_clk                        
1     0000b42c  get_ls_clk                     
1     0000a840  head                           
0     00008264  hh1                            
0     00008482  hh2                            
0     00009800  i                              
1     0000d90b  init_PI                        
1     0000cccb  init_detector                  
1     0000a800  io_buff                        
1     00001508  io_sample_test                 
0     000098a2  io_smpl_cla                    
1     0000a844  io_sum                         
1     0000a849  k                              
1     0000b428  kii                            
1     0000b424  kiv                            
1     0000b426  kpi                            
1     0000b422  kpv                            
1     0000d0d5  main                           
1     0000d63d  memcpy                         
1     0000cd22  myADC0_init                    
1     0000cae0  myADC1_init                    
1     0000cd76  myADC2_init                    
1     0000d6be  myCLA0_init                    
1     0000d4cf  myCPUTIMER0_init               
1     0000cf4e  myDMA0_init                    
1     0000cf06  myDMA1_init                    
1     0000cf95  myDMA2_init                    
1     0000d944  myINPUTXBARINPUT0_init         
1     0000d916  myINPUTXBARINPUT1_init         
1     0000d91f  myINPUTXBARINPUT4_init         
0     00009b22  n1_partial                     
0     00009b24  n2_partial                     
0     00009c80  nsat_smpl                      
0     00009c84  nsat_smpl_prev                 
0     0000865a  partial_norms                  
0     00009b26  piv0                           
0     00009b27  piv1                           
0     00008768  pivot                          
1     0000d937  reset_PI                       
1     00001510  s_count                        
1     0000c898  samples_to_cla                 
0     00009c82  sat_smpl                       
1     0000d8af  set_duty_cycle                 
0     00009c88  single_smpl                    
0     00009b3c  sol                            
1     0000b42e  timer_count                    
1     0000a810  tr_buff                        
1     0000a846  tr_sum                         
1     0000d85d  transient_det_pin_XINT_init    
1     0000d6d6  transient_det_pin_init         
1     0000a848  transient_det_res              
1     0000c911  transient_detector             
1     0000d86e  tz_pin_XINT_init               
1     0000d6ee  tz_pin_init                    
1     0000d68d  update_PI                      
0     00009a82  v2                             
0     00009b38  v2v2                           
0     000099e2  v_h                            
0     00009b40  valid_smpl_val_i               
0     00009be0  valid_smpl_val_v               
1     0000a820  vo_buff                        
1     00001500  vo_sample_test                 
0     00009802  vo_smpl_cla                    
1     0000a842  vo_sum                         
0     00009b2e  vv                             


GLOBAL SYMBOLS: SORTED BY Symbol Address 

page  address   name                           
----  -------   ----                           
0     00000000  code_start                     
0     000000f6  SysCtl_delay                   
0     00008000  Cla1Task1                      
0     00008264  hh1                            
0     00008482  hh2                            
0     0000865a  partial_norms                  
0     000086f6  back_subs                      
0     00008768  pivot                          
0     00009800  i                              
0     00009802  vo_smpl_cla                    
0     000098a2  io_smpl_cla                    
0     00009942  dio_smpl_cla                   
0     000099e2  v_h                            
0     00009a82  v2                             
0     00009b22  n1_partial                     
0     00009b24  n2_partial                     
0     00009b26  piv0                           
0     00009b27  piv1                           
0     00009b28  col0                           
0     00009b29  col1                           
0     00009b2a  alpha                          
0     00009b2c  beta                           
0     00009b2e  vv                             
0     00009b30  dot                            
0     00009b32  dot1                           
0     00009b34  alpha2                         
0     00009b36  beta2                          
0     00009b38  v2v2                           
0     00009b3a  dot2                           
0     00009b3c  sol                            
0     00009b40  valid_smpl_val_i               
0     00009be0  valid_smpl_val_v               
0     00009c80  nsat_smpl                      
0     00009c82  sat_smpl                       
0     00009c84  nsat_smpl_prev                 
0     00009c86  ef_index                       
0     00009c88  single_smpl                    
0     0000a000  derivatives                    
1     00000400  __stack                        
1     000007f8  __TI_STACK_END                 
1     00001480  R_out                          
1     00001482  L_out                          
1     00001500  vo_sample_test                 
1     00001508  io_sample_test                 
1     00001510  s_count                        
1     0000a800  io_buff                        
1     0000a810  tr_buff                        
1     0000a820  vo_buff                        
1     0000a830  Il_controller                  
1     0000a838  Vo_controller                  
1     0000a840  head                           
1     0000a842  vo_sum                         
1     0000a844  io_sum                         
1     0000a846  tr_sum                         
1     0000a848  transient_det_res              
1     0000a849  k                              
1     0000a874  __TI_Handler_Table_Base        
1     0000a87a  __TI_Handler_Table_Limit       
1     0000a894  __TI_CINIT_Base                
1     0000a8b4  __TI_CINIT_Limit               
1     0000a8b4  __TI_CINIT_Warm                
1     0000b3dc  __TI_enable_exit_profile_output
1     0000b3de  __TI_cleanup_ptr               
1     0000b3e0  __TI_dtors_ptr                 
1     0000b3e2  _lock                          
1     0000b400  fixed_duty_cycle               
1     0000b402  ADCA0_results_add              
1     0000b404  ADCA0_Result_base              
1     0000b406  ADCB0_results_add              
1     0000b408  ADCB0_Result_base              
1     0000b40a  ADCC0_results_add              
1     0000b40c  ADCC0_Result_base              
1     0000b40e  d                              
1     0000b410  fixed_d                        
1     0000b412  Iin_avg                        
1     0000b414  Io_avg                         
1     0000b416  Il_avg                         
1     0000b418  Vo_avg                         
1     0000b41a  Vin_avg                        
1     0000b41c  Vo_error                       
1     0000b41e  Il_error                       
1     0000b420  Vo_ref                         
1     0000b422  kpv                            
1     0000b424  kiv                            
1     0000b426  kpi                            
1     0000b428  kii                            
1     0000b42a  get_clk                        
1     0000b42c  get_ls_clk                     
1     0000b42e  timer_count                    
1     0000b430  alg_time                       
1     0000c000  ADCA_results                   
1     0000c002  ADCB_results                   
1     0000c006  ADCC_results                   
1     0000c00e  R_err                          
1     0000c010  L_err                          
1     0000c012  EPWM_init                      
1     0000c3db  Device_enableAllPeripherals    
1     0000c4b2  SysCtl_setClock                
1     0000c577  SysCtl_isPLLValid              
1     0000c634  MEMCFG_init                    
1     0000c6e7  DMA_configMode                 
1     0000c784  average_samples                
1     0000c898  samples_to_cla                 
1     0000c911  transient_detector             
1     0000c9fb  Device_init                    
1     0000ca6e  MemCfg_setProtection           
1     0000cae0  myADC1_init                    
1     0000cb4b  INT_ControlPWM_ISR             
1     0000cbb1  PinMux_init                    
1     0000cc15  SysCtl_getClock                
1     0000cccb  init_detector                  
1     0000cd22  myADC0_init                    
1     0000cd76  myADC2_init                    
1     0000cdca  cla1Isr1                       
1     0000ce1d  GPIO_setPadConfig              
1     0000ce6f  Interrupt_disable              
1     0000cebd  SysCtl_selectOscSource         
1     0000cf06  myDMA1_init                    
1     0000cf4e  myDMA0_init                    
1     0000cf95  myDMA2_init                    
1     0000cfdc  err_calc                       
1     0000d021  INT_transient_det_pin_XINT_ISR 
1     0000d05e  Interrupt_initModule           
1     0000d09b  GPIO_setAnalogMode             
1     0000d0d5  main                           
1     0000d10f  INTERRUPT_init                 
1     0000d147  duty_cycle_calculation         
1     0000d17f  GPIO_setControllerCore         
1     0000d1b6  GPIO_setPinConfig              
1     0000d1ed  GPIO_setQualificationMode      
1     0000d224  Interrupt_enable               
1     0000d25b  MemCfg_setLSRAMControllerSel   
1     0000d292  GPIO_setInterruptPin           
1     0000d2c6  DMA_configWrap                 
1     0000d2f9  GPIO_setDirectionMode          
1     0000d32a  SYNC_init                      
1     0000d35b  __TI_decompress_lzss           
1     0000d389  Board_init                     
1     0000d3df  __TI_auto_init_nobinit_nopinit 
1     0000d40a  DMA_configTransfer             
1     0000d433  C$$EXIT                        
1     0000d433  abort                          
1     0000d435  exit                           
1     0000d45c  ADC_setOffsetTrimAll           
1     0000d484  CLA_setTriggerSource           
1     0000d4aa  DMA_configAddresses            
1     0000d4cf  CPUTIMER_init                  
1     0000d4cf  myCPUTIMER0_init               
1     0000d518  DMA_configBurst                
1     0000d53c  SysCtl_selectXTAL              
1     0000d5c6  INT_tz_pin_XINT_ISR            
1     0000d603  Interrupt_initVectorTable      
1     0000d63d  memcpy                         
1     0000d659  SysCtl_getLowSpeedClock        
1     0000d673  SysCtl_selectXTALSingleEnded   
1     0000d68d  update_PI                      
1     0000d6a6  INT_ControlPWM_TZ_ISR          
1     0000d6be  CLA_init                       
1     0000d6be  myCLA0_init                    
1     0000d6d6  transient_det_pin_init         
1     0000d6ee  tz_pin_init                    
1     0000d734  debug_pin_init                 
1     0000d74b  _c_int00                       
1     0000d78e  EPWM_setEmulationMode          
1     0000d7a4  duty_cycle_saturation          
1     0000d84a  CPUTimer_setEmulationMode      
1     0000d85d  transient_det_pin_XINT_init    
1     0000d86e  tz_pin_XINT_init               
1     0000d88f  DMA_init                       
1     0000d89f  Device_initGPIO                
1     0000d8af  set_duty_cycle                 
1     0000d8cd  ASYSCTL_init                   
1     0000d8f4  _args_main                     
1     0000d90b  init_PI                        
1     0000d916  myINPUTXBARINPUT1_init         
1     0000d91f  myINPUTXBARINPUT4_init         
1     0000d928  __TI_decompress_none           
1     0000d937  reset_PI                       
1     0000d93e  __TI_zero_init                 
1     0000d944  myINPUTXBARINPUT0_init         
1     0000d94a  __error__                      
1     0000d951  _system_pre_init               
1     0000d953  C2000Ware_libraries_init       
1     0000d953  FFR_init                       
1     0000d954  _nop                           
1     0000d955  _system_post_cinit             
abs   000003f8  __TI_STACK_SIZE                
abs   ffffffff  __TI_pprof_out_hndl            
abs   ffffffff  __TI_prof_data_size            
abs   ffffffff  __TI_prof_data_start           
n/a   UNDEFED   __c_args__                     

[191 symbols]
