******************************************************************************
             TMS320C2000 Linker PC v22.6.3                     
******************************************************************************
>> Linked Wed Apr  1 11:03:36 2026

OUTPUT FILE NAME:   <buck_converter_dma_original.out>
ENTRY POINT SYMBOL: "code_start"  address: 00000000


MEMORY CONFIGURATION

         name            origin    length      used     unused   attr    fill
----------------------  --------  ---------  --------  --------  ----  --------
PAGE 0:
  BEGIN                 00000000   00000002  00000002  00000000  RWIX
  RAMM0                 000000f6   0000030a  00000048  000002c2  RWIX
  RAMLS0                00008000   00000800  00000800  00000000  RWIX
  RAMLS1                00008800   00000800  00000800  00000000  RWIX
  RAMLS2                00009000   00000800  000004a3  0000035d  RWIX
  RAMLS3                00009800   00000800  00000000  00000800  RWIX
  RAMLS4                0000a000   00000800  00000000  00000800  RWIX
  FLASH_BANK0_SEC0      00080000   00001000  00000000  00001000  RWIX
  FLASH_BANK0_SEC1      00081000   00001000  00000000  00001000  RWIX
  FLASH_BANK0_SEC2      00082000   00001000  00000000  00001000  RWIX
  FLASH_BANK0_SEC3      00083000   00001000  00000000  00001000  RWIX
  FLASH_BANK0_SEC4      00084000   00001000  00000000  00001000  RWIX
  FLASH_BANK0_SEC5      00085000   00001000  00000000  00001000  RWIX
  FLASH_BANK0_SEC6      00086000   00001000  00000000  00001000  RWIX
  FLASH_BANK0_SEC7      00087000   00001000  00000000  00001000  RWIX
  FLASH_BANK0_SEC8      00088000   00001000  00000000  00001000  RWIX
  FLASH_BANK0_SEC9      00089000   00001000  00000000  00001000  RWIX
  FLASH_BANK0_SEC10     0008a000   00001000  00000000  00001000  RWIX
  FLASH_BANK0_SEC11     0008b000   00001000  00000000  00001000  RWIX
  FLASH_BANK0_SEC12     0008c000   00001000  00000000  00001000  RWIX
  FLASH_BANK0_SEC13     0008d000   00001000  00000000  00001000  RWIX
  FLASH_BANK0_SEC14     0008e000   00001000  00000000  00001000  RWIX
  FLASH_BANK0_SEC15     0008f000   00001000  00000000  00001000  RWIX
  FLASH_BANK1_SEC0      00090000   00001000  00000000  00001000  RWIX
  FLASH_BANK1_SEC1      00091000   00001000  00000000  00001000  RWIX
  FLASH_BANK1_SEC2      00092000   00001000  00000000  00001000  RWIX
  FLASH_BANK1_SEC3      00093000   00001000  00000000  00001000  RWIX
  FLASH_BANK1_SEC4      00094000   00001000  00000000  00001000  RWIX
  FLASH_BANK1_SEC5      00095000   00001000  00000000  00001000  RWIX
  FLASH_BANK1_SEC6      00096000   00001000  00000000  00001000  RWIX
  FLASH_BANK1_SEC7      00097000   00001000  00000000  00001000  RWIX
  FLASH_BANK1_SEC8      00098000   00001000  00000000  00001000  RWIX
  FLASH_BANK1_SEC9      00099000   00001000  00000000  00001000  RWIX
  FLASH_BANK1_SEC10     0009a000   00001000  00000000  00001000  RWIX
  FLASH_BANK1_SEC11     0009b000   00001000  00000000  00001000  RWIX
  FLASH_BANK1_SEC12     0009c000   00001000  00000000  00001000  RWIX
  FLASH_BANK1_SEC13     0009d000   00001000  00000000  00001000  RWIX
  FLASH_BANK1_SEC14     0009e000   00001000  00000000  00001000  RWIX
  FLASH_BANK1_SEC15     0009f000   00001000  00000000  00001000  RWIX
  RESET                 003fffc0   00000002  00000000  00000002  RWIX

PAGE 1:
  BOOT_RSVD             00000002   000000f1  00000000  000000f1  RWIX
  RAMM1                 00000400   000003f8  000003f8  00000000  RWIX
  RAMLS5                0000a800   00000800  000003e6  0000041a  RWIX
  RAMLS6                0000b000   00000800  00000000  00000800  RWIX
  RAMLS7                0000b800   00000800  00000000  00000800  RWIX
  RAMGS0                0000c000   00002000  0000010a  00001ef6  RWIX
  RAMGS1                0000e000   00002000  00000000  00002000  RWIX
  RAMGS2                00010000   00002000  00000000  00002000  RWIX
  RAMGS3                00012000   00001ff8  00000000  00001ff8  RWIX


SECTION ALLOCATION MAP

 output                                  attributes/
section   page    origin      length       input sections
--------  ----  ----------  ----------   ----------------
codestart 
*          0    00000000    00000002     
                  00000000    00000002     f28004x_codestartbranch.obj (codestart)

.TI.ramfunc 
*          0    000000f6    00000004     
                  000000f6    00000004     sysctl.obj (.TI.ramfunc)

.cinit     0    000000fa    00000044     
                  000000fa    00000029     (.cinit..data.load) [load image, compression = lzss]
                  00000123    00000001     --HOLE-- [fill = 0]
                  00000124    00000006     (__TI_handler_table)
                  0000012a    00000004     (.cinit..bss.load) [load image, compression = zero_init]
                  0000012e    00000004     (.cinit.ramgs0.load) [load image, compression = zero_init]
                  00000132    0000000c     (__TI_cinit_table)

.reset     0    003fffc0    00000000     DSECT

.stack     1    00000400    000003f8     UNINITIALIZED
                  00000400    000003f8     --HOLE--

.bss       1    0000abd6    00000010     UNINITIALIZED
                  0000abd6    00000010     Controller.obj (.bss)

.init_array 
*          0    000000f6    00000000     UNINITIALIZED

.sysmem    1    0000a800    00000200     UNINITIALIZED
                  0000a800    00000004     rts2800_fpu32_eabi.lib : memory.c.obj (.sysmem)
                  0000a804    000001fc     --HOLE--

.const     1    0000aa00    00000182     
                  0000aa00    000000c0     <whole-program> (.const:.string)
                  0000aac0    00000089     board.obj (.const:.string)
                  0000ab49    00000001     --HOLE-- [fill = 0]
                  0000ab4a    00000038     sysctl.obj (.const:.string)

.data      1    0000ab82    00000054     UNINITIALIZED
                  0000ab82    0000002a     Controller.obj (.data)
                  0000abac    00000006     rts2800_fpu32_eabi.lib : exit.c.obj (.data)
                  0000abb2    00000002                            : _lock.c.obj (.data:_lock)
                  0000abb4    00000002     control_functions.obj (.data)
                  0000abb6    0000000a     --HOLE--
                  0000abc0    00000016     ls_algorithm.obj (.data)

ramgs0     1    0000c000    0000010a     UNINITIALIZED
                  0000c000    00000100     ls_algorithm.obj (ramgs0)
                  0000c100    0000000a     Controller.obj (ramgs0)

.text.1    0    00008000    00000800     
                  00008000    0000025b     board.obj (.text:EPWM_init)
                  0000825b    00000107     sysctl.obj (.text:SysCtl_isPLLValid)
                  00008362    000000d7     device.obj (.text:Device_enableAllPeripherals)
                  00008439    000000c3     sysctl.obj (.text:SysCtl_setClock)
                  000084fc    000000b3     dma.obj (.text:DMA_configMode)
                  000085af    000000ab     board.obj (.text:MEMCFG_init)
                  0000865a    0000009a     board.obj (.text:myADC1_init)
                  000086f4    00000092     memcfg.obj (.text:MemCfg_setProtection)
                  00008786    00000073     device.obj (.text:Device_init)
                  000087f9    00000007     control_functions.obj (.text:reset_PI)

.text.2    0    00008800    00000800     
                  00008800    0000007f     Controller.obj (.text:average_samples)
                  0000887f    00000072     memcfg.obj (.text:MemCfg_getInitStatus)
                  000088f1    0000006d     sysctl.obj (.text:SysCtl_getClock)
                  0000895e    0000006d     board.obj (.text:myADC2_init)
                  000089cb    00000067     memcfg.obj (.text:MemCfg_setLSRAMControllerSel)
                  00008a32    00000060     memcfg.obj (.text:MemCfg_initSections)
                  00008a92    0000005a     board.obj (.text:myDMA0_init)
                  00008aec    00000059     board.obj (.text:myDMA3_init)
                  00008b45    00000059     board.obj (.text:myDMA4_init)
                  00008b9e    00000058     board.obj (.text:EPWM_setActionQualifierAction)
                  00008bf6    00000058     Controller.obj (.text:INT_ControlPWM_ISR)
                  00008c4e    00000055     gpio.obj (.text:GPIO_setPadConfig)
                  00008ca3    00000054     board.obj (.text:myADC0_init)
                  00008cf7    00000048     dma.obj (.text:DMA_configWrap)
                  00008d3f    00000048     board.obj (.text:myDMA1_init)
                  00008d87    00000048     board.obj (.text:myDMA2_init)
                  00008dcf    00000045     gpio.obj (.text:GPIO_setInterruptPin)
                  00008e14    00000043     board.obj (.text:PinMux_init)
                  00008e57    00000043     sysctl.obj (.text:SysCtl_selectOscSource)
                  00008e9a    00000041     interrupt.obj (.text:Interrupt_initModule)
                  00008edb    0000003f     dma.obj (.text:DMA_configTransfer)
                  00008f1a    0000003b     dma.obj (.text:DMA_configBurst)
                  00008f55    00000038     gpio.obj (.text:GPIO_setControllerCore)
                  00008f8d    00000038     gpio.obj (.text:GPIO_setQualificationMode)
                  00008fc5    00000038     board.obj (.text:INTERRUPT_init)
                  00008ffd    00000003     device.obj (.text:__error__)

.text.3    0    00009000    000004a3     
                  00009000    00000038     Controller.obj (.text:duty_cycle_calculation)
                  00009038    00000037     gpio.obj (.text:GPIO_setAnalogMode)
                  0000906f    00000036     interrupt.obj (.text:Interrupt_enable)
                  000090a5    00000035     epwm.obj (.text:EPWM_setEmulationMode)
                  000090da    00000034     gpio.obj (.text:GPIO_setDirectionMode)
                  0000910e    00000033     dma.obj (.text:DMA_configAddresses)
                  00009141    00000031     board.obj (.text:SYNC_init)
                  00009172    00000030     gpio.obj (.text:GPIO_setPinConfig)
                  000091a2    0000002e     rts2800_fpu32_eabi.lib : copy_decompress_lzss.c.obj (.text:decompress:lzss)
                  000091d0    0000002b     sysctl.obj (.text:SysCtl_selectXTAL)
                  000091fb    0000002b     rts2800_fpu32_eabi.lib : autoinit.c.obj (.text:__TI_auto_init_nobinit_nopinit)
                  00009226    00000029                            : exit.c.obj (.text)
                  0000924f    00000024     sysctl.obj (.text:SysCtl_getLowSpeedClock)
                  00009273    00000023     Controller.obj (.text:main)
                  00009296    0000001d     board.obj (.text:Board_init)
                  000092b3    00000001     c2000ware_libraries.obj (.text:FFR_init)
                  000092b4    0000001d     interrupt.obj (.text:Interrupt_initVectorTable)
                  000092d1    0000001d     sysctl.obj (.text:SysCtl_pollX1Counter)
                  000092ee    0000001d     sysctl.obj (.text:SysCtl_selectXTALSingleEnded)
                  0000930b    0000001c     rts2800_fpu32_eabi.lib : memcpy.c.obj (.text)
                  00009327    0000001b     adc.obj (.text:ADC_setOffsetTrimAll)
                  00009342    0000001b     Controller.obj (.text:INT_myDMA3_ISR)
                  0000935d    0000001b     Controller.obj (.text:INT_myDMA4_ISR)
                  00009378    00000019     control_functions.obj (.text:update_PI)
                  00009391    00000018     Controller.obj (.text:INT_myDMA0_ISR)
                  000093a9    00000018     Controller.obj (.text:INT_transient_det_pin_XINT_ISR)
                  000093c1    00000017     board.obj (.text:debug_pin_init)
                  000093d8    00000017     rts2800_fpu32_eabi.lib : boot28.asm.obj (.text)
                  000093ef    00000016     board.obj (.text:GPIO_init)
                  00009405    00000016     control_functions.obj (.text:duty_cycle_saturation)
                  0000941b    00000014     board.obj (.text:DMA_init)
                  0000942f    00000011     board.obj (.text:transient_det_pin_XINT_init)
                  00009440    00000010     device.obj (.text:Device_initGPIO)
                  00009450    0000000d     board.obj (.text:ASYSCTL_init)
                  0000945d    0000000d     rts2800_fpu32_eabi.lib : copy_zero_init.c.obj (.text:decompress:ZI:__TI_zero_init_nomemset)
                  0000946a    0000000c                            : args_main.c.obj (.text)
                  00009476    0000000b     control_functions.obj (.text:init_PI)
                  00009481    00000008     rts2800_fpu32_eabi.lib : copy_decompress_none.c.obj (.text:decompress:none)
                  00009489    00000008     f28004x_codestartbranch.obj (.text)
                  00009491    00000006     board.obj (.text:myINPUTXBARINPUT0_init)
                  00009497    00000004     interrupt.obj (.text:Interrupt_defaultHandler)
                  0000949b    00000002     interrupt.obj (.text:Interrupt_illegalOperationHandler)
                  0000949d    00000002     interrupt.obj (.text:Interrupt_nmiHandler)
                  0000949f    00000002     rts2800_fpu32_eabi.lib : pre_init.c.obj (.text)
                  000094a1    00000001                            : _lock.c.obj (.text)
                  000094a2    00000001                            : startup.c.obj (.text)

MODULE SUMMARY

       Module                                   code   ro data   rw data
       ------                                   ----   -------   -------
    .\
       Controller.obj                           408    0         68     
       ls_algorithm.obj                         0      0         278    
       control_functions.obj                    65     0         2      
    +--+----------------------------------------+------+---------+---------+
       Total:                                   473    0         348    
                                                                        
    .\device\
       device.obj                               349    0         0      
       f28004x_codestartbranch.obj              10     0         0      
    +--+----------------------------------------+------+---------+---------+
       Total:                                   359    0         0      
                                                                        
    .\device\driverlib\
       sysctl.obj                               775    56        0      
       memcfg.obj                               459    0         0      
       dma.obj                                  424    0         0      
       gpio.obj                                 421    0         0      
       interrupt.obj                            156    0         0      
       epwm.obj                                 53     0         0      
       adc.obj                                  27     0         0      
    +--+----------------------------------------+------+---------+---------+
       Total:                                   2315   56        0      
                                                                        
    .\syscfg\
       board.obj                                1923   137       0      
       c2000ware_libraries.obj                  1      0         0      
    +--+----------------------------------------+------+---------+---------+
       Total:                                   1924   137       0      
                                                                        
    C:\Users\mem21\AppData\Local\Temp\
       {D62B9582-4838-4543-AB0E-D94E4BACA625}   0      192       0      
    +--+----------------------------------------+------+---------+---------+
       Total:                                   0      192       0      
                                                                        
    C:/ti/ccs2040/ccs/tools/compiler/ti-cgt-c2000_22.6.3.LTS/lib/rts2800_fpu32_eabi.lib
       exit.c.obj                               41     0         6      
       copy_decompress_lzss.c.obj               46     0         0      
       autoinit.c.obj                           43     0         0      
       memcpy.c.obj                             28     0         0      
       boot28.asm.obj                           23     0         0      
       copy_zero_init.c.obj                     13     0         0      
       args_main.c.obj                          12     0         0      
       copy_decompress_none.c.obj               8      0         0      
       _lock.c.obj                              1      0         2      
       pre_init.c.obj                           2      0         0      
       startup.c.obj                            1      0         0      
    +--+----------------------------------------+------+---------+---------+
       Total:                                   218    0         8      
                                                                        
       Heap:                                    0      0         512    
       Stack:                                   0      0         1016   
       Linker Generated:                        0      67        0      
    +--+----------------------------------------+------+---------+---------+
       Grand Total:                             5289   452       1884   


LINKER GENERATED COPY TABLES

__TI_cinit_table @ 00000132 records: 3, size/record: 4, table size: 12
	.data: load addr=000000fa, load size=00000029 bytes, run addr=0000ab82, run size=00000054 bytes, compression=lzss
	.bss: load addr=0000012a, load size=00000004 bytes, run addr=0000abd6, run size=00000010 bytes, compression=zero_init
	ramgs0: load addr=0000012e, load size=00000004 bytes, run addr=0000c000, run size=0000010a bytes, compression=zero_init


LINKER GENERATED HANDLER TABLE

__TI_handler_table @ 00000124 records: 3, size/record: 2, table size: 6
	index: 0, handler: __TI_zero_init
	index: 1, handler: __TI_decompress_lzss
	index: 2, handler: __TI_decompress_none


GLOBAL DATA SYMBOLS: SORTED BY DATA PAGE

address     data page           name
--------    ----------------    ----
00000400      10 (00000400)     __stack

0000a800     2a0 (0000a800)     _sys_memory

0000ab82     2ae (0000ab80)     fixed_duty_cycle
0000ab83     2ae (0000ab80)     avg
0000ab84     2ae (0000ab80)     ADCC0_results_add
0000ab86     2ae (0000ab80)     ADCC0_Result_base
0000ab88     2ae (0000ab80)     ADCA0_results_add
0000ab8a     2ae (0000ab80)     ADCA0_Result_base
0000ab8c     2ae (0000ab80)     ADCB0_results_add
0000ab8e     2ae (0000ab80)     ADCB0_Result_base
0000ab90     2ae (0000ab80)     d
0000ab92     2ae (0000ab80)     fixed_d
0000ab94     2ae (0000ab80)     Iin_avg
0000ab96     2ae (0000ab80)     Io_avg
0000ab98     2ae (0000ab80)     Il_avg
0000ab9a     2ae (0000ab80)     Vo_avg
0000ab9c     2ae (0000ab80)     Vin_avg
0000ab9e     2ae (0000ab80)     Vo_error
0000aba0     2ae (0000ab80)     Il_error
0000aba2     2ae (0000ab80)     Vo_ref
0000aba4     2ae (0000ab80)     kpv
0000aba6     2ae (0000ab80)     kiv
0000aba8     2ae (0000ab80)     kpi
0000abaa     2ae (0000ab80)     kii
0000abac     2ae (0000ab80)     __TI_enable_exit_profile_output
0000abae     2ae (0000ab80)     __TI_cleanup_ptr
0000abb0     2ae (0000ab80)     __TI_dtors_ptr
0000abb2     2ae (0000ab80)     _lock

0000abc0     2af (0000abc0)     data_ready
0000abc2     2af (0000abc0)     R_out
0000abc4     2af (0000abc0)     L_out
0000abc6     2af (0000abc0)     R_err
0000abc8     2af (0000abc0)     L_err
0000abca     2af (0000abc0)     R_real
0000abcc     2af (0000abc0)     L_real
0000abce     2af (0000abc0)     VO_data_dest
0000abd0     2af (0000abc0)     VO_data_source
0000abd2     2af (0000abc0)     IO_data_dest
0000abd4     2af (0000abc0)     IO_data_source
0000abd6     2af (0000abc0)     Vo_controller
0000abde     2af (0000abc0)     Il_controller

0000c000     300 (0000c000)     vo_samples

0000c080     302 (0000c080)     io_samples

0000c100     304 (0000c100)     ADCA_results
0000c102     304 (0000c100)     ADCB_results
0000c104     304 (0000c100)     ADCC_results


GLOBAL SYMBOLS: SORTED ALPHABETICALLY BY Name 

page  address   name                           
----  -------   ----                           
1     0000ab8a  ADCA0_Result_base              
1     0000ab88  ADCA0_results_add              
1     0000c100  ADCA_results                   
1     0000ab8e  ADCB0_Result_base              
1     0000ab8c  ADCB0_results_add              
1     0000c102  ADCB_results                   
1     0000ab86  ADCC0_Result_base              
1     0000ab84  ADCC0_results_add              
1     0000c104  ADCC_results                   
0     00009327  ADC_setOffsetTrimAll           
0     00009450  ASYSCTL_init                   
0     00009296  Board_init                     
0     00009226  C$$EXIT                        
0     000092b3  C2000Ware_libraries_init       
0     0000910e  DMA_configAddresses            
0     00008f1a  DMA_configBurst                
0     000084fc  DMA_configMode                 
0     00008edb  DMA_configTransfer             
0     00008cf7  DMA_configWrap                 
0     0000941b  DMA_init                       
0     00008362  Device_enableAllPeripherals    
0     00008786  Device_init                    
0     00009440  Device_initGPIO                
0     00008000  EPWM_init                      
0     000090a5  EPWM_setEmulationMode          
0     000092b3  FFR_init                       
0     000093ef  GPIO_init                      
0     00009038  GPIO_setAnalogMode             
0     00008f55  GPIO_setControllerCore         
0     000090da  GPIO_setDirectionMode          
0     00008dcf  GPIO_setInterruptPin           
0     00008c4e  GPIO_setPadConfig              
0     00009172  GPIO_setPinConfig              
0     00008f8d  GPIO_setQualificationMode      
0     00009491  INPUTXBAR_init                 
0     00008fc5  INTERRUPT_init                 
0     00008bf6  INT_ControlPWM_ISR             
0     00009391  INT_myDMA0_ISR                 
0     00009342  INT_myDMA3_ISR                 
0     0000935d  INT_myDMA4_ISR                 
0     000093a9  INT_transient_det_pin_XINT_ISR 
1     0000abd2  IO_data_dest                   
1     0000abd4  IO_data_source                 
1     0000ab94  Iin_avg                        
1     0000ab98  Il_avg                         
1     0000abde  Il_controller                  
1     0000aba0  Il_error                       
0     0000906f  Interrupt_enable               
0     00008e9a  Interrupt_initModule           
0     000092b4  Interrupt_initVectorTable      
1     0000ab96  Io_avg                         
1     0000abc8  L_err                          
1     0000abc4  L_out                          
1     0000abcc  L_real                         
0     000085af  MEMCFG_init                    
0     0000887f  MemCfg_getInitStatus           
0     00008a32  MemCfg_initSections            
0     000089cb  MemCfg_setLSRAMControllerSel   
0     000086f4  MemCfg_setProtection           
0     00008e14  PinMux_init                    
1     0000abc6  R_err                          
1     0000abc2  R_out                          
1     0000abca  R_real                         
0     00009141  SYNC_init                      
0     000000f6  SysCtl_delay                   
0     000088f1  SysCtl_getClock                
0     0000924f  SysCtl_getLowSpeedClock        
0     0000825b  SysCtl_isPLLValid              
0     00008e57  SysCtl_selectOscSource         
0     000091d0  SysCtl_selectXTAL              
0     000092ee  SysCtl_selectXTALSingleEnded   
0     00008439  SysCtl_setClock                
1     0000abce  VO_data_dest                   
1     0000abd0  VO_data_source                 
1     0000ab9c  Vin_avg                        
1     0000ab9a  Vo_avg                         
1     0000abd6  Vo_controller                  
1     0000ab9e  Vo_error                       
1     0000aba2  Vo_ref                         
0     0000942f  XINT_init                      
0     00000132  __TI_CINIT_Base                
0     0000013e  __TI_CINIT_Limit               
0     0000013e  __TI_CINIT_Warm                
0     00000124  __TI_Handler_Table_Base        
0     0000012a  __TI_Handler_Table_Limit       
1     000007f8  __TI_STACK_END                 
abs   000003f8  __TI_STACK_SIZE                
abs   00000200  __TI_SYSMEM_SIZE               
0     000091fb  __TI_auto_init_nobinit_nopinit 
1     0000abae  __TI_cleanup_ptr               
0     000091a2  __TI_decompress_lzss           
0     00009481  __TI_decompress_none           
1     0000abb0  __TI_dtors_ptr                 
1     0000abac  __TI_enable_exit_profile_output
abs   ffffffff  __TI_pprof_out_hndl            
abs   ffffffff  __TI_prof_data_size            
abs   ffffffff  __TI_prof_data_start           
0     0000945d  __TI_zero_init_nomemset        
n/a   UNDEFED   __c_args__                     
0     00008ffd  __error__                      
1     00000400  __stack                        
0     0000946a  _args_main                     
0     000093d8  _c_int00                       
1     0000abb2  _lock                          
0     000094a1  _nop                           
1     0000a800  _sys_memory                    
0     000094a2  _system_post_cinit             
0     0000949f  _system_pre_init               
0     00009226  abort                          
0     00008800  average_samples                
1     0000ab83  avg                            
0     00000000  code_start                     
1     0000ab90  d                              
1     0000abc0  data_ready                     
0     000093c1  debug_pin_init                 
0     00009000  duty_cycle_calculation         
0     00009405  duty_cycle_saturation          
0     00009228  exit                           
1     0000ab92  fixed_d                        
1     0000ab82  fixed_duty_cycle               
0     00009476  init_PI                        
1     0000c080  io_samples                     
1     0000abaa  kii                            
1     0000aba6  kiv                            
1     0000aba8  kpi                            
1     0000aba4  kpv                            
0     00009273  main                           
0     0000930b  memcpy                         
0     00008ca3  myADC0_init                    
0     0000865a  myADC1_init                    
0     0000895e  myADC2_init                    
0     00008a92  myDMA0_init                    
0     00008d3f  myDMA1_init                    
0     00008d87  myDMA2_init                    
0     00008aec  myDMA3_init                    
0     00008b45  myDMA4_init                    
0     00009491  myINPUTXBARINPUT0_init         
0     000087f9  reset_PI                       
0     0000942f  transient_det_pin_XINT_init    
0     00009378  update_PI                      
1     0000c000  vo_samples                     


GLOBAL SYMBOLS: SORTED BY Symbol Address 

page  address   name                           
----  -------   ----                           
0     00000000  code_start                     
0     000000f6  SysCtl_delay                   
0     00000124  __TI_Handler_Table_Base        
0     0000012a  __TI_Handler_Table_Limit       
0     00000132  __TI_CINIT_Base                
0     0000013e  __TI_CINIT_Limit               
0     0000013e  __TI_CINIT_Warm                
0     00008000  EPWM_init                      
0     0000825b  SysCtl_isPLLValid              
0     00008362  Device_enableAllPeripherals    
0     00008439  SysCtl_setClock                
0     000084fc  DMA_configMode                 
0     000085af  MEMCFG_init                    
0     0000865a  myADC1_init                    
0     000086f4  MemCfg_setProtection           
0     00008786  Device_init                    
0     000087f9  reset_PI                       
0     00008800  average_samples                
0     0000887f  MemCfg_getInitStatus           
0     000088f1  SysCtl_getClock                
0     0000895e  myADC2_init                    
0     000089cb  MemCfg_setLSRAMControllerSel   
0     00008a32  MemCfg_initSections            
0     00008a92  myDMA0_init                    
0     00008aec  myDMA3_init                    
0     00008b45  myDMA4_init                    
0     00008bf6  INT_ControlPWM_ISR             
0     00008c4e  GPIO_setPadConfig              
0     00008ca3  myADC0_init                    
0     00008cf7  DMA_configWrap                 
0     00008d3f  myDMA1_init                    
0     00008d87  myDMA2_init                    
0     00008dcf  GPIO_setInterruptPin           
0     00008e14  PinMux_init                    
0     00008e57  SysCtl_selectOscSource         
0     00008e9a  Interrupt_initModule           
0     00008edb  DMA_configTransfer             
0     00008f1a  DMA_configBurst                
0     00008f55  GPIO_setControllerCore         
0     00008f8d  GPIO_setQualificationMode      
0     00008fc5  INTERRUPT_init                 
0     00008ffd  __error__                      
0     00009000  duty_cycle_calculation         
0     00009038  GPIO_setAnalogMode             
0     0000906f  Interrupt_enable               
0     000090a5  EPWM_setEmulationMode          
0     000090da  GPIO_setDirectionMode          
0     0000910e  DMA_configAddresses            
0     00009141  SYNC_init                      
0     00009172  GPIO_setPinConfig              
0     000091a2  __TI_decompress_lzss           
0     000091d0  SysCtl_selectXTAL              
0     000091fb  __TI_auto_init_nobinit_nopinit 
0     00009226  C$$EXIT                        
0     00009226  abort                          
0     00009228  exit                           
0     0000924f  SysCtl_getLowSpeedClock        
0     00009273  main                           
0     00009296  Board_init                     
0     000092b3  C2000Ware_libraries_init       
0     000092b3  FFR_init                       
0     000092b4  Interrupt_initVectorTable      
0     000092ee  SysCtl_selectXTALSingleEnded   
0     0000930b  memcpy                         
0     00009327  ADC_setOffsetTrimAll           
0     00009342  INT_myDMA3_ISR                 
0     0000935d  INT_myDMA4_ISR                 
0     00009378  update_PI                      
0     00009391  INT_myDMA0_ISR                 
0     000093a9  INT_transient_det_pin_XINT_ISR 
0     000093c1  debug_pin_init                 
0     000093d8  _c_int00                       
0     000093ef  GPIO_init                      
0     00009405  duty_cycle_saturation          
0     0000941b  DMA_init                       
0     0000942f  XINT_init                      
0     0000942f  transient_det_pin_XINT_init    
0     00009440  Device_initGPIO                
0     00009450  ASYSCTL_init                   
0     0000945d  __TI_zero_init_nomemset        
0     0000946a  _args_main                     
0     00009476  init_PI                        
0     00009481  __TI_decompress_none           
0     00009491  INPUTXBAR_init                 
0     00009491  myINPUTXBARINPUT0_init         
0     0000949f  _system_pre_init               
0     000094a1  _nop                           
0     000094a2  _system_post_cinit             
1     00000400  __stack                        
1     000007f8  __TI_STACK_END                 
1     0000a800  _sys_memory                    
1     0000ab82  fixed_duty_cycle               
1     0000ab83  avg                            
1     0000ab84  ADCC0_results_add              
1     0000ab86  ADCC0_Result_base              
1     0000ab88  ADCA0_results_add              
1     0000ab8a  ADCA0_Result_base              
1     0000ab8c  ADCB0_results_add              
1     0000ab8e  ADCB0_Result_base              
1     0000ab90  d                              
1     0000ab92  fixed_d                        
1     0000ab94  Iin_avg                        
1     0000ab96  Io_avg                         
1     0000ab98  Il_avg                         
1     0000ab9a  Vo_avg                         
1     0000ab9c  Vin_avg                        
1     0000ab9e  Vo_error                       
1     0000aba0  Il_error                       
1     0000aba2  Vo_ref                         
1     0000aba4  kpv                            
1     0000aba6  kiv                            
1     0000aba8  kpi                            
1     0000abaa  kii                            
1     0000abac  __TI_enable_exit_profile_output
1     0000abae  __TI_cleanup_ptr               
1     0000abb0  __TI_dtors_ptr                 
1     0000abb2  _lock                          
1     0000abc0  data_ready                     
1     0000abc2  R_out                          
1     0000abc4  L_out                          
1     0000abc6  R_err                          
1     0000abc8  L_err                          
1     0000abca  R_real                         
1     0000abcc  L_real                         
1     0000abce  VO_data_dest                   
1     0000abd0  VO_data_source                 
1     0000abd2  IO_data_dest                   
1     0000abd4  IO_data_source                 
1     0000abd6  Vo_controller                  
1     0000abde  Il_controller                  
1     0000c000  vo_samples                     
1     0000c080  io_samples                     
1     0000c100  ADCA_results                   
1     0000c102  ADCB_results                   
1     0000c104  ADCC_results                   
abs   00000200  __TI_SYSMEM_SIZE               
abs   000003f8  __TI_STACK_SIZE                
abs   ffffffff  __TI_pprof_out_hndl            
abs   ffffffff  __TI_prof_data_size            
abs   ffffffff  __TI_prof_data_start           
n/a   UNDEFED   __c_args__                     

[141 symbols]
