<?xml version="1.0" encoding="ISO-8859-1" ?>
<link_info>
   <banner>TMS320C2000 Linker PC v22.6.3.LTS</banner>
   <copyright>Copyright (c) 1996-2018 Texas Instruments Incorporated</copyright>
   <link_time>0x6a304d2c</link_time>
   <link_errors>0x0</link_errors>
   <output_file>buck_converter_dma_original.out</output_file>
   <entry_point>
      <name>code_start</name>
      <address>0x0</address>
   </entry_point>
   <input_file_list>
      <input_file id="fl-3">
         <path>.\syscfg\</path>
         <kind>object</kind>
         <file>c2000ware_libraries.obj</file>
         <name>c2000ware_libraries.obj</name>
      </input_file>
      <input_file id="fl-5">
         <path>.\</path>
         <kind>object</kind>
         <file>control_functions.obj</file>
         <name>control_functions.obj</name>
      </input_file>
      <input_file id="fl-7">
         <path>.\</path>
         <kind>object</kind>
         <file>transient_det.obj</file>
         <name>transient_det.obj</name>
      </input_file>
      <input_file id="fl-a">
         <path>.\device\driverlib\</path>
         <kind>object</kind>
         <file>adc.obj</file>
         <name>adc.obj</name>
      </input_file>
      <input_file id="fl-b">
         <path>.\device\driverlib\</path>
         <kind>object</kind>
         <file>asysctl.obj</file>
         <name>asysctl.obj</name>
      </input_file>
      <input_file id="fl-c">
         <path>.\device\driverlib\</path>
         <kind>object</kind>
         <file>can.obj</file>
         <name>can.obj</name>
      </input_file>
      <input_file id="fl-d">
         <path>.\device\driverlib\</path>
         <kind>object</kind>
         <file>cla.obj</file>
         <name>cla.obj</name>
      </input_file>
      <input_file id="fl-e">
         <path>.\device\driverlib\</path>
         <kind>object</kind>
         <file>clapromcrc.obj</file>
         <name>clapromcrc.obj</name>
      </input_file>
      <input_file id="fl-f">
         <path>.\device\driverlib\</path>
         <kind>object</kind>
         <file>clb.obj</file>
         <name>clb.obj</name>
      </input_file>
      <input_file id="fl-10">
         <path>.\device\driverlib\</path>
         <kind>object</kind>
         <file>cmpss.obj</file>
         <name>cmpss.obj</name>
      </input_file>
      <input_file id="fl-11">
         <path>.\device\driverlib\</path>
         <kind>object</kind>
         <file>cputimer.obj</file>
         <name>cputimer.obj</name>
      </input_file>
      <input_file id="fl-12">
         <path>.\device\driverlib\</path>
         <kind>object</kind>
         <file>dac.obj</file>
         <name>dac.obj</name>
      </input_file>
      <input_file id="fl-13">
         <path>.\device\driverlib\</path>
         <kind>object</kind>
         <file>dcc.obj</file>
         <name>dcc.obj</name>
      </input_file>
      <input_file id="fl-14">
         <path>.\device\driverlib\</path>
         <kind>object</kind>
         <file>dcsm.obj</file>
         <name>dcsm.obj</name>
      </input_file>
      <input_file id="fl-15">
         <path>.\device\driverlib\</path>
         <kind>object</kind>
         <file>dma.obj</file>
         <name>dma.obj</name>
      </input_file>
      <input_file id="fl-16">
         <path>.\device\driverlib\</path>
         <kind>object</kind>
         <file>ecap.obj</file>
         <name>ecap.obj</name>
      </input_file>
      <input_file id="fl-17">
         <path>.\device\driverlib\</path>
         <kind>object</kind>
         <file>epwm.obj</file>
         <name>epwm.obj</name>
      </input_file>
      <input_file id="fl-18">
         <path>.\device\driverlib\</path>
         <kind>object</kind>
         <file>eqep.obj</file>
         <name>eqep.obj</name>
      </input_file>
      <input_file id="fl-19">
         <path>.\device\driverlib\</path>
         <kind>object</kind>
         <file>erad.obj</file>
         <name>erad.obj</name>
      </input_file>
      <input_file id="fl-1b">
         <path>.\device\driverlib\</path>
         <kind>object</kind>
         <file>fsi.obj</file>
         <name>fsi.obj</name>
      </input_file>
      <input_file id="fl-1c">
         <path>.\device\driverlib\</path>
         <kind>object</kind>
         <file>gpio.obj</file>
         <name>gpio.obj</name>
      </input_file>
      <input_file id="fl-1d">
         <path>.\device\driverlib\</path>
         <kind>object</kind>
         <file>hrcap.obj</file>
         <name>hrcap.obj</name>
      </input_file>
      <input_file id="fl-1e">
         <path>.\device\driverlib\</path>
         <kind>object</kind>
         <file>hrpwm.obj</file>
         <name>hrpwm.obj</name>
      </input_file>
      <input_file id="fl-1f">
         <path>.\device\driverlib\</path>
         <kind>object</kind>
         <file>i2c.obj</file>
         <name>i2c.obj</name>
      </input_file>
      <input_file id="fl-21">
         <path>.\device\driverlib\</path>
         <kind>object</kind>
         <file>lin.obj</file>
         <name>lin.obj</name>
      </input_file>
      <input_file id="fl-22">
         <path>.\device\driverlib\</path>
         <kind>object</kind>
         <file>memcfg.obj</file>
         <name>memcfg.obj</name>
      </input_file>
      <input_file id="fl-23">
         <path>.\device\driverlib\</path>
         <kind>object</kind>
         <file>pga.obj</file>
         <name>pga.obj</name>
      </input_file>
      <input_file id="fl-24">
         <path>.\device\driverlib\</path>
         <kind>object</kind>
         <file>pmbus.obj</file>
         <name>pmbus.obj</name>
      </input_file>
      <input_file id="fl-25">
         <path>.\device\driverlib\</path>
         <kind>object</kind>
         <file>sci.obj</file>
         <name>sci.obj</name>
      </input_file>
      <input_file id="fl-26">
         <path>.\device\driverlib\</path>
         <kind>object</kind>
         <file>sdfm.obj</file>
         <name>sdfm.obj</name>
      </input_file>
      <input_file id="fl-27">
         <path>.\device\driverlib\</path>
         <kind>object</kind>
         <file>spi.obj</file>
         <name>spi.obj</name>
      </input_file>
      <input_file id="fl-29">
         <path>.\device\driverlib\</path>
         <kind>object</kind>
         <file>version.obj</file>
         <name>version.obj</name>
      </input_file>
      <input_file id="fl-2a">
         <path>.\device\driverlib\</path>
         <kind>object</kind>
         <file>xbar.obj</file>
         <name>xbar.obj</name>
      </input_file>
      <input_file id="fl-46">
         <path>C:\ti\ccs2040\ccs\tools\compiler\ti-cgt-c2000_22.6.3.LTS\lib\</path>
         <kind>archive</kind>
         <file>rts2800_fpu32_eabi.lib</file>
         <name>pre_init.c.obj</name>
      </input_file>
      <input_file id="fl-48">
         <path>C:\ti\ccs2040\ccs\tools\compiler\ti-cgt-c2000_22.6.3.LTS\lib\</path>
         <kind>archive</kind>
         <file>rts2800_fpu32_eabi.lib</file>
         <name>copy_zero_init.c.obj</name>
      </input_file>
      <input_file id="fl-49">
         <path>C:\ti\ccs2040\ccs\tools\compiler\ti-cgt-c2000_22.6.3.LTS\lib\</path>
         <kind>archive</kind>
         <file>rts2800_fpu32_eabi.lib</file>
         <name>copy_decompress_none.c.obj</name>
      </input_file>
      <input_file id="fl-4a">
         <path>C:\ti\ccs2040\ccs\tools\compiler\ti-cgt-c2000_22.6.3.LTS\lib\</path>
         <kind>archive</kind>
         <file>rts2800_fpu32_eabi.lib</file>
         <name>copy_decompress_lzss.c.obj</name>
      </input_file>
      <input_file id="fl-4c">
         <path>C:\ti\ccs2040\ccs\tools\compiler\ti-cgt-c2000_22.6.3.LTS\lib\</path>
         <kind>archive</kind>
         <file>rts2800_fpu32_eabi.lib</file>
         <name>_lock.c.obj</name>
      </input_file>
      <input_file id="fl-4e">
         <path>C:\ti\ccs2040\ccs\tools\compiler\ti-cgt-c2000_22.6.3.LTS\lib\</path>
         <kind>archive</kind>
         <file>rts2800_fpu32_eabi.lib</file>
         <name>memset.c.obj</name>
      </input_file>
      <input_file id="fl-4f">
         <path>C:\ti\ccs2040\ccs\tools\compiler\ti-cgt-c2000_22.6.3.LTS\lib\</path>
         <kind>archive</kind>
         <file>rts2800_fpu32_eabi.lib</file>
         <name>cpy_tbl.c.obj</name>
      </input_file>
      <input_file id="fl-50">
         <path>C:\ti\ccs2040\ccs\tools\compiler\ti-cgt-c2000_22.6.3.LTS\lib\</path>
         <kind>archive</kind>
         <file>rts2800_fpu32_eabi.lib</file>
         <name>memcpy.c.obj</name>
      </input_file>
      <input_file id="fl-52">
         <path>C:\Users\mem21\AppData\Local\Temp\</path>
         <kind>object</kind>
         <file>{D127D071-18CF-4E20-BC41-3407EC5038F9}</file>
         <name>{D127D071-18CF-4E20-BC41-3407EC5038F9}</name>
      </input_file>
      <input_file id="fl-2">
         <path>.\syscfg\</path>
         <kind>object</kind>
         <file>board.obj</file>
         <name>board.obj</name>
      </input_file>
      <input_file id="fl-4">
         <path>.\</path>
         <kind>object</kind>
         <file>cla_tasks.obj</file>
         <name>cla_tasks.obj</name>
      </input_file>
      <input_file id="fl-6">
         <path>.\</path>
         <kind>object</kind>
         <file>main.obj</file>
         <name>main.obj</name>
      </input_file>
      <input_file id="fl-8">
         <path>.\device\</path>
         <kind>object</kind>
         <file>device.obj</file>
         <name>device.obj</name>
      </input_file>
      <input_file id="fl-9">
         <path>.\device\</path>
         <kind>object</kind>
         <file>f28004x_codestartbranch.obj</file>
         <name>f28004x_codestartbranch.obj</name>
      </input_file>
      <input_file id="fl-1a">
         <path>.\device\driverlib\</path>
         <kind>object</kind>
         <file>flash.obj</file>
         <name>flash.obj</name>
      </input_file>
      <input_file id="fl-20">
         <path>.\device\driverlib\</path>
         <kind>object</kind>
         <file>interrupt.obj</file>
         <name>interrupt.obj</name>
      </input_file>
      <input_file id="fl-28">
         <path>.\device\driverlib\</path>
         <kind>object</kind>
         <file>sysctl.obj</file>
         <name>sysctl.obj</name>
      </input_file>
      <input_file id="fl-37">
         <kind>object</kind>
         <file>&lt;internal&gt;</file>
         <name>&lt;internal&gt;</name>
      </input_file>
      <input_file id="fl-44">
         <path>C:\ti\ccs2040\ccs\tools\compiler\ti-cgt-c2000_22.6.3.LTS\lib\</path>
         <kind>archive</kind>
         <file>rts2800_fpu32_eabi.lib</file>
         <name>boot28.asm.obj</name>
      </input_file>
      <input_file id="fl-45">
         <path>C:\ti\ccs2040\ccs\tools\compiler\ti-cgt-c2000_22.6.3.LTS\lib\</path>
         <kind>archive</kind>
         <file>rts2800_fpu32_eabi.lib</file>
         <name>ll_cmp28.asm.obj</name>
      </input_file>
      <input_file id="fl-47">
         <path>C:\ti\ccs2040\ccs\tools\compiler\ti-cgt-c2000_22.6.3.LTS\lib\</path>
         <kind>archive</kind>
         <file>rts2800_fpu32_eabi.lib</file>
         <name>autoinit.c.obj</name>
      </input_file>
      <input_file id="fl-4b">
         <path>C:\ti\ccs2040\ccs\tools\compiler\ti-cgt-c2000_22.6.3.LTS\lib\</path>
         <kind>archive</kind>
         <file>rts2800_fpu32_eabi.lib</file>
         <name>exit.c.obj</name>
      </input_file>
      <input_file id="fl-4d">
         <path>C:\ti\ccs2040\ccs\tools\compiler\ti-cgt-c2000_22.6.3.LTS\lib\</path>
         <kind>archive</kind>
         <file>rts2800_fpu32_eabi.lib</file>
         <name>args_main.c.obj</name>
      </input_file>
      <input_file id="fl-51">
         <path>C:\ti\ccs2040\ccs\tools\compiler\ti-cgt-c2000_22.6.3.LTS\lib\</path>
         <kind>archive</kind>
         <file>rts2800_fpu32_eabi.lib</file>
         <name>startup.c.obj</name>
      </input_file>
   </input_file_list>
   <object_component_list>
      <object_component id="oc-2a">
         <name>codestart</name>
         <load_address>0x0</load_address>
         <run_address>0x0</run_address>
         <size>0x2</size>
         <input_file_ref idref="fl-9"/>
      </object_component>
      <object_component id="oc-1e5">
         <name>.TI.ramfunc</name>
         <load_address>0xf6</load_address>
         <run_address>0xf6</run_address>
         <size>0x4</size>
         <input_file_ref idref="fl-28"/>
      </object_component>
      <object_component id="oc-25d">
         <name>.text:EPWM_init</name>
         <load_address>0xc012</load_address>
         <run_address>0xc012</run_address>
         <size>0x369</size>
         <input_file_ref idref="fl-2"/>
      </object_component>
      <object_component id="oc-297">
         <name>.text:SysCtl_isPLLValid</name>
         <load_address>0xc37b</load_address>
         <run_address>0xc37b</run_address>
         <size>0x107</size>
         <input_file_ref idref="fl-28"/>
      </object_component>
      <object_component id="oc-1df">
         <name>.text:Device_enableAllPeripherals</name>
         <load_address>0xc482</load_address>
         <run_address>0xc482</run_address>
         <size>0xd7</size>
         <input_file_ref idref="fl-8"/>
      </object_component>
      <object_component id="oc-1cd">
         <name>.text:SysCtl_setClock</name>
         <load_address>0xc559</load_address>
         <run_address>0xc559</run_address>
         <size>0xc3</size>
         <input_file_ref idref="fl-28"/>
      </object_component>
      <object_component id="oc-376">
         <name>.text:DMA_configMode</name>
         <load_address>0xc61c</load_address>
         <run_address>0xc61c</run_address>
         <size>0xb3</size>
         <input_file_ref idref="fl-15"/>
      </object_component>
      <object_component id="oc-23f">
         <name>.text:MEMCFG_init</name>
         <load_address>0xc6cf</load_address>
         <run_address>0xc6cf</run_address>
         <size>0xb3</size>
         <input_file_ref idref="fl-2"/>
      </object_component>
      <object_component id="oc-2d1">
         <name>.text:MemCfg_setProtection</name>
         <load_address>0xc782</load_address>
         <run_address>0xc782</run_address>
         <size>0x92</size>
         <input_file_ref idref="fl-22"/>
      </object_component>
      <object_component id="oc-8b">
         <name>.text:average_samples</name>
         <load_address>0xc814</load_address>
         <run_address>0xc814</run_address>
         <size>0x83</size>
         <input_file_ref idref="fl-6"/>
      </object_component>
      <object_component id="oc-9d">
         <name>.text:transient_detector</name>
         <load_address>0xc897</load_address>
         <run_address>0xc897</run_address>
         <size>0x77</size>
         <input_file_ref idref="fl-7"/>
      </object_component>
      <object_component id="oc-180">
         <name>.text:Device_init</name>
         <load_address>0xc90e</load_address>
         <run_address>0xc90e</run_address>
         <size>0x73</size>
         <input_file_ref idref="fl-8"/>
      </object_component>
      <object_component id="oc-1b0">
         <name>.text:SysCtl_getClock</name>
         <load_address>0xc981</load_address>
         <run_address>0xc981</run_address>
         <size>0x6d</size>
         <input_file_ref idref="fl-28"/>
      </object_component>
      <object_component id="oc-4d">
         <name>.text:INT_ControlPWM_fixed_fsw_ISR</name>
         <load_address>0xc9ee</load_address>
         <run_address>0xc9ee</run_address>
         <size>0x6a</size>
         <input_file_ref idref="fl-6"/>
      </object_component>
      <object_component id="oc-20f">
         <name>.text:PinMux_init</name>
         <load_address>0xca58</load_address>
         <run_address>0xca58</run_address>
         <size>0x69</size>
         <input_file_ref idref="fl-2"/>
      </object_component>
      <object_component id="oc-245">
         <name>.text:myADC0_init</name>
         <load_address>0xcac1</load_address>
         <run_address>0xcac1</run_address>
         <size>0x69</size>
         <input_file_ref idref="fl-2"/>
      </object_component>
      <object_component id="oc-91">
         <name>.text:samples_to_cla</name>
         <load_address>0xcb2a</load_address>
         <run_address>0xcb2a</run_address>
         <size>0x69</size>
         <input_file_ref idref="fl-6"/>
      </object_component>
      <object_component id="oc-2cb">
         <name>.text:MemCfg_setLSRAMControllerSel</name>
         <load_address>0xcb93</load_address>
         <run_address>0xcb93</run_address>
         <size>0x67</size>
         <input_file_ref idref="fl-22"/>
      </object_component>
      <object_component id="oc-24b">
         <name>.text:myADC1_init</name>
         <load_address>0xcbfa</load_address>
         <run_address>0xcbfa</run_address>
         <size>0x60</size>
         <input_file_ref idref="fl-2"/>
      </object_component>
      <object_component id="oc-2ed">
         <name>.text:myDMA1_init</name>
         <load_address>0xcc5a</load_address>
         <run_address>0xcc5a</run_address>
         <size>0x59</size>
         <input_file_ref idref="fl-2"/>
      </object_component>
      <object_component id="oc-2fa">
         <name>.text:EPWM_setActionQualifierAction</name>
         <load_address>0xccb3</load_address>
         <run_address>0xccb3</run_address>
         <size>0x58</size>
         <input_file_ref idref="fl-2"/>
      </object_component>
      <object_component id="oc-1aa">
         <name>.text:init_detector</name>
         <load_address>0xcd0b</load_address>
         <run_address>0xcd0b</run_address>
         <size>0x57</size>
         <input_file_ref idref="fl-7"/>
      </object_component>
      <object_component id="oc-1e6">
         <name>.text:GPIO_setPadConfig</name>
         <load_address>0xcd62</load_address>
         <run_address>0xcd62</run_address>
         <size>0x55</size>
         <input_file_ref idref="fl-1c"/>
      </object_component>
      <object_component id="oc-2f">
         <name>.text:cla1Isr1</name>
         <load_address>0xcdb7</load_address>
         <run_address>0xcdb7</run_address>
         <size>0x53</size>
         <input_file_ref idref="fl-6"/>
      </object_component>
      <object_component id="oc-370">
         <name>.text:DMA_configWrap</name>
         <load_address>0xce0a</load_address>
         <run_address>0xce0a</run_address>
         <size>0x48</size>
         <input_file_ref idref="fl-15"/>
      </object_component>
      <object_component id="oc-2e7">
         <name>.text:myDMA0_init</name>
         <load_address>0xce52</load_address>
         <run_address>0xce52</run_address>
         <size>0x47</size>
         <input_file_ref idref="fl-2"/>
      </object_component>
      <object_component id="oc-30b">
         <name>.text:GPIO_setInterruptPin</name>
         <load_address>0xce99</load_address>
         <run_address>0xce99</run_address>
         <size>0x45</size>
         <input_file_ref idref="fl-1c"/>
      </object_component>
      <object_component id="oc-a3">
         <name>.text:err_calc</name>
         <load_address>0xcede</load_address>
         <run_address>0xcede</run_address>
         <size>0x44</size>
         <input_file_ref idref="fl-6"/>
      </object_component>
      <object_component id="oc-30">
         <name>.text:INTERRUPT_init</name>
         <load_address>0xcf22</load_address>
         <run_address>0xcf22</run_address>
         <size>0x43</size>
         <input_file_ref idref="fl-2"/>
      </object_component>
      <object_component id="oc-291">
         <name>.text:SysCtl_selectOscSource</name>
         <load_address>0xcf65</load_address>
         <run_address>0xcf65</run_address>
         <size>0x43</size>
         <input_file_ref idref="fl-28"/>
      </object_component>
      <object_component id="oc-18c">
         <name>.text:Interrupt_initModule</name>
         <load_address>0xcfa8</load_address>
         <run_address>0xcfa8</run_address>
         <size>0x41</size>
         <input_file_ref idref="fl-20"/>
      </object_component>
      <object_component id="oc-36a">
         <name>.text:DMA_configTransfer</name>
         <load_address>0xcfe9</load_address>
         <run_address>0xcfe9</run_address>
         <size>0x3f</size>
         <input_file_ref idref="fl-15"/>
      </object_component>
      <object_component id="oc-41">
         <name>.text:INT_transient_det_pin_XINT_ISR</name>
         <load_address>0xd028</load_address>
         <run_address>0xd028</run_address>
         <size>0x3d</size>
         <input_file_ref idref="fl-6"/>
      </object_component>
      <object_component id="oc-364">
         <name>.text:DMA_configBurst</name>
         <load_address>0xd065</load_address>
         <run_address>0xd065</run_address>
         <size>0x3b</size>
         <input_file_ref idref="fl-15"/>
      </object_component>
      <object_component id="oc-140">
         <name>.text:main</name>
         <load_address>0xd0a0</load_address>
         <run_address>0xd0a0</run_address>
         <size>0x3a</size>
         <input_file_ref idref="fl-6"/>
      </object_component>
      <object_component id="oc-301">
         <name>.text:GPIO_setControllerCore</name>
         <load_address>0xd0da</load_address>
         <run_address>0xd0da</run_address>
         <size>0x38</size>
         <input_file_ref idref="fl-1c"/>
      </object_component>
      <object_component id="oc-2b1">
         <name>.text:GPIO_setQualificationMode</name>
         <load_address>0xd112</load_address>
         <run_address>0xd112</run_address>
         <size>0x38</size>
         <input_file_ref idref="fl-1c"/>
      </object_component>
      <object_component id="oc-97">
         <name>.text:duty_cycle_calculation</name>
         <load_address>0xd14a</load_address>
         <run_address>0xd14a</run_address>
         <size>0x38</size>
         <input_file_ref idref="fl-6"/>
      </object_component>
      <object_component id="oc-1f2">
         <name>.text:GPIO_setAnalogMode</name>
         <load_address>0xd182</load_address>
         <run_address>0xd182</run_address>
         <size>0x37</size>
         <input_file_ref idref="fl-1c"/>
      </object_component>
      <object_component id="oc-7b">
         <name>.text:Interrupt_enable</name>
         <load_address>0xd1b9</load_address>
         <run_address>0xd1b9</run_address>
         <size>0x36</size>
         <input_file_ref idref="fl-20"/>
      </object_component>
      <object_component id="oc-2f4">
         <name>.text:EPWM_setEmulationMode</name>
         <load_address>0xd1ef</load_address>
         <run_address>0xd1ef</run_address>
         <size>0x35</size>
         <input_file_ref idref="fl-17"/>
      </object_component>
      <object_component id="oc-1ec">
         <name>.text:GPIO_setDirectionMode</name>
         <load_address>0xd224</load_address>
         <run_address>0xd224</run_address>
         <size>0x34</size>
         <input_file_ref idref="fl-1c"/>
      </object_component>
      <object_component id="oc-35e">
         <name>.text:DMA_configAddresses</name>
         <load_address>0xd258</load_address>
         <run_address>0xd258</run_address>
         <size>0x33</size>
         <input_file_ref idref="fl-15"/>
      </object_component>
      <object_component id="oc-22d">
         <name>.text:SYNC_init</name>
         <load_address>0xd28b</load_address>
         <run_address>0xd28b</run_address>
         <size>0x31</size>
         <input_file_ref idref="fl-2"/>
      </object_component>
      <object_component id="oc-2ab">
         <name>.text:GPIO_setPinConfig</name>
         <load_address>0xd2bc</load_address>
         <run_address>0xd2bc</run_address>
         <size>0x30</size>
         <input_file_ref idref="fl-1c"/>
      </object_component>
      <object_component id="oc-1d">
         <name>.text:decompress:lzss</name>
         <load_address>0xd2ec</load_address>
         <run_address>0xd2ec</run_address>
         <size>0x2e</size>
         <input_file_ref idref="fl-4a"/>
      </object_component>
      <object_component id="oc-198">
         <name>.text:Board_init</name>
         <load_address>0xd31a</load_address>
         <run_address>0xd31a</run_address>
         <size>0x2d</size>
         <input_file_ref idref="fl-2"/>
      </object_component>
      <object_component id="oc-31d">
         <name>.text:SysCtl_selectXTAL</name>
         <load_address>0xd347</load_address>
         <run_address>0xd347</run_address>
         <size>0x2b</size>
         <input_file_ref idref="fl-28"/>
      </object_component>
      <object_component id="oc-110">
         <name>.text:__TI_auto_init_nobinit_nopinit</name>
         <load_address>0xd372</load_address>
         <run_address>0xd372</run_address>
         <size>0x2b</size>
         <input_file_ref idref="fl-47"/>
      </object_component>
      <object_component id="oc-c4">
         <name>.text</name>
         <load_address>0xd39d</load_address>
         <run_address>0xd39d</run_address>
         <size>0x29</size>
         <input_file_ref idref="fl-4b"/>
      </object_component>
      <object_component id="oc-251">
         <name>.text:myCPUTIMER0_init</name>
         <load_address>0xd3c6</load_address>
         <run_address>0xd3c6</run_address>
         <size>0x25</size>
         <input_file_ref idref="fl-2"/>
      </object_component>
      <object_component id="oc-1d9">
         <name>.text:SysCtl_getLowSpeedClock</name>
         <load_address>0xd3eb</load_address>
         <run_address>0xd3eb</run_address>
         <size>0x24</size>
         <input_file_ref idref="fl-28"/>
      </object_component>
      <object_component id="oc-3b">
         <name>.text:INT_tz_clear_pin_XINT_ISR</name>
         <load_address>0xd40f</load_address>
         <run_address>0xd40f</run_address>
         <size>0x20</size>
         <input_file_ref idref="fl-6"/>
      </object_component>
      <object_component id="oc-2e0">
         <name>.text:CPUTimer_setEmulationMode</name>
         <load_address>0xd42f</load_address>
         <run_address>0xd42f</run_address>
         <size>0x1e</size>
         <input_file_ref idref="fl-11"/>
      </object_component>
      <object_component id="oc-19e">
         <name>.text:FFR_init</name>
         <load_address>0xd44d</load_address>
         <run_address>0xd44d</run_address>
         <size>0x1</size>
         <input_file_ref idref="fl-3"/>
      </object_component>
      <object_component id="oc-192">
         <name>.text:Interrupt_initVectorTable</name>
         <load_address>0xd44e</load_address>
         <run_address>0xd44e</run_address>
         <size>0x1d</size>
         <input_file_ref idref="fl-20"/>
      </object_component>
      <object_component id="oc-383">
         <name>.text:SysCtl_pollX1Counter</name>
         <load_address>0xd46b</load_address>
         <run_address>0xd46b</run_address>
         <size>0x1d</size>
         <input_file_ref idref="fl-28"/>
      </object_component>
      <object_component id="oc-317">
         <name>.text:SysCtl_selectXTALSingleEnded</name>
         <load_address>0xd488</load_address>
         <run_address>0xd488</run_address>
         <size>0x1d</size>
         <input_file_ref idref="fl-28"/>
      </object_component>
      <object_component id="oc-2c4">
         <name>.text:CLA_setTriggerSource</name>
         <load_address>0xd4a5</load_address>
         <run_address>0xd4a5</run_address>
         <size>0x1c</size>
         <input_file_ref idref="fl-d"/>
      </object_component>
      <object_component id="oc-47">
         <name>.text:INT_myDMA1_ISR</name>
         <load_address>0xd4c1</load_address>
         <run_address>0xd4c1</run_address>
         <size>0x1c</size>
         <input_file_ref idref="fl-6"/>
      </object_component>
      <object_component id="oc-5c">
         <name>.text</name>
         <load_address>0xd4dd</load_address>
         <run_address>0xd4dd</run_address>
         <size>0x1c</size>
         <input_file_ref idref="fl-50"/>
      </object_component>
      <object_component id="oc-2d8">
         <name>.text:ADC_setOffsetTrimAll</name>
         <load_address>0xd4f9</load_address>
         <run_address>0xd4f9</run_address>
         <size>0x1b</size>
         <input_file_ref idref="fl-a"/>
      </object_component>
      <object_component id="oc-e7">
         <name>.text:update_PI</name>
         <load_address>0xd514</load_address>
         <run_address>0xd514</run_address>
         <size>0x19</size>
         <input_file_ref idref="fl-5"/>
      </object_component>
      <object_component id="oc-53">
         <name>.text:INT_ControlPWM_TZ_ISR</name>
         <load_address>0xd52d</load_address>
         <run_address>0xd52d</run_address>
         <size>0x18</size>
         <input_file_ref idref="fl-6"/>
      </object_component>
      <object_component id="oc-239">
         <name>.text:myCLA0_init</name>
         <load_address>0xd545</load_address>
         <run_address>0xd545</run_address>
         <size>0x18</size>
         <input_file_ref idref="fl-2"/>
      </object_component>
      <object_component id="oc-269">
         <name>.text:transient_det_pin_init</name>
         <load_address>0xd55d</load_address>
         <run_address>0xd55d</run_address>
         <size>0x18</size>
         <input_file_ref idref="fl-2"/>
      </object_component>
      <object_component id="oc-275">
         <name>.text:tz_clear_pin_init</name>
         <load_address>0xd575</load_address>
         <run_address>0xd575</run_address>
         <size>0x18</size>
         <input_file_ref idref="fl-2"/>
      </object_component>
      <object_component id="oc-26f">
         <name>.text:tz_pin_init</name>
         <load_address>0xd58d</load_address>
         <run_address>0xd58d</run_address>
         <size>0x18</size>
         <input_file_ref idref="fl-2"/>
      </object_component>
      <object_component id="oc-263">
         <name>.text:debug_pin_init</name>
         <load_address>0xd5a5</load_address>
         <run_address>0xd5a5</run_address>
         <size>0x17</size>
         <input_file_ref idref="fl-2"/>
      </object_component>
      <object_component id="oc-6f">
         <name>.text</name>
         <load_address>0xd5bc</load_address>
         <run_address>0xd5bc</run_address>
         <size>0x17</size>
         <input_file_ref idref="fl-44"/>
      </object_component>
      <object_component id="oc-ed">
         <name>.text:duty_cycle_saturation</name>
         <load_address>0xd5d3</load_address>
         <run_address>0xd5d3</run_address>
         <size>0x16</size>
         <input_file_ref idref="fl-5"/>
      </object_component>
      <object_component id="oc-27b">
         <name>.text:transient_det_pin_XINT_init</name>
         <load_address>0xd5e9</load_address>
         <run_address>0xd5e9</run_address>
         <size>0x11</size>
         <input_file_ref idref="fl-2"/>
      </object_component>
      <object_component id="oc-281">
         <name>.text:tz_clear_pin_XINT_init</name>
         <load_address>0xd5fa</load_address>
         <run_address>0xd5fa</run_address>
         <size>0x11</size>
         <input_file_ref idref="fl-2"/>
      </object_component>
      <object_component id="oc-186">
         <name>.text:Device_initGPIO</name>
         <load_address>0xd60b</load_address>
         <run_address>0xd60b</run_address>
         <size>0x10</size>
         <input_file_ref idref="fl-8"/>
      </object_component>
      <object_component id="oc-a9">
         <name>.text:set_duty_cycle</name>
         <load_address>0xd61b</load_address>
         <run_address>0xd61b</run_address>
         <size>0x10</size>
         <input_file_ref idref="fl-5"/>
      </object_component>
      <object_component id="oc-257">
         <name>.text:DMA_init</name>
         <load_address>0xd62b</load_address>
         <run_address>0xd62b</run_address>
         <size>0xe</size>
         <input_file_ref idref="fl-2"/>
      </object_component>
      <object_component id="oc-233">
         <name>.text:ASYSCTL_init</name>
         <load_address>0xd639</load_address>
         <run_address>0xd639</run_address>
         <size>0xd</size>
         <input_file_ref idref="fl-2"/>
      </object_component>
      <object_component id="oc-be">
         <name>.text</name>
         <load_address>0xd646</load_address>
         <run_address>0xd646</run_address>
         <size>0xc</size>
         <input_file_ref idref="fl-4d"/>
      </object_component>
      <object_component id="oc-1a4">
         <name>.text:init_PI</name>
         <load_address>0xd652</load_address>
         <run_address>0xd652</run_address>
         <size>0xb</size>
         <input_file_ref idref="fl-5"/>
      </object_component>
      <object_component id="oc-21b">
         <name>.text:myINPUTXBARINPUT1_init</name>
         <load_address>0xd65d</load_address>
         <run_address>0xd65d</run_address>
         <size>0x9</size>
         <input_file_ref idref="fl-2"/>
      </object_component>
      <object_component id="oc-221">
         <name>.text:myINPUTXBARINPUT2_init</name>
         <load_address>0xd666</load_address>
         <run_address>0xd666</run_address>
         <size>0x9</size>
         <input_file_ref idref="fl-2"/>
      </object_component>
      <object_component id="oc-227">
         <name>.text:myINPUTXBARINPUT3_init</name>
         <load_address>0xd66f</load_address>
         <run_address>0xd66f</run_address>
         <size>0x9</size>
         <input_file_ref idref="fl-2"/>
      </object_component>
      <object_component id="oc-23">
         <name>.text:decompress:none</name>
         <load_address>0xd678</load_address>
         <run_address>0xd678</run_address>
         <size>0x8</size>
         <input_file_ref idref="fl-49"/>
      </object_component>
      <object_component id="oc-f3">
         <name>.text:reset_PI</name>
         <load_address>0xd680</load_address>
         <run_address>0xd680</run_address>
         <size>0x7</size>
         <input_file_ref idref="fl-5"/>
      </object_component>
      <object_component id="oc-69">
         <name>.text:decompress:ZI</name>
         <load_address>0xd687</load_address>
         <run_address>0xd687</run_address>
         <size>0x6</size>
         <input_file_ref idref="fl-48"/>
      </object_component>
      <object_component id="oc-215">
         <name>.text:myINPUTXBARINPUT0_init</name>
         <load_address>0xd68d</load_address>
         <run_address>0xd68d</run_address>
         <size>0x6</size>
         <input_file_ref idref="fl-2"/>
      </object_component>
      <object_component id="oc-1fc">
         <name>.text:Interrupt_defaultHandler</name>
         <load_address>0xd693</load_address>
         <run_address>0xd693</run_address>
         <size>0x4</size>
         <input_file_ref idref="fl-20"/>
      </object_component>
      <object_component id="oc-1d3">
         <name>.text:__error__</name>
         <load_address>0xd697</load_address>
         <run_address>0xd697</run_address>
         <size>0x3</size>
         <input_file_ref idref="fl-8"/>
      </object_component>
      <object_component id="oc-208">
         <name>.text:Interrupt_illegalOperationHandler</name>
         <load_address>0xd69a</load_address>
         <run_address>0xd69a</run_address>
         <size>0x2</size>
         <input_file_ref idref="fl-20"/>
      </object_component>
      <object_component id="oc-202">
         <name>.text:Interrupt_nmiHandler</name>
         <load_address>0xd69c</load_address>
         <run_address>0xd69c</run_address>
         <size>0x2</size>
         <input_file_ref idref="fl-20"/>
      </object_component>
      <object_component id="oc-b7">
         <name>.text</name>
         <load_address>0xd69e</load_address>
         <run_address>0xd69e</run_address>
         <size>0x2</size>
         <input_file_ref idref="fl-46"/>
      </object_component>
      <object_component id="oc-1bc">
         <name>.text</name>
         <load_address>0xd6a0</load_address>
         <run_address>0xd6a0</run_address>
         <size>0x1</size>
         <input_file_ref idref="fl-4c"/>
      </object_component>
      <object_component id="oc-16b">
         <name>.text</name>
         <load_address>0xd6a1</load_address>
         <run_address>0xd6a1</run_address>
         <size>0x1</size>
         <input_file_ref idref="fl-51"/>
      </object_component>
      <object_component id="oc-3d8">
         <name>.cinit..data.load</name>
         <load_address>0xa84a</load_address>
         <run_address>0xa84a</run_address>
         <size>0x20</size>
      </object_component>
      <object_component id="oc-3d9">
         <name>.cinit.ramgs0.load</name>
         <load_address>0xa86a</load_address>
         <run_address>0xa86a</run_address>
         <size>0x6</size>
      </object_component>
      <object_component id="oc-3d5">
         <name>__TI_handler_table</name>
         <load_address>0xa870</load_address>
         <run_address>0xa870</run_address>
         <size>0x6</size>
      </object_component>
      <object_component id="oc-3dd">
         <name>.cinit.Cla1ToCpuMsgRAM.load</name>
         <load_address>0xa876</load_address>
         <run_address>0xa876</run_address>
         <size>0x5</size>
      </object_component>
      <object_component id="oc-3de">
         <name>.cinit.CpuToCla1MsgRAM.load</name>
         <load_address>0xa87b</load_address>
         <run_address>0xa87b</run_address>
         <size>0x5</size>
      </object_component>
      <object_component id="oc-3d7">
         <name>.cinit..bss.load</name>
         <load_address>0xa880</load_address>
         <run_address>0xa880</run_address>
         <size>0x4</size>
      </object_component>
      <object_component id="oc-3db">
         <name>.cinit..bss_cla.load</name>
         <load_address>0xa884</load_address>
         <run_address>0xa884</run_address>
         <size>0x4</size>
      </object_component>
      <object_component id="oc-3da">
         <name>.cinit..scratchpad.load</name>
         <load_address>0xa888</load_address>
         <run_address>0xa888</run_address>
         <size>0x4</size>
      </object_component>
      <object_component id="oc-3dc">
         <name>.cinit.Cla1DataRam.load</name>
         <load_address>0xa88c</load_address>
         <run_address>0xa88c</run_address>
         <size>0x4</size>
      </object_component>
      <object_component id="oc-3d6">
         <name>__TI_cinit_table</name>
         <load_address>0xa890</load_address>
         <run_address>0xa890</run_address>
         <size>0x20</size>
      </object_component>
      <object_component id="oc-59">
         <name>.stack</name>
         <uninitialized>true</uninitialized>
         <run_address>0x400</run_address>
         <size>0x0</size>
         <input_file_ref idref="fl-44"/>
      </object_component>
      <object_component id="oc-3df">
         <name>.stack</name>
         <uninitialized>true</uninitialized>
         <run_address>0x400</run_address>
         <size>0x0</size>
      </object_component>
      <object_component id="oc-86">
         <name>.bss</name>
         <uninitialized>true</uninitialized>
         <run_address>0xa848</run_address>
         <size>0x2</size>
         <input_file_ref idref="fl-6"/>
      </object_component>
      <object_component id="oc-e1">
         <name>.bss:Vo_controller</name>
         <uninitialized>true</uninitialized>
         <run_address>0xa838</run_address>
         <size>0x8</size>
         <input_file_ref idref="fl-6"/>
      </object_component>
      <object_component id="oc-e4">
         <name>.bss:Il_controller</name>
         <uninitialized>true</uninitialized>
         <run_address>0xa830</run_address>
         <size>0x8</size>
         <input_file_ref idref="fl-6"/>
      </object_component>
      <object_component id="oc-fa">
         <name>.bss</name>
         <uninitialized>true</uninitialized>
         <run_address>0xa840</run_address>
         <size>0x8</size>
         <input_file_ref idref="fl-7"/>
      </object_component>
      <object_component id="oc-100">
         <name>.bss:vo_buff</name>
         <uninitialized>true</uninitialized>
         <run_address>0xa820</run_address>
         <size>0x10</size>
         <input_file_ref idref="fl-7"/>
      </object_component>
      <object_component id="oc-103">
         <name>.bss:io_buff</name>
         <uninitialized>true</uninitialized>
         <run_address>0xa800</run_address>
         <size>0x10</size>
         <input_file_ref idref="fl-7"/>
      </object_component>
      <object_component id="oc-fd">
         <name>.bss:tr_buff</name>
         <uninitialized>true</uninitialized>
         <run_address>0xa810</run_address>
         <size>0x10</size>
         <input_file_ref idref="fl-7"/>
      </object_component>
      <object_component id="oc-2a1">
         <name>.const:.string</name>
         <load_address>0xb000</load_address>
         <run_address>0xb000</run_address>
         <size>0xdf</size>
         <input_file_ref idref="fl-52"/>
      </object_component>
      <object_component id="oc-37f">
         <name>.const:.string</name>
         <load_address>0xb0e0</load_address>
         <run_address>0xb0e0</run_address>
         <size>0x89</size>
         <input_file_ref idref="fl-2"/>
      </object_component>
      <object_component id="oc-316">
         <name>.const:.string</name>
         <load_address>0xb16a</load_address>
         <run_address>0xb16a</run_address>
         <size>0x38</size>
         <input_file_ref idref="fl-28"/>
      </object_component>
      <object_component id="oc-78">
         <name>.data</name>
         <load_address>0xb1c0</load_address>
         <run_address>0xb1c0</run_address>
         <size>0x30</size>
         <input_file_ref idref="fl-6"/>
      </object_component>
      <object_component id="oc-148">
         <name>.data</name>
         <load_address>0xb1a2</load_address>
         <run_address>0xb1a2</run_address>
         <size>0x6</size>
         <input_file_ref idref="fl-4b"/>
      </object_component>
      <object_component id="oc-15c">
         <name>.data</name>
         <load_address>0xb1aa</load_address>
         <run_address>0xb1aa</run_address>
         <size>0x2</size>
         <input_file_ref idref="fl-5"/>
      </object_component>
      <object_component id="oc-14b">
         <name>.data:_lock</name>
         <load_address>0xb1a8</load_address>
         <run_address>0xb1a8</run_address>
         <size>0x2</size>
         <input_file_ref idref="fl-4c"/>
      </object_component>
      <object_component id="oc-10a">
         <name>ramgs0:init</name>
         <load_address>0xc00e</load_address>
         <run_address>0xc00e</run_address>
         <size>0x4</size>
         <input_file_ref idref="fl-6"/>
      </object_component>
      <object_component id="oc-cd">
         <name>ramgs0:uninit</name>
         <load_address>0xc000</load_address>
         <run_address>0xc000</run_address>
         <size>0xe</size>
         <input_file_ref idref="fl-6"/>
      </object_component>
      <object_component id="oc-2be">
         <name>Cla1Prog:Cla1Task1</name>
         <load_address>0x8000</load_address>
         <run_address>0x8000</run_address>
         <size>0x264</size>
         <input_file_ref idref="fl-4"/>
      </object_component>
      <object_component id="oc-33f">
         <name>Cla1Prog:hh1</name>
         <load_address>0x8264</load_address>
         <run_address>0x8264</run_address>
         <size>0x21e</size>
         <input_file_ref idref="fl-4"/>
      </object_component>
      <object_component id="oc-345">
         <name>Cla1Prog:hh2</name>
         <load_address>0x8482</load_address>
         <run_address>0x8482</run_address>
         <size>0x1d8</size>
         <input_file_ref idref="fl-4"/>
      </object_component>
      <object_component id="oc-333">
         <name>Cla1Prog:partial_norms</name>
         <load_address>0x865a</load_address>
         <run_address>0x865a</run_address>
         <size>0x9c</size>
         <input_file_ref idref="fl-4"/>
      </object_component>
      <object_component id="oc-34b">
         <name>Cla1Prog:back_subs</name>
         <load_address>0x86f6</load_address>
         <run_address>0x86f6</run_address>
         <size>0x72</size>
         <input_file_ref idref="fl-4"/>
      </object_component>
      <object_component id="oc-339">
         <name>Cla1Prog:pivot</name>
         <load_address>0x8768</load_address>
         <run_address>0x8768</run_address>
         <size>0x3a</size>
         <input_file_ref idref="fl-4"/>
      </object_component>
      <object_component id="oc-32d">
         <name>Cla1Prog:derivatives</name>
         <load_address>0xa000</load_address>
         <run_address>0xa000</run_address>
         <size>0x1d6</size>
         <input_file_ref idref="fl-4"/>
      </object_component>
      <object_component id="oc-391">
         <name>.scratchpad:Cla1Prog:partial_norms</name>
         <uninitialized>true</uninitialized>
         <run_address>0x9c1a</run_address>
         <size>0x2</size>
         <input_file_ref idref="fl-4"/>
      </object_component>
      <object_component id="oc-38f">
         <name>.scratchpad:Cla1Prog:derivatives</name>
         <uninitialized>true</uninitialized>
         <run_address>0x9c1a</run_address>
         <size>0x6</size>
         <input_file_ref idref="fl-4"/>
      </object_component>
      <object_component id="oc-396">
         <name>.scratchpad:Cla1Prog:back_subs</name>
         <uninitialized>true</uninitialized>
         <run_address>0x9c1a</run_address>
         <size>0x2</size>
         <input_file_ref idref="fl-4"/>
      </object_component>
      <object_component id="oc-327">
         <name>.bss_cla</name>
         <uninitialized>true</uninitialized>
         <run_address>0x9c10</run_address>
         <size>0xa</size>
         <input_file_ref idref="fl-4"/>
      </object_component>
      <object_component id="oc-351">
         <name>.bss_cla:valid_smpl_val_v</name>
         <uninitialized>true</uninitialized>
         <run_address>0x9b80</run_address>
         <size>0x90</size>
         <input_file_ref idref="fl-4"/>
      </object_component>
      <object_component id="oc-354">
         <name>.bss_cla:valid_smpl_val_i</name>
         <uninitialized>true</uninitialized>
         <run_address>0x9af0</run_address>
         <size>0x90</size>
         <input_file_ref idref="fl-4"/>
      </object_component>
      <object_component id="oc-32a">
         <name>Cla1DataRam</name>
         <uninitialized>true</uninitialized>
         <run_address>0x9800</run_address>
         <size>0x2f0</size>
         <input_file_ref idref="fl-4"/>
      </object_component>
      <object_component id="oc-107">
         <name>Cla1ToCpuMsgRAM</name>
         <load_address>0x1480</load_address>
         <run_address>0x1480</run_address>
         <size>0x4</size>
         <input_file_ref idref="fl-6"/>
      </object_component>
      <object_component id="oc-75">
         <name>CpuToCla1MsgRAM:init</name>
         <load_address>0x1510</load_address>
         <run_address>0x1510</run_address>
         <size>0x1</size>
         <input_file_ref idref="fl-6"/>
      </object_component>
      <object_component id="oc-dd">
         <name>CpuToCla1MsgRAM:uninit</name>
         <load_address>0x1500</load_address>
         <run_address>0x1500</run_address>
         <size>0x10</size>
         <input_file_ref idref="fl-6"/>
      </object_component>
      <object_component id="oc-82">
         <name>.debug_types</name>
         <load_address>0x0</load_address>
         <run_address>0x0</run_address>
         <size>0x434a</size>
         <input_file_ref idref="fl-2"/>
      </object_component>
      <object_component id="oc-358">
         <name>.debug_types</name>
         <load_address>0x434a</load_address>
         <run_address>0x434a</run_address>
         <size>0x2ff</size>
         <input_file_ref idref="fl-4"/>
      </object_component>
      <object_component id="oc-84">
         <name>.debug_types</name>
         <load_address>0x4649</load_address>
         <run_address>0x4649</run_address>
         <size>0x9c7</size>
         <input_file_ref idref="fl-6"/>
      </object_component>
      <object_component id="oc-1f9">
         <name>.debug_types</name>
         <load_address>0x5010</load_address>
         <run_address>0x5010</run_address>
         <size>0x413</size>
         <input_file_ref idref="fl-8"/>
      </object_component>
      <object_component id="oc-d3">
         <name>.debug_types</name>
         <load_address>0x0</load_address>
         <run_address>0x0</run_address>
         <size>0x0</size>
         <input_file_ref idref="fl-20"/>
      </object_component>
      <object_component id="oc-28c">
         <name>.debug_types</name>
         <load_address>0x5423</load_address>
         <run_address>0x5423</run_address>
         <size>0x1d4</size>
         <input_file_ref idref="fl-28"/>
      </object_component>
      <object_component id="oc-172">
         <name>.debug_types</name>
         <load_address>0x55f7</load_address>
         <run_address>0x55f7</run_address>
         <size>0x4b9</size>
         <input_file_ref idref="fl-47"/>
      </object_component>
      <object_component id="oc-14f">
         <name>.debug_types</name>
         <load_address>0x5ab0</load_address>
         <run_address>0x5ab0</run_address>
         <size>0xbf</size>
         <input_file_ref idref="fl-4b"/>
      </object_component>
      <object_component id="oc-147">
         <name>.debug_types</name>
         <load_address>0x5b6f</load_address>
         <run_address>0x5b6f</run_address>
         <size>0xe1</size>
         <input_file_ref idref="fl-4d"/>
      </object_component>
      <object_component id="oc-1c8">
         <name>.debug_types</name>
         <load_address>0x0</load_address>
         <run_address>0x0</run_address>
         <size>0x0</size>
         <input_file_ref idref="fl-51"/>
      </object_component>
      <object_component id="oc-5b">
         <name>.debug_types</name>
         <load_address>0x5c50</load_address>
         <run_address>0x5c50</run_address>
         <size>0x67f2</size>
         <input_file_ref idref="fl-52"/>
      </object_component>
      <object_component id="oc-270">
         <name>.debug_info</name>
         <load_address>0x0</load_address>
         <run_address>0x0</run_address>
         <size>0x1a7</size>
         <input_file_ref idref="fl-2"/>
      </object_component>
      <object_component id="oc-276">
         <name>.debug_info</name>
         <load_address>0x1a7</load_address>
         <run_address>0x1a7</run_address>
         <size>0x1b3</size>
         <input_file_ref idref="fl-2"/>
      </object_component>
      <object_component id="oc-282">
         <name>.debug_info</name>
         <load_address>0x35a</load_address>
         <run_address>0x35a</run_address>
         <size>0x16a</size>
         <input_file_ref idref="fl-2"/>
      </object_component>
      <object_component id="oc-26a">
         <name>.debug_info</name>
         <load_address>0x4c4</load_address>
         <run_address>0x4c4</run_address>
         <size>0x1bd</size>
         <input_file_ref idref="fl-2"/>
      </object_component>
      <object_component id="oc-27c">
         <name>.debug_info</name>
         <load_address>0x681</load_address>
         <run_address>0x681</run_address>
         <size>0x174</size>
         <input_file_ref idref="fl-2"/>
      </object_component>
      <object_component id="oc-228">
         <name>.debug_info</name>
         <load_address>0x7f5</load_address>
         <run_address>0x7f5</run_address>
         <size>0x150</size>
         <input_file_ref idref="fl-2"/>
      </object_component>
      <object_component id="oc-223">
         <name>.debug_info</name>
         <load_address>0x945</load_address>
         <run_address>0x945</run_address>
         <size>0x150</size>
         <input_file_ref idref="fl-2"/>
      </object_component>
      <object_component id="oc-21d">
         <name>.debug_info</name>
         <load_address>0xa95</load_address>
         <run_address>0xa95</run_address>
         <size>0x150</size>
         <input_file_ref idref="fl-2"/>
      </object_component>
      <object_component id="oc-216">
         <name>.debug_info</name>
         <load_address>0xbe5</load_address>
         <run_address>0xbe5</run_address>
         <size>0x150</size>
         <input_file_ref idref="fl-2"/>
      </object_component>
      <object_component id="oc-2ee">
         <name>.debug_info</name>
         <load_address>0xd35</load_address>
         <run_address>0xd35</run_address>
         <size>0x1a8</size>
         <input_file_ref idref="fl-2"/>
      </object_component>
      <object_component id="oc-2e9">
         <name>.debug_info</name>
         <load_address>0xedd</load_address>
         <run_address>0xedd</run_address>
         <size>0x1a8</size>
         <input_file_ref idref="fl-2"/>
      </object_component>
      <object_component id="oc-252">
         <name>.debug_info</name>
         <load_address>0x1085</load_address>
         <run_address>0x1085</run_address>
         <size>0x18b</size>
         <input_file_ref idref="fl-2"/>
      </object_component>
      <object_component id="oc-23b">
         <name>.debug_info</name>
         <load_address>0x1210</load_address>
         <run_address>0x1210</run_address>
         <size>0x154</size>
         <input_file_ref idref="fl-2"/>
      </object_component>
      <object_component id="oc-24d">
         <name>.debug_info</name>
         <load_address>0x1364</load_address>
         <run_address>0x1364</run_address>
         <size>0x165</size>
         <input_file_ref idref="fl-2"/>
      </object_component>
      <object_component id="oc-246">
         <name>.debug_info</name>
         <load_address>0x14c9</load_address>
         <run_address>0x14c9</run_address>
         <size>0x164</size>
         <input_file_ref idref="fl-2"/>
      </object_component>
      <object_component id="oc-2fb">
         <name>.debug_info</name>
         <load_address>0x162d</load_address>
         <run_address>0x162d</run_address>
         <size>0x251</size>
         <input_file_ref idref="fl-2"/>
      </object_component>
      <object_component id="oc-264">
         <name>.debug_info</name>
         <load_address>0x187e</load_address>
         <run_address>0x187e</run_address>
         <size>0x1ad</size>
         <input_file_ref idref="fl-2"/>
      </object_component>
      <object_component id="oc-22f">
         <name>.debug_info</name>
         <load_address>0x1a2b</load_address>
         <run_address>0x1a2b</run_address>
         <size>0x136</size>
         <input_file_ref idref="fl-2"/>
      </object_component>
      <object_component id="oc-210">
         <name>.debug_info</name>
         <load_address>0x1b61</load_address>
         <run_address>0x1b61</run_address>
         <size>0x362</size>
         <input_file_ref idref="fl-2"/>
      </object_component>
      <object_component id="oc-240">
         <name>.debug_info</name>
         <load_address>0x1ec3</load_address>
         <run_address>0x1ec3</run_address>
         <size>0x382</size>
         <input_file_ref idref="fl-2"/>
      </object_component>
      <object_component id="oc-31">
         <name>.debug_info</name>
         <load_address>0x2245</load_address>
         <run_address>0x2245</run_address>
         <size>0x1c4</size>
         <input_file_ref idref="fl-2"/>
      </object_component>
      <object_component id="oc-25f">
         <name>.debug_info</name>
         <load_address>0x2409</load_address>
         <run_address>0x2409</run_address>
         <size>0x722</size>
         <input_file_ref idref="fl-2"/>
      </object_component>
      <object_component id="oc-259">
         <name>.debug_info</name>
         <load_address>0x2b2b</load_address>
         <run_address>0x2b2b</run_address>
         <size>0x156</size>
         <input_file_ref idref="fl-2"/>
      </object_component>
      <object_component id="oc-234">
         <name>.debug_info</name>
         <load_address>0x2c81</load_address>
         <run_address>0x2c81</run_address>
         <size>0x13c</size>
         <input_file_ref idref="fl-2"/>
      </object_component>
      <object_component id="oc-199">
         <name>.debug_info</name>
         <load_address>0x2dbd</load_address>
         <run_address>0x2dbd</run_address>
         <size>0x2f8</size>
         <input_file_ref idref="fl-2"/>
      </object_component>
      <object_component id="oc-32b">
         <name>.debug_info</name>
         <load_address>0x30b5</load_address>
         <run_address>0x30b5</run_address>
         <size>0x3ab</size>
         <input_file_ref idref="fl-4"/>
      </object_component>
      <object_component id="oc-328">
         <name>.debug_info</name>
         <load_address>0x3460</load_address>
         <run_address>0x3460</run_address>
         <size>0x1d3</size>
         <input_file_ref idref="fl-4"/>
      </object_component>
      <object_component id="oc-352">
         <name>.debug_info</name>
         <load_address>0x3633</load_address>
         <run_address>0x3633</run_address>
         <size>0x13f</size>
         <input_file_ref idref="fl-4"/>
      </object_component>
      <object_component id="oc-355">
         <name>.debug_info</name>
         <load_address>0x3772</load_address>
         <run_address>0x3772</run_address>
         <size>0x13f</size>
         <input_file_ref idref="fl-4"/>
      </object_component>
      <object_component id="oc-33d">
         <name>.debug_info</name>
         <load_address>0x38b1</load_address>
         <run_address>0x38b1</run_address>
         <size>0x149</size>
         <input_file_ref idref="fl-4"/>
      </object_component>
      <object_component id="oc-335">
         <name>.debug_info</name>
         <load_address>0x39fa</load_address>
         <run_address>0x39fa</run_address>
         <size>0x159</size>
         <input_file_ref idref="fl-4"/>
      </object_component>
      <object_component id="oc-346">
         <name>.debug_info</name>
         <load_address>0x3b53</load_address>
         <run_address>0x3b53</run_address>
         <size>0x18f</size>
         <input_file_ref idref="fl-4"/>
      </object_component>
      <object_component id="oc-343">
         <name>.debug_info</name>
         <load_address>0x3ce2</load_address>
         <run_address>0x3ce2</run_address>
         <size>0x18f</size>
         <input_file_ref idref="fl-4"/>
      </object_component>
      <object_component id="oc-32e">
         <name>.debug_info</name>
         <load_address>0x3e71</load_address>
         <run_address>0x3e71</run_address>
         <size>0x1ab</size>
         <input_file_ref idref="fl-4"/>
      </object_component>
      <object_component id="oc-34e">
         <name>.debug_info</name>
         <load_address>0x401c</load_address>
         <run_address>0x401c</run_address>
         <size>0x18d</size>
         <input_file_ref idref="fl-4"/>
      </object_component>
      <object_component id="oc-2c1">
         <name>.debug_info</name>
         <load_address>0x41a9</load_address>
         <run_address>0x41a9</run_address>
         <size>0x1a2</size>
         <input_file_ref idref="fl-4"/>
      </object_component>
      <object_component id="oc-79">
         <name>.debug_info</name>
         <load_address>0x434b</load_address>
         <run_address>0x434b</run_address>
         <size>0x483</size>
         <input_file_ref idref="fl-6"/>
      </object_component>
      <object_component id="oc-87">
         <name>.debug_info</name>
         <load_address>0x47ce</load_address>
         <run_address>0x47ce</run_address>
         <size>0x137</size>
         <input_file_ref idref="fl-6"/>
      </object_component>
      <object_component id="oc-76">
         <name>.debug_info</name>
         <load_address>0x4905</load_address>
         <run_address>0x4905</run_address>
         <size>0x10d</size>
         <input_file_ref idref="fl-6"/>
      </object_component>
      <object_component id="oc-108">
         <name>.debug_info</name>
         <load_address>0x4a12</load_address>
         <run_address>0x4a12</run_address>
         <size>0x127</size>
         <input_file_ref idref="fl-6"/>
      </object_component>
      <object_component id="oc-10b">
         <name>.debug_info</name>
         <load_address>0x4b39</load_address>
         <run_address>0x4b39</run_address>
         <size>0x127</size>
         <input_file_ref idref="fl-6"/>
      </object_component>
      <object_component id="oc-ce">
         <name>.debug_info</name>
         <load_address>0x4c60</load_address>
         <run_address>0x4c60</run_address>
         <size>0x143</size>
         <input_file_ref idref="fl-6"/>
      </object_component>
      <object_component id="oc-e2">
         <name>.debug_info</name>
         <load_address>0x4da3</load_address>
         <run_address>0x4da3</run_address>
         <size>0x119</size>
         <input_file_ref idref="fl-6"/>
      </object_component>
      <object_component id="oc-e5">
         <name>.debug_info</name>
         <load_address>0x4ebc</load_address>
         <run_address>0x4ebc</run_address>
         <size>0x119</size>
         <input_file_ref idref="fl-6"/>
      </object_component>
      <object_component id="oc-de">
         <name>.debug_info</name>
         <load_address>0x4fd5</load_address>
         <run_address>0x4fd5</run_address>
         <size>0x14b</size>
         <input_file_ref idref="fl-6"/>
      </object_component>
      <object_component id="oc-92">
         <name>.debug_info</name>
         <load_address>0x5120</load_address>
         <run_address>0x5120</run_address>
         <size>0x134</size>
         <input_file_ref idref="fl-6"/>
      </object_component>
      <object_component id="oc-141">
         <name>.debug_info</name>
         <load_address>0x5254</load_address>
         <run_address>0x5254</run_address>
         <size>0x1ea</size>
         <input_file_ref idref="fl-6"/>
      </object_component>
      <object_component id="oc-a4">
         <name>.debug_info</name>
         <load_address>0x543e</load_address>
         <run_address>0x543e</run_address>
         <size>0x128</size>
         <input_file_ref idref="fl-6"/>
      </object_component>
      <object_component id="oc-98">
         <name>.debug_info</name>
         <load_address>0x5566</load_address>
         <run_address>0x5566</run_address>
         <size>0x19e</size>
         <input_file_ref idref="fl-6"/>
      </object_component>
      <object_component id="oc-36">
         <name>.debug_info</name>
         <load_address>0x5704</load_address>
         <run_address>0x5704</run_address>
         <size>0x13d</size>
         <input_file_ref idref="fl-6"/>
      </object_component>
      <object_component id="oc-8c">
         <name>.debug_info</name>
         <load_address>0x5841</load_address>
         <run_address>0x5841</run_address>
         <size>0x136</size>
         <input_file_ref idref="fl-6"/>
      </object_component>
      <object_component id="oc-3c">
         <name>.debug_info</name>
         <load_address>0x5977</load_address>
         <run_address>0x5977</run_address>
         <size>0x14c</size>
         <input_file_ref idref="fl-6"/>
      </object_component>
      <object_component id="oc-43">
         <name>.debug_info</name>
         <load_address>0x5ac3</load_address>
         <run_address>0x5ac3</run_address>
         <size>0x16a</size>
         <input_file_ref idref="fl-6"/>
      </object_component>
      <object_component id="oc-48">
         <name>.debug_info</name>
         <load_address>0x5c2d</load_address>
         <run_address>0x5c2d</run_address>
         <size>0x136</size>
         <input_file_ref idref="fl-6"/>
      </object_component>
      <object_component id="oc-4e">
         <name>.debug_info</name>
         <load_address>0x5d63</load_address>
         <run_address>0x5d63</run_address>
         <size>0x1cf</size>
         <input_file_ref idref="fl-6"/>
      </object_component>
      <object_component id="oc-54">
         <name>.debug_info</name>
         <load_address>0x5f32</load_address>
         <run_address>0x5f32</run_address>
         <size>0x144</size>
         <input_file_ref idref="fl-6"/>
      </object_component>
      <object_component id="oc-1d5">
         <name>.debug_info</name>
         <load_address>0x6076</load_address>
         <run_address>0x6076</run_address>
         <size>0x162</size>
         <input_file_ref idref="fl-8"/>
      </object_component>
      <object_component id="oc-18a">
         <name>.debug_info</name>
         <load_address>0x61d8</load_address>
         <run_address>0x61d8</run_address>
         <size>0x149</size>
         <input_file_ref idref="fl-8"/>
      </object_component>
      <object_component id="oc-1e0">
         <name>.debug_info</name>
         <load_address>0x6321</load_address>
         <run_address>0x6321</run_address>
         <size>0x160</size>
         <input_file_ref idref="fl-8"/>
      </object_component>
      <object_component id="oc-181">
         <name>.debug_info</name>
         <load_address>0x6481</load_address>
         <run_address>0x6481</run_address>
         <size>0x271</size>
         <input_file_ref idref="fl-8"/>
      </object_component>
      <object_component id="oc-2c">
         <name>.debug_info</name>
         <load_address>0x66f2</load_address>
         <run_address>0x66f2</run_address>
         <size>0x13c</size>
         <input_file_ref idref="fl-9"/>
      </object_component>
      <object_component id="oc-204">
         <name>.debug_info</name>
         <load_address>0x682e</load_address>
         <run_address>0x682e</run_address>
         <size>0x162</size>
         <input_file_ref idref="fl-20"/>
      </object_component>
      <object_component id="oc-194">
         <name>.debug_info</name>
         <load_address>0x6990</load_address>
         <run_address>0x6990</run_address>
         <size>0x176</size>
         <input_file_ref idref="fl-20"/>
      </object_component>
      <object_component id="oc-190">
         <name>.debug_info</name>
         <load_address>0x6b06</load_address>
         <run_address>0x6b06</run_address>
         <size>0x16c</size>
         <input_file_ref idref="fl-20"/>
      </object_component>
      <object_component id="oc-209">
         <name>.debug_info</name>
         <load_address>0x6c72</load_address>
         <run_address>0x6c72</run_address>
         <size>0x17c</size>
         <input_file_ref idref="fl-20"/>
      </object_component>
      <object_component id="oc-7d">
         <name>.debug_info</name>
         <load_address>0x6dee</load_address>
         <run_address>0x6dee</run_address>
         <size>0x1b3</size>
         <input_file_ref idref="fl-20"/>
      </object_component>
      <object_component id="oc-1fe">
         <name>.debug_info</name>
         <load_address>0x6fa1</load_address>
         <run_address>0x6fa1</run_address>
         <size>0x16a</size>
         <input_file_ref idref="fl-20"/>
      </object_component>
      <object_component id="oc-384">
         <name>.debug_info</name>
         <load_address>0x710b</load_address>
         <run_address>0x710b</run_address>
         <size>0x178</size>
         <input_file_ref idref="fl-28"/>
      </object_component>
      <object_component id="oc-318">
         <name>.debug_info</name>
         <load_address>0x7283</load_address>
         <run_address>0x7283</run_address>
         <size>0x192</size>
         <input_file_ref idref="fl-28"/>
      </object_component>
      <object_component id="oc-321">
         <name>.debug_info</name>
         <load_address>0x7415</load_address>
         <run_address>0x7415</run_address>
         <size>0x196</size>
         <input_file_ref idref="fl-28"/>
      </object_component>
      <object_component id="oc-295">
         <name>.debug_info</name>
         <load_address>0x75ab</load_address>
         <run_address>0x75ab</run_address>
         <size>0x1de</size>
         <input_file_ref idref="fl-28"/>
      </object_component>
      <object_component id="oc-298">
         <name>.debug_info</name>
         <load_address>0x7789</load_address>
         <run_address>0x7789</run_address>
         <size>0x222</size>
         <input_file_ref idref="fl-28"/>
      </object_component>
      <object_component id="oc-1d0">
         <name>.debug_info</name>
         <load_address>0x79ab</load_address>
         <run_address>0x79ab</run_address>
         <size>0x27d</size>
         <input_file_ref idref="fl-28"/>
      </object_component>
      <object_component id="oc-1b3">
         <name>.debug_info</name>
         <load_address>0x7c28</load_address>
         <run_address>0x7c28</run_address>
         <size>0x1c2</size>
         <input_file_ref idref="fl-28"/>
      </object_component>
      <object_component id="oc-1dc">
         <name>.debug_info</name>
         <load_address>0x7dea</load_address>
         <run_address>0x7dea</run_address>
         <size>0x1b4</size>
         <input_file_ref idref="fl-28"/>
      </object_component>
      <object_component id="oc-72">
         <name>.debug_info</name>
         <load_address>0x7f9e</load_address>
         <run_address>0x7f9e</run_address>
         <size>0x140</size>
         <input_file_ref idref="fl-44"/>
      </object_component>
      <object_component id="oc-111">
         <name>.debug_info</name>
         <load_address>0x80de</load_address>
         <run_address>0x80de</run_address>
         <size>0x1a7</size>
         <input_file_ref idref="fl-47"/>
      </object_component>
      <object_component id="oc-149">
         <name>.debug_info</name>
         <load_address>0x8285</load_address>
         <run_address>0x8285</run_address>
         <size>0x186</size>
         <input_file_ref idref="fl-4b"/>
      </object_component>
      <object_component id="oc-c5">
         <name>.debug_info</name>
         <load_address>0x840b</load_address>
         <run_address>0x840b</run_address>
         <size>0x191</size>
         <input_file_ref idref="fl-4b"/>
      </object_component>
      <object_component id="oc-c2">
         <name>.debug_info</name>
         <load_address>0x859c</load_address>
         <run_address>0x859c</run_address>
         <size>0x145</size>
         <input_file_ref idref="fl-4d"/>
      </object_component>
      <object_component id="oc-16f">
         <name>.debug_info</name>
         <load_address>0x86e1</load_address>
         <run_address>0x86e1</run_address>
         <size>0x12f</size>
         <input_file_ref idref="fl-51"/>
      </object_component>
      <object_component id="oc-fb">
         <name>.debug_info</name>
         <load_address>0x8810</load_address>
         <run_address>0x8810</run_address>
         <size>0x15d</size>
         <input_file_ref idref="fl-52"/>
      </object_component>
      <object_component id="oc-14c">
         <name>.debug_info</name>
         <load_address>0x896d</load_address>
         <run_address>0x896d</run_address>
         <size>0xff</size>
         <input_file_ref idref="fl-52"/>
      </object_component>
      <object_component id="oc-101">
         <name>.debug_info</name>
         <load_address>0x8a6c</load_address>
         <run_address>0x8a6c</run_address>
         <size>0x103</size>
         <input_file_ref idref="fl-52"/>
      </object_component>
      <object_component id="oc-104">
         <name>.debug_info</name>
         <load_address>0x8b6f</load_address>
         <run_address>0x8b6f</run_address>
         <size>0x103</size>
         <input_file_ref idref="fl-52"/>
      </object_component>
      <object_component id="oc-fe">
         <name>.debug_info</name>
         <load_address>0x8c72</load_address>
         <run_address>0x8c72</run_address>
         <size>0x103</size>
         <input_file_ref idref="fl-52"/>
      </object_component>
      <object_component id="oc-e8">
         <name>.debug_info</name>
         <load_address>0x8d75</load_address>
         <run_address>0x8d75</run_address>
         <size>0x17d</size>
         <input_file_ref idref="fl-52"/>
      </object_component>
      <object_component id="oc-9e">
         <name>.debug_info</name>
         <load_address>0x8ef2</load_address>
         <run_address>0x8ef2</run_address>
         <size>0x1a6</size>
         <input_file_ref idref="fl-52"/>
      </object_component>
      <object_component id="oc-aa">
         <name>.debug_info</name>
         <load_address>0x9098</load_address>
         <run_address>0x9098</run_address>
         <size>0x159</size>
         <input_file_ref idref="fl-52"/>
      </object_component>
      <object_component id="oc-f4">
         <name>.debug_info</name>
         <load_address>0x91f1</load_address>
         <run_address>0x91f1</run_address>
         <size>0x157</size>
         <input_file_ref idref="fl-52"/>
      </object_component>
      <object_component id="oc-1ab">
         <name>.debug_info</name>
         <load_address>0x9348</load_address>
         <run_address>0x9348</run_address>
         <size>0x131</size>
         <input_file_ref idref="fl-52"/>
      </object_component>
      <object_component id="oc-1a5">
         <name>.debug_info</name>
         <load_address>0x9479</load_address>
         <run_address>0x9479</run_address>
         <size>0x191</size>
         <input_file_ref idref="fl-52"/>
      </object_component>
      <object_component id="oc-ee">
         <name>.debug_info</name>
         <load_address>0x960a</load_address>
         <run_address>0x960a</run_address>
         <size>0x194</size>
         <input_file_ref idref="fl-52"/>
      </object_component>
      <object_component id="oc-5d">
         <name>.debug_info</name>
         <load_address>0x979e</load_address>
         <run_address>0x979e</run_address>
         <size>0x187</size>
         <input_file_ref idref="fl-52"/>
      </object_component>
      <object_component id="oc-1bd">
         <name>.debug_info</name>
         <load_address>0x9925</load_address>
         <run_address>0x9925</run_address>
         <size>0x114</size>
         <input_file_ref idref="fl-52"/>
      </object_component>
      <object_component id="oc-b8">
         <name>.debug_info</name>
         <load_address>0x9a39</load_address>
         <run_address>0x9a39</run_address>
         <size>0x137</size>
         <input_file_ref idref="fl-52"/>
      </object_component>
      <object_component id="oc-6a">
         <name>.debug_info</name>
         <load_address>0x9b70</load_address>
         <run_address>0x9b70</run_address>
         <size>0x184</size>
         <input_file_ref idref="fl-52"/>
      </object_component>
      <object_component id="oc-24">
         <name>.debug_info</name>
         <load_address>0x9cf4</load_address>
         <run_address>0x9cf4</run_address>
         <size>0x195</size>
         <input_file_ref idref="fl-52"/>
      </object_component>
      <object_component id="oc-1e">
         <name>.debug_info</name>
         <load_address>0x9e89</load_address>
         <run_address>0x9e89</run_address>
         <size>0x1ea</size>
         <input_file_ref idref="fl-52"/>
      </object_component>
      <object_component id="oc-2d2">
         <name>.debug_info</name>
         <load_address>0xa073</load_address>
         <run_address>0xa073</run_address>
         <size>0x21a</size>
         <input_file_ref idref="fl-52"/>
      </object_component>
      <object_component id="oc-2cc">
         <name>.debug_info</name>
         <load_address>0xa28d</load_address>
         <run_address>0xa28d</run_address>
         <size>0x1ec</size>
         <input_file_ref idref="fl-52"/>
      </object_component>
      <object_component id="oc-2b2">
         <name>.debug_info</name>
         <load_address>0xa479</load_address>
         <run_address>0xa479</run_address>
         <size>0x1b2</size>
         <input_file_ref idref="fl-52"/>
      </object_component>
      <object_component id="oc-2ac">
         <name>.debug_info</name>
         <load_address>0xa62b</load_address>
         <run_address>0xa62b</run_address>
         <size>0x16d</size>
         <input_file_ref idref="fl-52"/>
      </object_component>
      <object_component id="oc-1e7">
         <name>.debug_info</name>
         <load_address>0xa798</load_address>
         <run_address>0xa798</run_address>
         <size>0x1c0</size>
         <input_file_ref idref="fl-52"/>
      </object_component>
      <object_component id="oc-30c">
         <name>.debug_info</name>
         <load_address>0xa958</load_address>
         <run_address>0xa958</run_address>
         <size>0x1be</size>
         <input_file_ref idref="fl-52"/>
      </object_component>
      <object_component id="oc-1ed">
         <name>.debug_info</name>
         <load_address>0xab16</load_address>
         <run_address>0xab16</run_address>
         <size>0x1ab</size>
         <input_file_ref idref="fl-52"/>
      </object_component>
      <object_component id="oc-302">
         <name>.debug_info</name>
         <load_address>0xacc1</load_address>
         <run_address>0xacc1</run_address>
         <size>0x19a</size>
         <input_file_ref idref="fl-52"/>
      </object_component>
      <object_component id="oc-1f3">
         <name>.debug_info</name>
         <load_address>0xae5b</load_address>
         <run_address>0xae5b</run_address>
         <size>0x1a5</size>
         <input_file_ref idref="fl-52"/>
      </object_component>
      <object_component id="oc-2f5">
         <name>.debug_info</name>
         <load_address>0xb000</load_address>
         <run_address>0xb000</run_address>
         <size>0x1aa</size>
         <input_file_ref idref="fl-52"/>
      </object_component>
      <object_component id="oc-371">
         <name>.debug_info</name>
         <load_address>0xb1aa</load_address>
         <run_address>0xb1aa</run_address>
         <size>0x228</size>
         <input_file_ref idref="fl-52"/>
      </object_component>
      <object_component id="oc-36b">
         <name>.debug_info</name>
         <load_address>0xb3d2</load_address>
         <run_address>0xb3d2</run_address>
         <size>0x201</size>
         <input_file_ref idref="fl-52"/>
      </object_component>
      <object_component id="oc-377">
         <name>.debug_info</name>
         <load_address>0xb5d3</load_address>
         <run_address>0xb5d3</run_address>
         <size>0x1b5</size>
         <input_file_ref idref="fl-52"/>
      </object_component>
      <object_component id="oc-365">
         <name>.debug_info</name>
         <load_address>0xb788</load_address>
         <run_address>0xb788</run_address>
         <size>0x1ea</size>
         <input_file_ref idref="fl-52"/>
      </object_component>
      <object_component id="oc-35f">
         <name>.debug_info</name>
         <load_address>0xb972</load_address>
         <run_address>0xb972</run_address>
         <size>0x1c1</size>
         <input_file_ref idref="fl-52"/>
      </object_component>
      <object_component id="oc-2e1">
         <name>.debug_info</name>
         <load_address>0xbb33</load_address>
         <run_address>0xbb33</run_address>
         <size>0x1a4</size>
         <input_file_ref idref="fl-52"/>
      </object_component>
      <object_component id="oc-2c5">
         <name>.debug_info</name>
         <load_address>0xbcd7</load_address>
         <run_address>0xbcd7</run_address>
         <size>0x1c1</size>
         <input_file_ref idref="fl-52"/>
      </object_component>
      <object_component id="oc-19f">
         <name>.debug_info</name>
         <load_address>0xbe98</load_address>
         <run_address>0xbe98</run_address>
         <size>0x131</size>
         <input_file_ref idref="fl-52"/>
      </object_component>
      <object_component id="oc-2d9">
         <name>.debug_info</name>
         <load_address>0xbfc9</load_address>
         <run_address>0xbfc9</run_address>
         <size>0x19e</size>
[...]
      </symbol>
      <symbol id="sm-28d">
         <name>debug_pin_init</name>
         <value>0xd5a5</value>
         <object_component_ref idref="oc-263"/>
      </symbol>
      <symbol id="sm-28e">
         <name>tz_clear_pin_XINT_init</name>
         <value>0xd5fa</value>
         <object_component_ref idref="oc-281"/>
      </symbol>
      <symbol id="sm-28f">
         <name>myADC0_init</name>
         <value>0xcac1</value>
         <object_component_ref idref="oc-245"/>
      </symbol>
      <symbol id="sm-290">
         <name>SYNC_init</name>
         <value>0xd28b</value>
         <object_component_ref idref="oc-22d"/>
      </symbol>
      <symbol id="sm-291">
         <name>myADC1_init</name>
         <value>0xcbfa</value>
         <object_component_ref idref="oc-24b"/>
      </symbol>
      <symbol id="sm-292">
         <name>CLA_init</name>
         <value>0xd545</value>
         <object_component_ref idref="oc-239"/>
      </symbol>
      <symbol id="sm-293">
         <name>EPWM_init</name>
         <value>0xc012</value>
         <object_component_ref idref="oc-25d"/>
      </symbol>
      <symbol id="sm-294">
         <name>tz_clear_pin_init</name>
         <value>0xd575</value>
         <object_component_ref idref="oc-275"/>
      </symbol>
      <symbol id="sm-295">
         <name>transient_det_pin_XINT_init</name>
         <value>0xd5e9</value>
         <object_component_ref idref="oc-27b"/>
      </symbol>
      <symbol id="sm-296">
         <name>CPUTIMER_init</name>
         <value>0xd3c6</value>
         <object_component_ref idref="oc-251"/>
      </symbol>
      <symbol id="sm-297">
         <name>myCLA0_init</name>
         <value>0xd545</value>
         <object_component_ref idref="oc-239"/>
      </symbol>
      <symbol id="sm-298">
         <name>ASYSCTL_init</name>
         <value>0xd639</value>
         <object_component_ref idref="oc-233"/>
      </symbol>
      <symbol id="sm-299">
         <name>DMA_init</name>
         <value>0xd62b</value>
         <object_component_ref idref="oc-257"/>
      </symbol>
      <symbol id="sm-29a">
         <name>myCPUTIMER0_init</name>
         <value>0xd3c6</value>
         <object_component_ref idref="oc-251"/>
      </symbol>
      <symbol id="sm-29b">
         <name>transient_det_pin_init</name>
         <value>0xd55d</value>
         <object_component_ref idref="oc-269"/>
      </symbol>
      <symbol id="sm-318">
         <name>dot</name>
         <value>0x9ae0</value>
         <object_component_ref idref="oc-32a"/>
      </symbol>
      <symbol id="sm-319">
         <name>beta</name>
         <value>0x9adc</value>
         <object_component_ref idref="oc-32a"/>
      </symbol>
      <symbol id="sm-31a">
         <name>hh2</name>
         <value>0x8482</value>
         <object_component_ref idref="oc-345"/>
      </symbol>
      <symbol id="sm-31b">
         <name>hh1</name>
         <value>0x8264</value>
         <object_component_ref idref="oc-33f"/>
      </symbol>
      <symbol id="sm-31c">
         <name>n1_partial</name>
         <value>0x9ad2</value>
         <object_component_ref idref="oc-32a"/>
      </symbol>
      <symbol id="sm-31d">
         <name>beta2</name>
         <value>0x9ae6</value>
         <object_component_ref idref="oc-32a"/>
      </symbol>
      <symbol id="sm-31e">
         <name>back_subs</name>
         <value>0x86f6</value>
         <object_component_ref idref="oc-34b"/>
      </symbol>
      <symbol id="sm-31f">
         <name>sat_smpl</name>
         <value>0x9c12</value>
         <object_component_ref idref="oc-327"/>
      </symbol>
      <symbol id="sm-320">
         <name>pivot</name>
         <value>0x8768</value>
         <object_component_ref idref="oc-339"/>
      </symbol>
      <symbol id="sm-321">
         <name>ef_index</name>
         <value>0x9c16</value>
         <object_component_ref idref="oc-327"/>
      </symbol>
      <symbol id="sm-322">
         <name>alpha2</name>
         <value>0x9ae4</value>
         <object_component_ref idref="oc-32a"/>
      </symbol>
      <symbol id="sm-323">
         <name>vv</name>
         <value>0x9ade</value>
         <object_component_ref idref="oc-32a"/>
      </symbol>
      <symbol id="sm-324">
         <name>v2</name>
         <value>0x9a42</value>
         <object_component_ref idref="oc-32a"/>
      </symbol>
      <symbol id="sm-325">
         <name>i</name>
         <value>0x9800</value>
         <object_component_ref idref="oc-32a"/>
      </symbol>
      <symbol id="sm-326">
         <name>col1</name>
         <value>0x9ad9</value>
         <object_component_ref idref="oc-32a"/>
      </symbol>
      <symbol id="sm-327">
         <name>col0</name>
         <value>0x9ad8</value>
         <object_component_ref idref="oc-32a"/>
      </symbol>
      <symbol id="sm-328">
         <name>Cla1Task1</name>
         <value>0x8000</value>
         <object_component_ref idref="oc-2be"/>
      </symbol>
      <symbol id="sm-329">
         <name>n2_partial</name>
         <value>0x9ad4</value>
         <object_component_ref idref="oc-32a"/>
      </symbol>
      <symbol id="sm-32a">
         <name>piv1</name>
         <value>0x9ad7</value>
         <object_component_ref idref="oc-32a"/>
      </symbol>
      <symbol id="sm-32b">
         <name>piv0</name>
         <value>0x9ad6</value>
         <object_component_ref idref="oc-32a"/>
      </symbol>
      <symbol id="sm-32c">
         <name>v_h</name>
         <value>0x99b2</value>
         <object_component_ref idref="oc-32a"/>
      </symbol>
      <symbol id="sm-32d">
         <name>v2v2</name>
         <value>0x9ae8</value>
         <object_component_ref idref="oc-32a"/>
      </symbol>
      <symbol id="sm-32e">
         <name>single_smpl</name>
         <value>0x9c18</value>
         <object_component_ref idref="oc-327"/>
      </symbol>
      <symbol id="sm-32f">
         <name>derivatives</name>
         <value>0xa000</value>
         <object_component_ref idref="oc-32d"/>
      </symbol>
      <symbol id="sm-330">
         <name>dio_smpl_cla</name>
         <value>0x9922</value>
         <object_component_ref idref="oc-32a"/>
      </symbol>
      <symbol id="sm-331">
         <name>alpha</name>
         <value>0x9ada</value>
         <object_component_ref idref="oc-32a"/>
      </symbol>
      <symbol id="sm-332">
         <name>nsat_smpl</name>
         <value>0x9c10</value>
         <object_component_ref idref="oc-327"/>
      </symbol>
      <symbol id="sm-333">
         <name>sol</name>
         <value>0x9aec</value>
         <object_component_ref idref="oc-32a"/>
      </symbol>
      <symbol id="sm-334">
         <name>nsat_smpl_prev</name>
         <value>0x9c14</value>
         <object_component_ref idref="oc-327"/>
      </symbol>
      <symbol id="sm-335">
         <name>partial_norms</name>
         <value>0x865a</value>
         <object_component_ref idref="oc-333"/>
      </symbol>
      <symbol id="sm-336">
         <name>vo_smpl_cla</name>
         <value>0x9802</value>
         <object_component_ref idref="oc-32a"/>
      </symbol>
      <symbol id="sm-337">
         <name>valid_smpl_val_v</name>
         <value>0x9b80</value>
         <object_component_ref idref="oc-351"/>
      </symbol>
      <symbol id="sm-338">
         <name>valid_smpl_val_i</name>
         <value>0x9af0</value>
         <object_component_ref idref="oc-354"/>
      </symbol>
      <symbol id="sm-339">
         <name>io_smpl_cla</name>
         <value>0x9892</value>
         <object_component_ref idref="oc-32a"/>
      </symbol>
      <symbol id="sm-33a">
         <name>dot2</name>
         <value>0x9aea</value>
         <object_component_ref idref="oc-32a"/>
      </symbol>
      <symbol id="sm-33b">
         <name>dot1</name>
         <value>0x9ae2</value>
         <object_component_ref idref="oc-32a"/>
      </symbol>
      <symbol id="sm-3c5">
         <name>Il_avg</name>
         <value>0xb1d2</value>
         <object_component_ref idref="oc-78"/>
      </symbol>
      <symbol id="sm-3c6">
         <name>Il_error</name>
         <value>0xb1da</value>
         <object_component_ref idref="oc-78"/>
      </symbol>
      <symbol id="sm-3c7">
         <name>Vo_controller</name>
         <value>0xa838</value>
         <object_component_ref idref="oc-e1"/>
      </symbol>
      <symbol id="sm-3c8">
         <name>R_out</name>
         <value>0x1480</value>
         <object_component_ref idref="oc-107"/>
      </symbol>
      <symbol id="sm-3c9">
         <name>Il_controller</name>
         <value>0xa830</value>
         <object_component_ref idref="oc-e4"/>
      </symbol>
      <symbol id="sm-3ca">
         <name>L_out</name>
         <value>0x1482</value>
         <object_component_ref idref="oc-107"/>
      </symbol>
      <symbol id="sm-3cb">
         <name>kpv</name>
         <value>0xb1de</value>
         <object_component_ref idref="oc-78"/>
      </symbol>
      <symbol id="sm-3cc">
         <name>kpi</name>
         <value>0xb1e2</value>
         <object_component_ref idref="oc-78"/>
      </symbol>
      <symbol id="sm-3cd">
         <name>Vo_ref</name>
         <value>0xb1dc</value>
         <object_component_ref idref="oc-78"/>
      </symbol>
      <symbol id="sm-3ce">
         <name>timer_count</name>
         <value>0xb1ea</value>
         <object_component_ref idref="oc-78"/>
      </symbol>
      <symbol id="sm-3cf">
         <name>fixed_duty_cycle</name>
         <value>0xb1c0</value>
         <object_component_ref idref="oc-78"/>
      </symbol>
      <symbol id="sm-3d0">
         <name>err_calc</name>
         <value>0xcede</value>
         <object_component_ref idref="oc-a3"/>
      </symbol>
      <symbol id="sm-3d1">
         <name>ADCA0_results_add</name>
         <value>0xb1c2</value>
         <object_component_ref idref="oc-78"/>
      </symbol>
      <symbol id="sm-3d2">
         <name>INT_transient_det_pin_XINT_ISR</name>
         <value>0xd028</value>
         <object_component_ref idref="oc-41"/>
      </symbol>
      <symbol id="sm-3d3">
         <name>ADCC_results</name>
         <value>0xc000</value>
         <object_component_ref idref="oc-cd"/>
      </symbol>
      <symbol id="sm-3d4">
         <name>kiv</name>
         <value>0xb1e0</value>
         <object_component_ref idref="oc-78"/>
      </symbol>
      <symbol id="sm-3d5">
         <name>kii</name>
         <value>0xb1e4</value>
         <object_component_ref idref="oc-78"/>
      </symbol>
      <symbol id="sm-3d6">
         <name>dma_done</name>
         <value>0xb1c1</value>
         <object_component_ref idref="oc-78"/>
      </symbol>
      <symbol id="sm-3d7">
         <name>Vo_avg</name>
         <value>0xb1d4</value>
         <object_component_ref idref="oc-78"/>
      </symbol>
      <symbol id="sm-3d8">
         <name>Io_avg</name>
         <value>0xb1d0</value>
         <object_component_ref idref="oc-78"/>
      </symbol>
      <symbol id="sm-3d9">
         <name>ADCC0_results_add</name>
         <value>0xb1c6</value>
         <object_component_ref idref="oc-78"/>
      </symbol>
      <symbol id="sm-3da">
         <name>k</name>
         <value>0xa849</value>
         <object_component_ref idref="oc-86"/>
      </symbol>
      <symbol id="sm-3db">
         <name>d</name>
         <value>0xb1ca</value>
         <object_component_ref idref="oc-78"/>
      </symbol>
      <symbol id="sm-3dc">
         <name>average_samples</name>
         <value>0xc814</value>
         <object_component_ref idref="oc-8b"/>
      </symbol>
      <symbol id="sm-3dd">
         <name>clear_tz</name>
         <value>0xb1ee</value>
         <object_component_ref idref="oc-78"/>
      </symbol>
      <symbol id="sm-3de">
         <name>transient_det_res</name>
         <value>0xa848</value>
         <object_component_ref idref="oc-86"/>
      </symbol>
      <symbol id="sm-3df">
         <name>ADCA_results</name>
         <value>0xc006</value>
         <object_component_ref idref="oc-cd"/>
      </symbol>
      <symbol id="sm-3e0">
         <name>samples_to_cla</name>
         <value>0xcb2a</value>
         <object_component_ref idref="oc-91"/>
      </symbol>
      <symbol id="sm-3e1">
         <name>Vo_error</name>
         <value>0xb1d8</value>
         <object_component_ref idref="oc-78"/>
      </symbol>
      <symbol id="sm-3e2">
         <name>vo_sample_test</name>
         <value>0x1500</value>
         <object_component_ref idref="oc-dd"/>
      </symbol>
      <symbol id="sm-3e3">
         <name>fixed_d</name>
         <value>0xb1cc</value>
         <object_component_ref idref="oc-78"/>
      </symbol>
      <symbol id="sm-3e4">
         <name>io_sample_test</name>
         <value>0x1508</value>
         <object_component_ref idref="oc-dd"/>
      </symbol>
      <symbol id="sm-3e5">
         <name>ADCA0_Result_base</name>
         <value>0xb1c4</value>
         <object_component_ref idref="oc-78"/>
      </symbol>
      <symbol id="sm-3e6">
         <name>main</name>
         <value>0xd0a0</value>
         <object_component_ref idref="oc-140"/>
      </symbol>
      <symbol id="sm-3e7">
         <name>s_count</name>
         <value>0x1510</value>
         <object_component_ref idref="oc-75"/>
      </symbol>
      <symbol id="sm-3e8">
         <name>ADCC0_Result_base</name>
         <value>0xb1c8</value>
         <object_component_ref idref="oc-78"/>
      </symbol>
      <symbol id="sm-3e9">
         <name>Iin_avg</name>
         <value>0xb1ce</value>
         <object_component_ref idref="oc-78"/>
      </symbol>
      <symbol id="sm-3ea">
         <name>INT_tz_clear_pin_XINT_ISR</name>
         <value>0xd40f</value>
         <object_component_ref idref="oc-3b"/>
      </symbol>
      <symbol id="sm-3eb">
         <name>duty_cycle_calculation</name>
         <value>0xd14a</value>
         <object_component_ref idref="oc-97"/>
      </symbol>
      <symbol id="sm-3ec">
         <name>INT_ControlPWM_TZ_ISR</name>
         <value>0xd52d</value>
         <object_component_ref idref="oc-53"/>
      </symbol>
      <symbol id="sm-3ed">
         <name>Vin_avg</name>
         <value>0xb1d6</value>
         <object_component_ref idref="oc-78"/>
      </symbol>
      <symbol id="sm-3ee">
         <name>INT_ControlPWM_fixed_fsw_ISR</name>
         <value>0xc9ee</value>
         <object_component_ref idref="oc-4d"/>
      </symbol>
      <symbol id="sm-3ef">
         <name>INT_myDMA1_ISR</name>
         <value>0xd4c1</value>
         <object_component_ref idref="oc-47"/>
      </symbol>
      <symbol id="sm-3f0">
         <name>cla1Isr1</name>
         <value>0xcdb7</value>
         <object_component_ref idref="oc-2f"/>
      </symbol>
      <symbol id="sm-3f1">
         <name>R_err</name>
         <value>0xc00e</value>
         <object_component_ref idref="oc-10a"/>
      </symbol>
      <symbol id="sm-3f2">
         <name>alg_time</name>
         <value>0xb1ec</value>
         <object_component_ref idref="oc-78"/>
      </symbol>
      <symbol id="sm-3f3">
         <name>L_err</name>
         <value>0xc010</value>
         <object_component_ref idref="oc-10a"/>
      </symbol>
      <symbol id="sm-3f4">
         <name>get_clk</name>
         <value>0xb1e6</value>
         <object_component_ref idref="oc-78"/>
      </symbol>
      <symbol id="sm-3f5">
         <name>get_ls_clk</name>
         <value>0xb1e8</value>
         <object_component_ref idref="oc-78"/>
      </symbol>
      <symbol id="sm-419">
         <name>Device_enableAllPeripherals</name>
         <value>0xc482</value>
         <object_component_ref idref="oc-1df"/>
      </symbol>
      <symbol id="sm-41a">
         <name>Device_initGPIO</name>
         <value>0xd60b</value>
         <object_component_ref idref="oc-186"/>
      </symbol>
      <symbol id="sm-41b">
         <name>Device_init</name>
         <value>0xc90e</value>
         <object_component_ref idref="oc-180"/>
      </symbol>
      <symbol id="sm-41c">
         <name>__error__</name>
         <value>0xd697</value>
         <object_component_ref idref="oc-1d3"/>
      </symbol>
      <symbol id="sm-424">
         <name>code_start</name>
         <value>0x0</value>
         <object_component_ref idref="oc-2a"/>
      </symbol>
      <symbol id="sm-461">
         <name>Interrupt_initModule</name>
         <value>0xcfa8</value>
         <object_component_ref idref="oc-18c"/>
      </symbol>
      <symbol id="sm-462">
         <name>Interrupt_enable</name>
         <value>0xd1b9</value>
         <object_component_ref idref="oc-7b"/>
      </symbol>
      <symbol id="sm-463">
         <name>Interrupt_initVectorTable</name>
         <value>0xd44e</value>
         <object_component_ref idref="oc-192"/>
      </symbol>
      <symbol id="sm-4cd">
         <name>SysCtl_isPLLValid</name>
         <value>0xc37b</value>
         <object_component_ref idref="oc-297"/>
      </symbol>
      <symbol id="sm-4ce">
         <name>SysCtl_delay</name>
         <value>0xf6</value>
         <object_component_ref idref="oc-1e5"/>
      </symbol>
      <symbol id="sm-4cf">
         <name>SysCtl_selectXTALSingleEnded</name>
         <value>0xd488</value>
         <object_component_ref idref="oc-317"/>
      </symbol>
      <symbol id="sm-4d0">
         <name>SysCtl_selectXTAL</name>
         <value>0xd347</value>
         <object_component_ref idref="oc-31d"/>
      </symbol>
      <symbol id="sm-4d1">
         <name>SysCtl_selectOscSource</name>
         <value>0xcf65</value>
         <object_component_ref idref="oc-291"/>
      </symbol>
      <symbol id="sm-4d2">
         <name>SysCtl_getLowSpeedClock</name>
         <value>0xd3eb</value>
         <object_component_ref idref="oc-1d9"/>
      </symbol>
      <symbol id="sm-4d3">
         <name>SysCtl_setClock</name>
         <value>0xc559</value>
         <object_component_ref idref="oc-1cd"/>
      </symbol>
      <symbol id="sm-4d4">
         <name>SysCtl_getClock</name>
         <value>0xc981</value>
         <object_component_ref idref="oc-1b0"/>
      </symbol>
      <symbol id="sm-4de">
         <name>_c_int00</name>
         <value>0xd5bc</value>
         <object_component_ref idref="oc-6f"/>
      </symbol>
      <symbol id="sm-4df">
         <name>__stack</name>
         <value>0x400</value>
         <object_component_ref idref="oc-59"/>
      </symbol>
      <symbol id="sm-4ef">
         <name>__TI_auto_init_nobinit_nopinit</name>
         <value>0xd372</value>
         <object_component_ref idref="oc-110"/>
      </symbol>
      <symbol id="sm-505">
         <name>C$$EXIT</name>
         <value>0xd39d</value>
         <object_component_ref idref="oc-c4"/>
      </symbol>
      <symbol id="sm-506">
         <name>abort</name>
         <value>0xd39d</value>
         <object_component_ref idref="oc-c4"/>
      </symbol>
      <symbol id="sm-507">
         <name>exit</name>
         <value>0xd39f</value>
         <object_component_ref idref="oc-c4"/>
      </symbol>
      <symbol id="sm-508">
         <name>__TI_dtors_ptr</name>
         <value>0xb1a6</value>
         <object_component_ref idref="oc-148"/>
      </symbol>
      <symbol id="sm-509">
         <name>__TI_cleanup_ptr</name>
         <value>0xb1a4</value>
         <object_component_ref idref="oc-148"/>
      </symbol>
      <symbol id="sm-50a">
         <name>__TI_enable_exit_profile_output</name>
         <value>0xb1a2</value>
         <object_component_ref idref="oc-148"/>
      </symbol>
      <symbol id="sm-519">
         <name>_args_main</name>
         <value>0xd646</value>
         <object_component_ref idref="oc-be"/>
      </symbol>
      <symbol id="sm-526">
         <name>_system_post_cinit</name>
         <value>0xd6a1</value>
         <object_component_ref idref="oc-16b"/>
      </symbol>
      <symbol id="sm-528">
         <name>__c_args__</name>
         <value>0x0</value>
      </symbol>
   </symbol_table>
   <title>Link successful</title>
</link_info>
