******************************************************************************
             TMS320C2000 Linker PC v22.6.0                     
******************************************************************************
>> Linked Wed Feb 15 12:37:27 2023

OUTPUT FILE NAME:   <empty_driverlib_project.out>
ENTRY POINT SYMBOL: "code_start"  address: 00000000


MEMORY CONFIGURATION

         name            origin    length      used     unused   attr    fill
----------------------  --------  ---------  --------  --------  ----  --------
PAGE 0:
  BEGIN                 00000000   00000002  00000002  00000000  RWIX
  RAMM0                 000000f6   0000030a  00000018  000002f2  RWIX
  RAMLS0                00008000   00000800  00000800  00000000  RWIX
  RAMLS1                00008800   00000800  00000787  00000079  RWIX
  RAMLS2                00009000   00000800  00000000  00000800  RWIX
  RAMLS3                00009800   00000800  00000000  00000800  RWIX
  RAMLS4                0000a000   00000800  00000000  00000800  RWIX
  FLASH_BANK0_SEC0      00080000   00001000  00000000  00001000  RWIX
  FLASH_BANK0_SEC1      00081000   00001000  00000000  00001000  RWIX
  FLASH_BANK0_SEC2      00082000   00001000  00000000  00001000  RWIX
  FLASH_BANK0_SEC3      00083000   00001000  00000000  00001000  RWIX
  FLASH_BANK0_SEC4      00084000   00001000  00000000  00001000  RWIX
  FLASH_BANK0_SEC5      00085000   00001000  00000000  00001000  RWIX
  FLASH_BANK0_SEC6      00086000   00001000  00000000  00001000  RWIX
  FLASH_BANK0_SEC7      00087000   00001000  00000000  00001000  RWIX
  FLASH_BANK0_SEC8      00088000   00001000  00000000  00001000  RWIX
  FLASH_BANK0_SEC9      00089000   00001000  00000000  00001000  RWIX
  FLASH_BANK0_SEC10     0008a000   00001000  00000000  00001000  RWIX
  FLASH_BANK0_SEC11     0008b000   00001000  00000000  00001000  RWIX
  FLASH_BANK0_SEC12     0008c000   00001000  00000000  00001000  RWIX
  FLASH_BANK0_SEC13     0008d000   00001000  00000000  00001000  RWIX
  FLASH_BANK0_SEC14     0008e000   00001000  00000000  00001000  RWIX
  FLASH_BANK0_SEC15     0008f000   00001000  00000000  00001000  RWIX
  FLASH_BANK1_SEC0      00090000   00001000  00000000  00001000  RWIX
  FLASH_BANK1_SEC1      00091000   00001000  00000000  00001000  RWIX
  FLASH_BANK1_SEC2      00092000   00001000  00000000  00001000  RWIX
  FLASH_BANK1_SEC3      00093000   00001000  00000000  00001000  RWIX
  FLASH_BANK1_SEC4      00094000   00001000  00000000  00001000  RWIX
  FLASH_BANK1_SEC5      00095000   00001000  00000000  00001000  RWIX
  FLASH_BANK1_SEC6      00096000   00001000  00000000  00001000  RWIX
  FLASH_BANK1_SEC7      00097000   00001000  00000000  00001000  RWIX
  FLASH_BANK1_SEC8      00098000   00001000  00000000  00001000  RWIX
  FLASH_BANK1_SEC9      00099000   00001000  00000000  00001000  RWIX
  FLASH_BANK1_SEC10     0009a000   00001000  00000000  00001000  RWIX
  FLASH_BANK1_SEC11     0009b000   00001000  00000000  00001000  RWIX
  FLASH_BANK1_SEC12     0009c000   00001000  00000000  00001000  RWIX
  FLASH_BANK1_SEC13     0009d000   00001000  00000000  00001000  RWIX
  FLASH_BANK1_SEC14     0009e000   00001000  00000000  00001000  RWIX
  FLASH_BANK1_SEC15     0009f000   00001000  00000000  00001000  RWIX
  RESET                 003fffc0   00000002  00000000  00000002  RWIX

PAGE 1:
  BOOT_RSVD             00000002   000000f1  00000000  000000f1  RWIX
  RAMM1                 00000400   000003f8  000003f8  00000000  RWIX
  RAMLS5                0000a800   00000800  00000349  000004b7  RWIX
  RAMLS6                0000b000   00000800  00000000  00000800  RWIX
  RAMLS7                0000b800   00000800  00000000  00000800  RWIX
  RAMGS0                0000c000   00002000  00000000  00002000  RWIX
  RAMGS1                0000e000   00002000  00000000  00002000  RWIX
  RAMGS2                00010000   00002000  00000000  00002000  RWIX
  RAMGS3                00012000   00001ff8  00000000  00001ff8  RWIX


SECTION ALLOCATION MAP

 output                                  attributes/
section   page    origin      length       input sections
--------  ----  ----------  ----------   ----------------
codestart 
*          0    00000000    00000002     
                  00000000    00000002     f28004x_codestartbranch.obj (codestart)

.TI.ramfunc 
*          0    000000f6    00000004     
                  000000f6    00000004     driverlib_eabi.lib : sysctl.obj (.TI.ramfunc)

.cinit     0    000000fc    00000014     
                  000000fc    0000000b     (.cinit..data.load) [load image, compression = lzss]
                  00000107    00000001     --HOLE-- [fill = 0]
                  00000108    00000004     (__TI_handler_table)
                  0000010c    00000004     (__TI_cinit_table)

.reset     0    003fffc0    00000000     DSECT

.stack     1    00000400    000003f8     UNINITIALIZED
                  00000400    000003f8     --HOLE--

.init_array 
*          0    000000f6    00000000     UNINITIALIZED

.const     1    0000a800    00000337     
                  0000a800    00000118     board.obj (.const:.string)
                  0000a918    0000009a     driverlib_eabi.lib : sysctl.obj (.const:.string)
                  0000a9b2    00000098                        : gpio.obj (.const:.string)
                  0000aa4a    00000059     device.obj (.const:.string)
                  0000aaa3    00000001     --HOLE-- [fill = 0]
                  0000aaa4    00000050     driverlib_eabi.lib : cputimer.obj (.const:.string)
                  0000aaf4    00000043     empty_driverlib_main.obj (.const:.string)

.data      1    0000ab38    00000012     UNINITIALIZED
                  0000ab38    00000008     empty_driverlib_main.obj (.data)
                  0000ab40    00000006     rts2800_fpu32_eabi.lib : exit.c.obj (.data)
                  0000ab46    00000002                            : _lock.c.obj (.data:_lock)
                  0000ab48    00000002                            : _lock.c.obj (.data:_unlock)

.text.1    0    00008000    00000800     
                  00008000    000000e0     device.obj (.text:Device_enableAllPeripherals)
                  000080e0    000000c5     driverlib_eabi.lib : sysctl.obj (.text:SysCtl_setClock)
                  000081a5    000000bd                        : sysctl.obj (.text:SysCtl_isPLLValid)
                  00008262    0000009b     board.obj (.text:EPWM_init)
                  000082fd    00000073     driverlib_eabi.lib : sysctl.obj (.text:DCC_setCounterSeeds)
                  00008370    0000005e                        : sysctl.obj (.text:SysCtl_getClock)
                  000083ce    00000052                        : gpio.obj (.text:GPIO_setPadConfig)
                  00008420    00000051     device.obj (.text:Device_init)
                  00008471    0000004c     empty_driverlib_main.obj (.text:ADC_ISR)
                  000084bd    00000049     driverlib_eabi.lib : sysctl.obj (.text:SysCtl_selectOscSource)
                  00008506    00000046     board.obj (.text:myADC0_init)
                  0000854c    00000040     board.obj (.text:EPWM_setActionQualifierAction)
                  0000858c    0000003e     board.obj (.text:EPWM_setCounterCompareShadowLoadMode)
                  000085ca    0000003d     driverlib_eabi.lib : interrupt.obj (.text:Interrupt_initModule)
                  00008607    0000003a                        : gpio.obj (.text:GPIO_setAnalogMode)
                  00008641    00000037                        : gpio.obj (.text:GPIO_setPinConfig)
                  00008678    00000037                        : gpio.obj (.text:GPIO_setQualificationMode)
                  000086af    00000037                        : interrupt.obj (.text:Interrupt_enable)
                  000086e6    00000036     board.obj (.text:ADC_setupSOC)
                  0000871c    00000031     driverlib_eabi.lib : gpio.obj (.text:GPIO_setDirectionMode)
                  0000874d    0000002f     board.obj (.text:ADC_setInterruptSource)
                  0000877c    0000002e     board.obj (.text:ADC_setInterruptSOCTrigger)
                  000087aa    0000002e     empty_driverlib_main.obj (.text:INT_myCPUTIMER0_ISR)
                  000087d8    00000028     driverlib_eabi.lib : adc.obj (.text:ADC_setOffsetTrimAll)

.text.2    0    00008800    00000787     
                  00008800    0000002e     rts2800_fpu32_eabi.lib : copy_decompress_lzss.c.obj (.text:decompress:lzss)
                  0000882e    0000002b     board.obj (.text:EPWM_isBaseValid)
                  00008859    0000002b     rts2800_fpu32_eabi.lib : autoinit.c.obj (.text:__TI_auto_init_nobinit_nopinit)
                  00008884    00000029                            : exit.c.obj (.text)
                  000088ad    00000027     board.obj (.text:SysCtl_setSyncInputConfig)
                  000088d4    00000024     driverlib_eabi.lib : sysctl.obj (.text:DCC_enableSingleShotMode)
                  000088f8    00000024                        : sysctl.obj (.text:SysCtl_selectXTAL)
                  0000891c    00000024     board.obj (.text:myCPUTIMER0_init)
                  00008940    00000023     driverlib_eabi.lib : sysctl.obj (.text:SysCtl_pollX1Counter)
                  00008963    00000022     board.obj (.text:EPWM_setCounterCompareValue)
                  00008985    00000022     empty_driverlib_main.obj (.text:main)
                  000089a7    00000020     board.obj (.text:ADC_enableContinuousMode)
                  000089c7    00000020     board.obj (.text:ADC_enableInterrupt)
                  000089e7    0000001f     board.obj (.text:PinMux_init)
                  00008a06    0000001e     driverlib_eabi.lib : sysctl.obj (.text:DCC_setCounter1ClkSource)
                  00008a24    0000001e     board.obj (.text:EPWM_setPhaseShift)
                  00008a42    0000001e     driverlib_eabi.lib : interrupt.obj (.text:Interrupt_initVectorTable)
                  00008a60    0000001e     board.obj (.text:SYNC_init)
                  00008a7e    0000001d     rts2800_fpu32_eabi.lib : memcpy.c.obj (.text)
                  00008a9b    0000001c     board.obj (.text:ADC_setSOCPriority)
                  00008ab7    0000001c     driverlib_eabi.lib : sysctl.obj (.text:DCC_setCounter0ClkSource)
                  00008ad3    0000001c     board.obj (.text:EPWM_setClockPrescaler)
                  00008aef    0000001a     empty_driverlib_main.obj (.text:ADC_readResult)
                  00008b09    0000001a     board.obj (.text:CPUTimer_startTimer)
                  00008b23    0000001a     driverlib_eabi.lib : sysctl.obj (.text:SysCtl_getLowSpeedClock)
                  00008b3d    0000001a                        : sysctl.obj (.text:SysCtl_selectXTALSingleEnded)
                  00008b57    00000019     board.obj (.text:INTERRUPT_init)
                  00008b70    00000019     rts2800_fpu32_fast_supplement_eabi.lib : div_f32.obj (.text)
                  00008b89    00000018     board.obj (.text:ASysCtl_setAnalogReferenceExternal)
                  00008ba1    00000017     board.obj (.text:ADC_isBaseValid)
                  00008bb8    00000017     empty_driverlib_main.obj (.text:ADC_isBaseValid)
                  00008bcf    00000017     board.obj (.text:CPUTimer_isBaseValid)
                  00008be6    00000017     driverlib_eabi.lib : cputimer.obj (.text:CPUTimer_isBaseValid)
                  00008bfd    00000017     board.obj (.text:CPUTimer_setPreScaler)
                  00008c14    00000017     device.obj (.text:SysCtl_enablePeripheral)
                  00008c2b    00000017     driverlib_eabi.lib : sysctl.obj (.text:SysCtl_enablePeripheral)
                  00008c42    00000017     rts2800_fpu32_eabi.lib : boot28.asm.obj (.text)
                  00008c59    00000016     board.obj (.text:ADC_setInterruptPulseMode)
                  00008c6f    00000016     board.obj (.text:ADC_setPrescaler)
                  00008c85    00000016     driverlib_eabi.lib : sysctl.obj (.text:DCC_disableDoneSignal)
                  00008c9b    00000016                        : sysctl.obj (.text:DCC_enableDoneSignal)
                  00008cb1    00000015     board.obj (.text:ADC_disableBurstMode)
                  00008cc6    00000015     board.obj (.text:CPUTimer_enableInterrupt)
                  00008cdb    00000015     driverlib_eabi.lib : sysctl.obj (.text:DCC_clearDoneFlag)
                  00008cf0    00000015                        : sysctl.obj (.text:DCC_clearErrorFlag)
                  00008d05    00000015                        : sysctl.obj (.text:DCC_disableErrorSignal)
                  00008d1a    00000015                        : sysctl.obj (.text:DCC_enableErrorSignal)
                  00008d2f    00000015     board.obj (.text:EPWM_enableGlobalLoad)
                  00008d44    00000015     device.obj (.text:GPIO_unlockPortConfig)
                  00008d59    00000014     board.obj (.text:ADC_clearInterruptStatus)
                  00008d6d    00000014     empty_driverlib_main.obj (.text:ADC_clearInterruptStatus)
                  00008d81    00000014     board.obj (.text:CPUTimer_reloadTimerCounter)
                  00008d95    00000014     board.obj (.text:CPUTimer_stopTimer)
                  00008da9    00000014     driverlib_eabi.lib : sysctl.obj (.text:DCC_disableModule)
                  00008dbd    00000014                        : sysctl.obj (.text:DCC_enableModule)
                  00008dd1    00000014     board.obj (.text:EPWM_setTimeBaseCounterMode)
                  00008de5    00000014     board.obj (.text:EPWM_setTimeBasePeriod)
                  00008df9    00000014     driverlib_eabi.lib : gpio.obj (.text:GPIO_isPinValid)
                  00008e0d    00000014     device.obj (.text:SysCtl_deviceCal)
                  00008e21    00000013     board.obj (.text:ADC_enableConverter)
                  00008e34    00000013     driverlib_eabi.lib : cputimer.obj (.text:CPUTimer_setEmulationMode)
                  00008e47    00000012     board.obj (.text:EPWM_setTimeBaseCounter)
                  00008e59    00000012     board.obj (.text:SysCtl_setSyncOutputConfig)
                  00008e6b    00000011     board.obj (.text:Board_init)
                  00008e7c    00000011     board.obj (.text:CPUTimer_setPeriod)
                  00008e8d    00000011     board.obj (.text:EPWM_disablePhaseShiftLoad)
                  00008e9e    00000010     driverlib_eabi.lib : sysctl.obj (.text:DCC_isBaseValid)
                  00008eae    00000010     device.obj (.text:Device_initGPIO)
                  00008ebe    0000000f     device.obj (.text:ASysCtl_disableDCDC)
                  00008ecd    0000000f     board.obj (.text:Interrupt_register)
                  00008edc    0000000e     driverlib_eabi.lib : interrupt.obj (.text:Interrupt_defaultHandler)
                  00008eea    0000000d                        : interrupt.obj (.text:Interrupt_disableGlobal)
                  00008ef7    0000000d                        : interrupt.obj (.text:Interrupt_enableGlobal)
                  00008f04    0000000d     device.obj (.text:SysCtl_setLowSpeedClock)
                  00008f11    0000000c     board.obj (.text:SysCtl_enableExtADCSOCSource)
                  00008f1d    0000000c     rts2800_fpu32_eabi.lib : args_main.c.obj (.text)
                  00008f29    0000000b     driverlib_eabi.lib : sysctl.obj (.text:SysCtl_isMCDClockFailureDetected)
                  00008f34    00000009     rts2800_fpu32_eabi.lib : _lock.c.obj (.text)
                  00008f3d    00000008     device.obj (.text:SysCtl_disableWatchdog)
                  00008f45    00000008     rts2800_fpu32_eabi.lib : copy_decompress_none.c.obj (.text:decompress:none)
                  00008f4d    00000008     f28004x_codestartbranch.obj (.text)
                  00008f55    00000007     board.obj (.text:ASysCtl_disableTemperatureSensor)
                  00008f5c    00000007     driverlib_eabi.lib : sysctl.obj (.text:SysCtl_resetMCD)
                  00008f63    00000007     device.obj (.text:__error__)
                  00008f6a    00000006     board.obj (.text:ASYSCTL_init)
                  00008f70    00000006     empty_driverlib_main.obj (.text:Interrupt_clearACKGroup)
                  00008f76    00000003     board.obj (.text:ADC_init)
                  00008f79    00000003     c2000ware_libraries.obj (.text:C2000Ware_libraries_init)
                  00008f7c    00000003     board.obj (.text:CPUTIMER_init)
                  00008f7f    00000002     driverlib_eabi.lib : interrupt.obj (.text:Interrupt_illegalOperationHandler)
                  00008f81    00000002                        : interrupt.obj (.text:Interrupt_nmiHandler)
                  00008f83    00000002     rts2800_fpu32_eabi.lib : pre_init.c.obj (.text)
                  00008f85    00000001     c2000ware_libraries.obj (.text:FFR_init)
                  00008f86    00000001     rts2800_fpu32_eabi.lib : startup.c.obj (.text)

MODULE SUMMARY

       Module                        code   ro data   rw data
       ------                        ----   -------   -------
    .\
       empty_driverlib_main.obj      231    67        8      
    +--+-----------------------------+------+---------+---------+
       Total:                        231    67        8      
                                                             
    .\device\
       device.obj                    428    89        0      
       f28004x_codestartbranch.obj   10     0         0      
    +--+-----------------------------+------+---------+---------+
       Total:                        438    89        0      
                                                             
    .\syscfg\
       board.obj                     1364   280       0      
       c2000ware_libraries.obj       4      0         0      
    +--+-----------------------------+------+---------+---------+
       Total:                        1368   280       0      
                                                             
    C:\ti\c2000\C2000Ware_4_03_00_00\\libraries\math\FPUfastRTS\c28\lib\rts2800_fpu32_fast_supplement_eabi.lib
       div_f32.obj                   25     0         0      
    +--+-----------------------------+------+---------+---------+
       Total:                        25     0         0      
                                                             
    C:\ti\c2000\C2000Ware_4_03_00_00\driverlib\f28004x\driverlib\ccs\Debug\driverlib_eabi.lib
       sysctl.obj                    1114   154       0      
       gpio.obj                      319    152       0      
       interrupt.obj                 190    0         0      
       cputimer.obj                  42     80        0      
       adc.obj                       40     0         0      
    +--+-----------------------------+------+---------+---------+
       Total:                        1705   386       0      
                                                             
    C:\ti\ccs1210\ccs\tools\compiler\ti-cgt-c2000_22.6.0.LTS\lib\rts2800_fpu32_eabi.lib
       exit.c.obj                    41     0         6      
       copy_decompress_lzss.c.obj    46     0         0      
       autoinit.c.obj                43     0         0      
       memcpy.c.obj                  29     0         0      
       boot28.asm.obj                23     0         0      
       _lock.c.obj                   9      0         4      
       args_main.c.obj               12     0         0      
       copy_decompress_none.c.obj    8      0         0      
       pre_init.c.obj                2      0         0      
       startup.c.obj                 1      0         0      
    +--+-----------------------------+------+---------+---------+
       Total:                        214    0         10     
                                                             
       Stack:                        0      0         1016   
       Linker Generated:             0      19        0      
    +--+-----------------------------+------+---------+---------+
       Grand Total:                  3981   841       1034   


LINKER GENERATED COPY TABLES

__TI_cinit_table @ 0000010c records: 1, size/record: 4, table size: 4
	.data: load addr=000000fc, load size=0000000b bytes, run addr=0000ab38, run size=00000012 bytes, compression=lzss


LINKER GENERATED HANDLER TABLE

__TI_handler_table @ 00000108 records: 2, size/record: 2, table size: 4
	index: 0, handler: __TI_decompress_lzss
	index: 1, handler: __TI_decompress_none


GLOBAL DATA SYMBOLS: SORTED BY DATA PAGE

address     data page           name
--------    ----------------    ----
00000400      10 (00000400)     __stack

0000ab38     2ac (0000ab00)     x_factor
0000ab3a     2ac (0000ab00)     x
0000ab3c     2ac (0000ab00)     y
0000ab3e     2ac (0000ab00)     z

0000ab40     2ad (0000ab40)     __TI_enable_exit_profile_output
0000ab42     2ad (0000ab40)     __TI_cleanup_ptr
0000ab44     2ad (0000ab40)     __TI_dtors_ptr
0000ab46     2ad (0000ab40)     _lock
0000ab48     2ad (0000ab40)     _unlock


GLOBAL SYMBOLS: SORTED ALPHABETICALLY BY Name 

page  address   name                           
----  -------   ----                           
0     00008471  ADC_ISR                        
0     00008f76  ADC_init                       
0     000087d8  ADC_setOffsetTrimAll           
0     00008f6a  ASYSCTL_init                   
0     00008e6b  Board_init                     
0     00008884  C$$EXIT                        
0     00008f79  C2000Ware_libraries_init       
0     00008f7c  CPUTIMER_init                  
0     00008e34  CPUTimer_setEmulationMode      
0     00008000  Device_enableAllPeripherals    
0     00008420  Device_init                    
0     00008eae  Device_initGPIO                
0     00008262  EPWM_init                      
0     00008f85  FFR_init                       
0     00008607  GPIO_setAnalogMode             
0     0000871c  GPIO_setDirectionMode          
0     000083ce  GPIO_setPadConfig              
0     00008641  GPIO_setPinConfig              
0     00008678  GPIO_setQualificationMode      
0     00008b57  INTERRUPT_init                 
0     000087aa  INT_myCPUTIMER0_ISR            
0     000086af  Interrupt_enable               
0     000085ca  Interrupt_initModule           
0     00008a42  Interrupt_initVectorTable      
0     000089e7  PinMux_init                    
0     00008a60  SYNC_init                      
0     000000f6  SysCtl_delay                   
0     00008370  SysCtl_getClock                
0     00008b23  SysCtl_getLowSpeedClock        
0     000081a5  SysCtl_isPLLValid              
0     000084bd  SysCtl_selectOscSource         
0     000088f8  SysCtl_selectXTAL              
0     00008b3d  SysCtl_selectXTALSingleEnded   
0     000080e0  SysCtl_setClock                
0     0000010c  __TI_CINIT_Base                
0     00000110  __TI_CINIT_Limit               
0     00000110  __TI_CINIT_Warm                
0     00000108  __TI_Handler_Table_Base        
0     0000010c  __TI_Handler_Table_Limit       
1     000007f8  __TI_STACK_END                 
abs   000003f8  __TI_STACK_SIZE                
0     00008859  __TI_auto_init_nobinit_nopinit 
1     0000ab42  __TI_cleanup_ptr               
0     00008800  __TI_decompress_lzss           
0     00008f45  __TI_decompress_none           
1     0000ab44  __TI_dtors_ptr                 
1     0000ab40  __TI_enable_exit_profile_output
abs   ffffffff  __TI_pprof_out_hndl            
abs   ffffffff  __TI_prof_data_size            
abs   ffffffff  __TI_prof_data_start           
0     00008b70  __c28xabi_divf                 
n/a   UNDEFED   __c_args__                     
0     00008f63  __error__                      
1     00000400  __stack                        
0     00008f1d  _args_main                     
0     00008c42  _c_int00                       
1     0000ab46  _lock                          
0     00008f3c  _nop                           
0     00008f38  _register_lock                 
0     00008f34  _register_unlock               
0     00008f86  _system_post_cinit             
0     00008f83  _system_pre_init               
1     0000ab48  _unlock                        
0     00008884  abort                          
0     00000000  code_start                     
0     00008886  exit                           
0     00008985  main                           
0     00008a7e  memcpy                         
0     00008506  myADC0_init                    
0     0000891c  myCPUTIMER0_init               
1     0000ab3a  x                              
1     0000ab38  x_factor                       
1     0000ab3c  y                              
1     0000ab3e  z                              


GLOBAL SYMBOLS: SORTED BY Symbol Address 

page  address   name                           
----  -------   ----                           
0     00000000  code_start                     
0     000000f6  SysCtl_delay                   
0     00000108  __TI_Handler_Table_Base        
0     0000010c  __TI_CINIT_Base                
0     0000010c  __TI_Handler_Table_Limit       
0     00000110  __TI_CINIT_Limit               
0     00000110  __TI_CINIT_Warm                
0     00008000  Device_enableAllPeripherals    
0     000080e0  SysCtl_setClock                
0     000081a5  SysCtl_isPLLValid              
0     00008262  EPWM_init                      
0     00008370  SysCtl_getClock                
0     000083ce  GPIO_setPadConfig              
0     00008420  Device_init                    
0     00008471  ADC_ISR                        
0     000084bd  SysCtl_selectOscSource         
0     00008506  myADC0_init                    
0     000085ca  Interrupt_initModule           
0     00008607  GPIO_setAnalogMode             
0     00008641  GPIO_setPinConfig              
0     00008678  GPIO_setQualificationMode      
0     000086af  Interrupt_enable               
0     0000871c  GPIO_setDirectionMode          
0     000087aa  INT_myCPUTIMER0_ISR            
0     000087d8  ADC_setOffsetTrimAll           
0     00008800  __TI_decompress_lzss           
0     00008859  __TI_auto_init_nobinit_nopinit 
0     00008884  C$$EXIT                        
0     00008884  abort                          
0     00008886  exit                           
0     000088f8  SysCtl_selectXTAL              
0     0000891c  myCPUTIMER0_init               
0     00008985  main                           
0     000089e7  PinMux_init                    
0     00008a42  Interrupt_initVectorTable      
0     00008a60  SYNC_init                      
0     00008a7e  memcpy                         
0     00008b23  SysCtl_getLowSpeedClock        
0     00008b3d  SysCtl_selectXTALSingleEnded   
0     00008b57  INTERRUPT_init                 
0     00008b70  __c28xabi_divf                 
0     00008c42  _c_int00                       
0     00008e34  CPUTimer_setEmulationMode      
0     00008e6b  Board_init                     
0     00008eae  Device_initGPIO                
0     00008f1d  _args_main                     
0     00008f34  _register_unlock               
0     00008f38  _register_lock                 
0     00008f3c  _nop                           
0     00008f45  __TI_decompress_none           
0     00008f63  __error__                      
0     00008f6a  ASYSCTL_init                   
0     00008f76  ADC_init                       
0     00008f79  C2000Ware_libraries_init       
0     00008f7c  CPUTIMER_init                  
0     00008f83  _system_pre_init               
0     00008f85  FFR_init                       
0     00008f86  _system_post_cinit             
1     00000400  __stack                        
1     000007f8  __TI_STACK_END                 
1     0000ab38  x_factor                       
1     0000ab3a  x                              
1     0000ab3c  y                              
1     0000ab3e  z                              
1     0000ab40  __TI_enable_exit_profile_output
1     0000ab42  __TI_cleanup_ptr               
1     0000ab44  __TI_dtors_ptr                 
1     0000ab46  _lock                          
1     0000ab48  _unlock                        
abs   000003f8  __TI_STACK_SIZE                
abs   ffffffff  __TI_pprof_out_hndl            
abs   ffffffff  __TI_prof_data_size            
abs   ffffffff  __TI_prof_data_start           
n/a   UNDEFED   __c_args__                     

[74 symbols]
