******************************************************************************
             TMS320C2000 Linker PC v22.6.0                     
******************************************************************************
>> Linked Thu Mar 23 17:35:07 2023

OUTPUT FILE NAME:   <buck_converter_dma.out>
ENTRY POINT SYMBOL: "code_start"  address: 00080000


MEMORY CONFIGURATION

         name            origin    length      used     unused   attr    fill
----------------------  --------  ---------  --------  --------  ----  --------
PAGE 0:
  RAMM0                 000000f6   0000030a  00000000  0000030a  RWIX
  RAMLS0                00008000   00000800  00000128  000006d8  RWIX
  RAMLS1                00008800   00000800  00000000  00000800  RWIX
  RAMLS2                00009000   00000800  00000000  00000800  RWIX
  RAMLS3                00009800   00000800  00000000  00000800  RWIX
  RAMLS4                0000a000   00000800  00000000  00000800  RWIX
  BEGIN                 00080000   00000002  00000002  00000000  RWIX
  FLASH_BANK0_SEC0      00080002   00000ffe  00000000  00000ffe  RWIX
  FLASH_BANK0_SEC1      00081000   00001000  00000174  00000e8c  RWIX
  FLASH_BANK0_SEC2      00082000   00001000  00001000  00000000  RWIX
  FLASH_BANK0_SEC3      00083000   00001000  000003f5  00000c0b  RWIX
  FLASH_BANK0_SEC4      00084000   00001000  000003d6  00000c2a  RWIX
  FLASH_BANK0_SEC5      00085000   00001000  00000000  00001000  RWIX
  FLASH_BANK0_SEC6      00086000   00001000  00000000  00001000  RWIX
  FLASH_BANK0_SEC7      00087000   00001000  00000000  00001000  RWIX
  FLASH_BANK0_SEC8      00088000   00001000  00000000  00001000  RWIX
  FLASH_BANK0_SEC9      00089000   00001000  00000000  00001000  RWIX
  FLASH_BANK0_SEC10     0008a000   00001000  00000000  00001000  RWIX
  FLASH_BANK0_SEC11     0008b000   00001000  00000000  00001000  RWIX
  FLASH_BANK0_SEC12     0008c000   00001000  00000000  00001000  RWIX
  FLASH_BANK0_SEC13     0008d000   00001000  00000000  00001000  RWIX
  FLASH_BANK0_SEC14     0008e000   00001000  00000000  00001000  RWIX
  FLASH_BANK0_SEC15     0008f000   00001000  00000000  00001000  RWIX
  FLASH_BANK1_SEC0      00090000   00001000  00000000  00001000  RWIX
  FLASH_BANK1_SEC1      00091000   00001000  00000000  00001000  RWIX
  FLASH_BANK1_SEC2      00092000   00001000  00000000  00001000  RWIX
  FLASH_BANK1_SEC3      00093000   00001000  00000000  00001000  RWIX
  FLASH_BANK1_SEC4      00094000   00001000  00000000  00001000  RWIX
  FLASH_BANK1_SEC5      00095000   00001000  00000000  00001000  RWIX
  FLASH_BANK1_SEC6      00096000   00001000  00000000  00001000  RWIX
  FLASH_BANK1_SEC7      00097000   00001000  00000000  00001000  RWIX
  FLASH_BANK1_SEC8      00098000   00001000  00000000  00001000  RWIX
  FLASH_BANK1_SEC9      00099000   00001000  00000000  00001000  RWIX
  FLASH_BANK1_SEC10     0009a000   00001000  00000000  00001000  RWIX
  FLASH_BANK1_SEC11     0009b000   00001000  00000000  00001000  RWIX
  FLASH_BANK1_SEC12     0009c000   00001000  00000000  00001000  RWIX
  FLASH_BANK1_SEC13     0009d000   00001000  00000000  00001000  RWIX
  FLASH_BANK1_SEC14     0009e000   00001000  00000000  00001000  RWIX
  FLASH_BANK1_SEC15     0009f000   00000ff0  00000000  00000ff0  RWIX
  RESET                 003fffc0   00000002  00000000  00000002  RWIX

PAGE 1:
  BOOT_RSVD             00000002   000000f1  00000000  000000f1  RWIX
  RAMM1                 00000400   000003f8  000003f8  00000000  RWIX
  RAMLS5                0000a800   00000800  00000050  000007b0  RWIX
  RAMLS6                0000b000   00000800  00000000  00000800  RWIX
  RAMLS7                0000b800   00000800  00000000  00000800  RWIX
  RAMGS0                0000c000   00002000  0000000a  00001ff6  RWIX
  RAMGS1                0000e000   00002000  00000000  00002000  RWIX
  RAMGS2                00010000   00002000  00000000  00002000  RWIX
  RAMGS3                00012000   00001ff8  00000000  00001ff8  RWIX


SECTION ALLOCATION MAP

 output                                  attributes/
section   page    origin      length       input sections
--------  ----  ----------  ----------   ----------------
codestart 
*          0    00080000    00000002     
                  00080000    00000002     f28004x_codestartbranch.obj (codestart)

.cinit     0    00081128    0000004c     
                  00081128    00000030     (.cinit..data.load) [load image, compression = lzss]
                  00081158    00000006     (__TI_handler_table)
                  0008115e    00000004     (.cinit..bss.load) [load image, compression = zero_init]
                  00081162    00000004     (.cinit.ramgs0.load) [load image, compression = zero_init]
                  00081166    00000002     --HOLE-- [fill = 0]
                  00081168    0000000c     (__TI_cinit_table)

.reset     0    003fffc0    00000000     DSECT

.stack     1    00000400    000003f8     UNINITIALIZED
                  00000400    000003f8     --HOLE--

.init_array 
*          0    00081000    00000000     UNINITIALIZED

.bss       1    0000a840    00000010     UNINITIALIZED
                  0000a840    00000010     Controller.obj (.bss)

.data      1    0000a800    00000040     UNINITIALIZED
                  0000a800    00000036     Controller.obj (.data)
                  0000a836    00000006     rts2800_fpu32_eabi.lib : exit.c.obj (.data)
                  0000a83c    00000002                            : _lock.c.obj (.data:_lock)
                  0000a83e    00000002     control_functions.obj (.data)

.const     0    00084000    000003d6     
                  00084000    0000009b     driverlib_eabi.lib : flash.obj (.const:.string)
                  0008409b    00000001     --HOLE-- [fill = 0]
                  0008409c    0000009a                        : sysctl.obj (.const:.string)
                  00084136    00000098                        : epwm.obj (.const:.string)
                  000841ce    00000098                        : gpio.obj (.const:.string)
                  00084266    00000097                        : dma.obj (.const:.string)
                  000842fd    00000001     --HOLE-- [fill = 0]
                  000842fe    00000089     board.obj (.const:.string)
                  00084387    00000001     --HOLE-- [fill = 0]
                  00084388    0000004e     driverlib_eabi.lib : memcfg.obj (.const:.string)

ramgs0     1    0000c000    0000000a     UNINITIALIZED
                  0000c000    0000000a     Controller.obj (ramgs0)

.TI.ramfunc 
*          0    00081000    00000128     RUN ADDR = 00008000
                  00081000    00000044     driverlib_eabi.lib : flash.obj (.TI.ramfunc:Flash_initModule)
                  00081044    0000002c                        : flash.obj (.TI.ramfunc:Flash_setBankPowerMode)
                  00081070    00000023                        : flash.obj (.TI.ramfunc:Flash_setWaitstates)
                  00081093    0000001d                        : flash.obj (.TI.ramfunc:Flash_setPumpPowerMode)
                  000810b0    00000018                        : flash.obj (.TI.ramfunc:Flash_disableCache)
                  000810c8    00000018                        : flash.obj (.TI.ramfunc:Flash_disablePrefetch)
                  000810e0    00000017                        : flash.obj (.TI.ramfunc:Flash_enableCache)
                  000810f7    00000017                        : flash.obj (.TI.ramfunc:Flash_enablePrefetch)
                  0008110e    00000016                        : flash.obj (.TI.ramfunc:Flash_enableECC)
                  00081124    00000004                        : sysctl.obj (.TI.ramfunc)

.text.1    0    00082000    00001000     
                  00082000    00000145     board.obj (.text:EPWM_init)
                  00082145    000000d7     device.obj (.text:Device_enableAllPeripherals)
                  0008221c    000000c5     driverlib_eabi.lib : sysctl.obj (.text:SysCtl_setClock)
                  000822e1    000000bd                        : sysctl.obj (.text:SysCtl_isPLLValid)
                  0008239e    000000ab     board.obj (.text:MEMCFG_init)
                  00082449    0000009d     driverlib_eabi.lib : dma.obj (.text:DMA_configMode)
                  000824e6    0000009a     board.obj (.text:myADC1_init)
                  00082580    00000094     Controller.obj (.text:average_samples)
                  00082614    00000090     driverlib_eabi.lib : memcfg.obj (.text:MemCfg_getInitStatus)
                  000826a4    0000007b                        : memcfg.obj (.text:MemCfg_initSections)
                  0008271f    00000073                        : sysctl.obj (.text:DCC_setCounterSeeds)
                  00082792    00000073     device.obj (.text:Device_init)
                  00082805    00000072     driverlib_eabi.lib : memcfg.obj (.text:MemCfg_setProtection)
                  00082877    0000006c     board.obj (.text:myADC0_init)
                  000828e3    0000006c     board.obj (.text:myADC2_init)
                  0008294f    0000005e     driverlib_eabi.lib : sysctl.obj (.text:SysCtl_getClock)
                  000829ad    00000058     board.obj (.text:EPWM_setActionQualifierAction)
                  00082a05    00000052     driverlib_eabi.lib : gpio.obj (.text:GPIO_setPadConfig)
                  00082a57    00000052     Controller.obj (.text:INT_ControlPWM_ISR)
                  00082aa9    00000049     driverlib_eabi.lib : sysctl.obj (.text:SysCtl_selectOscSource)
                  00082af2    00000048     board.obj (.text:myDMA0_init)
                  00082b3a    00000048     board.obj (.text:myDMA1_init)
                  00082b82    00000047     board.obj (.text:myDMA2_init)
                  00082bc9    00000047     board.obj (.text:myDMA3_init)
                  00082c10    00000047     board.obj (.text:myDMA4_init)
                  00082c57    00000047     board.obj (.text:myDMA5_init)
                  00082c9e    0000003d     driverlib_eabi.lib : interrupt.obj (.text:Interrupt_initModule)
                  00082cdb    0000003a                        : gpio.obj (.text:GPIO_setAnalogMode)
                  00082d15    00000038     board.obj (.text:Board_init)
                  00082d4d    00000037     driverlib_eabi.lib : gpio.obj (.text:GPIO_setControllerCore)
                  00082d84    00000037                        : gpio.obj (.text:GPIO_setPinConfig)
                  00082dbb    00000037                        : gpio.obj (.text:GPIO_setQualificationMode)
                  00082df2    00000037                        : interrupt.obj (.text:Interrupt_enable)
                  00082e29    00000037                        : memcfg.obj (.text:MemCfg_setLSRAMControllerSel)
                  00082e60    00000033                        : dma.obj (.text:DMA_configWrap)
                  00082e93    00000031                        : gpio.obj (.text:GPIO_setDirectionMode)
                  00082ec4    00000031     board.obj (.text:SYNC_init)
                  00082ef5    00000030     Controller.obj (.text:duty_cycle_calculation)
                  00082f25    0000002e     rts2800_fpu32_eabi.lib : copy_decompress_lzss.c.obj (.text:decompress:lzss)
                  00082f53    0000002b     driverlib_eabi.lib : epwm.obj (.text:EPWM_isBaseValid)
                  00082f7e    0000002b     rts2800_fpu32_eabi.lib : autoinit.c.obj (.text:__TI_auto_init_nobinit_nopinit)
                  00082fa9    00000029     driverlib_eabi.lib : dma.obj (.text:DMA_configTransfer)
                  00082fd2    00000029     rts2800_fpu32_eabi.lib : exit.c.obj (.text)
                  00082ffb    00000003     device.obj (.text:__error__)
                  00082ffe    00000002     driverlib_eabi.lib : interrupt.obj (.text:Interrupt_illegalOperationHandler)

.text.2    0    00083000    000003f5     
                  00083000    00000028     driverlib_eabi.lib : adc.obj (.text:ADC_setOffsetTrimAll)
                  00083028    00000025                        : dma.obj (.text:DMA_configAddresses)
                  0008304d    00000024                        : sysctl.obj (.text:DCC_enableSingleShotMode)
                  00083071    00000024                        : dma.obj (.text:DMA_configBurst)
                  00083095    00000024                        : sysctl.obj (.text:SysCtl_selectXTAL)
                  000830b9    00000023                        : dma.obj (.text:DMA_isBaseValid)
                  000830dc    00000023                        : sysctl.obj (.text:SysCtl_pollX1Counter)
                  000830ff    00000023     Controller.obj (.text:main)
                  00083122    0000001e     driverlib_eabi.lib : sysctl.obj (.text:DCC_setCounter1ClkSource)
                  00083140    0000001e                        : interrupt.obj (.text:Interrupt_initVectorTable)
                  0008315e    0000001d     rts2800_fpu32_eabi.lib : memcpy.c.obj (.text)
                  0008317b    0000001c     driverlib_eabi.lib : sysctl.obj (.text:DCC_setCounter0ClkSource)
                  00083197    0000001a                        : sysctl.obj (.text:SysCtl_getLowSpeedClock)
                  000831b1    0000001a                        : sysctl.obj (.text:SysCtl_selectXTALSingleEnded)
                  000831cb    00000019     control_functions.obj (.text:update_PI)
                  000831e4    00000017     driverlib_eabi.lib : sysctl.obj (.text:SysCtl_enablePeripheral)
                  000831fb    00000017     board.obj (.text:debug_pin_init)
                  00083212    00000017     rts2800_fpu32_eabi.lib : boot28.asm.obj (.text)
                  00083229    00000016     driverlib_eabi.lib : sysctl.obj (.text:DCC_disableDoneSignal)
                  0008323f    00000016                        : sysctl.obj (.text:DCC_enableDoneSignal)
                  00083255    00000016     board.obj (.text:DMA_init)
                  0008326b    00000016     driverlib_eabi.lib : epwm.obj (.text:EPWM_setEmulationMode)
                  00083281    00000016     control_functions.obj (.text:duty_cycle_saturation)
                  00083297    00000015     driverlib_eabi.lib : sysctl.obj (.text:DCC_clearDoneFlag)
                  000832ac    00000015                        : sysctl.obj (.text:DCC_clearErrorFlag)
                  000832c1    00000015                        : sysctl.obj (.text:DCC_disableErrorSignal)
                  000832d6    00000015                        : sysctl.obj (.text:DCC_enableErrorSignal)
                  000832eb    00000014                        : sysctl.obj (.text:DCC_disableModule)
                  000832ff    00000014                        : sysctl.obj (.text:DCC_enableModule)
                  00083313    00000014                        : gpio.obj (.text:GPIO_isPinValid)
                  00083327    00000010                        : sysctl.obj (.text:DCC_isBaseValid)
                  00083337    00000010     device.obj (.text:Device_initGPIO)
                  00083347    00000010     driverlib_eabi.lib : flash.obj (.text:Flash_isCtrlBaseValid)
                  00083357    00000010                        : flash.obj (.text:Flash_isECCBaseValid)
                  00083367    0000000e                        : interrupt.obj (.text:Interrupt_defaultHandler)
                  00083375    0000000d     board.obj (.text:ASYSCTL_init)
                  00083382    0000000d     driverlib_eabi.lib : interrupt.obj (.text:Interrupt_disableGlobal)
                  0008338f    0000000d                        : interrupt.obj (.text:Interrupt_enableGlobal)
                  0008339c    0000000d     rts2800_fpu32_eabi.lib : copy_zero_init.c.obj (.text:decompress:ZI:__TI_zero_init_nomemset)
                  000833a9    0000000c     board.obj (.text:INTERRUPT_init)
                  000833b5    0000000c     rts2800_fpu32_eabi.lib : args_main.c.obj (.text)
                  000833c1    0000000b     driverlib_eabi.lib : sysctl.obj (.text:SysCtl_isMCDClockFailureDetected)
                  000833cc    0000000b     control_functions.obj (.text:init_PI)
                  000833d7    00000008     rts2800_fpu32_eabi.lib : copy_decompress_none.c.obj (.text:decompress:none)
                  000833df    00000008     f28004x_codestartbranch.obj (.text)
                  000833e7    00000007     driverlib_eabi.lib : sysctl.obj (.text:SysCtl_resetMCD)
                  000833ee    00000002                        : interrupt.obj (.text:Interrupt_nmiHandler)
                  000833f0    00000002     rts2800_fpu32_eabi.lib : pre_init.c.obj (.text)
                  000833f2    00000001     c2000ware_libraries.obj (.text:FFR_init)
                  000833f3    00000001     rts2800_fpu32_eabi.lib : _lock.c.obj (.text)
                  000833f4    00000001                            : startup.c.obj (.text)

MODULE SUMMARY

       Module                        code   ro data   rw data
       ------                        ----   -------   -------
    .\
       Controller.obj                313    0         80     
       control_functions.obj         58     0         2      
    +--+-----------------------------+------+---------+---------+
       Total:                        371    0         82     
                                                             
    .\device\
       device.obj                    349    0         0      
       f28004x_codestartbranch.obj   10     0         0      
    +--+-----------------------------+------+---------+---------+
       Total:                        359    0         0      
                                                             
    .\syscfg\
       board.obj                     1557   137       0      
       c2000ware_libraries.obj       1      0         0      
    +--+-----------------------------+------+---------+---------+
       Total:                        1558   137       0      
                                                             
    C:/ti/ccs1210/ccs/tools/compiler/ti-cgt-c2000_22.6.0.LTS/lib/rts2800_fpu32_eabi.lib
       exit.c.obj                    41     0         6      
       copy_decompress_lzss.c.obj    46     0         0      
       autoinit.c.obj                43     0         0      
       memcpy.c.obj                  29     0         0      
       boot28.asm.obj                23     0         0      
       copy_zero_init.c.obj          13     0         0      
       args_main.c.obj               12     0         0      
       copy_decompress_none.c.obj    8      0         0      
       _lock.c.obj                   1      0         2      
       pre_init.c.obj                2      0         0      
       startup.c.obj                 1      0         0      
    +--+-----------------------------+------+---------+---------+
       Total:                        219    0         8      
                                                             
    C:\ti\c2000\C2000Ware_4_03_00_00\driverlib\f28004x\driverlib\ccs\Debug\driverlib_eabi.lib
       sysctl.obj                    1118   154       0      
       flash.obj                     616    155       0      
       gpio.obj                      374    152       0      
       memcfg.obj                    436    78        0      
       dma.obj                       357    151       0      
       epwm.obj                      65     152       0      
       interrupt.obj                 190    0         0      
       adc.obj                       40     0         0      
    +--+-----------------------------+------+---------+---------+
       Total:                        3196   842       0      
                                                             
       Stack:                        0      0         1016   
       Linker Generated:             0      74        0      
    +--+-----------------------------+------+---------+---------+
       Grand Total:                  5703   1053      1106   


LINKER GENERATED COPY TABLES

__TI_cinit_table @ 00081168 records: 3, size/record: 4, table size: 12
	.data: load addr=00081128, load size=00000030 bytes, run addr=0000a800, run size=00000040 bytes, compression=lzss
	.bss: load addr=0008115e, load size=00000004 bytes, run addr=0000a840, run size=00000010 bytes, compression=zero_init
	ramgs0: load addr=00081162, load size=00000004 bytes, run addr=0000c000, run size=0000000a bytes, compression=zero_init


LINKER GENERATED HANDLER TABLE

__TI_handler_table @ 00081158 records: 3, size/record: 2, table size: 6
	index: 0, handler: __TI_zero_init
	index: 1, handler: __TI_decompress_lzss
	index: 2, handler: __TI_decompress_none


GLOBAL DATA SYMBOLS: SORTED BY DATA PAGE

address     data page           name
--------    ----------------    ----
00000400      10 (00000400)     __stack

0000a800     2a0 (0000a800)     fixed_duty_cycle
0000a801     2a0 (0000a800)     avg
0000a802     2a0 (0000a800)     d
0000a804     2a0 (0000a800)     fixed_d
0000a806     2a0 (0000a800)     ADCC0_results_add
0000a808     2a0 (0000a800)     ADCC0_Result_base
0000a80a     2a0 (0000a800)     ADCC1_results_add
0000a80c     2a0 (0000a800)     ADCC1_Result_base
0000a80e     2a0 (0000a800)     ADCA0_results_add
0000a810     2a0 (0000a800)     ADCA0_Result_base
0000a812     2a0 (0000a800)     ADCA1_results_add
0000a814     2a0 (0000a800)     ADCA1_Result_base
0000a816     2a0 (0000a800)     ADCB0_results_add
0000a818     2a0 (0000a800)     ADCB0_Result_base
0000a81a     2a0 (0000a800)     ADCB1_results_add
0000a81c     2a0 (0000a800)     ADCB1_Result_base
0000a81e     2a0 (0000a800)     Iin_avg
0000a820     2a0 (0000a800)     Io_avg
0000a822     2a0 (0000a800)     Il_avg
0000a824     2a0 (0000a800)     Vo_avg
0000a826     2a0 (0000a800)     Vin_avg
0000a828     2a0 (0000a800)     Vo_error
0000a82a     2a0 (0000a800)     Il_error
0000a82c     2a0 (0000a800)     Vo_ref
0000a82e     2a0 (0000a800)     kpv
0000a830     2a0 (0000a800)     kiv
0000a832     2a0 (0000a800)     kpi
0000a834     2a0 (0000a800)     kii
0000a836     2a0 (0000a800)     __TI_enable_exit_profile_output
0000a838     2a0 (0000a800)     __TI_cleanup_ptr
0000a83a     2a0 (0000a800)     __TI_dtors_ptr
0000a83c     2a0 (0000a800)     _lock

0000a840     2a1 (0000a840)     Vo_controller
0000a848     2a1 (0000a840)     Il_controller

0000c000     300 (0000c000)     ADCA_results
0000c002     300 (0000c000)     ADCB_results
0000c004     300 (0000c000)     ADCC_results


GLOBAL SYMBOLS: SORTED ALPHABETICALLY BY Name 

page  address   name                           
----  -------   ----                           
1     0000a810  ADCA0_Result_base              
1     0000a80e  ADCA0_results_add              
1     0000a814  ADCA1_Result_base              
1     0000a812  ADCA1_results_add              
1     0000c000  ADCA_results                   
1     0000a818  ADCB0_Result_base              
1     0000a816  ADCB0_results_add              
1     0000a81c  ADCB1_Result_base              
1     0000a81a  ADCB1_results_add              
1     0000c002  ADCB_results                   
1     0000a808  ADCC0_Result_base              
1     0000a806  ADCC0_results_add              
1     0000a80c  ADCC1_Result_base              
1     0000a80a  ADCC1_results_add              
1     0000c004  ADCC_results                   
0     00083000  ADC_setOffsetTrimAll           
0     00083375  ASYSCTL_init                   
0     00082d15  Board_init                     
0     00082fd2  C$$EXIT                        
0     000833f2  C2000Ware_libraries_init       
0     00083028  DMA_configAddresses            
0     00083071  DMA_configBurst                
0     00082449  DMA_configMode                 
0     00082fa9  DMA_configTransfer             
0     00082e60  DMA_configWrap                 
0     00083255  DMA_init                       
0     00082145  Device_enableAllPeripherals    
0     00082792  Device_init                    
0     00083337  Device_initGPIO                
0     00082000  EPWM_init                      
0     0008326b  EPWM_setEmulationMode          
0     000833f2  FFR_init                       
0     00008000  Flash_initModule               
0     000831fb  GPIO_init                      
0     00082cdb  GPIO_setAnalogMode             
0     00082d4d  GPIO_setControllerCore         
0     00082e93  GPIO_setDirectionMode          
0     00082a05  GPIO_setPadConfig              
0     00082d84  GPIO_setPinConfig              
0     00082dbb  GPIO_setQualificationMode      
0     000833a9  INTERRUPT_init                 
0     00082a57  INT_ControlPWM_ISR             
1     0000a81e  Iin_avg                        
1     0000a822  Il_avg                         
1     0000a848  Il_controller                  
1     0000a82a  Il_error                       
0     00082df2  Interrupt_enable               
0     00082c9e  Interrupt_initModule           
0     00083140  Interrupt_initVectorTable      
1     0000a820  Io_avg                         
0     0008239e  MEMCFG_init                    
0     00082614  MemCfg_getInitStatus           
0     000826a4  MemCfg_initSections            
0     00082e29  MemCfg_setLSRAMControllerSel   
0     00082805  MemCfg_setProtection           
0     00081128  RamfuncsLoadEnd                
abs   00000128  RamfuncsLoadSize               
0     00081000  RamfuncsLoadStart              
0     00008128  RamfuncsRunEnd                 
abs   00000128  RamfuncsRunSize                
0     00008000  RamfuncsRunStart               
0     00082ec4  SYNC_init                      
0     00008124  SysCtl_delay                   
0     0008294f  SysCtl_getClock                
0     00083197  SysCtl_getLowSpeedClock        
0     000822e1  SysCtl_isPLLValid              
0     00082aa9  SysCtl_selectOscSource         
0     00083095  SysCtl_selectXTAL              
0     000831b1  SysCtl_selectXTALSingleEnded   
0     0008221c  SysCtl_setClock                
1     0000a826  Vin_avg                        
1     0000a824  Vo_avg                         
1     0000a840  Vo_controller                  
1     0000a828  Vo_error                       
1     0000a82c  Vo_ref                         
0     00081168  __TI_CINIT_Base                
0     00081174  __TI_CINIT_Limit               
0     00081174  __TI_CINIT_Warm                
0     00081158  __TI_Handler_Table_Base        
0     0008115e  __TI_Handler_Table_Limit       
1     000007f8  __TI_STACK_END                 
abs   000003f8  __TI_STACK_SIZE                
0     00082f7e  __TI_auto_init_nobinit_nopinit 
1     0000a838  __TI_cleanup_ptr               
0     00082f25  __TI_decompress_lzss           
0     000833d7  __TI_decompress_none           
1     0000a83a  __TI_dtors_ptr                 
1     0000a836  __TI_enable_exit_profile_output
abs   ffffffff  __TI_pprof_out_hndl            
abs   ffffffff  __TI_prof_data_size            
abs   ffffffff  __TI_prof_data_start           
0     0008339c  __TI_zero_init_nomemset        
n/a   UNDEFED   __c_args__                     
0     00082ffb  __error__                      
1     00000400  __stack                        
0     000833b5  _args_main                     
0     00083212  _c_int00                       
1     0000a83c  _lock                          
0     000833f3  _nop                           
0     000833f4  _system_post_cinit             
0     000833f0  _system_pre_init               
0     00082fd2  abort                          
0     00082580  average_samples                
1     0000a801  avg                            
0     00080000  code_start                     
1     0000a802  d                              
0     000831fb  debug_pin_init                 
0     00082ef5  duty_cycle_calculation         
0     00083281  duty_cycle_saturation          
0     00082fd4  exit                           
1     0000a804  fixed_d                        
1     0000a800  fixed_duty_cycle               
0     000833cc  init_PI                        
1     0000a834  kii                            
1     0000a830  kiv                            
1     0000a832  kpi                            
1     0000a82e  kpv                            
0     000830ff  main                           
0     0008315e  memcpy                         
0     00082877  myADC0_init                    
0     000824e6  myADC1_init                    
0     000828e3  myADC2_init                    
0     00082af2  myDMA0_init                    
0     00082b3a  myDMA1_init                    
0     00082b82  myDMA2_init                    
0     00082bc9  myDMA3_init                    
0     00082c10  myDMA4_init                    
0     00082c57  myDMA5_init                    
0     000831cb  update_PI                      


GLOBAL SYMBOLS: SORTED BY Symbol Address 

page  address   name                           
----  -------   ----                           
0     00008000  Flash_initModule               
0     00008000  RamfuncsRunStart               
0     00008124  SysCtl_delay                   
0     00008128  RamfuncsRunEnd                 
0     00080000  code_start                     
0     00081000  RamfuncsLoadStart              
0     00081128  RamfuncsLoadEnd                
0     00081158  __TI_Handler_Table_Base        
0     0008115e  __TI_Handler_Table_Limit       
0     00081168  __TI_CINIT_Base                
0     00081174  __TI_CINIT_Limit               
0     00081174  __TI_CINIT_Warm                
0     00082000  EPWM_init                      
0     00082145  Device_enableAllPeripherals    
0     0008221c  SysCtl_setClock                
0     000822e1  SysCtl_isPLLValid              
0     0008239e  MEMCFG_init                    
0     00082449  DMA_configMode                 
0     000824e6  myADC1_init                    
0     00082580  average_samples                
0     00082614  MemCfg_getInitStatus           
0     000826a4  MemCfg_initSections            
0     00082792  Device_init                    
0     00082805  MemCfg_setProtection           
0     00082877  myADC0_init                    
0     000828e3  myADC2_init                    
0     0008294f  SysCtl_getClock                
0     00082a05  GPIO_setPadConfig              
0     00082a57  INT_ControlPWM_ISR             
0     00082aa9  SysCtl_selectOscSource         
0     00082af2  myDMA0_init                    
0     00082b3a  myDMA1_init                    
0     00082b82  myDMA2_init                    
0     00082bc9  myDMA3_init                    
0     00082c10  myDMA4_init                    
0     00082c57  myDMA5_init                    
0     00082c9e  Interrupt_initModule           
0     00082cdb  GPIO_setAnalogMode             
0     00082d15  Board_init                     
0     00082d4d  GPIO_setControllerCore         
0     00082d84  GPIO_setPinConfig              
0     00082dbb  GPIO_setQualificationMode      
0     00082df2  Interrupt_enable               
0     00082e29  MemCfg_setLSRAMControllerSel   
0     00082e60  DMA_configWrap                 
0     00082e93  GPIO_setDirectionMode          
0     00082ec4  SYNC_init                      
0     00082ef5  duty_cycle_calculation         
0     00082f25  __TI_decompress_lzss           
0     00082f7e  __TI_auto_init_nobinit_nopinit 
0     00082fa9  DMA_configTransfer             
0     00082fd2  C$$EXIT                        
0     00082fd2  abort                          
0     00082fd4  exit                           
0     00082ffb  __error__                      
0     00083000  ADC_setOffsetTrimAll           
0     00083028  DMA_configAddresses            
0     00083071  DMA_configBurst                
0     00083095  SysCtl_selectXTAL              
0     000830ff  main                           
0     00083140  Interrupt_initVectorTable      
0     0008315e  memcpy                         
0     00083197  SysCtl_getLowSpeedClock        
0     000831b1  SysCtl_selectXTALSingleEnded   
0     000831cb  update_PI                      
0     000831fb  GPIO_init                      
0     000831fb  debug_pin_init                 
0     00083212  _c_int00                       
0     00083255  DMA_init                       
0     0008326b  EPWM_setEmulationMode          
0     00083281  duty_cycle_saturation          
0     00083337  Device_initGPIO                
0     00083375  ASYSCTL_init                   
0     0008339c  __TI_zero_init_nomemset        
0     000833a9  INTERRUPT_init                 
0     000833b5  _args_main                     
0     000833cc  init_PI                        
0     000833d7  __TI_decompress_none           
0     000833f0  _system_pre_init               
0     000833f2  C2000Ware_libraries_init       
0     000833f2  FFR_init                       
0     000833f3  _nop                           
0     000833f4  _system_post_cinit             
1     00000400  __stack                        
1     000007f8  __TI_STACK_END                 
1     0000a800  fixed_duty_cycle               
1     0000a801  avg                            
1     0000a802  d                              
1     0000a804  fixed_d                        
1     0000a806  ADCC0_results_add              
1     0000a808  ADCC0_Result_base              
1     0000a80a  ADCC1_results_add              
1     0000a80c  ADCC1_Result_base              
1     0000a80e  ADCA0_results_add              
1     0000a810  ADCA0_Result_base              
1     0000a812  ADCA1_results_add              
1     0000a814  ADCA1_Result_base              
1     0000a816  ADCB0_results_add              
1     0000a818  ADCB0_Result_base              
1     0000a81a  ADCB1_results_add              
1     0000a81c  ADCB1_Result_base              
1     0000a81e  Iin_avg                        
1     0000a820  Io_avg                         
1     0000a822  Il_avg                         
1     0000a824  Vo_avg                         
1     0000a826  Vin_avg                        
1     0000a828  Vo_error                       
1     0000a82a  Il_error                       
1     0000a82c  Vo_ref                         
1     0000a82e  kpv                            
1     0000a830  kiv                            
1     0000a832  kpi                            
1     0000a834  kii                            
1     0000a836  __TI_enable_exit_profile_output
1     0000a838  __TI_cleanup_ptr               
1     0000a83a  __TI_dtors_ptr                 
1     0000a83c  _lock                          
1     0000a840  Vo_controller                  
1     0000a848  Il_controller                  
1     0000c000  ADCA_results                   
1     0000c002  ADCB_results                   
1     0000c004  ADCC_results                   
abs   00000128  RamfuncsLoadSize               
abs   00000128  RamfuncsRunSize                
abs   000003f8  __TI_STACK_SIZE                
abs   ffffffff  __TI_pprof_out_hndl            
abs   ffffffff  __TI_prof_data_size            
abs   ffffffff  __TI_prof_data_start           
n/a   UNDEFED   __c_args__                     

[129 symbols]
