******************************************************************************
             TMS320C2000 Linker PC v22.6.1                     
******************************************************************************
>> Linked Mon Aug 19 11:32:06 2024

OUTPUT FILE NAME:   <buck_converter_dma.out>
ENTRY POINT SYMBOL: "code_start"  address: 00080000


MEMORY CONFIGURATION

         name            origin    length      used     unused   attr    fill
----------------------  --------  ---------  --------  --------  ----  --------
PAGE 0:
  RAMM0                 000000f6   0000030a  00000000  0000030a  RWIX
  RAMLS0                00008000   00000800  00000128  000006d8  RWIX
  RAMLS1                00008800   00000800  00000000  00000800  RWIX
  RAMLS2                00009000   00000800  00000000  00000800  RWIX
  RAMLS3                00009800   00000800  00000000  00000800  RWIX
  RAMLS4                0000a000   00000800  00000000  00000800  RWIX
  BEGIN                 00080000   00000002  00000002  00000000  RWIX
  FLASH_BANK0_SEC0      00080002   00000ffe  00000000  00000ffe  RWIX
  FLASH_BANK0_SEC1      00081000   00001000  00000172  00000e8e  RWIX
  FLASH_BANK0_SEC2      00082000   00001000  00001000  00000000  RWIX
  FLASH_BANK0_SEC3      00083000   00001000  00000d98  00000268  RWIX
  FLASH_BANK0_SEC4      00084000   00001000  000005cc  00000a34  RWIX
  FLASH_BANK0_SEC5      00085000   00001000  00000000  00001000  RWIX
  FLASH_BANK0_SEC6      00086000   00001000  00000000  00001000  RWIX
  FLASH_BANK0_SEC7      00087000   00001000  00000000  00001000  RWIX
  FLASH_BANK0_SEC8      00088000   00001000  00000000  00001000  RWIX
  FLASH_BANK0_SEC9      00089000   00001000  00000000  00001000  RWIX
  FLASH_BANK0_SEC10     0008a000   00001000  00000000  00001000  RWIX
  FLASH_BANK0_SEC11     0008b000   00001000  00000000  00001000  RWIX
  FLASH_BANK0_SEC12     0008c000   00001000  00000000  00001000  RWIX
  FLASH_BANK0_SEC13     0008d000   00001000  00000000  00001000  RWIX
  FLASH_BANK0_SEC14     0008e000   00001000  00000000  00001000  RWIX
  FLASH_BANK0_SEC15     0008f000   00001000  00000000  00001000  RWIX
  FLASH_BANK1_SEC0      00090000   00001000  00000000  00001000  RWIX
  FLASH_BANK1_SEC1      00091000   00001000  00000000  00001000  RWIX
  FLASH_BANK1_SEC2      00092000   00001000  00000000  00001000  RWIX
  FLASH_BANK1_SEC3      00093000   00001000  00000000  00001000  RWIX
  FLASH_BANK1_SEC4      00094000   00001000  00000000  00001000  RWIX
  FLASH_BANK1_SEC5      00095000   00001000  00000000  00001000  RWIX
  FLASH_BANK1_SEC6      00096000   00001000  00000000  00001000  RWIX
  FLASH_BANK1_SEC7      00097000   00001000  00000000  00001000  RWIX
  FLASH_BANK1_SEC8      00098000   00001000  00000000  00001000  RWIX
  FLASH_BANK1_SEC9      00099000   00001000  00000000  00001000  RWIX
  FLASH_BANK1_SEC10     0009a000   00001000  00000000  00001000  RWIX
  FLASH_BANK1_SEC11     0009b000   00001000  00000000  00001000  RWIX
  FLASH_BANK1_SEC12     0009c000   00001000  00000000  00001000  RWIX
  FLASH_BANK1_SEC13     0009d000   00001000  00000000  00001000  RWIX
  FLASH_BANK1_SEC14     0009e000   00001000  00000000  00001000  RWIX
  FLASH_BANK1_SEC15     0009f000   00000ff0  00000000  00000ff0  RWIX
  RESET                 003fffc0   00000002  00000000  00000002  RWIX

PAGE 1:
  BOOT_RSVD             00000002   000000f1  00000000  000000f1  RWIX
  RAMM1                 00000400   000003f8  000003f8  00000000  RWIX
  RAMLS5                0000a800   00000800  00000052  000007ae  RWIX
  RAMLS6                0000b000   00000800  00000000  00000800  RWIX
  RAMLS7                0000b800   00000800  00000000  00000800  RWIX
  RAMGS0                0000c000   00002000  0000000a  00001ff6  RWIX
  RAMGS1                0000e000   00002000  00000000  00002000  RWIX
  RAMGS2                00010000   00002000  00000000  00002000  RWIX
  RAMGS3                00012000   00001ff8  00000000  00001ff8  RWIX


SECTION ALLOCATION MAP

 output                                  attributes/
section   page    origin      length       input sections
--------  ----  ----------  ----------   ----------------
codestart 
*          0    00080000    00000002     
                  00080000    00000002     f28004x_codestartbranch.obj (codestart)

.cinit     0    00081128    0000004a     
                  00081128    00000030     (.cinit..data.load) [load image, compression = lzss]
                  00081158    00000006     (__TI_handler_table)
                  0008115e    00000004     (.cinit..bss.load) [load image, compression = zero_init]
                  00081162    00000004     (.cinit.ramgs0.load) [load image, compression = zero_init]
                  00081166    0000000c     (__TI_cinit_table)

.reset     0    003fffc0    00000000     DSECT

.stack     1    00000400    000003f8     UNINITIALIZED
                  00000400    000003f8     --HOLE--

.init_array 
*          0    00081000    00000000     UNINITIALIZED

.bss       1    0000a842    00000010     UNINITIALIZED
                  0000a842    00000010     Controller.obj (.bss)

.data      1    0000a800    00000042     UNINITIALIZED
                  0000a800    00000036     Controller.obj (.data)
                  0000a836    00000006     rts2800_fpu32_eabi.lib : exit.c.obj (.data)
                  0000a83c    00000002                            : _lock.c.obj (.data:_lock)
                  0000a83e    00000002                            : _lock.c.obj (.data:_unlock)
                  0000a840    00000002     control_functions.obj (.data)

.const     0    00084000    000005cc     
                  00084000    0000019d     board.obj (.const:.string)
                  0008419d    00000001     --HOLE-- [fill = 0]
                  0008419e    0000009b     driverlib_eabi.lib : flash.obj (.const:.string)
                  00084239    00000001     --HOLE-- [fill = 0]
                  0008423a    0000009a                        : sysctl.obj (.const:.string)
                  000842d4    00000098                        : epwm.obj (.const:.string)
                  0008436c    00000098                        : gpio.obj (.const:.string)
                  00084404    00000097                        : dma.obj (.const:.string)
                  0008449b    00000001     --HOLE-- [fill = 0]
                  0008449c    00000088     Controller.obj (.const:.string)
                  00084524    00000059     device.obj (.const:.string)
                  0008457d    00000001     --HOLE-- [fill = 0]
                  0008457e    0000004e     driverlib_eabi.lib : memcfg.obj (.const:.string)

ramgs0     1    0000c000    0000000a     UNINITIALIZED
                  0000c000    0000000a     Controller.obj (ramgs0)

.TI.ramfunc 
*          0    00081000    00000128     RUN ADDR = 00008000
                  00081000    00000044     driverlib_eabi.lib : flash.obj (.TI.ramfunc:Flash_initModule)
                  00081044    0000002c                        : flash.obj (.TI.ramfunc:Flash_setBankPowerMode)
                  00081070    00000023                        : flash.obj (.TI.ramfunc:Flash_setWaitstates)
                  00081093    0000001d                        : flash.obj (.TI.ramfunc:Flash_setPumpPowerMode)
                  000810b0    00000018                        : flash.obj (.TI.ramfunc:Flash_disableCache)
                  000810c8    00000018                        : flash.obj (.TI.ramfunc:Flash_disablePrefetch)
                  000810e0    00000017                        : flash.obj (.TI.ramfunc:Flash_enableCache)
                  000810f7    00000017                        : flash.obj (.TI.ramfunc:Flash_enablePrefetch)
                  0008110e    00000016                        : flash.obj (.TI.ramfunc:Flash_enableECC)
                  00081124    00000004                        : sysctl.obj (.TI.ramfunc)

.text.1    0    00082000    00001000     
                  00082000    00000134     board.obj (.text:EPWM_init)
                  00082134    000000e0     device.obj (.text:Device_enableAllPeripherals)
                  00082214    000000c5     driverlib_eabi.lib : sysctl.obj (.text:SysCtl_setClock)
                  000822d9    000000bf     Controller.obj (.text:average_samples)
                  00082398    000000bd     driverlib_eabi.lib : sysctl.obj (.text:SysCtl_isPLLValid)
                  00082455    000000ad     board.obj (.text:myADC1_init)
                  00082502    000000a5     board.obj (.text:MEMCFG_init)
                  000825a7    0000009d     driverlib_eabi.lib : dma.obj (.text:DMA_configMode)
                  00082644    00000090                        : memcfg.obj (.text:MemCfg_getInitStatus)
                  000826d4    0000007b                        : memcfg.obj (.text:MemCfg_initSections)
                  0008274f    00000075     board.obj (.text:EPWM_setADCTriggerSource)
                  000827c4    00000073     driverlib_eabi.lib : sysctl.obj (.text:DCC_setCounterSeeds)
                  00082837    00000072                        : memcfg.obj (.text:MemCfg_setProtection)
                  000828a9    0000006d     board.obj (.text:myADC2_init)
                  00082916    0000006b     board.obj (.text:myADC0_init)
                  00082981    00000062     device.obj (.text:Device_init)
                  000829e3    0000005e     driverlib_eabi.lib : sysctl.obj (.text:SysCtl_getClock)
                  00082a41    00000052                        : gpio.obj (.text:GPIO_setPadConfig)
                  00082a93    00000052     Controller.obj (.text:INT_ControlPWM_ISR)
                  00082ae5    0000004b     board.obj (.text:EPWM_setInterruptSource)
                  00082b30    0000004b     board.obj (.text:myDMA0_init)
                  00082b7b    0000004b     board.obj (.text:myDMA1_init)
                  00082bc6    00000049     driverlib_eabi.lib : sysctl.obj (.text:SysCtl_selectOscSource)
                  00082c0f    00000045                        : sysctl.obj (.text:SysCtl_pollX1Counter)
                  00082c54    00000044     Controller.obj (.text:GPIO_writePin)
                  00082c98    00000044     board.obj (.text:GPIO_writePin)
                  00082cdc    00000040     board.obj (.text:EPWM_setActionQualifierAction)
                  00082d1c    0000003e     board.obj (.text:EPWM_setCounterCompareShadowLoadMode)
                  00082d5a    0000003d     driverlib_eabi.lib : interrupt.obj (.text:Interrupt_initModule)
                  00082d97    0000003d     board.obj (.text:myDMA2_init)
                  00082dd4    0000003d     board.obj (.text:myDMA3_init)
                  00082e11    0000003d     board.obj (.text:myDMA4_init)
                  00082e4e    0000003d     board.obj (.text:myDMA5_init)
                  00082e8b    0000003a     board.obj (.text:EPWM_setADCTriggerEventPrescale)
                  00082ec5    0000003a     driverlib_eabi.lib : gpio.obj (.text:GPIO_setAnalogMode)
                  00082eff    00000039                        : memcfg.obj (.text:MemCfg_setLSRAMControllerSel)
                  00082f38    00000039     Controller.obj (.text:duty_cycle_calculation)
                  00082f71    00000037     board.obj (.text:EPWM_setFallingEdgeDeadBandDelayInput)
                  00082fa8    00000037     driverlib_eabi.lib : gpio.obj (.text:GPIO_setControllerCore)
                  00082fdf    00000021     board.obj (.text:EPWM_enableGlobalLoadRegisters)

.text.2    0    00083000    00000d98     
                  00083000    00000037     driverlib_eabi.lib : gpio.obj (.text:GPIO_setPinConfig)
                  00083037    00000037                        : gpio.obj (.text:GPIO_setQualificationMode)
                  0008306e    00000037                        : interrupt.obj (.text:Interrupt_enable)
                  000830a5    00000036     board.obj (.text:ADC_setupSOC)
                  000830db    00000036     driverlib_eabi.lib : sysctl.obj (.text:SysCtl_selectXTAL)
                  00083111    00000033                        : dma.obj (.text:DMA_configWrap)
                  00083144    00000031                        : gpio.obj (.text:GPIO_setDirectionMode)
                  00083175    00000030     rts2800_fpu32_eabi.lib : copy_decompress_lzss.c.obj (.text:decompress:lzss)
                  000831a5    0000002f     board.obj (.text:ADC_setInterruptSource)
                  000831d4    0000002e     board.obj (.text:ADC_setInterruptSOCTrigger)
                  00083202    0000002e     Controller.obj (.text:INT_myDMA0_ISR)
                  00083230    0000002e     Controller.obj (.text:INT_myDMA1_ISR)
                  0008325e    0000002c     board.obj (.text:EPWM_setDeadBandDelayMode)
                  0008328a    0000002b     Controller.obj (.text:EPWM_isBaseValid)
                  000832b5    0000002b     board.obj (.text:EPWM_isBaseValid)
                  000832e0    0000002b     driverlib_eabi.lib : epwm.obj (.text:EPWM_isBaseValid)
                  0008330b    0000002b     board.obj (.text:HRPWM_isBaseValid)
                  00083336    0000002b     rts2800_fpu32_eabi.lib : autoinit.c.obj (.text:__TI_auto_init_nobinit_nopinit)
                  00083361    00000029     driverlib_eabi.lib : dma.obj (.text:DMA_configTransfer)
                  0008338a    00000029     rts2800_fpu32_eabi.lib : exit.c.obj (.text)
                  000833b3    00000029     control_functions.obj (.text:update_PI)
                  000833dc    00000028     driverlib_eabi.lib : adc.obj (.text:ADC_setOffsetTrimAll)
                  00083404    00000028     board.obj (.text:EPWM_setInterruptEventCount)
                  0008342c    00000027     board.obj (.text:EPWM_setSyncOutPulseMode)
                  00083453    00000027     board.obj (.text:SysCtl_setSyncInputConfig)
                  0008347a    00000025     driverlib_eabi.lib : dma.obj (.text:DMA_configAddresses)
                  0008349f    00000025     board.obj (.text:INTERRUPT_init)
                  000834c4    00000024     driverlib_eabi.lib : sysctl.obj (.text:DCC_enableSingleShotMode)
                  000834e8    00000024                        : dma.obj (.text:DMA_configBurst)
                  0008350c    00000024     board.obj (.text:EPWM_disableCounterCompareShadowLoadMode)
                  00083530    00000024     board.obj (.text:EPWM_setDeadBandDelayPolarity)
                  00083554    00000023     board.obj (.text:DMA_isBaseValid)
                  00083577    00000023     driverlib_eabi.lib : dma.obj (.text:DMA_isBaseValid)
                  0008359a    00000023     Controller.obj (.text:main)
                  000835bd    00000022     Controller.obj (.text:EPWM_setCounterCompareValue)
                  000835df    00000022     board.obj (.text:EPWM_setCounterCompareValue)
                  00083601    00000022     board.obj (.text:PinMux_init)
                  00083623    00000020     board.obj (.text:ADC_enableContinuousMode)
                  00083643    00000020     board.obj (.text:ADC_enableInterrupt)
                  00083663    00000020     driverlib_eabi.lib : sysctl.obj (.text:SysCtl_selectXTALSingleEnded)
                  00083683    0000001f     board.obj (.text:EPWM_setRisingEdgeDelayCountShadowLoadMode)
                  000836a2    0000001f     board.obj (.text:HRPWM_setPhaseShift)
                  000836c1    0000001e     board.obj (.text:ADC_setSOCPriority)
                  000836df    0000001e     driverlib_eabi.lib : sysctl.obj (.text:DCC_setCounter1ClkSource)
                  000836fd    0000001e                        : interrupt.obj (.text:Interrupt_initVectorTable)
                  0008371b    0000001e     board.obj (.text:SYNC_init)
                  00083739    0000001d     board.obj (.text:EPWM_setActionQualifierContSWForceShadowMode)
                  00083756    0000001d     board.obj (.text:EPWM_setActionQualifierT2TriggerSource)
                  00083773    0000001d     board.obj (.text:EPWM_setFallingEdgeDelayCount)
                  00083790    0000001d     board.obj (.text:EPWM_setRisingEdgeDelayCount)
                  000837ad    0000001d     control_functions.obj (.text:duty_cycle_saturation)
                  000837ca    0000001d     rts2800_fpu32_eabi.lib : memcpy.c.obj (.text)
                  000837e7    0000001c     driverlib_eabi.lib : sysctl.obj (.text:DCC_setCounter0ClkSource)
                  00083803    0000001c     board.obj (.text:EPWM_enableADCTrigger)
                  0008381f    0000001c     board.obj (.text:EPWM_setClockPrescaler)
                  0008383b    0000001b     board.obj (.text:DMA_setInterruptMode)
                  00083856    0000001a     board.obj (.text:ASysCtl_setAnalogReference1P65)
                  00083870    0000001a     board.obj (.text:EPWM_setActionQualifierT1TriggerSource)
                  0008388a    0000001a     driverlib_eabi.lib : sysctl.obj (.text:SysCtl_getLowSpeedClock)
                  000838a4    00000019     board.obj (.text:debug_pin_init)
                  000838bd    00000019     rts2800_fpu32_fast_supplement_eabi.lib : div_f32.obj (.text)
                  000838d6    00000018     board.obj (.text:ASysCtl_setAnalogReferenceInternal)
                  000838ee    00000018     board.obj (.text:EPWM_disableFallingEdgeDelayCountShadowLoadMode)
                  00083906    00000018     board.obj (.text:EPWM_disableRisingEdgeDelayCountShadowLoadMode)
                  0008391e    00000017     board.obj (.text:ADC_isBaseValid)
                  00083935    00000017     device.obj (.text:SysCtl_enablePeripheral)
                  0008394c    00000017     driverlib_eabi.lib : sysctl.obj (.text:SysCtl_enablePeripheral)
                  00083963    00000017     rts2800_fpu32_eabi.lib : boot28.asm.obj (.text)
                  0008397a    00000016     board.obj (.text:ADC_setInterruptPulseMode)
                  00083990    00000016     board.obj (.text:ADC_setPrescaler)
                  000839a6    00000016     driverlib_eabi.lib : sysctl.obj (.text:DCC_disableDoneSignal)
                  000839bc    00000016                        : sysctl.obj (.text:DCC_enableDoneSignal)
                  000839d2    00000016                        : epwm.obj (.text:EPWM_setEmulationMode)
                  000839e8    00000016                        : interrupt.obj (.text:Interrupt_defaultHandler)
                  000839fe    00000015     board.obj (.text:ADC_disableBurstMode)
                  00083a13    00000015     board.obj (.text:Board_init)
                  00083a28    00000015     driverlib_eabi.lib : sysctl.obj (.text:DCC_clearDoneFlag)
                  00083a3d    00000015                        : sysctl.obj (.text:DCC_clearErrorFlag)
                  00083a52    00000015                        : sysctl.obj (.text:DCC_disableErrorSignal)
                  00083a67    00000015                        : sysctl.obj (.text:DCC_enableErrorSignal)
                  00083a7c    00000015     board.obj (.text:DMA_setEmulationMode)
                  00083a91    00000015     board.obj (.text:DMA_startChannel)
                  00083aa6    00000015     device.obj (.text:GPIO_unlockPortConfig)
                  00083abb    00000015     board.obj (.text:HRPWM_disablePhaseShiftLoad)
                  00083ad0    00000015     board.obj (.text:HRPWM_enableAutoConversion)
                  00083ae5    00000014     board.obj (.text:ADC_clearInterruptStatus)
                  00083af9    00000014     driverlib_eabi.lib : sysctl.obj (.text:DCC_disableModule)
                  00083b0d    00000014                        : sysctl.obj (.text:DCC_enableModule)
                  00083b21    00000014     board.obj (.text:EPWM_setTimeBaseCounterMode)
                  00083b35    00000014     board.obj (.text:EPWM_setTimeBasePeriod)
                  00083b49    00000014     Controller.obj (.text:GPIO_isPinValid)
                  00083b5d    00000014     board.obj (.text:GPIO_isPinValid)
                  00083b71    00000014     driverlib_eabi.lib : gpio.obj (.text:GPIO_isPinValid)
                  00083b85    00000014     control_functions.obj (.text:init_PI)
                  00083b99    00000013     board.obj (.text:ADC_enableConverter)
                  00083bac    00000013     board.obj (.text:DMA_disableOverrunInterrupt)
                  00083bbf    00000013     board.obj (.text:DMA_enableInterrupt)
                  00083bd2    00000013     board.obj (.text:DMA_enableTrigger)
                  00083be5    00000013     Controller.obj (.text:EPWM_clearEventTriggerInterruptFlag)
                  00083bf8    00000013     board.obj (.text:EPWM_enableInterrupt)
                  00083c0b    00000013     board.obj (.text:EPWM_forceInterruptEventCountInit)
                  00083c1e    00000012     board.obj (.text:EPWM_setTimeBaseCounter)
                  00083c30    00000012     board.obj (.text:SysCtl_setSyncOutputConfig)
                  00083c42    00000010     driverlib_eabi.lib : sysctl.obj (.text:DCC_isBaseValid)
                  00083c52    00000010     device.obj (.text:Device_initGPIO)
                  00083c62    00000010     driverlib_eabi.lib : flash.obj (.text:Flash_isCtrlBaseValid)
                  00083c72    00000010                        : flash.obj (.text:Flash_isECCBaseValid)
                  00083c82    0000000f     device.obj (.text:ASysCtl_disableDCDC)
                  00083c91    0000000f     board.obj (.text:DMA_init)
                  00083ca0    0000000f     board.obj (.text:Interrupt_register)
                  00083caf    0000000d     driverlib_eabi.lib : interrupt.obj (.text:Interrupt_disableGlobal)
                  00083cbc    0000000d                        : interrupt.obj (.text:Interrupt_enableGlobal)
                  00083cc9    0000000d     device.obj (.text:SysCtl_setLowSpeedClock)
                  00083cd6    0000000d     rts2800_fpu32_eabi.lib : copy_zero_init.c.obj (.text:decompress:ZI:__TI_zero_init_nomemset)
                  00083ce3    0000000c     board.obj (.text:SysCtl_enableExtADCSOCSource)
                  00083cef    0000000c     rts2800_fpu32_eabi.lib : args_main.c.obj (.text)
                  00083cfb    0000000b     board.obj (.text:MemCfg_disableCorrErrorInterrupt)
                  00083d06    0000000b     driverlib_eabi.lib : sysctl.obj (.text:SysCtl_isMCDClockFailureDetected)
                  00083d11    0000000a     board.obj (.text:DMA_initController)
                  00083d1b    0000000a     driverlib_eabi.lib : interrupt.obj (.text:Interrupt_illegalOperationHandler)
                  00083d25    0000000a                        : interrupt.obj (.text:Interrupt_nmiHandler)
                  00083d2f    0000000a     control_functions.obj (.text:reset_PI)
                  00083d39    00000009     board.obj (.text:ASYSCTL_init)
                  00083d42    00000009     board.obj (.text:MemCfg_setCorrErrorThreshold)
                  00083d4b    00000009     rts2800_fpu32_eabi.lib : _lock.c.obj (.text)
                  00083d54    00000008     device.obj (.text:SysCtl_disableWatchdog)
                  00083d5c    00000008     rts2800_fpu32_eabi.lib : copy_decompress_none.c.obj (.text:decompress:none)
                  00083d64    00000008     f28004x_codestartbranch.obj (.text)
                  00083d6c    00000007     board.obj (.text:ADC_init)
                  00083d73    00000007     board.obj (.text:ASysCtl_disableTemperatureSensor)
                  00083d7a    00000007     driverlib_eabi.lib : sysctl.obj (.text:SysCtl_resetMCD)
                  00083d81    00000007     device.obj (.text:__error__)
                  00083d88    00000006     Controller.obj (.text:Interrupt_clearACKGroup)
                  00083d8e    00000003     c2000ware_libraries.obj (.text:C2000Ware_libraries_init)
                  00083d91    00000003     board.obj (.text:GPIO_init)
                  00083d94    00000002     rts2800_fpu32_eabi.lib : pre_init.c.obj (.text)
                  00083d96    00000001     c2000ware_libraries.obj (.text:FFR_init)
                  00083d97    00000001     rts2800_fpu32_eabi.lib : startup.c.obj (.text)

MODULE SUMMARY

       Module                        code   ro data   rw data
       ------                        ----   -------   -------
    .\
       Controller.obj                647    136       80     
       control_functions.obj         100    0         2      
    +--+-----------------------------+------+---------+---------+
       Total:                        747    136       82     
                                                             
    .\device\
       device.obj                    425    89        0      
       f28004x_codestartbranch.obj   10     0         0      
    +--+-----------------------------+------+---------+---------+
       Total:                        435    89        0      
                                                             
    .\syscfg\
       board.obj                     3450   413       0      
       c2000ware_libraries.obj       4      0         0      
    +--+-----------------------------+------+---------+---------+
       Total:                        3454   413       0      
                                                             
    C:\ti\c2000\C2000Ware_5_00_00_00\driverlib\f28004x\driverlib\ccs\Debug\driverlib_eabi.lib
       sysctl.obj                    1176   154       0      
       flash.obj                     616    155       0      
       gpio.obj                      374    152       0      
       memcfg.obj                    438    78        0      
       dma.obj                       357    151       0      
       epwm.obj                      65     152       0      
       interrupt.obj                 214    0         0      
       adc.obj                       40     0         0      
    +--+-----------------------------+------+---------+---------+
       Total:                        3280   842       0      
                                                             
    C:\ti\c2000\C2000Ware_5_00_00_00\libraries\math\FPUfastRTS\c28\lib\rts2800_fpu32_fast_supplement_eabi.lib
       div_f32.obj                   25     0         0      
    +--+-----------------------------+------+---------+---------+
       Total:                        25     0         0      
                                                             
    C:\ti\ccs1271\ccs\tools\compiler\ti-cgt-c2000_22.6.1.LTS\lib\rts2800_fpu32_eabi.lib
       copy_decompress_lzss.c.obj    48     0         0      
       exit.c.obj                    41     0         6      
       autoinit.c.obj                43     0         0      
       memcpy.c.obj                  29     0         0      
       boot28.asm.obj                23     0         0      
       _lock.c.obj                   9      0         4      
       copy_zero_init.c.obj          13     0         0      
       args_main.c.obj               12     0         0      
       copy_decompress_none.c.obj    8      0         0      
       pre_init.c.obj                2      0         0      
       startup.c.obj                 1      0         0      
    +--+-----------------------------+------+---------+---------+
       Total:                        229    0         10     
                                                             
       Stack:                        0      0         1016   
       Linker Generated:             0      74        0      
    +--+-----------------------------+------+---------+---------+
       Grand Total:                  8170   1554      1108   


LINKER GENERATED COPY TABLES

__TI_cinit_table @ 00081166 records: 3, size/record: 4, table size: 12
	.data: load addr=00081128, load size=00000030 bytes, run addr=0000a800, run size=00000042 bytes, compression=lzss
	.bss: load addr=0008115e, load size=00000004 bytes, run addr=0000a842, run size=00000010 bytes, compression=zero_init
	ramgs0: load addr=00081162, load size=00000004 bytes, run addr=0000c000, run size=0000000a bytes, compression=zero_init


LINKER GENERATED HANDLER TABLE

__TI_handler_table @ 00081158 records: 3, size/record: 2, table size: 6
	index: 0, handler: __TI_zero_init
	index: 1, handler: __TI_decompress_lzss
	index: 2, handler: __TI_decompress_none


GLOBAL DATA SYMBOLS: SORTED BY DATA PAGE

address     data page           name
--------    ----------------    ----
00000400      10 (00000400)     __stack

0000a800     2a0 (0000a800)     fixed_duty_cycle
0000a801     2a0 (0000a800)     avg
0000a802     2a0 (0000a800)     d
0000a804     2a0 (0000a800)     fixed_d
0000a806     2a0 (0000a800)     ADCC0_results_add
0000a808     2a0 (0000a800)     ADCC0_Result_base
0000a80a     2a0 (0000a800)     ADCC1_results_add
0000a80c     2a0 (0000a800)     ADCC1_Result_base
0000a80e     2a0 (0000a800)     ADCA0_results_add
0000a810     2a0 (0000a800)     ADCA0_Result_base
0000a812     2a0 (0000a800)     ADCA1_results_add
0000a814     2a0 (0000a800)     ADCA1_Result_base
0000a816     2a0 (0000a800)     ADCB0_results_add
0000a818     2a0 (0000a800)     ADCB0_Result_base
0000a81a     2a0 (0000a800)     ADCB1_results_add
0000a81c     2a0 (0000a800)     ADCB1_Result_base
0000a81e     2a0 (0000a800)     Iin_avg
0000a820     2a0 (0000a800)     Io_avg
0000a822     2a0 (0000a800)     Il_avg
0000a824     2a0 (0000a800)     Vo_avg
0000a826     2a0 (0000a800)     Vin_avg
0000a828     2a0 (0000a800)     Vo_error
0000a82a     2a0 (0000a800)     Il_error
0000a82c     2a0 (0000a800)     Vo_ref
0000a82e     2a0 (0000a800)     kpv
0000a830     2a0 (0000a800)     kiv
0000a832     2a0 (0000a800)     kpi
0000a834     2a0 (0000a800)     kii
0000a836     2a0 (0000a800)     __TI_enable_exit_profile_output
0000a838     2a0 (0000a800)     __TI_cleanup_ptr
0000a83a     2a0 (0000a800)     __TI_dtors_ptr
0000a83c     2a0 (0000a800)     _lock
0000a83e     2a0 (0000a800)     _unlock

0000a842     2a1 (0000a840)     Vo_controller
0000a84a     2a1 (0000a840)     Il_controller

0000c000     300 (0000c000)     ADCA_results
0000c002     300 (0000c000)     ADCB_results
0000c004     300 (0000c000)     ADCC_results


GLOBAL SYMBOLS: SORTED ALPHABETICALLY BY Name 

page  address   name                             
----  -------   ----                             
1     0000a810  ADCA0_Result_base                
1     0000a80e  ADCA0_results_add                
1     0000a814  ADCA1_Result_base                
1     0000a812  ADCA1_results_add                
1     0000c000  ADCA_results                     
1     0000a818  ADCB0_Result_base                
1     0000a816  ADCB0_results_add                
1     0000a81c  ADCB1_Result_base                
1     0000a81a  ADCB1_results_add                
1     0000c002  ADCB_results                     
1     0000a808  ADCC0_Result_base                
1     0000a806  ADCC0_results_add                
1     0000a80c  ADCC1_Result_base                
1     0000a80a  ADCC1_results_add                
1     0000c004  ADCC_results                     
0     00083d6c  ADC_init                         
0     000833dc  ADC_setOffsetTrimAll             
0     00083d39  ASYSCTL_init                     
0     00083a13  Board_init                       
0     0008338a  C$$EXIT                          
0     00083d8e  C2000Ware_libraries_init         
0     0008347a  DMA_configAddresses              
0     000834e8  DMA_configBurst                  
0     000825a7  DMA_configMode                   
0     00083361  DMA_configTransfer               
0     00083111  DMA_configWrap                   
0     00083c91  DMA_init                         
0     00082134  Device_enableAllPeripherals      
0     00082981  Device_init                      
0     00083c52  Device_initGPIO                  
0     00082000  EPWM_init                        
0     000839d2  EPWM_setEmulationMode            
0     00083d96  FFR_init                         
0     00008000  Flash_initModule                 
0     00083d91  GPIO_init                        
0     00082ec5  GPIO_setAnalogMode               
0     00082fa8  GPIO_setControllerCore           
0     00083144  GPIO_setDirectionMode            
0     00082a41  GPIO_setPadConfig                
0     00083000  GPIO_setPinConfig                
0     00083037  GPIO_setQualificationMode        
0     0008349f  INTERRUPT_init                   
0     00082a93  INT_ControlPWM_ISR               
0     00083202  INT_myDMA0_ISR                   
0     00083230  INT_myDMA1_ISR                   
1     0000a81e  Iin_avg                          
1     0000a822  Il_avg                           
1     0000a84a  Il_controller                    
1     0000a82a  Il_error                         
0     000839e8  Interrupt_defaultHandler         
0     0008306e  Interrupt_enable                 
0     00083d1b  Interrupt_illegalOperationHandler
0     00082d5a  Interrupt_initModule             
0     000836fd  Interrupt_initVectorTable        
0     00083d25  Interrupt_nmiHandler             
1     0000a820  Io_avg                           
0     00082502  MEMCFG_init                      
0     00082644  MemCfg_getInitStatus             
0     000826d4  MemCfg_initSections              
0     00082eff  MemCfg_setLSRAMControllerSel     
0     00082837  MemCfg_setProtection             
0     00083601  PinMux_init                      
0     00081128  RamfuncsLoadEnd                  
abs   00000128  RamfuncsLoadSize                 
0     00081000  RamfuncsLoadStart                
0     00008128  RamfuncsRunEnd                   
abs   00000128  RamfuncsRunSize                  
0     00008000  RamfuncsRunStart                 
0     0008371b  SYNC_init                        
0     00008124  SysCtl_delay                     
0     000829e3  SysCtl_getClock                  
0     0008388a  SysCtl_getLowSpeedClock          
0     00082398  SysCtl_isPLLValid                
0     00082bc6  SysCtl_selectOscSource           
0     000830db  SysCtl_selectXTAL                
0     00083663  SysCtl_selectXTALSingleEnded     
0     00082214  SysCtl_setClock                  
1     0000a826  Vin_avg                          
1     0000a824  Vo_avg                           
1     0000a842  Vo_controller                    
1     0000a828  Vo_error                         
1     0000a82c  Vo_ref                           
0     00081166  __TI_CINIT_Base                  
0     00081172  __TI_CINIT_Limit                 
0     00081172  __TI_CINIT_Warm                  
0     00081158  __TI_Handler_Table_Base          
0     0008115e  __TI_Handler_Table_Limit         
1     000007f8  __TI_STACK_END                   
abs   000003f8  __TI_STACK_SIZE                  
0     00083336  __TI_auto_init_nobinit_nopinit   
1     0000a838  __TI_cleanup_ptr                 
0     00083175  __TI_decompress_lzss             
0     00083d5c  __TI_decompress_none             
1     0000a83a  __TI_dtors_ptr                   
1     0000a836  __TI_enable_exit_profile_output  
abs   ffffffff  __TI_pprof_out_hndl              
abs   ffffffff  __TI_prof_data_size              
abs   ffffffff  __TI_prof_data_start             
0     00083cd6  __TI_zero_init_nomemset          
0     000838bd  __c28xabi_divf                   
n/a   UNDEFED   __c_args__                       
0     00083d81  __error__                        
1     00000400  __stack                          
0     00083cef  _args_main                       
0     00083963  _c_int00                         
1     0000a83c  _lock                            
0     00083d53  _nop                             
0     00083d4f  _register_lock                   
0     00083d4b  _register_unlock                 
0     00083d97  _system_post_cinit               
0     00083d94  _system_pre_init                 
1     0000a83e  _unlock                          
0     0008338a  abort                            
0     000822d9  average_samples                  
1     0000a801  avg                              
0     00080000  code_start                       
1     0000a802  d                                
0     000838a4  debug_pin_init                   
0     00082f38  duty_cycle_calculation           
0     000837ad  duty_cycle_saturation            
0     0008338c  exit                             
1     0000a804  fixed_d                          
1     0000a800  fixed_duty_cycle                 
0     00083b85  init_PI                          
1     0000a834  kii                              
1     0000a830  kiv                              
1     0000a832  kpi                              
1     0000a82e  kpv                              
0     0008359a  main                             
0     000837ca  memcpy                           
0     00082916  myADC0_init                      
0     00082455  myADC1_init                      
0     000828a9  myADC2_init                      
0     00082b30  myDMA0_init                      
0     00082b7b  myDMA1_init                      
0     00082d97  myDMA2_init                      
0     00082dd4  myDMA3_init                      
0     00082e11  myDMA4_init                      
0     00082e4e  myDMA5_init                      
0     00083d2f  reset_PI                         
0     000833b3  update_PI                        


GLOBAL SYMBOLS: SORTED BY Symbol Address 

page  address   name                             
----  -------   ----                             
0     00008000  Flash_initModule                 
0     00008000  RamfuncsRunStart                 
0     00008124  SysCtl_delay                     
0     00008128  RamfuncsRunEnd                   
0     00080000  code_start                       
0     00081000  RamfuncsLoadStart                
0     00081128  RamfuncsLoadEnd                  
0     00081158  __TI_Handler_Table_Base          
0     0008115e  __TI_Handler_Table_Limit         
0     00081166  __TI_CINIT_Base                  
0     00081172  __TI_CINIT_Limit                 
0     00081172  __TI_CINIT_Warm                  
0     00082000  EPWM_init                        
0     00082134  Device_enableAllPeripherals      
0     00082214  SysCtl_setClock                  
0     000822d9  average_samples                  
0     00082398  SysCtl_isPLLValid                
0     00082455  myADC1_init                      
0     00082502  MEMCFG_init                      
0     000825a7  DMA_configMode                   
0     00082644  MemCfg_getInitStatus             
0     000826d4  MemCfg_initSections              
0     00082837  MemCfg_setProtection             
0     000828a9  myADC2_init                      
0     00082916  myADC0_init                      
0     00082981  Device_init                      
0     000829e3  SysCtl_getClock                  
0     00082a41  GPIO_setPadConfig                
0     00082a93  INT_ControlPWM_ISR               
0     00082b30  myDMA0_init                      
0     00082b7b  myDMA1_init                      
0     00082bc6  SysCtl_selectOscSource           
0     00082d5a  Interrupt_initModule             
0     00082d97  myDMA2_init                      
0     00082dd4  myDMA3_init                      
0     00082e11  myDMA4_init                      
0     00082e4e  myDMA5_init                      
0     00082ec5  GPIO_setAnalogMode               
0     00082eff  MemCfg_setLSRAMControllerSel     
0     00082f38  duty_cycle_calculation           
0     00082fa8  GPIO_setControllerCore           
0     00083000  GPIO_setPinConfig                
0     00083037  GPIO_setQualificationMode        
0     0008306e  Interrupt_enable                 
0     000830db  SysCtl_selectXTAL                
0     00083111  DMA_configWrap                   
0     00083144  GPIO_setDirectionMode            
0     00083175  __TI_decompress_lzss             
0     00083202  INT_myDMA0_ISR                   
0     00083230  INT_myDMA1_ISR                   
0     00083336  __TI_auto_init_nobinit_nopinit   
0     00083361  DMA_configTransfer               
0     0008338a  C$$EXIT                          
0     0008338a  abort                            
0     0008338c  exit                             
0     000833b3  update_PI                        
0     000833dc  ADC_setOffsetTrimAll             
0     0008347a  DMA_configAddresses              
0     0008349f  INTERRUPT_init                   
0     000834e8  DMA_configBurst                  
0     0008359a  main                             
0     00083601  PinMux_init                      
0     00083663  SysCtl_selectXTALSingleEnded     
0     000836fd  Interrupt_initVectorTable        
0     0008371b  SYNC_init                        
0     000837ad  duty_cycle_saturation            
0     000837ca  memcpy                           
0     0008388a  SysCtl_getLowSpeedClock          
0     000838a4  debug_pin_init                   
0     000838bd  __c28xabi_divf                   
0     00083963  _c_int00                         
0     000839d2  EPWM_setEmulationMode            
0     000839e8  Interrupt_defaultHandler         
0     00083a13  Board_init                       
0     00083b85  init_PI                          
0     00083c52  Device_initGPIO                  
0     00083c91  DMA_init                         
0     00083cd6  __TI_zero_init_nomemset          
0     00083cef  _args_main                       
0     00083d1b  Interrupt_illegalOperationHandler
0     00083d25  Interrupt_nmiHandler             
0     00083d2f  reset_PI                         
0     00083d39  ASYSCTL_init                     
0     00083d4b  _register_unlock                 
0     00083d4f  _register_lock                   
0     00083d53  _nop                             
0     00083d5c  __TI_decompress_none             
0     00083d6c  ADC_init                         
0     00083d81  __error__                        
0     00083d8e  C2000Ware_libraries_init         
0     00083d91  GPIO_init                        
0     00083d94  _system_pre_init                 
0     00083d96  FFR_init                         
0     00083d97  _system_post_cinit               
1     00000400  __stack                          
1     000007f8  __TI_STACK_END                   
1     0000a800  fixed_duty_cycle                 
1     0000a801  avg                              
1     0000a802  d                                
1     0000a804  fixed_d                          
1     0000a806  ADCC0_results_add                
1     0000a808  ADCC0_Result_base                
1     0000a80a  ADCC1_results_add                
1     0000a80c  ADCC1_Result_base                
1     0000a80e  ADCA0_results_add                
1     0000a810  ADCA0_Result_base                
1     0000a812  ADCA1_results_add                
1     0000a814  ADCA1_Result_base                
1     0000a816  ADCB0_results_add                
1     0000a818  ADCB0_Result_base                
1     0000a81a  ADCB1_results_add                
1     0000a81c  ADCB1_Result_base                
1     0000a81e  Iin_avg                          
1     0000a820  Io_avg                           
1     0000a822  Il_avg                           
1     0000a824  Vo_avg                           
1     0000a826  Vin_avg                          
1     0000a828  Vo_error                         
1     0000a82a  Il_error                         
1     0000a82c  Vo_ref                           
1     0000a82e  kpv                              
1     0000a830  kiv                              
1     0000a832  kpi                              
1     0000a834  kii                              
1     0000a836  __TI_enable_exit_profile_output  
1     0000a838  __TI_cleanup_ptr                 
1     0000a83a  __TI_dtors_ptr                   
1     0000a83c  _lock                            
1     0000a83e  _unlock                          
1     0000a842  Vo_controller                    
1     0000a84a  Il_controller                    
1     0000c000  ADCA_results                     
1     0000c002  ADCB_results                     
1     0000c004  ADCC_results                     
abs   00000128  RamfuncsLoadSize                 
abs   00000128  RamfuncsRunSize                  
abs   000003f8  __TI_STACK_SIZE                  
abs   ffffffff  __TI_pprof_out_hndl              
abs   ffffffff  __TI_prof_data_size              
abs   ffffffff  __TI_prof_data_start             
n/a   UNDEFED   __c_args__                       

[141 symbols]
