******************************************************************************
             TMS320C2000 Linker PC v22.6.0                     
******************************************************************************
>> Linked Wed Mar 15 18:49:32 2023

OUTPUT FILE NAME:   <buck_converter_dma.out>
ENTRY POINT SYMBOL: "code_start"  address: 00000000


MEMORY CONFIGURATION

         name            origin    length      used     unused   attr    fill
----------------------  --------  ---------  --------  --------  ----  --------
PAGE 0:
  BEGIN                 00000000   00000002  00000002  00000000  RWIX
  RAMM0                 000000f6   0000030a  0000004c  000002be  RWIX
  RAMLS0                00008000   00000800  00000800  00000000  RWIX
  RAMLS1                00008800   00000800  00000800  00000000  RWIX
  RAMLS2                00009000   00000800  000003d6  0000042a  RWIX
  RAMLS3                00009800   00000800  00000000  00000800  RWIX
  RAMLS4                0000a000   00000800  00000000  00000800  RWIX
  FLASH_BANK0_SEC0      00080000   00001000  00000000  00001000  RWIX
  FLASH_BANK0_SEC1      00081000   00001000  00000000  00001000  RWIX
  FLASH_BANK0_SEC2      00082000   00001000  00000000  00001000  RWIX
  FLASH_BANK0_SEC3      00083000   00001000  00000000  00001000  RWIX
  FLASH_BANK0_SEC4      00084000   00001000  00000000  00001000  RWIX
  FLASH_BANK0_SEC5      00085000   00001000  00000000  00001000  RWIX
  FLASH_BANK0_SEC6      00086000   00001000  00000000  00001000  RWIX
  FLASH_BANK0_SEC7      00087000   00001000  00000000  00001000  RWIX
  FLASH_BANK0_SEC8      00088000   00001000  00000000  00001000  RWIX
  FLASH_BANK0_SEC9      00089000   00001000  00000000  00001000  RWIX
  FLASH_BANK0_SEC10     0008a000   00001000  00000000  00001000  RWIX
  FLASH_BANK0_SEC11     0008b000   00001000  00000000  00001000  RWIX
  FLASH_BANK0_SEC12     0008c000   00001000  00000000  00001000  RWIX
  FLASH_BANK0_SEC13     0008d000   00001000  00000000  00001000  RWIX
  FLASH_BANK0_SEC14     0008e000   00001000  00000000  00001000  RWIX
  FLASH_BANK0_SEC15     0008f000   00001000  00000000  00001000  RWIX
  FLASH_BANK1_SEC0      00090000   00001000  00000000  00001000  RWIX
  FLASH_BANK1_SEC1      00091000   00001000  00000000  00001000  RWIX
  FLASH_BANK1_SEC2      00092000   00001000  00000000  00001000  RWIX
  FLASH_BANK1_SEC3      00093000   00001000  00000000  00001000  RWIX
  FLASH_BANK1_SEC4      00094000   00001000  00000000  00001000  RWIX
  FLASH_BANK1_SEC5      00095000   00001000  00000000  00001000  RWIX
  FLASH_BANK1_SEC6      00096000   00001000  00000000  00001000  RWIX
  FLASH_BANK1_SEC7      00097000   00001000  00000000  00001000  RWIX
  FLASH_BANK1_SEC8      00098000   00001000  00000000  00001000  RWIX
  FLASH_BANK1_SEC9      00099000   00001000  00000000  00001000  RWIX
  FLASH_BANK1_SEC10     0009a000   00001000  00000000  00001000  RWIX
  FLASH_BANK1_SEC11     0009b000   00001000  00000000  00001000  RWIX
  FLASH_BANK1_SEC12     0009c000   00001000  00000000  00001000  RWIX
  FLASH_BANK1_SEC13     0009d000   00001000  00000000  00001000  RWIX
  FLASH_BANK1_SEC14     0009e000   00001000  00000000  00001000  RWIX
  FLASH_BANK1_SEC15     0009f000   00001000  00000000  00001000  RWIX
  RESET                 003fffc0   00000002  00000000  00000002  RWIX

PAGE 1:
  BOOT_RSVD             00000002   000000f1  00000000  000000f1  RWIX
  RAMM1                 00000400   000003f8  000003f8  00000000  RWIX
  RAMLS5                0000a800   00000800  0000038a  00000476  RWIX
  RAMLS6                0000b000   00000800  00000000  00000800  RWIX
  RAMLS7                0000b800   00000800  00000000  00000800  RWIX
  RAMGS0                0000c000   00002000  0000000a  00001ff6  RWIX
  RAMGS1                0000e000   00002000  00000000  00002000  RWIX
  RAMGS2                00010000   00002000  00000000  00002000  RWIX
  RAMGS3                00012000   00001ff8  00000000  00001ff8  RWIX


SECTION ALLOCATION MAP

 output                                  attributes/
section   page    origin      length       input sections
--------  ----  ----------  ----------   ----------------
codestart 
*          0    00000000    00000002     
                  00000000    00000002     f28004x_codestartbranch.obj (codestart)

.TI.ramfunc 
*          0    000000f6    00000004     
                  000000f6    00000004     driverlib_eabi.lib : sysctl.obj (.TI.ramfunc)

.cinit     0    000000fc    00000048     
                  000000fc    0000002e     (.cinit..data.load) [load image, compression = lzss]
                  0000012a    00000006     (__TI_handler_table)
                  00000130    00000004     (.cinit..bss.load) [load image, compression = zero_init]
                  00000134    00000004     (.cinit.ramgs0.load) [load image, compression = zero_init]
                  00000138    0000000c     (__TI_cinit_table)

.reset     0    003fffc0    00000000     DSECT

.stack     1    00000400    000003f8     UNINITIALIZED
                  00000400    000003f8     --HOLE--

.bss       1    0000ab80    00000010     UNINITIALIZED
                  0000ab80    00000010     Controller.obj (.bss)

.init_array 
*          0    000000f6    00000000     UNINITIALIZED

.const     1    0000a800    0000033a     
                  0000a800    0000009a     driverlib_eabi.lib : sysctl.obj (.const:.string)
                  0000a89a    00000098                        : epwm.obj (.const:.string)
                  0000a932    00000098                        : gpio.obj (.const:.string)
                  0000a9ca    00000097                        : dma.obj (.const:.string)
                  0000aa61    00000001     --HOLE-- [fill = 0]
                  0000aa62    00000089     board.obj (.const:.string)
                  0000aaeb    00000001     --HOLE-- [fill = 0]
                  0000aaec    0000004e     driverlib_eabi.lib : memcfg.obj (.const:.string)

.data      1    0000ab3a    00000040     UNINITIALIZED
                  0000ab3a    00000006     rts2800_fpu32_eabi.lib : exit.c.obj (.data)
                  0000ab40    00000036     Controller.obj (.data)
                  0000ab76    00000002     rts2800_fpu32_eabi.lib : _lock.c.obj (.data:_lock)
                  0000ab78    00000002     control_functions.obj (.data)

ramgs0     1    0000c000    0000000a     UNINITIALIZED
                  0000c000    0000000a     Controller.obj (ramgs0)

.text.1    0    00008000    00000800     
                  00008000    00000147     board.obj (.text:EPWM_init)
                  00008147    000000d7     device.obj (.text:Device_enableAllPeripherals)
                  0000821e    000000c5     driverlib_eabi.lib : sysctl.obj (.text:SysCtl_setClock)
                  000082e3    000000bd                        : sysctl.obj (.text:SysCtl_isPLLValid)
                  000083a0    000000ab     board.obj (.text:MEMCFG_init)
                  0000844b    0000009d     driverlib_eabi.lib : dma.obj (.text:DMA_configMode)
                  000084e8    0000009a     board.obj (.text:myADC1_init)
                  00008582    00000094     Controller.obj (.text:average_samples)
                  00008616    00000090     driverlib_eabi.lib : memcfg.obj (.text:MemCfg_getInitStatus)
                  000086a6    0000007b                        : memcfg.obj (.text:MemCfg_initSections)
                  00008721    00000073                        : sysctl.obj (.text:DCC_setCounterSeeds)
                  00008794    0000006c     board.obj (.text:myADC0_init)

.text.2    0    00008800    00000800     
                  00008800    00000073     device.obj (.text:Device_init)
                  00008873    00000072     driverlib_eabi.lib : memcfg.obj (.text:MemCfg_setProtection)
                  000088e5    0000006c     board.obj (.text:myADC2_init)
                  00008951    0000005e     driverlib_eabi.lib : sysctl.obj (.text:SysCtl_getClock)
                  000089af    00000058     board.obj (.text:EPWM_setActionQualifierAction)
                  00008a07    00000053     Controller.obj (.text:INT_ControlPWM_ISR)
                  00008a5a    00000052     driverlib_eabi.lib : gpio.obj (.text:GPIO_setPadConfig)
                  00008aac    00000049                        : sysctl.obj (.text:SysCtl_selectOscSource)
                  00008af5    00000048     board.obj (.text:myDMA0_init)
                  00008b3d    00000048     board.obj (.text:myDMA1_init)
                  00008b85    00000047     board.obj (.text:myDMA2_init)
                  00008bcc    00000047     board.obj (.text:myDMA3_init)
                  00008c13    00000047     board.obj (.text:myDMA4_init)
                  00008c5a    00000047     board.obj (.text:myDMA5_init)
                  00008ca1    0000003d     driverlib_eabi.lib : interrupt.obj (.text:Interrupt_initModule)
                  00008cde    0000003a                        : gpio.obj (.text:GPIO_setAnalogMode)
                  00008d18    00000039     board.obj (.text:Board_init)
                  00008d51    00000037     driverlib_eabi.lib : gpio.obj (.text:GPIO_setControllerCore)
                  00008d88    00000037                        : gpio.obj (.text:GPIO_setPinConfig)
                  00008dbf    00000037                        : gpio.obj (.text:GPIO_setQualificationMode)
                  00008df6    00000037                        : interrupt.obj (.text:Interrupt_enable)
                  00008e2d    00000037                        : memcfg.obj (.text:MemCfg_setLSRAMControllerSel)
                  00008e64    00000033                        : dma.obj (.text:DMA_configWrap)
                  00008e97    00000031                        : gpio.obj (.text:GPIO_setDirectionMode)
                  00008ec8    00000031     board.obj (.text:SYNC_init)
                  00008ef9    00000030     Controller.obj (.text:duty_cycle_calculation)
                  00008f29    0000002e     rts2800_fpu32_eabi.lib : copy_decompress_lzss.c.obj (.text:decompress:lzss)
                  00008f57    0000002b     driverlib_eabi.lib : epwm.obj (.text:EPWM_isBaseValid)
                  00008f82    0000002b     rts2800_fpu32_eabi.lib : autoinit.c.obj (.text:__TI_auto_init_nobinit_nopinit)
                  00008fad    00000029     driverlib_eabi.lib : dma.obj (.text:DMA_configTransfer)
                  00008fd6    00000029     rts2800_fpu32_eabi.lib : exit.c.obj (.text)
                  00008fff    00000001     c2000ware_libraries.obj (.text:FFR_init)

.text.3    0    00009000    000003d6     
                  00009000    00000028     driverlib_eabi.lib : adc.obj (.text:ADC_setOffsetTrimAll)
                  00009028    00000025                        : dma.obj (.text:DMA_configAddresses)
                  0000904d    00000024                        : sysctl.obj (.text:DCC_enableSingleShotMode)
                  00009071    00000024                        : dma.obj (.text:DMA_configBurst)
                  00009095    00000024                        : sysctl.obj (.text:SysCtl_selectXTAL)
                  000090b9    00000023                        : dma.obj (.text:DMA_isBaseValid)
                  000090dc    00000023                        : sysctl.obj (.text:SysCtl_pollX1Counter)
                  000090ff    00000023     Controller.obj (.text:main)
                  00009122    0000001e     driverlib_eabi.lib : sysctl.obj (.text:DCC_setCounter1ClkSource)
                  00009140    0000001e                        : interrupt.obj (.text:Interrupt_initVectorTable)
                  0000915e    0000001c                        : sysctl.obj (.text:DCC_setCounter0ClkSource)
                  0000917a    0000001c     rts2800_fpu32_eabi.lib : memcpy.c.obj (.text)
                  00009196    0000001a     driverlib_eabi.lib : sysctl.obj (.text:SysCtl_getLowSpeedClock)
                  000091b0    0000001a                        : sysctl.obj (.text:SysCtl_selectXTALSingleEnded)
                  000091ca    00000018     board.obj (.text:debug_pin_init)
                  000091e2    00000017     driverlib_eabi.lib : sysctl.obj (.text:SysCtl_enablePeripheral)
                  000091f9    00000017     rts2800_fpu32_eabi.lib : boot28.asm.obj (.text)
                  00009210    00000016     driverlib_eabi.lib : sysctl.obj (.text:DCC_disableDoneSignal)
                  00009226    00000016                        : sysctl.obj (.text:DCC_enableDoneSignal)
                  0000923c    00000016     board.obj (.text:DMA_init)
                  00009252    00000016     driverlib_eabi.lib : epwm.obj (.text:EPWM_setEmulationMode)
                  00009268    00000016     control_functions.obj (.text:duty_cycle_saturation)
                  0000927e    00000016     control_functions.obj (.text:update_PI)
                  00009294    00000015     driverlib_eabi.lib : sysctl.obj (.text:DCC_clearDoneFlag)
                  000092a9    00000015                        : sysctl.obj (.text:DCC_clearErrorFlag)
                  000092be    00000015                        : sysctl.obj (.text:DCC_disableErrorSignal)
                  000092d3    00000015                        : sysctl.obj (.text:DCC_enableErrorSignal)
                  000092e8    00000014                        : sysctl.obj (.text:DCC_disableModule)
                  000092fc    00000014                        : sysctl.obj (.text:DCC_enableModule)
                  00009310    00000014                        : gpio.obj (.text:GPIO_isPinValid)
                  00009324    00000010                        : sysctl.obj (.text:DCC_isBaseValid)
                  00009334    00000010     device.obj (.text:Device_initGPIO)
                  00009344    0000000e     driverlib_eabi.lib : interrupt.obj (.text:Interrupt_defaultHandler)
                  00009352    0000000d     board.obj (.text:ASYSCTL_init)
                  0000935f    0000000d     driverlib_eabi.lib : interrupt.obj (.text:Interrupt_disableGlobal)
                  0000936c    0000000d                        : interrupt.obj (.text:Interrupt_enableGlobal)
                  00009379    0000000d     rts2800_fpu32_eabi.lib : copy_zero_init.c.obj (.text:decompress:ZI:__TI_zero_init_nomemset)
                  00009386    0000000c     board.obj (.text:INTERRUPT_init)
                  00009392    0000000c     rts2800_fpu32_eabi.lib : args_main.c.obj (.text)
                  0000939e    0000000b     driverlib_eabi.lib : sysctl.obj (.text:SysCtl_isMCDClockFailureDetected)
                  000093a9    0000000b     control_functions.obj (.text:init_PI)
                  000093b4    00000008     rts2800_fpu32_eabi.lib : copy_decompress_none.c.obj (.text:decompress:none)
                  000093bc    00000008     f28004x_codestartbranch.obj (.text)
                  000093c4    00000007     driverlib_eabi.lib : sysctl.obj (.text:SysCtl_resetMCD)
                  000093cb    00000003     device.obj (.text:__error__)
                  000093ce    00000002     driverlib_eabi.lib : interrupt.obj (.text:Interrupt_illegalOperationHandler)
                  000093d0    00000002                        : interrupt.obj (.text:Interrupt_nmiHandler)
                  000093d2    00000002     rts2800_fpu32_eabi.lib : pre_init.c.obj (.text)
                  000093d4    00000001                            : _lock.c.obj (.text)
                  000093d5    00000001                            : startup.c.obj (.text)

MODULE SUMMARY

       Module                        code   ro data   rw data
       ------                        ----   -------   -------
    .\
       Controller.obj                314    0         80     
       control_functions.obj         55     0         2      
    +--+-----------------------------+------+---------+---------+
       Total:                        369    0         82     
                                                             
    .\device\
       device.obj                    349    0         0      
       f28004x_codestartbranch.obj   10     0         0      
    +--+-----------------------------+------+---------+---------+
       Total:                        359    0         0      
                                                             
    .\syscfg\
       board.obj                     1561   137       0      
       c2000ware_libraries.obj       1      0         0      
    +--+-----------------------------+------+---------+---------+
       Total:                        1562   137       0      
                                                             
    C:\ti\c2000\C2000Ware_4_03_00_00\driverlib\f28004x\driverlib\ccs\Debug\driverlib_eabi.lib
       sysctl.obj                    1114   154       0      
       gpio.obj                      374    152       0      
       memcfg.obj                    436    78        0      
       dma.obj                       357    151       0      
       epwm.obj                      65     152       0      
       interrupt.obj                 190    0         0      
       adc.obj                       40     0         0      
    +--+-----------------------------+------+---------+---------+
       Total:                        2576   687       0      
                                                             
    C:\ti\ccs1210\ccs\tools\compiler\ti-cgt-c2000_22.6.0.LTS\lib\rts2800_fpu32_eabi.lib
       exit.c.obj                    41     0         6      
       copy_decompress_lzss.c.obj    46     0         0      
       autoinit.c.obj                43     0         0      
       memcpy.c.obj                  28     0         0      
       boot28.asm.obj                23     0         0      
       copy_zero_init.c.obj          13     0         0      
       args_main.c.obj               12     0         0      
       copy_decompress_none.c.obj    8      0         0      
       _lock.c.obj                   1      0         2      
       pre_init.c.obj                2      0         0      
       startup.c.obj                 1      0         0      
    +--+-----------------------------+------+---------+---------+
       Total:                        218    0         8      
                                                             
       Stack:                        0      0         1016   
       Linker Generated:             0      72        0      
    +--+-----------------------------+------+---------+---------+
       Grand Total:                  5084   896       1106   


LINKER GENERATED COPY TABLES

__TI_cinit_table @ 00000138 records: 3, size/record: 4, table size: 12
	.data: load addr=000000fc, load size=0000002e bytes, run addr=0000ab3a, run size=00000040 bytes, compression=lzss
	.bss: load addr=00000130, load size=00000004 bytes, run addr=0000ab80, run size=00000010 bytes, compression=zero_init
	ramgs0: load addr=00000134, load size=00000004 bytes, run addr=0000c000, run size=0000000a bytes, compression=zero_init


LINKER GENERATED HANDLER TABLE

__TI_handler_table @ 0000012a records: 3, size/record: 2, table size: 6
	index: 0, handler: __TI_zero_init
	index: 1, handler: __TI_decompress_lzss
	index: 2, handler: __TI_decompress_none


GLOBAL DATA SYMBOLS: SORTED BY DATA PAGE

address     data page           name
--------    ----------------    ----
00000400      10 (00000400)     __stack

0000ab3a     2ac (0000ab00)     __TI_enable_exit_profile_output
0000ab3c     2ac (0000ab00)     __TI_cleanup_ptr
0000ab3e     2ac (0000ab00)     __TI_dtors_ptr

0000ab40     2ad (0000ab40)     fixed_duty_cycle
0000ab41     2ad (0000ab40)     avg
0000ab42     2ad (0000ab40)     d
0000ab44     2ad (0000ab40)     fixed_d
0000ab46     2ad (0000ab40)     ADCC0_results_add
0000ab48     2ad (0000ab40)     ADCC0_Result_base
0000ab4a     2ad (0000ab40)     ADCC1_results_add
0000ab4c     2ad (0000ab40)     ADCC1_Result_base
0000ab4e     2ad (0000ab40)     ADCA0_results_add
0000ab50     2ad (0000ab40)     ADCA0_Result_base
0000ab52     2ad (0000ab40)     ADCA1_results_add
0000ab54     2ad (0000ab40)     ADCA1_Result_base
0000ab56     2ad (0000ab40)     ADCB0_results_add
0000ab58     2ad (0000ab40)     ADCB0_Result_base
0000ab5a     2ad (0000ab40)     ADCB1_results_add
0000ab5c     2ad (0000ab40)     ADCB1_Result_base
0000ab5e     2ad (0000ab40)     Iin_avg
0000ab60     2ad (0000ab40)     Io_avg
0000ab62     2ad (0000ab40)     Il_avg
0000ab64     2ad (0000ab40)     Vo_avg
0000ab66     2ad (0000ab40)     Vin_avg
0000ab68     2ad (0000ab40)     Vo_error
0000ab6a     2ad (0000ab40)     Il_error
0000ab6c     2ad (0000ab40)     Vo_ref
0000ab6e     2ad (0000ab40)     kpv
0000ab70     2ad (0000ab40)     kiv
0000ab72     2ad (0000ab40)     kpi
0000ab74     2ad (0000ab40)     kii
0000ab76     2ad (0000ab40)     _lock

0000ab80     2ae (0000ab80)     Vo_controller
0000ab88     2ae (0000ab80)     Il_controller

0000c000     300 (0000c000)     ADCA_results
0000c002     300 (0000c000)     ADCB_results
0000c004     300 (0000c000)     ADCC_results


GLOBAL SYMBOLS: SORTED ALPHABETICALLY BY Name 

page  address   name                           
----  -------   ----                           
1     0000ab50  ADCA0_Result_base              
1     0000ab4e  ADCA0_results_add              
1     0000ab54  ADCA1_Result_base              
1     0000ab52  ADCA1_results_add              
1     0000c000  ADCA_results                   
1     0000ab58  ADCB0_Result_base              
1     0000ab56  ADCB0_results_add              
1     0000ab5c  ADCB1_Result_base              
1     0000ab5a  ADCB1_results_add              
1     0000c002  ADCB_results                   
1     0000ab48  ADCC0_Result_base              
1     0000ab46  ADCC0_results_add              
1     0000ab4c  ADCC1_Result_base              
1     0000ab4a  ADCC1_results_add              
1     0000c004  ADCC_results                   
0     00009000  ADC_setOffsetTrimAll           
0     00009352  ASYSCTL_init                   
0     00008d18  Board_init                     
0     00008fd6  C$$EXIT                        
0     00008fff  C2000Ware_libraries_init       
0     00009028  DMA_configAddresses            
0     00009071  DMA_configBurst                
0     0000844b  DMA_configMode                 
0     00008fad  DMA_configTransfer             
0     00008e64  DMA_configWrap                 
0     0000923c  DMA_init                       
0     00008147  Device_enableAllPeripherals    
0     00008800  Device_init                    
0     00009334  Device_initGPIO                
0     00008000  EPWM_init                      
0     00009252  EPWM_setEmulationMode          
0     00008fff  FFR_init                       
0     000091ca  GPIO_init                      
0     00008cde  GPIO_setAnalogMode             
0     00008d51  GPIO_setControllerCore         
0     00008e97  GPIO_setDirectionMode          
0     00008a5a  GPIO_setPadConfig              
0     00008d88  GPIO_setPinConfig              
0     00008dbf  GPIO_setQualificationMode      
0     00009386  INTERRUPT_init                 
0     00008a07  INT_ControlPWM_ISR             
1     0000ab5e  Iin_avg                        
1     0000ab62  Il_avg                         
1     0000ab88  Il_controller                  
1     0000ab6a  Il_error                       
0     00008df6  Interrupt_enable               
0     00008ca1  Interrupt_initModule           
0     00009140  Interrupt_initVectorTable      
1     0000ab60  Io_avg                         
0     000083a0  MEMCFG_init                    
0     00008616  MemCfg_getInitStatus           
0     000086a6  MemCfg_initSections            
0     00008e2d  MemCfg_setLSRAMControllerSel   
0     00008873  MemCfg_setProtection           
0     00008ec8  SYNC_init                      
0     000000f6  SysCtl_delay                   
0     00008951  SysCtl_getClock                
0     00009196  SysCtl_getLowSpeedClock        
0     000082e3  SysCtl_isPLLValid              
0     00008aac  SysCtl_selectOscSource         
0     00009095  SysCtl_selectXTAL              
0     000091b0  SysCtl_selectXTALSingleEnded   
0     0000821e  SysCtl_setClock                
1     0000ab66  Vin_avg                        
1     0000ab64  Vo_avg                         
1     0000ab80  Vo_controller                  
1     0000ab68  Vo_error                       
1     0000ab6c  Vo_ref                         
0     00000138  __TI_CINIT_Base                
0     00000144  __TI_CINIT_Limit               
0     00000144  __TI_CINIT_Warm                
0     0000012a  __TI_Handler_Table_Base        
0     00000130  __TI_Handler_Table_Limit       
1     000007f8  __TI_STACK_END                 
abs   000003f8  __TI_STACK_SIZE                
0     00008f82  __TI_auto_init_nobinit_nopinit 
1     0000ab3c  __TI_cleanup_ptr               
0     00008f29  __TI_decompress_lzss           
0     000093b4  __TI_decompress_none           
1     0000ab3e  __TI_dtors_ptr                 
1     0000ab3a  __TI_enable_exit_profile_output
abs   ffffffff  __TI_pprof_out_hndl            
abs   ffffffff  __TI_prof_data_size            
abs   ffffffff  __TI_prof_data_start           
0     00009379  __TI_zero_init_nomemset        
n/a   UNDEFED   __c_args__                     
0     000093cb  __error__                      
1     00000400  __stack                        
0     00009392  _args_main                     
0     000091f9  _c_int00                       
1     0000ab76  _lock                          
0     000093d4  _nop                           
0     000093d5  _system_post_cinit             
0     000093d2  _system_pre_init               
0     00008fd6  abort                          
0     00008582  average_samples                
1     0000ab41  avg                            
0     00000000  code_start                     
1     0000ab42  d                              
0     000091ca  debug_pin_init                 
0     00008ef9  duty_cycle_calculation         
0     00009268  duty_cycle_saturation          
0     00008fd8  exit                           
1     0000ab44  fixed_d                        
1     0000ab40  fixed_duty_cycle               
0     000093a9  init_PI                        
1     0000ab74  kii                            
1     0000ab70  kiv                            
1     0000ab72  kpi                            
1     0000ab6e  kpv                            
0     000090ff  main                           
0     0000917a  memcpy                         
0     00008794  myADC0_init                    
0     000084e8  myADC1_init                    
0     000088e5  myADC2_init                    
0     00008af5  myDMA0_init                    
0     00008b3d  myDMA1_init                    
0     00008b85  myDMA2_init                    
0     00008bcc  myDMA3_init                    
0     00008c13  myDMA4_init                    
0     00008c5a  myDMA5_init                    
0     0000927e  update_PI                      


GLOBAL SYMBOLS: SORTED BY Symbol Address 

page  address   name                           
----  -------   ----                           
0     00000000  code_start                     
0     000000f6  SysCtl_delay                   
0     0000012a  __TI_Handler_Table_Base        
0     00000130  __TI_Handler_Table_Limit       
0     00000138  __TI_CINIT_Base                
0     00000144  __TI_CINIT_Limit               
0     00000144  __TI_CINIT_Warm                
0     00008000  EPWM_init                      
0     00008147  Device_enableAllPeripherals    
0     0000821e  SysCtl_setClock                
0     000082e3  SysCtl_isPLLValid              
0     000083a0  MEMCFG_init                    
0     0000844b  DMA_configMode                 
0     000084e8  myADC1_init                    
0     00008582  average_samples                
0     00008616  MemCfg_getInitStatus           
0     000086a6  MemCfg_initSections            
0     00008794  myADC0_init                    
0     00008800  Device_init                    
0     00008873  MemCfg_setProtection           
0     000088e5  myADC2_init                    
0     00008951  SysCtl_getClock                
0     00008a07  INT_ControlPWM_ISR             
0     00008a5a  GPIO_setPadConfig              
0     00008aac  SysCtl_selectOscSource         
0     00008af5  myDMA0_init                    
0     00008b3d  myDMA1_init                    
0     00008b85  myDMA2_init                    
0     00008bcc  myDMA3_init                    
0     00008c13  myDMA4_init                    
0     00008c5a  myDMA5_init                    
0     00008ca1  Interrupt_initModule           
0     00008cde  GPIO_setAnalogMode             
0     00008d18  Board_init                     
0     00008d51  GPIO_setControllerCore         
0     00008d88  GPIO_setPinConfig              
0     00008dbf  GPIO_setQualificationMode      
0     00008df6  Interrupt_enable               
0     00008e2d  MemCfg_setLSRAMControllerSel   
0     00008e64  DMA_configWrap                 
0     00008e97  GPIO_setDirectionMode          
0     00008ec8  SYNC_init                      
0     00008ef9  duty_cycle_calculation         
0     00008f29  __TI_decompress_lzss           
0     00008f82  __TI_auto_init_nobinit_nopinit 
0     00008fad  DMA_configTransfer             
0     00008fd6  C$$EXIT                        
0     00008fd6  abort                          
0     00008fd8  exit                           
0     00008fff  C2000Ware_libraries_init       
0     00008fff  FFR_init                       
0     00009000  ADC_setOffsetTrimAll           
0     00009028  DMA_configAddresses            
0     00009071  DMA_configBurst                
0     00009095  SysCtl_selectXTAL              
0     000090ff  main                           
0     00009140  Interrupt_initVectorTable      
0     0000917a  memcpy                         
0     00009196  SysCtl_getLowSpeedClock        
0     000091b0  SysCtl_selectXTALSingleEnded   
0     000091ca  GPIO_init                      
0     000091ca  debug_pin_init                 
0     000091f9  _c_int00                       
0     0000923c  DMA_init                       
0     00009252  EPWM_setEmulationMode          
0     00009268  duty_cycle_saturation          
0     0000927e  update_PI                      
0     00009334  Device_initGPIO                
0     00009352  ASYSCTL_init                   
0     00009379  __TI_zero_init_nomemset        
0     00009386  INTERRUPT_init                 
0     00009392  _args_main                     
0     000093a9  init_PI                        
0     000093b4  __TI_decompress_none           
0     000093cb  __error__                      
0     000093d2  _system_pre_init               
0     000093d4  _nop                           
0     000093d5  _system_post_cinit             
1     00000400  __stack                        
1     000007f8  __TI_STACK_END                 
1     0000ab3a  __TI_enable_exit_profile_output
1     0000ab3c  __TI_cleanup_ptr               
1     0000ab3e  __TI_dtors_ptr                 
1     0000ab40  fixed_duty_cycle               
1     0000ab41  avg                            
1     0000ab42  d                              
1     0000ab44  fixed_d                        
1     0000ab46  ADCC0_results_add              
1     0000ab48  ADCC0_Result_base              
1     0000ab4a  ADCC1_results_add              
1     0000ab4c  ADCC1_Result_base              
1     0000ab4e  ADCA0_results_add              
1     0000ab50  ADCA0_Result_base              
1     0000ab52  ADCA1_results_add              
1     0000ab54  ADCA1_Result_base              
1     0000ab56  ADCB0_results_add              
1     0000ab58  ADCB0_Result_base              
1     0000ab5a  ADCB1_results_add              
1     0000ab5c  ADCB1_Result_base              
1     0000ab5e  Iin_avg                        
1     0000ab60  Io_avg                         
1     0000ab62  Il_avg                         
1     0000ab64  Vo_avg                         
1     0000ab66  Vin_avg                        
1     0000ab68  Vo_error                       
1     0000ab6a  Il_error                       
1     0000ab6c  Vo_ref                         
1     0000ab6e  kpv                            
1     0000ab70  kiv                            
1     0000ab72  kpi                            
1     0000ab74  kii                            
1     0000ab76  _lock                          
1     0000ab80  Vo_controller                  
1     0000ab88  Il_controller                  
1     0000c000  ADCA_results                   
1     0000c002  ADCB_results                   
1     0000c004  ADCC_results                   
abs   000003f8  __TI_STACK_SIZE                
abs   ffffffff  __TI_pprof_out_hndl            
abs   ffffffff  __TI_prof_data_size            
abs   ffffffff  __TI_prof_data_start           
n/a   UNDEFED   __c_args__                     

[122 symbols]
